last executing test programs:

3m34.50009215s ago: executing program 3 (id=45):
r0 = openat$vcsa(0xffffffffffffff9c, &(0x7f0000000040), 0x2, 0x0)
write$khugepaged_scan(r0, 0x0, 0x0)

3m24.03367045s ago: executing program 3 (id=38):
r0 = syz_open_dev$loop(&(0x7f0000000000), 0xe, 0x8400)
ioctl$HDIO_GETGEO(r0, 0x301, &(0x7f0000000040))
r1 = open(&(0x7f0000000080)='./file0\x00', 0x8a001, 0x40)
setxattr$incfs_metadata(&(0x7f00000000c0)='./file0\x00', &(0x7f0000000100), &(0x7f0000000140)="14e78897bcc3562262592048d2c89d779eeb3c61ca08ff733d22e1bd2f5ece55a5bbf867b2754374c7d209b54ecd4d4ea2cdad2dd0fdf4b8ba60bb25cc0d670bf1209c0f1652f90a9db8704582f353408c9986fd44d7a0e2e8f9b6341b7f502af34d192830f6887b80953fcd2a3be86123ad28334e005735127d0789c7fde1d2ca849fd97cc7d3ee837c868e2273e8151c0e41470eb93a6c012b439dad5a78d35451479e1dd34cb9176c81191fdbcc4cfce7b84caa6ea28ab513d01d239591f09dca0870892b73402f7d95", 0xcb, 0x1)
ioctl$BLKGETNRZONES(r0, 0x80041285, &(0x7f0000000240)=0xff)
lsetxattr$trusted_overlay_nlink(&(0x7f0000000280)='./file0\x00', &(0x7f00000002c0), &(0x7f0000000300)={'L+', 0x6}, 0x16, 0x1)
setsockopt$bt_l2cap_L2CAP_OPTIONS(r1, 0x6, 0x1, &(0x7f0000000340)={0xa, 0x4, 0x0, 0x7, 0x3, 0x10}, 0xc)

3m24.032251043s ago: executing program 3 (id=40):
r0 = syz_open_dev$ndb(&(0x7f0000000000), 0x0, 0x10000)
ioctl$BLKPG(r0, 0x1269, &(0x7f0000000100)={0x2, 0x0, 0x98, &(0x7f0000000040)={0x1, 0xb9, 0x4}})
ioctl$BLKTRACESETUP(0xffffffffffffffff, 0xc0481273, &(0x7f00000001c0)={'\x00', 0x9, 0x2, 0x81, 0x7, 0x2, <r1=>0xffffffffffffffff})
perf_event_open(&(0x7f0000000140)={0x1, 0x80, 0xb, 0x8, 0x6, 0x9, 0x0, 0x1, 0x80048, 0xc, 0x0, 0x1, 0x0, 0x1, 0x0, 0x1, 0x1, 0x0, 0x0, 0x1, 0x0, 0x0, 0x1, 0x1, 0x1, 0x1, 0x0, 0x0, 0x1, 0x0, 0x1, 0x1, 0x0, 0x1, 0x1, 0x1, 0x0, 0x1, 0x0, 0x1, 0x0, 0x0, 0x1, 0x1, 0x1, 0x1, 0x1, 0x0, 0x7, 0x4, @perf_config_ext={0x8, 0x1}, 0x4, 0x65f873c8, 0x5, 0x4, 0xe, 0x200, 0xfbff, 0x0, 0xfff, 0x0, 0x5}, r1, 0x9, 0xffffffffffffffff, 0x3)
r2 = socket$nl_netfilter(0x10, 0x3, 0xc)
sendmsg$IPCTNL_MSG_EXP_GET(r2, &(0x7f00000003c0)={&(0x7f0000000240)={0x10, 0x0, 0x0, 0x8000}, 0xc, &(0x7f0000000380)={&(0x7f0000000280)={0xe0, 0x1, 0x2, 0x201, 0x0, 0x0, {0x0, 0x0, 0x3}, [@CTA_EXPECT_CLASS={0x8, 0x9, 0x1, 0x0, 0x1000}, @CTA_EXPECT_ZONE={0x6, 0x7, 0x1, 0x0, 0x4}, @CTA_EXPECT_MASTER={0xac, 0x1, 0x0, 0x1, [@CTA_TUPLE_IP={0x2c, 0x1, 0x0, 0x1, @ipv6={{0x14, 0x3, @mcast1}, {0x14, 0x4, @ipv4={'\x00', '\xff\xff', @multicast2}}}}, @CTA_TUPLE_IP={0x14, 0x1, 0x0, 0x1, @ipv4={{0x8, 0x1, @initdev={0xac, 0x1e, 0x0, 0x0}}, {0x8, 0x2, @broadcast}}}, @CTA_TUPLE_IP={0x2c, 0x1, 0x0, 0x1, @ipv6={{0x14, 0x3, @remote}, {0x14, 0x4, @rand_addr=' \x01\x00\x00\x00\x00\x00\x00\x00\x00\x00\x00\x00\x00\x00\x01'}}}, @CTA_TUPLE_ZONE={0x6, 0x3, 0x1, 0x0, 0x3}, @CTA_TUPLE_PROTO={0xc, 0x2, 0x0, 0x1, {0x5, 0x1, 0x21}}, @CTA_TUPLE_IP={0x14, 0x1, 0x0, 0x1, @ipv4={{0x8, 0x1, @multicast2}, {0x8, 0x2, @rand_addr=0x64010100}}}, @CTA_TUPLE_ZONE={0x6, 0x3, 0x1, 0x0, 0x3}, @CTA_TUPLE_PROTO={0xc, 0x2, 0x0, 0x1, {0x5, 0x1, 0x88}}]}, @CTA_EXPECT_FLAGS={0x8, 0x8, 0x1, 0x0, 0x3}, @CTA_EXPECT_FLAGS={0x8}]}, 0xe0}, 0x1, 0x0, 0x0, 0x20084005}, 0x0)
ioctl$sock_SIOCSIFVLAN_SET_VLAN_FLAG_CMD(r2, 0x8983, &(0x7f0000000400)={0x7, 'bridge0\x00', {0x8a}, 0x7f})

3m24.004113453s ago: executing program 3 (id=43):
r0 = syz_open_dev$ndb(&(0x7f0000000000), 0x0, 0x80000)
ioctl$HDIO_GETGEO(r0, 0x301, &(0x7f0000000040))
ioctl$sock_SIOCGPGRP(0xffffffffffffffff, 0x8904, &(0x7f0000000140)=<r1=>0x0)
r2 = perf_event_open$cgroup(&(0x7f0000000180)={0x3, 0x80, 0x7, 0x0, 0x0, 0xfe, 0x0, 0x8, 0x8040, 0x0, 0x0, 0x1, 0x0, 0x1, 0x1, 0x0, 0x1, 0x1, 0x0, 0x0, 0x1, 0x0, 0x0, 0x1, 0x0, 0x3, 0x0, 0x1, 0x0, 0x1, 0x1, 0x1, 0x0, 0x0, 0x1, 0x0, 0x1, 0x1, 0x0, 0x0, 0x1, 0x1, 0x1, 0x0, 0x0, 0x0, 0x0, 0x0, 0x7, 0x4, @perf_config_ext={0x80000000, 0x9}, 0x11482c, 0x7, 0x2, 0x5, 0x7, 0xe, 0x1, 0x0, 0x7fff, 0x0, 0x8000000000000000}, 0xffffffffffffffff, 0x2, 0xffffffffffffffff, 0x2)
perf_event_open(&(0x7f00000000c0)={0x1, 0x80, 0x7, 0x4, 0x6, 0xb, 0x0, 0x1, 0x4120, 0x7, 0x1, 0x1, 0x1, 0x1, 0x0, 0x0, 0x1, 0x1, 0x1, 0x0, 0x1, 0x0, 0x1, 0x1, 0x0, 0x0, 0x0, 0x1, 0x0, 0x0, 0x0, 0x1, 0x1, 0x1, 0x1, 0x1, 0x0, 0x0, 0x0, 0x0, 0x0, 0x1, 0x1, 0x0, 0x0, 0x0, 0x0, 0x0, 0x7ff, 0x1446d9f6972ef06c, @perf_bp={&(0x7f0000000080)}, 0x300, 0x6, 0x9, 0x1, 0x5, 0xa, 0x0, 0x0, 0xc6c, 0x0, 0x80000000}, r1, 0xc, r2, 0x2)
getsockopt$inet6_IPV6_XFRM_POLICY(0xffffffffffffffff, 0x29, 0x23, &(0x7f0000000200)={{{@in=@private, @in, 0x0, 0x0, 0x0, 0x0, 0x0, 0x0, 0x0, 0x0, 0x0, <r3=>0x0}}, {{@in=@broadcast}}}, &(0x7f0000000300)=0xe8)
quotactl_fd$Q_GETFMT(0xffffffffffffffff, 0xffffffff80000401, r3, &(0x7f0000000340))

3m23.941400712s ago: executing program 3 (id=50):
r0 = syz_open_dev$loop(&(0x7f0000000000), 0x7fffffff, 0x4200)
ioctl$TIOCGPGRP(0xffffffffffffffff, 0x540f, &(0x7f0000000040)=<r1=>0x0)
ioctl$BLKTRACESETUP(r0, 0xc0481273, &(0x7f0000000080)={'\x00', 0x5, 0x1eaa1ee8, 0x8, 0x6, 0x8, <r2=>r1})
kexec_load(0x80000001, 0x2, &(0x7f0000000240)=[{&(0x7f0000000100)="93df27b1cc7b80af017505fe16dbad9ac237c486c060460ccb94aaa892dee75812e2b46f78a72352f180c3b4dc9163751d2f0f312aa952c7254715101b6375b8969d01c0fd98db9e298ac48892255ab13d874dc489e1392b541a40565dd4372f467ac4f0bedf3ff68cb2a44707dd57d1e26fb432bcaee7277c9198f99917cc5d4d06d46d3f1802fac933d1b7520bea29500f52554ff17b8bbe195eac755d9ba02a1e9699a38183809ce0fa103d5ae47db46fdec1e444dc8e92", 0xb9, 0x0, 0xffffffffffffdd9a}, {&(0x7f00000001c0)="aef5cef757c62c5e78e0422fd251d15926936c2e494d777038a8b64cec05b786f0f1f7fefd1af3b0b5a3f9ca98d7300e725700bf74604c02f7fed004545caaff2c07b68eddf06174b63e85843d1624", 0x4f, 0x4, 0xd}], 0x2)
ioctl$SG_BLKTRACESETUP(0xffffffffffffffff, 0xc0481273, &(0x7f0000000280)={'\x00', 0x6, 0x9, 0x2, 0xde4, 0x8, r2})
ioctl$INCFS_IOC_CREATE_FILE(r0, 0xc058671e, &(0x7f0000000680)={{'\x00', 0x2}, {0x64b}, 0x59, 0x0, 0x0, &(0x7f0000000300)='./file0\x00', &(0x7f0000000340)='./file0\x00', &(0x7f0000000380)="bcfd7bd8ea2141723d33a69de3904d900f9fea7e1bbedfede6e8a65890e3be7515e133dcc3d8ecccd154611efaeb352a29e8e7bffd954a94349b7c00e918ceaf721ee77adb138901f02d00420ff58a76c238be3f2eedf133869a9185ccf96c461c09ecead62225d67e28c49ff7c598c00a65cf9ecbd02604975f8b7e6407eeb8e7", 0x81, 0x0, &(0x7f0000000440)={0x2, 0x140, {0x1, 0xc, 0x8c, "cedfcb4e991707b9ef68f92e9c098a9cc0ff34b1789b0ce463b63534b40c85259fab0533ddb636c8c7df7e66be01e16ffb753e486edf52244107bb53fb36e806e41fe6e6d9d0ef68dfedd10ead746fff663efd65b4615dba39569c5d7dd1ca56efe606194893353794d0c066884d310b3a1cdc1f7a592e6244e749dcac654f42fe3236528da0a95e3480910e", 0xa7, "7a89a8a68267800b435896183083fff71b5f31dd184329a58b906575b026e90928dd4baf39919b12f24de358cc016c21060ef76cab829b08fa5d9016caf7b6db3ab80862bfa8859284bad6db4cc1950d8478a8f081d24cdcc365ca165c32638ce9503aaccb3741f2430833d3e5af9c2b0a110fa7d0a937a337be0b6b0e3ba767e55fbffd2e7944670f5f801bc7720ede395cee92595a45e5ca5532da266edc6a59712a5631f625"}, 0xb5, "33e3ba8f3309b7cc79462b84b09f6f9fc7858e0ab252cb3b3d638f1e12ed905ecc594162874d32f9ac168a9534ccf409eebe824aa4db177d6551a3103e95e9905a7aada1966c801c9cf870db32a8b3b518cefdd44071a7eb55aafcce7ca43cecb60890608bfedd0d42810f440918a08262306dd5a1074a1c6dbaa293cd910827799c5c855634a252c5f6b64d015c8839aa878fda89fee8f9f12f39dee8b641a6deeedea7d996a15a5677e850a6912ceb159e945161"}, 0x201})
r3 = syz_genetlink_get_family_id$devlink(&(0x7f0000000740), 0xffffffffffffffff)
sendmsg$DEVLINK_CMD_SB_PORT_POOL_GET(0xffffffffffffffff, &(0x7f0000000900)={&(0x7f0000000700)={0x10, 0x0, 0x0, 0x800}, 0xc, &(0x7f00000008c0)={&(0x7f0000000780)={0x124, r3, 0x4, 0x70bd2b, 0x25dfdbfb, {}, [{{@nsim={{0xe}, {0xf, 0x2, {'netdevsim', 0x0}}}, {0x8, 0x3, 0x3}}, {0x8, 0xb, 0x2}, {0x6, 0x11, 0x7}}, {{@pci={{0x8}, {0x11}}, {0x8, 0x3, 0x1}}, {0x8, 0xb, 0xd19}, {0x6}}, {{@nsim={{0xe}, {0xf, 0x2, {'netdevsim', 0x0}}}, {0x8, 0x3, 0x3}}, {0x8, 0xb, 0x8}, {0x6, 0x11, 0x7}}, {{@pci={{0x8}, {0x11}}, {0x8}}, {0x8, 0xb, 0x5}, {0x6, 0x11, 0x7}}, {{@nsim={{0xe}, {0xf, 0x2, {'netdevsim', 0x0}}}, {0x8, 0x3, 0x3}}, {0x8, 0xb, 0x7f}, {0x6, 0x11, 0x9}}]}, 0x124}, 0x1, 0x0, 0x0, 0x4008005}, 0x408c4)

3m12.322617239s ago: executing program 3 (id=58):
r0 = openat$nullb(0xffffffffffffff9c, &(0x7f0000000000), 0x210200, 0x0)
ioctl$BLKGETSIZE(r0, 0x1260, &(0x7f0000000040))
ioctl$SECCOMP_IOCTL_NOTIF_RECV(0xffffffffffffffff, 0xc0502100, &(0x7f0000000140)={0x0, <r1=>0x0})
r2 = perf_event_open$cgroup(&(0x7f00000001c0)={0x0, 0x80, 0x4, 0x7, 0x3, 0x15, 0x0, 0x614e89c3, 0x212, 0x4, 0x1, 0x0, 0x1, 0x0, 0x1, 0x1, 0x1, 0x1, 0x1, 0x0, 0x0, 0x1, 0x1, 0x1, 0x1, 0x2, 0x1, 0x0, 0x1, 0x0, 0x0, 0x1, 0x0, 0x0, 0x0, 0x0, 0x0, 0x0, 0x1, 0x1, 0x0, 0x0, 0x0, 0x1, 0x0, 0x0, 0x1, 0x0, 0x9, 0x2, @perf_config_ext={0x40000000, 0x2}, 0x400, 0x100, 0xfffffffd, 0x1, 0x891, 0x101, 0x2, 0x0, 0xdb34, 0x0, 0x3}, 0xffffffffffffffff, 0x9, 0xffffffffffffffff, 0x5)
perf_event_open(&(0x7f00000000c0)={0x0, 0x80, 0x7, 0x8, 0xa, 0x7f, 0x0, 0x7f, 0x82, 0xf, 0x1, 0x1, 0x0, 0x0, 0x0, 0x1, 0x1, 0x0, 0x0, 0x1, 0x1, 0x1, 0x1, 0x0, 0x0, 0x0, 0x1, 0x1, 0x0, 0x0, 0x0, 0x1, 0x0, 0x1, 0x0, 0x0, 0x1, 0x1, 0x0, 0x0, 0x0, 0x1, 0x1, 0x0, 0x1, 0x0, 0x1, 0x0, 0x9, 0x0, @perf_bp={&(0x7f0000000080), 0xc}, 0x4, 0x9, 0x3, 0x8, 0x4, 0x6, 0xfff9, 0x0, 0x9, 0x0, 0x80}, r1, 0xb, r2, 0x8)
openat$nci(0xffffffffffffff9c, &(0x7f0000000240), 0x2, 0x0)
ioctl$BLKREPORTZONE(r0, 0xc0101282, &(0x7f0000000280)={0x2, 0x3, 0x0, [{0x3000000000000000, 0x10001, 0x7, 0x5, 0x3, 0x3, 0x8, '\x00', 0x7fffffffffffffff}, {0x7, 0x6, 0x9, 0x33, 0x71, 0xe7, 0x81, '\x00', 0x80000001}, {0x9, 0x10000, 0xffffffffffffffff, 0x6, 0x1, 0xa0, 0x7, '\x00', 0x728dc2a}]})

3m12.259801381s ago: executing program 32 (id=58):
r0 = openat$nullb(0xffffffffffffff9c, &(0x7f0000000000), 0x210200, 0x0)
ioctl$BLKGETSIZE(r0, 0x1260, &(0x7f0000000040))
ioctl$SECCOMP_IOCTL_NOTIF_RECV(0xffffffffffffffff, 0xc0502100, &(0x7f0000000140)={0x0, <r1=>0x0})
r2 = perf_event_open$cgroup(&(0x7f00000001c0)={0x0, 0x80, 0x4, 0x7, 0x3, 0x15, 0x0, 0x614e89c3, 0x212, 0x4, 0x1, 0x0, 0x1, 0x0, 0x1, 0x1, 0x1, 0x1, 0x1, 0x0, 0x0, 0x1, 0x1, 0x1, 0x1, 0x2, 0x1, 0x0, 0x1, 0x0, 0x0, 0x1, 0x0, 0x0, 0x0, 0x0, 0x0, 0x0, 0x1, 0x1, 0x0, 0x0, 0x0, 0x1, 0x0, 0x0, 0x1, 0x0, 0x9, 0x2, @perf_config_ext={0x40000000, 0x2}, 0x400, 0x100, 0xfffffffd, 0x1, 0x891, 0x101, 0x2, 0x0, 0xdb34, 0x0, 0x3}, 0xffffffffffffffff, 0x9, 0xffffffffffffffff, 0x5)
perf_event_open(&(0x7f00000000c0)={0x0, 0x80, 0x7, 0x8, 0xa, 0x7f, 0x0, 0x7f, 0x82, 0xf, 0x1, 0x1, 0x0, 0x0, 0x0, 0x1, 0x1, 0x0, 0x0, 0x1, 0x1, 0x1, 0x1, 0x0, 0x0, 0x0, 0x1, 0x1, 0x0, 0x0, 0x0, 0x1, 0x0, 0x1, 0x0, 0x0, 0x1, 0x1, 0x0, 0x0, 0x0, 0x1, 0x1, 0x0, 0x1, 0x0, 0x1, 0x0, 0x9, 0x0, @perf_bp={&(0x7f0000000080), 0xc}, 0x4, 0x9, 0x3, 0x8, 0x4, 0x6, 0xfff9, 0x0, 0x9, 0x0, 0x80}, r1, 0xb, r2, 0x8)
openat$nci(0xffffffffffffff9c, &(0x7f0000000240), 0x2, 0x0)
ioctl$BLKREPORTZONE(r0, 0xc0101282, &(0x7f0000000280)={0x2, 0x3, 0x0, [{0x3000000000000000, 0x10001, 0x7, 0x5, 0x3, 0x3, 0x8, '\x00', 0x7fffffffffffffff}, {0x7, 0x6, 0x9, 0x33, 0x71, 0xe7, 0x81, '\x00', 0x80000001}, {0x9, 0x10000, 0xffffffffffffffff, 0x6, 0x1, 0xa0, 0x7, '\x00', 0x728dc2a}]})

2m55.701014486s ago: executing program 4 (id=94):
r0 = socket$nl_netfilter(0x10, 0x3, 0xc)
sendmsg$IPCTNL_MSG_EXP_GET(r0, 0x0, 0x0)

2m55.640584913s ago: executing program 4 (id=97):
ioctl(0xffffffffffffffff, 0xd9e2, &(0x7f0000000000)="00f813e3e9ca150e2d489044e75649d6a94b17a10668fbe346cae92d6d61e1dfdb3173b75d6ba62d6be963a815ac2daf0f9ac322fb270cf30a948e8e2584342a47b9ff8d77896258de488040797d542def6925185ce331396944d8c0989ff95524f38209499c69bc0f6c792e")
r0 = bpf$BPF_BTF_GET_FD_BY_ID(0x13, &(0x7f0000000080), 0x4)
ioctl$int_out(r0, 0x5462, &(0x7f00000000c0))
ioctl$F2FS_IOC_COMMIT_ATOMIC_WRITE(r0, 0xf502, 0x0)
r1 = socket$packet(0x11, 0x2, 0x300)
ioctl$sock_ipv4_tunnel_SIOCDELTUNNEL(0xffffffffffffffff, 0x89f2, &(0x7f0000000200)={'syztnl1\x00', &(0x7f0000000180)={'tunl0\x00', <r2=>0x0, 0x40, 0x27, 0x80000001, 0xffff, {{0xd, 0x4, 0x2, 0x3a, 0x34, 0x66, 0x0, 0x40, 0x29, 0x0, @dev={0xac, 0x14, 0x14, 0x19}, @multicast2, {[@ssrr={0x89, 0xf, 0xcd, [@multicast2, @local, @multicast2]}, @generic={0x88, 0x4, "afb3"}, @timestamp={0x44, 0xc, 0x19, 0x0, 0x2, [0x5, 0x8]}]}}}}})
sendto$packet(r1, &(0x7f0000000100)="0714a10d9e793af44f31aa14ff0d621f27608c538ae61360084dafd97b62ad4c7615c8a0d8d284195f43526205e6c5f1cb52d96b453ff1b4ba302b3faffd017ea3dce8ff078eb75e71cc6818768430903b2bf646b6f62d19a9cc47fffb2823", 0x5f, 0x24040881, &(0x7f0000000240)={0x11, 0x17, r2, 0x1, 0x7, 0x6, @remote}, 0x14)

2m55.589335465s ago: executing program 4 (id=107):
r0 = syz_open_dev$sndctrl(&(0x7f00000000c0), 0x0, 0x80)
ioctl$SNDRV_CTL_IOCTL_ELEM_LIST(r0, 0xc0505510, &(0x7f0000000180)={0x6, 0x2, 0x8001, 0x5, &(0x7f0000000100)=[{}, {}]})

2m42.854684753s ago: executing program 4 (id=103):
ioctl$FIGETBSZ(0xffffffffffffffff, 0x2, &(0x7f0000000000))
r0 = creat(&(0x7f0000000040)='./file0\x00', 0x40)
ioctl$int_out(r0, 0x2, &(0x7f0000000080))
pwrite64(r0, &(0x7f00000000c0)="d790fbf58a84f32cd811a518c6dabf9e07bfcbc29452ee2a029c9dda9aa2f07b89172cd52b385d870c4abada1ed3bf397ae03376de25d09feaddc066eedaf42e87d2eb8e07b846e11107b85a3aa34401e068ab869d0dfcc5b2c60854c709e96e32e8992098e39e7b83f5fc29784f73249e5fbb067fb8a1425ee3ff23d56fb3001a91d27d1a2ae11ec2417ca473bfb91df16e0845bfb41e777100341a5a4a9b44ba5d35d3a85fdaa0bc1b5f3e55e03a7961982cf8f91c05d3e5dcdb5469f770061018981b45b18c1f2bd7", 0xca, 0x10)
r1 = bpf$OBJ_GET_MAP(0x7, &(0x7f0000000200)=@o_path={&(0x7f00000001c0)='./file0\x00', 0x0, 0x4000, r0}, 0x18)
ioctl$AUTOFS_DEV_IOCTL_REQUESTER(r0, 0xc018937b, &(0x7f0000000300)={{0x1, 0x1, 0x18, r1, {<r2=>0xee00}}, './file0\x00'})
getsockopt$inet_IP_XFRM_POLICY(r0, 0x0, 0x11, &(0x7f0000000340)={{{@in6=@loopback, @in6, 0x0, 0x0, 0x0, 0x0, 0x0, 0x0, 0x0, 0x0, 0x0, <r3=>0x0}}, {{@in6=@private0}, 0x0, @in6}}, &(0x7f0000000440)=0xe8)
mount$9p_rdma(&(0x7f0000000240), &(0x7f0000000280)='./file1\x00', &(0x7f00000002c0), 0x10, &(0x7f0000000480)={'trans=rdma,', {'port', 0x3d, 0x4e22}, 0x2c, {[{@rq={'rq', 0x3d, 0xfff}}, {@common=@cache_none}, {@common=@cache_fscache}, {@rq={'rq', 0x3d, 0x3}}, {@sq={'sq', 0x3d, 0x3}}], [{@dont_measure}, {@uid_gt={'uid>', r2}}, {@fowner_eq={'fowner', 0x3d, r3}}, {@smackfstransmute={'smackfstransmute', 0x3d, '.:P'}}, {@audit}, {@fsuuid={'fsuuid', 0x3d, {[0x36, 0x38, 0x36, 0x33, 0x31, 0x63, 0x30, 0x38], 0x2d, [0x61, 0x38, 0x38, 0x37], 0x2d, [0x36, 0x32, 0x30, 0x32], 0x2d, [0x38, 0x61, 0x61, 0x62], 0x2d, [0x62, 0x39, 0x65, 0x33, 0x64, 0x62, 0x63, 0x35]}}}, {@subj_type}, {@euid_eq={'euid', 0x3d, 0xee01}}]}})

2m42.854189332s ago: executing program 4 (id=105):
ioctl$BLKGETNRZONES(0xffffffffffffffff, 0x80041285, &(0x7f0000000240)=0xff)

2m42.609841595s ago: executing program 4 (id=115):
r0 = openat$snapshot(0xffffffffffffff9c, &(0x7f0000000000), 0x80, 0x0)
ioctl$SNAPSHOT_S2RAM(r0, 0x330b)
ioctl$int_out(r0, 0x5460, &(0x7f0000000040))
r1 = userfaultfd(0x0)
ioctl$UFFDIO_CONTINUE(r1, 0xc020aa07, &(0x7f0000000080)={{&(0x7f0000ffd000/0x2000)=nil, 0x2000}})
ioctl$UFFDIO_WAKE(r1, 0x8010aa02, &(0x7f00000000c0)={&(0x7f0000ffc000/0x4000)=nil, 0x4000})
r2 = socket$l2tp6(0xa, 0x2, 0x73)
sendto$l2tp6(r2, &(0x7f0000000100)="301a7d5b12745a4b43c117547c932a342abd0d363a15c142aeabc55df27a90f637ea050219294f96e5dc370a97035e0fc4a1dc3294e7b8317e947596647c921ebee7d5b4fe12725f242c280f3a52a8b4c6929126e9ac7ccdb428b0a8884181b0dcb7cb4456b0dbde96c45ebd60f3969f0dd583dbc6246ecb65213eaa8252a8842699a38eb9bd629eecc6ef906ad0c534bdfc7976261f3e73def313d37fdf1672ccf5a3c2fcdfdf12c99eb9e1eaa574456c674e3c7b482091983d155aab0cfdf4186a91dcec7513bf068bd622d6", 0xcd, 0x4000, &(0x7f0000000200)={0xa, 0x0, 0x8, @loopback, 0x20200000, 0x2}, 0x20)

2m42.59290686s ago: executing program 1 (id=121):
ioctl$SNDRV_CTL_IOCTL_ELEM_LIST(0xffffffffffffffff, 0xc0505510, &(0x7f0000000180)={0x6, 0x2, 0x8001, 0x5, &(0x7f0000000100)=[{}, {}]})

2m42.522038383s ago: executing program 33 (id=115):
r0 = openat$snapshot(0xffffffffffffff9c, &(0x7f0000000000), 0x80, 0x0)
ioctl$SNAPSHOT_S2RAM(r0, 0x330b)
ioctl$int_out(r0, 0x5460, &(0x7f0000000040))
r1 = userfaultfd(0x0)
ioctl$UFFDIO_CONTINUE(r1, 0xc020aa07, &(0x7f0000000080)={{&(0x7f0000ffd000/0x2000)=nil, 0x2000}})
ioctl$UFFDIO_WAKE(r1, 0x8010aa02, &(0x7f00000000c0)={&(0x7f0000ffc000/0x4000)=nil, 0x4000})
r2 = socket$l2tp6(0xa, 0x2, 0x73)
sendto$l2tp6(r2, &(0x7f0000000100)="301a7d5b12745a4b43c117547c932a342abd0d363a15c142aeabc55df27a90f637ea050219294f96e5dc370a97035e0fc4a1dc3294e7b8317e947596647c921ebee7d5b4fe12725f242c280f3a52a8b4c6929126e9ac7ccdb428b0a8884181b0dcb7cb4456b0dbde96c45ebd60f3969f0dd583dbc6246ecb65213eaa8252a8842699a38eb9bd629eecc6ef906ad0c534bdfc7976261f3e73def313d37fdf1672ccf5a3c2fcdfdf12c99eb9e1eaa574456c674e3c7b482091983d155aab0cfdf4186a91dcec7513bf068bd622d6", 0xcd, 0x4000, &(0x7f0000000200)={0xa, 0x0, 0x8, @loopback, 0x20200000, 0x2}, 0x20)

2m42.441287325s ago: executing program 1 (id=117):
r0 = socket$nl_netfilter(0x10, 0x3, 0xc)
sendmsg$IPCTNL_MSG_EXP_GET(r0, 0x0, 0x0)

2m37.239381148s ago: executing program 1 (id=120):
r0 = socket$packet(0x11, 0x2, 0x300)
ioctl$sock_ipv4_tunnel_SIOCDELTUNNEL(0xffffffffffffffff, 0x89f2, &(0x7f0000000200)={'syztnl1\x00', &(0x7f0000000180)={'tunl0\x00', <r1=>0x0, 0x40, 0x27, 0x80000001, 0xffff, {{0xd, 0x4, 0x2, 0x3a, 0x34, 0x66, 0x0, 0x40, 0x29, 0x0, @dev={0xac, 0x14, 0x14, 0x19}, @multicast2, {[@ssrr={0x89, 0xf, 0xcd, [@multicast2, @local, @multicast2]}, @generic={0x88, 0x4, "afb3"}, @timestamp={0x44, 0xc, 0x19, 0x0, 0x2, [0x5, 0x8]}]}}}}})
sendto$packet(r0, &(0x7f0000000100)="0714a10d9e793af44f31aa14ff0d621f27608c538ae61360084dafd97b62ad4c7615c8a0d8d284195f43526205e6c5f1cb52d96b453ff1b4ba302b3faffd017ea3dce8ff078eb75e71cc6818768430903b2bf646b6f62d19a9cc47fffb2823", 0x5f, 0x24040881, &(0x7f0000000240)={0x11, 0x17, r1, 0x1, 0x7, 0x6, @remote}, 0x14)

2m37.047281688s ago: executing program 1 (id=124):
pipe2$watch_queue(&(0x7f0000000000)={<r0=>0xffffffffffffffff, <r1=>0xffffffffffffffff}, 0x80)
ioctl$SNAPSHOT_S2RAM(r1, 0x330b)
ioctl$FIGETBSZ(0xffffffffffffffff, 0x2, &(0x7f0000000040))
ioctl$FAT_IOCTL_SET_ATTRIBUTES(r0, 0x40047211, &(0x7f0000000080)=0x2)
setsockopt$MRT_ASSERT(r1, 0x0, 0xcf, &(0x7f00000000c0)=0x1, 0x4)
mknodat$null(r1, &(0x7f0000000100)='./file0\x00', 0x8000, 0x103)
timer_create(0x7, &(0x7f0000000140)={0x0, 0x10, 0x1, @tid=0xffffffffffffffff}, &(0x7f0000000180)=<r2=>0x0)
timer_settime(r2, 0x1, &(0x7f00000001c0), &(0x7f0000000200))

2m36.932986703s ago: executing program 1 (id=127):
r0 = socket$nl_netfilter(0x10, 0x3, 0xc)
sendmsg$IPCTNL_MSG_EXP_GET(r0, &(0x7f00000003c0)={0x0, 0x0, &(0x7f0000000380)={&(0x7f0000000280)={0xe0, 0x1, 0x2, 0x201, 0x0, 0x0, {0x0, 0x0, 0x3}, [@CTA_EXPECT_CLASS={0x8, 0x9, 0x1, 0x0, 0x1000}, @CTA_EXPECT_ZONE={0x6, 0x7, 0x1, 0x0, 0x4}, @CTA_EXPECT_MASTER={0xac, 0x1, 0x0, 0x1, [@CTA_TUPLE_IP={0x2c, 0x1, 0x0, 0x1, @ipv6={{0x14, 0x3, @mcast1}, {0x14, 0x4, @ipv4={'\x00', '\xff\xff', @multicast2}}}}, @CTA_TUPLE_IP={0x14, 0x1, 0x0, 0x1, @ipv4={{0x8, 0x1, @initdev={0xac, 0x1e, 0x0, 0x0}}, {0x8, 0x2, @broadcast}}}, @CTA_TUPLE_IP={0x2c, 0x1, 0x0, 0x1, @ipv6={{0x14, 0x3, @remote}, {0x14, 0x4, @rand_addr=' \x01\x00\x00\x00\x00\x00\x00\x00\x00\x00\x00\x00\x00\x00\x01'}}}, @CTA_TUPLE_ZONE={0x6, 0x3, 0x1, 0x0, 0x3}, @CTA_TUPLE_PROTO={0xc, 0x2, 0x0, 0x1, {0x5, 0x1, 0x21}}, @CTA_TUPLE_IP={0x14, 0x1, 0x0, 0x1, @ipv4={{0x8, 0x1, @multicast2}, {0x8, 0x2, @rand_addr=0x64010100}}}, @CTA_TUPLE_ZONE={0x6, 0x3, 0x1, 0x0, 0x3}, @CTA_TUPLE_PROTO={0xc, 0x2, 0x0, 0x1, {0x5, 0x1, 0x88}}]}, @CTA_EXPECT_FLAGS={0x8, 0x8, 0x1, 0x0, 0x3}, @CTA_EXPECT_FLAGS={0x8}]}, 0xe0}, 0x1, 0x0, 0x0, 0x20084005}, 0x0)

2m36.821333854s ago: executing program 1 (id=129):
r0 = syz_open_dev$loop(&(0x7f0000000000), 0x7fffffff, 0x4200)
ioctl$BLKTRACESETUP(r0, 0xc0481273, &(0x7f0000000080)={'\x00', 0x5, 0x1eaa1ee8, 0x8, 0x6, 0x8})

2m36.131365419s ago: executing program 5 (id=116):
ioctl$FIGETBSZ(0xffffffffffffffff, 0x2, &(0x7f0000000000))
r0 = socket$kcm(0x29, 0x5, 0x0)
ioctl$FIGETBSZ(r0, 0x2, &(0x7f0000000040))
lsetxattr$trusted_overlay_origin(&(0x7f0000000080)='./file0\x00', &(0x7f00000000c0), &(0x7f0000000100), 0x2, 0x7)
ioctl$AUTOFS_DEV_IOCTL_CLOSEMOUNT(0xffffffffffffffff, 0xc0189375, &(0x7f0000000140)={{0x1, 0x1, 0x18, <r1=>r0}, './file0\x00'})
bind$unix(r1, &(0x7f0000000180)=@abs={0x0, 0x0, 0x4e23}, 0x6e)
r2 = getpgid(0x0)
fcntl$setown(r0, 0x8, r2)

2m36.008445208s ago: executing program 34 (id=116):
ioctl$FIGETBSZ(0xffffffffffffffff, 0x2, &(0x7f0000000000))
r0 = socket$kcm(0x29, 0x5, 0x0)
ioctl$FIGETBSZ(r0, 0x2, &(0x7f0000000040))
lsetxattr$trusted_overlay_origin(&(0x7f0000000080)='./file0\x00', &(0x7f00000000c0), &(0x7f0000000100), 0x2, 0x7)
ioctl$AUTOFS_DEV_IOCTL_CLOSEMOUNT(0xffffffffffffffff, 0xc0189375, &(0x7f0000000140)={{0x1, 0x1, 0x18, <r1=>r0}, './file0\x00'})
bind$unix(r1, &(0x7f0000000180)=@abs={0x0, 0x0, 0x4e23}, 0x6e)
r2 = getpgid(0x0)
fcntl$setown(r0, 0x8, r2)

2m19.440147126s ago: executing program 35 (id=129):
r0 = syz_open_dev$loop(&(0x7f0000000000), 0x7fffffff, 0x4200)
ioctl$BLKTRACESETUP(r0, 0xc0481273, &(0x7f0000000080)={'\x00', 0x5, 0x1eaa1ee8, 0x8, 0x6, 0x8})

17.440079207s ago: executing program 0 (id=3245):
bind(0xffffffffffffffff, &(0x7f0000000140)=@vsock={0x28, 0x0, 0x2711, @my=0x1}, 0x80)

14.525793629s ago: executing program 0 (id=3246):
r0 = socket$igmp(0x2, 0x3, 0x2)
connect$inet(r0, &(0x7f0000000000)={0x2, 0x4e20, @dev={0xac, 0x14, 0x14, 0x19}}, 0x10)
write(r0, &(0x7f0000000040)="81d10cd51933de614df0d1ee8fc6d6dbc0cc023a955c0cc2cb995a1c4abce2a513e3bcfa8e", 0x25)
fadvise64(0xffffffffffffffff, 0x5, 0x9, 0x2)
r1 = syz_init_net_socket$x25(0x9, 0x5, 0x0)
ioctl$INCFS_IOC_FILL_BLOCKS(r1, 0x80106720, &(0x7f00000003c0)={0x4, &(0x7f0000000340)=[{0x49e, 0xf0, &(0x7f0000000080)="26c9bc6849b86ac7acc747ba00c360f0661a54ff9155fbe02e2d4d8101a2216c84af34a1162b68c0297fcd3a844d4d5f622f358b292a7babbec0d1f1c24a3e86e70a0d3ccafda7535b9879e2c3e92a7299ddf7e90856a3ad10ace8b3fea0993d066ae78315deb20d284874e106ce371c28ca4455688f78ad6804f7236eee09ec9440a2d3d9d5cff6f29d45f54225ad43151f29f8886e00e39b0173af611243f7f09ad194c15b75cc0b14fd7776bc73ef026ae4f9367f83e9802d30c2a44a11678f55fa1e9227375a33b2062445c0dbc7d0bfbcd7ff668e6112f3376aca7826f301756eda8eb91e77b16c735648acdfd8", 0x1}, {0x7, 0x3c, &(0x7f0000000180)="066096f97aa0c58936b4ade113e3c9bffec616ab7a17b1d833feb4b0ccf49c462068b262cfa442d8fd23948db1eb700b722063d91368a1ad543116e2", 0x0, 0x1}, {0x2, 0x75, &(0x7f00000001c0)="d2c7ab199304276e0275794fb00f5bbf5bf43e174bb9f34698855bc7919ffefcd70e1aba4d52cee3bdd2be22cb402e4f502beaa2166eebf46e761b81d53340fa7de99cfdc6c00f7b337ae5178b5ef9e59d1846738fbdcce2b3b69ec31a0ade7f81c3c668e6c369bb8c22b9361a26c05e0ced70ebc7", 0x1, 0x1}, {0x5, 0xe3, &(0x7f0000000240)="05bfa754a0a8c5721bb00bc756805352f3d2bb332a235f9ea0476d88b60fcbff3498797b43a898b6d07f71502c28181f03a1bd00a5387a1c87d60d53456a8e55393ff7476b71b318fd8b88a1dfe604545ad3d8771372ce23efe15ac4afb096d51b3ccfaa30bc1a4d863016e36d4995c0daff454b9f990f740849f347b4e7f715901a0e00ffee9c62b9549299fcceb7d2e34f6d70276c3d2616f8ca5b82bbe5a5319fb9849c93668af4df21009ef87a9e6a81f4e40f2592e7a1997ab29d9e8a4dd24cf9141eea22da41a7240245bb6f8407d3fcd978dacd41b00440bdcec88ae05187a7"}]})

14.02642882s ago: executing program 0 (id=3247):
ioctl$BLKSECDISCARD(0xffffffffffffffff, 0x127d, &(0x7f0000000140)=0x4)

14.025046506s ago: executing program 0 (id=3248):
r0 = syz_open_dev$ndb(&(0x7f0000000000), 0x0, 0x400)
ioctl$HDIO_GETGEO(r0, 0x301, &(0x7f0000000040))
r1 = openat$cdrom(0xffffffffffffff9c, &(0x7f0000000080), 0x3, 0x0)
ioctl$CDROMEJECT(r1, 0x5309)
ioctl$EXT4_IOC_MIGRATE(r0, 0x6609)
r2 = socket$inet6_tcp(0xa, 0x1, 0x0)
ioctl$sock_inet6_tcp_SIOCATMARK(r2, 0x8905, &(0x7f00000000c0))

13.686300932s ago: executing program 0 (id=3249):
r0 = syz_open_dev$loop(&(0x7f0000000000), 0x40, 0x88000)
r1 = accept$unix(0xffffffffffffffff, &(0x7f0000000040)=@abs, &(0x7f00000000c0)=0x6e)
ioctl$LOOP_CHANGE_FD(r0, 0x4c06, r1)
ioctl$CDROMEJECT(0xffffffffffffffff, 0x5309)
r2 = openat(0xffffffffffffff9c, &(0x7f0000000100)='./file0\x00', 0x800, 0xb2)
ioctl$sock_ipv6_tunnel_SIOCCHGTUNNEL(r2, 0x89f3, &(0x7f0000000200)={'ip6tnl0\x00', &(0x7f0000000180)={'syztnl2\x00', <r3=>0x0, 0x4, 0x18, 0x2, 0x4, 0x1, @private1, @ipv4={'\x00', '\xff\xff', @multicast2}, 0x10, 0x700, 0x5, 0x10000}})
recvfrom$packet(r2, &(0x7f0000000140), 0x0, 0x20, &(0x7f0000000240)={0x11, 0xf6, r3, 0x1, 0xb}, 0x14)

13.571234818s ago: executing program 0 (id=3250):
r0 = syz_open_dev$loop(&(0x7f0000000000), 0x4, 0x133602)
ioctl$LOOP_CLR_FD(r0, 0x4c01)
r1 = openat$cdrom(0xffffffffffffff9c, &(0x7f0000000040), 0x24000, 0x0)
ioctl$CDROMEJECT(r1, 0x5309)
ioctl$LOOP_SET_STATUS(r0, 0x4c02, &(0x7f0000000080)={0x0, {}, 0x0, {}, 0x5, 0x9, 0x9, 0x18, "c456b41975874f0890cc84b89b9ddadf813040809068f392bb4a19fada592dca0046c884e76b96c6ba2a930798e1dd269deaed3a1162e67124a7a411e4815e08", "6d835494a3c080e79dcaee401b123c80cf0c21d03e540bac0e7af3e4793a69cc", [0x9, 0x3]})
r2 = accept4$x25(0xffffffffffffffff, &(0x7f0000000140)={0x9, @remote}, &(0x7f0000000180)=0x12, 0x0)
ioctl$SIOCX25GCALLUSERDATA(r2, 0x89e4, &(0x7f00000001c0)={0x3e, "7d4c139d9364e072ddb63ea91033db958304051178d090a2e0626c50e0de8797d296d35540c0f706dba762776b971a32cb63909b11111d1e74a936d29358a2c5a70bbae8c04a4e23c91f490bb9c2aaecafd9e9581db8ad5491a47c2b19bc3b327a2ce374c843f2eb940bb7137516b1225165979fc54aa6443ccf2476b6230947"})

11.456834085s ago: executing program 36 (id=3250):
r0 = syz_open_dev$loop(&(0x7f0000000000), 0x4, 0x133602)
ioctl$LOOP_CLR_FD(r0, 0x4c01)
r1 = openat$cdrom(0xffffffffffffff9c, &(0x7f0000000040), 0x24000, 0x0)
ioctl$CDROMEJECT(r1, 0x5309)
ioctl$LOOP_SET_STATUS(r0, 0x4c02, &(0x7f0000000080)={0x0, {}, 0x0, {}, 0x5, 0x9, 0x9, 0x18, "c456b41975874f0890cc84b89b9ddadf813040809068f392bb4a19fada592dca0046c884e76b96c6ba2a930798e1dd269deaed3a1162e67124a7a411e4815e08", "6d835494a3c080e79dcaee401b123c80cf0c21d03e540bac0e7af3e4793a69cc", [0x9, 0x3]})
r2 = accept4$x25(0xffffffffffffffff, &(0x7f0000000140)={0x9, @remote}, &(0x7f0000000180)=0x12, 0x0)
ioctl$SIOCX25GCALLUSERDATA(r2, 0x89e4, &(0x7f00000001c0)={0x3e, "7d4c139d9364e072ddb63ea91033db958304051178d090a2e0626c50e0de8797d296d35540c0f706dba762776b971a32cb63909b11111d1e74a936d29358a2c5a70bbae8c04a4e23c91f490bb9c2aaecafd9e9581db8ad5491a47c2b19bc3b327a2ce374c843f2eb940bb7137516b1225165979fc54aa6443ccf2476b6230947"})

7.890236338s ago: executing program 8 (id=3253):
openat$drirender128(0xffffffffffffff9c, &(0x7f0000000100), 0x181400, 0x0)
ppoll(0x0, 0x0, &(0x7f00000001c0), &(0x7f0000000200)={[0x9]}, 0x8)

7.834145027s ago: executing program 8 (id=3264):
r0 = syz_open_dev$loop(&(0x7f0000000000), 0xfffffffffffffeff, 0x2000)
r1 = syz_clone(0x83040200, &(0x7f0000000040)="4f236e45e34a7dd7e4a3919fc89bf5365e58fa8ac38c94b36e057b8f2e600854e1b6a97e1acd5915bcd68a4b427e797dd25cba99a0fcaed58007dbf9b75da7ec2a3e5e1e5d5cc5cf3cf185d93085b2392a161e57d469deedb9524c29520928dc9ad8a148d7b6e6a6f335605e48a43007fa144f59d2c1376b9254c5f19c3f36a205657ec57e04ea9a0f52cb68cbdb59c50146ff076cf630b85ded0049c40c68a561e4fd8a8cc5de8a7b227163737fd9ebd30d", 0xb2, &(0x7f0000000100), &(0x7f0000000140), &(0x7f0000000180)="c248984c335a726e9143d65141dd8b2156aecd8bd258307523dd76d78f0ffd8decf7abfa818abdc8ac2d88a086e9a4e29fac7606750841e6e2c02e0b2c81d6fc34b57b44b62fd768823a5b4086d193a6416c9f664442dfb0baec97fa6cdd19c6498f7e238552005579cb7f23089dfc2dda196c1b39c69f17c045f2dfb87a0e9cf86907d79b7d26f9e5e747881727addde2b895a1c42ce9b0cd11b6bbd3aac32670df09ced6e2fd074913737ee1cf927493db19684de471b9e5885dc8c7257334c3ff1fd5d2a50eb25798eec8a6edfae01ef80c75184aeef17afd614573")
ioctl$BLKTRACESETUP(r0, 0xc0481273, &(0x7f0000000280)={'\x00', 0x1, 0xfffffffb, 0x1, 0x9, 0x1, <r2=>r1})
ioctl$BLKTRACESETUP(r0, 0xc0481273, &(0x7f0000000300)={'\x00', 0x1, 0xfff, 0xfffffff4, 0x8, 0x8001, r2})
ioctl$BLKGETSIZE64(r0, 0x80081272, &(0x7f0000000380))
r3 = syz_open_dev$ndb(&(0x7f00000003c0), 0x0, 0x400)
ioctl$IOC_PR_REGISTER(r3, 0x401870c8, &(0x7f0000000400)={0x6, 0x1ff})

2.507320428s ago: executing program 2 (id=3403):
r0 = openat$snapshot(0xffffffffffffff9c, &(0x7f0000000000), 0x444200, 0x0)
ioctl$SNAPSHOT_CREATE_IMAGE(r0, 0x40043311, &(0x7f0000000040))
ioctl$AUTOFS_DEV_IOCTL_PROTOVER(0xffffffffffffffff, 0xc0189372, &(0x7f0000000080)={{0x1, 0x1, 0x18, <r1=>r0, {0x3}}, './file0\x00'})
ioctl$LOOP_CLR_FD(r1, 0x4c01)
ioctl$FS_IOC_GETFSUUID(r1, 0x80111500, &(0x7f00000000c0))
r2 = accept4$ax25(r1, &(0x7f0000000100)={{0x3, @rose}, [@bcast, @bcast, @rose, @bcast, @null, @default, @netrom, @null]}, &(0x7f0000000180)=0x48, 0x80800)
accept4(r2, &(0x7f00000001c0)=@can, &(0x7f0000000240)=0x80, 0x80000)

1.270333897s ago: executing program 2 (id=3424):
faccessat2(0xffffffffffffffff, &(0x7f0000000280)='./file0\x00', 0x2, 0x200)

1.186354641s ago: executing program 2 (id=3427):
r0 = socket$pppoe(0x18, 0x1, 0x0)
fcntl$setsig(r0, 0xa, 0x2b)
sendmsg$ETHTOOL_MSG_FEATURES_GET(0xffffffffffffffff, &(0x7f0000000300)={&(0x7f0000000040)={0x10, 0x0, 0x0, 0x20000}, 0xc, &(0x7f00000002c0)={&(0x7f0000000200)={0xa8, 0x0, 0x200, 0x70bd2d, 0x25dfdbfd, {}, [@HEADER={0x28, 0x1, 0x0, 0x1, [@ETHTOOL_A_HEADER_DEV_INDEX={0x8}, @ETHTOOL_A_HEADER_FLAGS={0x8, 0x3, 0x1}, @ETHTOOL_A_HEADER_DEV_NAME={0x14, 0x2, 'vxcan1\x00'}]}, @HEADER={0x40, 0x1, 0x0, 0x1, [@ETHTOOL_A_HEADER_DEV_INDEX={0x8}, @ETHTOOL_A_HEADER_FLAGS={0x8, 0x3, 0x1}, @ETHTOOL_A_HEADER_DEV_INDEX={0x8}, @ETHTOOL_A_HEADER_DEV_NAME={0x14, 0x2, 'wlan0\x00'}, @ETHTOOL_A_HEADER_FLAGS={0x8, 0x3, 0x2}, @ETHTOOL_A_HEADER_FLAGS={0x8, 0x3, 0x2}]}, @HEADER={0x2c, 0x1, 0x0, 0x1, [@ETHTOOL_A_HEADER_DEV_NAME={0x14, 0x2, 'macvtap0\x00'}, @ETHTOOL_A_HEADER_DEV_NAME={0x14, 0x2, 'nicvf0\x00'}]}]}, 0xa8}, 0x1, 0x0, 0x0, 0x20}, 0x40)

1.105922189s ago: executing program 2 (id=3431):
ioctl$BLKBSZGET(0xffffffffffffffff, 0x80081270, &(0x7f0000000000))
ioctl$FS_IOC_FSSETXATTR(0xffffffffffffffff, 0x401c5820, &(0x7f0000000140)={0xfffffffb, 0x7991c668, 0x4, 0x1, 0x1})

1.017513741s ago: executing program 2 (id=3433):
r0 = syz_open_dev$mouse(&(0x7f0000000000), 0x5, 0x90000)
ioctl$sock_SIOCGIFINDEX(0xffffffffffffffff, 0x8933, &(0x7f0000000040)={'macvlan1\x00', <r1=>0x0})
ioctl$sock_ipv4_tunnel_SIOCGETTUNNEL(r0, 0x89f0, &(0x7f0000000180)={'gre0\x00', &(0x7f0000000080)={'sit0\x00', r1, 0x1, 0x1, 0xa1f, 0x8, {{0x2b, 0x4, 0x3, 0xe, 0xac, 0x65, 0x0, 0x8, 0x29, 0x0, @dev={0xac, 0x14, 0x14, 0x3b}, @initdev={0xac, 0x1e, 0x0, 0x0}, {[@timestamp_prespec={0x44, 0x4c, 0xd5, 0x3, 0xb, [{@local, 0x8001}, {@loopback, 0x400}, {@multicast2, 0x7}, {@local, 0xd98}, {@private=0xa010102, 0x88}, {@private=0xa010101, 0x2008}, {@empty, 0x3}, {@private=0xa010102, 0x3}, {@rand_addr=0x64010102, 0x1}]}, @ssrr={0x89, 0xb, 0x46, [@private=0xa010100, @broadcast]}, @timestamp={0x44, 0x1c, 0xce, 0x0, 0x0, [0x2, 0x800, 0x400, 0xb98e, 0x9, 0xff]}, @timestamp_addr={0x44, 0x24, 0x71, 0x1, 0x3, [{@initdev={0xac, 0x1e, 0x1, 0x0}, 0x2}, {@multicast2, 0xd}, {@empty, 0x7}, {@rand_addr=0x64010101, 0x6}]}, @end]}}}}})
ioctl$LOOP_CLR_FD(r0, 0x4c01)
r2 = syz_open_pts(r0, 0x40000)
ioctl$KDGETMODE(r2, 0x4b3b, &(0x7f00000001c0))
ioctl$sock_SIOCSIFVLAN_SET_VLAN_INGRESS_PRIORITY_CMD(r0, 0x8983, &(0x7f0000000200)={0x2, 'veth1\x00', {0x8}, 0x4})

930.223855ms ago: executing program 2 (id=3437):
r0 = openat$drirender128(0xffffffffffffff9c, &(0x7f0000000100), 0x181400, 0x0)
ppoll(&(0x7f0000000180)=[{r0, 0x84c0}], 0x1, 0x0, &(0x7f0000000200)={[0x9]}, 0x8)

771.056563ms ago: executing program 7 (id=3438):
r0 = syz_open_dev$loop(0x0, 0x8, 0x0)
ioctl$LOOP_CHANGE_FD(r0, 0x4c06, r0)

638.09074ms ago: executing program 6 (id=3439):
openat$sysfs(0xffffffffffffff9c, 0x0, 0x8002, 0xc0)

567.64739ms ago: executing program 6 (id=3440):
r0 = socket$inet6_udplite(0xa, 0x2, 0x88)
getsockopt$PNPIPE_IFINDEX(0xffffffffffffffff, 0x113, 0x2, &(0x7f0000000000)=<r1=>0x0, &(0x7f0000000040)=0x4)
ioctl$sock_ipv6_tunnel_SIOCGETTUNNEL(r0, 0x89f0, &(0x7f0000000100)={'ip6tnl0\x00', &(0x7f0000000080)={'ip6gre0\x00', <r2=>r1, 0x2f, 0x7, 0x1, 0x1, 0x61, @loopback, @mcast2, 0x700, 0x700, 0xbf, 0x1}})
r3 = syz_open_dev$loop(&(0x7f0000000140), 0xdb7c, 0x268cc0)
ioctl$LOOP_CLR_FD(r3, 0x4c01)
r4 = socket(0x11, 0x4, 0xc9)
r5 = syz_genetlink_get_family_id$team(&(0x7f00000001c0), 0xffffffffffffffff)
ioctl$sock_ipv6_tunnel_SIOCGETTUNNEL(r0, 0x89f0, &(0x7f0000000280)={'syztnl1\x00', &(0x7f0000000200)={'ip6tnl0\x00', <r6=>r2, 0x29, 0x7, 0x52, 0x8, 0x20, @mcast2, @private0={0xfc, 0x0, '\x00', 0x1}, 0xf840, 0x10, 0x9, 0x400}})
ioctl$ifreq_SIOCGIFINDEX_team(r0, 0x8933, &(0x7f00000002c0)={'team0\x00', <r7=>0x0})
sendmsg$TEAM_CMD_OPTIONS_SET(r4, &(0x7f0000000740)={&(0x7f0000000180)={0x10, 0x0, 0x0, 0x200000}, 0xc, &(0x7f0000000700)={&(0x7f0000000300)={0x3c4, r5, 0x200, 0x70bd25, 0x25dfdbfd, {}, [{{0x8, 0x1, r1}, {0x44, 0x2, 0x0, 0x1, [{0x40, 0x1, @name={{0x24}, {0x5}, {0xe, 0x4, 'broadcast\x00'}}}]}}, {{0x8, 0x1, r2}, {0xf4, 0x2, 0x0, 0x1, [{0x38, 0x1, @mcast_rejoin_count={{0x24}, {0x5}, {0x8, 0x4, 0x800}}}, {0x40, 0x1, @lb_tx_hash_to_port_mapping={{{0x24}, {0x5}, {0x8, 0x4, r2}}, {0x8}}}, {0x3c, 0x1, @user_linkup={{{0x24}, {0x5}, {0x4}}, {0x8, 0x6, r1}}}, {0x3c, 0x1, @lb_tx_method={{0x24}, {0x5}, {0x9, 0x4, 'hash\x00'}}}]}}, {{0x8, 0x1, r1}, {0x134, 0x2, 0x0, 0x1, [{0x3c, 0x1, @lb_tx_method={{0x24}, {0x5}, {0x9, 0x4, 'hash\x00'}}}, {0x40, 0x1, @priority={{{0x24}, {0x5}, {0x8, 0x4, 0x7}}, {0x8}}}, {0x40, 0x1, @lb_tx_hash_to_port_mapping={{{0x24}, {0x5}, {0x8, 0x4, r6}}, {0x8}}}, {0x3c, 0x1, @bpf_hash_func={{0x24}, {0x5}, {0xc, 0x4, [{0x26, 0xa, 0x2, 0x1}]}}}, {0x38, 0x1, @notify_peers_count={{0x24}, {0x5}, {0x8, 0x4, 0xffff8001}}}]}}, {{0x8, 0x1, r7}, {0x124, 0x2, 0x0, 0x1, [{0x3c, 0x1, @user_linkup_enabled={{{0x24}, {0x5}, {0x4}}, {0x8, 0x6, r2}}}, {0x38, 0x1, @notify_peers_count={{0x24}, {0x5}, {0x8, 0x4, 0x5}}}, {0x38, 0x1, @mcast_rejoin_count={{0x24}, {0x5}, {0x8, 0x4, 0x35ea}}}, {0x3c, 0x1, @user_linkup={{{0x24}, {0x5}, {0x4}}, {0x8, 0x6, r2}}}, {0x38, 0x1, @notify_peers_count={{0x24}, {0x5}, {0x8, 0x4, 0x101}}}]}}]}, 0x3c4}, 0x1, 0x0, 0x0, 0x4}, 0x48000)

370.862464ms ago: executing program 7 (id=3441):
socket$pppoe(0x18, 0x1, 0x0)
r0 = socket$netlink(0x10, 0x3, 0x2)
sendmsg$ETHTOOL_MSG_FEATURES_GET(r0, &(0x7f0000000300)={&(0x7f0000000040)={0x10, 0x0, 0x0, 0x20000}, 0xc, &(0x7f00000002c0)={&(0x7f0000000200)={0xa8, 0x0, 0x200, 0x70bd2d, 0x25dfdbfd, {}, [@HEADER={0x28, 0x1, 0x0, 0x1, [@ETHTOOL_A_HEADER_DEV_INDEX={0x8}, @ETHTOOL_A_HEADER_FLAGS={0x8, 0x3, 0x1}, @ETHTOOL_A_HEADER_DEV_NAME={0x14, 0x2, 'vxcan1\x00'}]}, @HEADER={0x40, 0x1, 0x0, 0x1, [@ETHTOOL_A_HEADER_DEV_INDEX={0x8}, @ETHTOOL_A_HEADER_FLAGS={0x8, 0x3, 0x1}, @ETHTOOL_A_HEADER_DEV_INDEX={0x8}, @ETHTOOL_A_HEADER_DEV_NAME={0x14, 0x2, 'wlan0\x00'}, @ETHTOOL_A_HEADER_FLAGS={0x8, 0x3, 0x2}, @ETHTOOL_A_HEADER_FLAGS={0x8, 0x3, 0x2}]}, @HEADER={0x2c, 0x1, 0x0, 0x1, [@ETHTOOL_A_HEADER_DEV_NAME={0x14, 0x2, 'macvtap0\x00'}, @ETHTOOL_A_HEADER_DEV_NAME={0x14, 0x2, 'nicvf0\x00'}]}]}, 0xa8}, 0x1, 0x0, 0x0, 0x20}, 0x40)

290.52608ms ago: executing program 6 (id=3442):
ioctl$BLKBSZGET(0xffffffffffffffff, 0x80081270, &(0x7f0000000000))
ioctl$FS_IOC_FSSETXATTR(0xffffffffffffffff, 0x401c5820, &(0x7f0000000140)={0xfffffffb, 0x7991c668, 0x4, 0x1, 0x1})

289.547336ms ago: executing program 7 (id=3443):
r0 = socket$igmp(0x2, 0x3, 0x2)
connect$inet(r0, &(0x7f0000000000)={0x2, 0x4e20, @dev={0xac, 0x14, 0x14, 0x19}}, 0x10)
write(r0, &(0x7f0000000040)="81d10cd51933de614df0d1ee8fc6d6dbc0cc023a955c0cc2cb995a1c4abce2a513e3bcfa8e", 0x25)
fadvise64(0xffffffffffffffff, 0x5, 0x9, 0x2)
r1 = syz_init_net_socket$x25(0x9, 0x5, 0x0)
ioctl$INCFS_IOC_FILL_BLOCKS(r1, 0x80106720, &(0x7f00000003c0)={0x4, &(0x7f0000000340)=[{0x49e, 0xf0, &(0x7f0000000080)="26c9bc6849b86ac7acc747ba00c360f0661a54ff9155fbe02e2d4d8101a2216c84af34a1162b68c0297fcd3a844d4d5f622f358b292a7babbec0d1f1c24a3e86e70a0d3ccafda7535b9879e2c3e92a7299ddf7e90856a3ad10ace8b3fea0993d066ae78315deb20d284874e106ce371c28ca4455688f78ad6804f7236eee09ec9440a2d3d9d5cff6f29d45f54225ad43151f29f8886e00e39b0173af611243f7f09ad194c15b75cc0b14fd7776bc73ef026ae4f9367f83e9802d30c2a44a11678f55fa1e9227375a33b2062445c0dbc7d0bfbcd7ff668e6112f3376aca7826f301756eda8eb91e77b16c735648acdfd8", 0x1}, {0x7, 0x3c, &(0x7f0000000180)="066096f97aa0c58936b4ade113e3c9bffec616ab7a17b1d833feb4b0ccf49c462068b262cfa442d8fd23948db1eb700b722063d91368a1ad543116e2", 0x0, 0x1}, {0x2, 0x67, &(0x7f00000001c0)="d2c7ab199304276e0275794fb00f5bbf5bf43e174bb9f34698855bc7919ffefcd70e1aba4d52cee3bdd2be22cb402e4f502beaa2166eebf46e761b81d53340fa7de99cfdc6c00f7b337ae5178b5ef9e59d1846738fbdcce2b3b69ec31a0ade7f81c3c668e6c369", 0x1, 0x1}, {0x5, 0xe4, &(0x7f0000000240)="05bfa754a0a8c5721bb00bc756805352f3d2bb332a235f9ea0476d88b60fcbff3498797b43a898b6d07f71502c28181f03a1bd00a5387a1c87d60d53456a8e55393ff7476b71b318fd8b88a1dfe604545ad3d8771372ce23efe15ac4afb096d51b3ccfaa30bc1a4d863016e36d4995c0daff454b9f990f740849f347b4e7f715901a0e00ffee9c62b9549299fcceb7d2e34f6d70276c3d2616f8ca5b82bbe5a5319fb9849c93668af4df21009ef87a9e6a81f4e40f2592e7a1997ab29d9e8a4dd24cf9141eea22da41a7240245bb6f8407d3fcd978dacd41b00440bdcec88ae05187a7d5"}]})

226.299212ms ago: executing program 6 (id=3444):
r0 = openat$audio(0xffffffffffffff9c, &(0x7f0000000080), 0x100, 0x0)
ioctl$SNDCTL_DSP_GETODELAY(r0, 0x80045017, 0x0)

159.364946ms ago: executing program 7 (id=3445):
setsockopt$nfc_llcp_NFC_LLCP_RW(0xffffffffffffffff, 0x118, 0x0, &(0x7f0000000080)=0x9, 0x4)

79.972611ms ago: executing program 6 (id=3446):
mount(&(0x7f0000000000)=@loop={'/dev/loop', 0x0}, &(0x7f0000000040)='./file0\x00', &(0x7f0000000080)='xfs\x00', 0x8000, &(0x7f00000000c0)='\x00')
ioctl$LOOP_CLR_FD(0xffffffffffffffff, 0x4c01)
setxattr$incfs_metadata(&(0x7f0000000100)='./file1\x00', &(0x7f0000000140), &(0x7f0000000180)="729faedae0b8d73158440da7c0854b0e74f3a6b3222e84ec2e35c7f835c5ca7288ca8896908c975ac3cffb53d4559620c744d46d6c5e3775bf43025b697df1235fcbd0a82ae580de5fff7c58597342b8819753e1913e10f3a45085a08c8bb9da9821fa5bfbc2c74b0c55613b0d22dde31015621fdb821d0878f9921619a0caa341ccd01a338ed424366103ad136b68e424b4bc8ef950", 0x96, 0x3)
r0 = getpgid(0x0)
r1 = bpf$BPF_RAW_TRACEPOINT_OPEN_UNNAMED(0x11, &(0x7f0000000240), 0x10)
bpf$BPF_TASK_FD_QUERY(0x14, &(0x7f00000002c0)={r0, r1, 0x0, 0x9, &(0x7f0000000280)='/dev/loop'}, 0x30)
socket$nl_audit(0x10, 0x3, 0x9)

79.666825ms ago: executing program 7 (id=3447):
r0 = openat$fuse(0xffffffffffffff9c, &(0x7f00000010c0), 0x2, 0x0)
r1 = openat$cuse(0xffffffffffffff9c, 0x0, 0x2, 0x0)
ioctl$FUSE_DEV_IOC_CLONE(r0, 0x8004e500, &(0x7f0000001140)=r1)

467.182Âµs ago: executing program 6 (id=3448):
ioctl$SNDRV_TIMER_IOCTL_CREATE(0xffffffffffffffff, 0xc02054a5, &(0x7f0000000000)={0x100000001, <r0=>0xffffffffffffffff, 'id1\x00'})
ioctl$BLKBSZGET(r0, 0x80081270, &(0x7f0000000080))
ioctl$SNAPSHOT_CREATE_IMAGE(0xffffffffffffffff, 0x40043311, &(0x7f00000000c0))
sendmsg$NFQNL_MSG_VERDICT(r0, &(0x7f00000001c0)={&(0x7f0000000100), 0xc, &(0x7f0000000180)={&(0x7f0000000140)={0x1c, 0x1, 0x3, 0x5, 0x0, 0x0, {0x0, 0x0, 0x6}, [@NFQA_MARK={0x8, 0x3, 0x1, 0x0, 0x6}]}, 0x1c}, 0x1, 0x0, 0x0, 0x4008800}, 0x4000042)
r1 = socket$nl_generic(0x10, 0x3, 0x10)
r2 = syz_genetlink_get_family_id$team(&(0x7f0000000240), r0)
ioctl$sock_ipv4_tunnel_SIOCCHGTUNNEL(r0, 0x89f3, &(0x7f0000000300)={'gre0\x00', &(0x7f0000000280)={'syztnl1\x00', <r3=>0x0, 0x7, 0x8, 0x2, 0x80000000, {{0x9, 0x4, 0x3, 0x2, 0x24, 0x66, 0x0, 0x3, 0x4, 0x0, @empty, @remote, {[@rr={0x7, 0xf, 0xcb, [@local, @multicast2, @remote]}]}}}}})
bpf$BPF_GET_PROG_INFO(0xf, &(0x7f0000000600)={r0, 0xe0, &(0x7f0000000500)={0x0, 0x0, 0x0, 0x0, 0x0, 0x0, 0x0, 0x0, 0x0, 0x2, &(0x7f0000000340)=[0x0, 0x0], ""/16, <r4=>0x0, 0x0, 0x0, 0x0, 0x8, 0x1, &(0x7f0000000380)=[0x0, 0x0, 0x0, 0x0, 0x0, 0x0, 0x0, 0x0], &(0x7f00000003c0)=[0x0], 0x0, 0x80, &(0x7f0000000400)=[{}], 0x8, 0x10, &(0x7f0000000440), &(0x7f0000000480), 0x8, 0xf2, 0x8, 0x8, &(0x7f00000004c0)}}, 0x10)
ioctl$sock_ipv4_tunnel_SIOCDELTUNNEL(r0, 0x89f2, &(0x7f0000000700)={'gretap0\x00', &(0x7f0000000640)={'erspan0\x00', <r5=>0x0, 0x8, 0x7, 0x6, 0x10001, {{0x1d, 0x4, 0x2, 0x9, 0x74, 0x68, 0x0, 0x60, 0x4, 0x0, @empty, @local, {[@lsrr={0x83, 0x7, 0x85, [@multicast2]}, @timestamp={0x44, 0x28, 0x52, 0x0, 0x0, [0x9, 0x500, 0x3, 0x7, 0x1, 0x6, 0x2, 0xffffffff, 0x3a]}, @cipso={0x86, 0x31, 0x0, [{0x7, 0x6, "45948294"}, {0x5, 0x5, "b9c07a"}, {0x0, 0x5, "5db6b9"}, {0x1, 0xf, "d1f15e903b95812908c3200559"}, {0x2, 0x2}, {0x0, 0xa, "9b7c7f88b940ba76"}]}]}}}}})
sendmsg$TEAM_CMD_NOOP(r1, &(0x7f0000000940)={&(0x7f0000000200)={0x10, 0x0, 0x0, 0x100}, 0xc, &(0x7f0000000900)={&(0x7f0000000740)={0x184, r2, 0x4, 0x70bd2c, 0x25dfdbff, {}, [{{0x8, 0x1, r3}, {0x168, 0x2, 0x0, 0x1, [{0x3c, 0x1, @enabled={{{0x24}, {0x5}, {0x4}}, {0x8, 0x6, r4}}}, {0x40, 0x1, @lb_hash_stats={{{0x24}, {0x5}, {0x8}}, {0x8}}}, {0x3c, 0x1, @lb_tx_method={{0x24}, {0x5}, {0x9, 0x4, 'hash\x00'}}}, {0x38, 0x1, @notify_peers_count={{0x24}, {0x5}, {0x8, 0x4, 0x8000}}}, {0x3c, 0x1, @enabled={{{0x24}, {0x5}, {0x4}}, {0x8, 0x6, r5}}}, {0x38, 0x1, @lb_stats_refresh_interval={{0x24}, {0x5}, {0x8, 0x4, 0x959}}}]}}]}, 0x184}, 0x1, 0x0, 0x0, 0x8000}, 0x4010)

0s ago: executing program 7 (id=3449):
r0 = syz_open_dev$loop(&(0x7f0000000000), 0xd27, 0x1db440)
ioctl$BLKBSZSET(r0, 0x40081271, &(0x7f0000000040)=0xb)
ioctl$SNAPSHOT_CREATE_IMAGE(0xffffffffffffffff, 0x40043311, &(0x7f0000000080))
r1 = openat2(0xffffffffffffffff, &(0x7f00000000c0)='./file0\x00', &(0x7f0000000100)={0x98000, 0x21, 0x17}, 0x18)
ioctl$SIOCX25GCAUSEDIAG(r1, 0x89e6, &(0x7f0000000140)={0x8, 0x83})
r2 = accept4(r1, &(0x7f0000000180)=@rxrpc=@in6={0x21, 0x0, 0x2, 0x1c, {0xa, 0x0, 0x0, @ipv4={""/10, ""/2, @private}}}, &(0x7f0000000200)=0x80, 0x80000)
ioctl$BTRFS_IOC_SCRUB_CANCEL(r2, 0x941c, 0x0)

kernel console output (not intermixed with test programs):

ock                 119KB        139KB
[  193.111856][T11923] files_cache              110KB        110KB
[  193.113118][T11923] signal_cache             436KB        488KB
[  193.114417][T11923] sighand_cache            723KB        804KB
[  193.115714][T11923] task_struct             2148KB       2280KB
[  193.116972][T11923] cred_jar                 611KB        685KB
[  193.118337][T11923] anon_vma_chain           131KB        148KB
[  193.189056][T11923] anon_vma                 113KB        126KB
[  193.276517][T11923] pid                      152KB        180KB
[  193.277899][T11923] Acpi-State               510KB        525KB
[  193.279162][T11923] shared_policy_node         19KB         19KB
[  193.295925][T11923] numa_policy              696KB        812KB
[  193.297458][T11923] trace_event_file         336KB        336KB
[  193.298760][T11923] ftrace_event_field        682KB        690KB
[  193.339811][T11923] pool_workqueue           273KB        304KB
[  193.341278][T11923] maple_node                97KB        156KB
[  193.369342][T11923] task_group                15KB         15KB
[  193.370664][T11923] mm_struct                107KB        137KB
[  193.372016][T11923] vmap_area                237KB        492KB
[  193.373276][T11923] kmemleak_scan_area         83KB        144KB
[  193.375104][T11923] kmemleak_object        66623KB      68752KB
[  193.376601][T11923] kmalloc-cg-8k            408KB        416KB
[  193.377880][T11923] kmalloc-cg-4k           4792KB       5312KB
[  193.379153][T11923] kmalloc-cg-2k           3374KB       3776KB
[  193.436251][T11923] kmalloc-cg-1k            808KB        912KB
[  193.437589][T11923] kmalloc-cg-512           421KB        512KB
[  193.438850][T11923] kmalloc-cg-256            24KB         24KB
[  193.504890][T11923] kmalloc-cg-192            82KB         82KB
[  193.506228][T11923] kmalloc-cg-128            81KB        104KB
[  193.507544][T11923] kmalloc-cg-96             15KB         15KB
[  193.509215][T11923] kmalloc-cg-64              8KB         12KB
[  193.572257][T11923] kmalloc-cg-32              8KB         12KB
[  193.573582][T11923] kmalloc-cg-16             12KB         12KB
[  193.574899][T11923] kmalloc-cg-8               8KB          8KB
[  193.576701][T11923] kmalloc-8k              1528KB       1632KB
[  193.578326][T11923] kmalloc-4k              1712KB       1824KB
[  193.644585][T11923] kmalloc-2k              1754KB       1824KB
[  193.646295][T11923] kmalloc-1k              2651KB       2704KB
[  193.647572][T11923] kmalloc-512             4371KB       4872KB
[  193.717322][T11923] kmalloc-256             2347KB       2448KB
[  193.718650][T11923] kmalloc-192              971KB       1004KB
[  193.743253][T11923] kmalloc-128              567KB        616KB
[  193.744590][T11923] kmalloc-96              3007KB       3063KB
[  193.746356][T11923] kmalloc-64              1450KB       1484KB
[  193.748329][T11923] kmalloc-32               509KB        572KB
[  193.840710][T11923] kmalloc-16               204KB        212KB
[  193.843153][T11923] kmalloc-8                268KB        272KB
[  193.845173][T11923] kmem_cache_node           38KB         40KB
[  193.846685][T11923] kmem_cache                76KB         76KB
[  193.847956][T11923] oom-kill:constraint=CONSTRAINT_NONE,nodemask=(null),cpuset=/,mems_allowed=0-1,global_oom,task_memcg=/system.slice/rsyslog.service,task=rs:main Q:Reg,pid=11923,uid=0
[  194.025614][T11923] Out of memory (oom_kill_allocating_task): Killed process 11883 (rsyslogd) total-vm:220932kB, anon-rss:0kB, file-rss:128kB, shmem-rss:0kB, UID:0 pgtables:68kB oom_score_adj:0
[  194.106920][T10957] syz-executor invoked oom-killer: gfp_mask=0x140cca(GFP_HIGHUSER_MOVABLE|__GFP_COMP), order=0, oom_score_adj=0
[  194.169315][T10957] CPU: 1 PID: 10957 Comm: syz-executor Not tainted 6.6.0 #2
[  194.170906][T10957] Hardware name: QEMU Standard PC (i440FX + PIIX, 1996), BIOS 1.15.0-1 04/01/2014
[  194.173089][T10957] Call Trace:
[  194.174001][T10957]  <TASK>
[  194.174782][T10957]  dump_stack_lvl+0x72/0xa0
[  194.175900][T10957]  dump_header+0x4c/0x290
[  194.176862][T10957]  oom_kill_process+0x169/0x290
[  194.177922][T10957]  out_of_memory+0x596/0x950
[  194.178938][T10957]  __alloc_pages+0xe65/0xfc0
[  194.179959][T10957]  alloc_pages+0xc9/0x1d0
[  194.180911][T10957]  folio_alloc+0x20/0x70
[  194.181899][T10957]  filemap_alloc_folio+0x1a0/0x1c0
[  194.183316][T10957]  __filemap_get_folio+0x337/0x590
[  194.184590][T10957]  filemap_fault+0x278/0x1160
[  194.185650][T10957]  __do_fault+0x47/0xf0
[  194.186568][T10957]  __handle_mm_fault+0x1c0d/0x2660
[  194.187677][T10957]  handle_mm_fault+0x26a/0x690
[  194.188701][T10957]  ? lock_mm_and_find_vma+0x89/0x3d0
[  194.190031][T10957]  exc_page_fault+0x42d/0xd10
[  194.191822][T10957]  asm_exc_page_fault+0x26/0x30
[  194.193643][T10957] RIP: 0033:0x7f8af3fee468
[  194.195304][T10957] Code: Unable to access opcode bytes at 0x7f8af3fee43e.
[  194.197811][T10957] RSP: 002b:00007ffe58a10d50 EFLAGS: 00010293
[  194.199542][T10957] RAX: 0000000000000000 RBX: 0000000000000001 RCX: 00007f8af3fee468
[  194.201176][T10957] RDX: 00007ffe58a10de0 RSI: 0000000000000000 RDI: 0000000000000000
[  194.202833][T10957] RBP: 00007ffe58a10e4c R08: 0000000000000000 R09: 00007ffe58a90080
[  194.204711][T10957] R10: 0000000000000000 R11: 0000000000000293 R12: 00007ffe58a10de0
[  194.206690][T10957] R13: 0000000000000000 R14: 0000000000000000 R15: 000000000002e627
[  194.208311][T10957]  </TASK>
[  194.225648][ T9307] Bluetooth: hci3: command 0x040f tx timeout
[  194.237176][T10957] Mem-Info:
[  194.238023][T10957] active_anon:0 inactive_anon:0 isolated_anon:0
[  194.238023][T10957]  active_file:7 inactive_file:63 isolated_file:0
[  194.238023][T10957]  unevictable:768 dirty:51 writeback:0
[  194.238023][T10957]  slab_reclaimable:4897 slab_unreclaimable:39744
[  194.238023][T10957]  mapped:20512 shmem:768 pagetables:591
[  194.238023][T10957]  sec_pagetables:0 bounce:0
[  194.238023][T10957]  kernel_misc_reclaimable:0
[  194.238023][T10957]  free:17845 free_pcp:318 free_cma:0
[  194.427544][T10957] Node 0 active_anon:0kB inactive_anon:0kB active_file:104kB inactive_file:0kB unevictable:1536kB isolated(anon):0kB isolated(file):0kB mapped:25912kB dirty:88kB writeback:0kB shmem:1536kB shmem_thp:0kB shmem_pmdmapped:0kB anon_thp:0kB writeback_tmp:0kB kernel_stack:3928kB pagetables:1096kB sec_pagetables:0kB all_unreclaimable? no
[  194.515652][T10957] Node 1 active_anon:0kB inactive_anon:0kB active_file:32kB inactive_file:152kB unevictable:1536kB isolated(anon):0kB isolated(file):0kB mapped:56136kB dirty:116kB writeback:0kB shmem:1536kB shmem_thp:0kB shmem_pmdmapped:0kB anon_thp:0kB writeback_tmp:0kB kernel_stack:1544kB pagetables:1268kB sec_pagetables:0kB all_unreclaimable? no
[  194.571881][T10957] Node 0 DMA free:3984kB boost:0kB min:536kB low:668kB high:800kB reserved_highatomic:0KB active_anon:0kB inactive_anon:0kB active_file:0kB inactive_file:0kB unevictable:0kB writepending:0kB present:15992kB managed:15360kB mlocked:0kB bounce:0kB free_pcp:0kB local_pcp:0kB free_cma:0kB
[  194.578751][T10957] lowmem_reserve[]: 0 863 863 863 863
[  194.720390][T10957] Node 0 DMA32 free:32532kB boost:0kB min:30964kB low:38704kB high:46444kB reserved_highatomic:2048KB active_anon:4kB inactive_anon:0kB active_file:52kB inactive_file:52kB unevictable:1536kB writepending:60kB present:1032192kB managed:900204kB mlocked:0kB bounce:0kB free_pcp:4kB local_pcp:4kB free_cma:0kB
[  194.726735][T10957] lowmem_reserve[]: 0 0 0 0 0
[  194.727793][T10957] Node 1 DMA32 free:35876kB boost:0kB min:36080kB low:45100kB high:54120kB reserved_highatomic:0KB active_anon:0kB inactive_anon:0kB active_file:140kB inactive_file:8kB unevictable:1536kB writepending:56kB present:1048448kB managed:1030744kB mlocked:0kB bounce:0kB free_pcp:28kB local_pcp:28kB free_cma:0kB
[  194.777399][T10957] lowmem_reserve[]: 0 0 0 0 0
[  194.778669][T10957] Node 0 DMA: 2*4kB (U) 3*8kB (U) 1*16kB (U) 1*32kB (U) 1*64kB (U) 0*128kB 1*256kB (U) 1*512kB (U) 1*1024kB (U) 1*2048kB (M) 0*4096kB = 3984kB
[  194.845225][T10957] Node 0 DMA32: 593*4kB (MEH) 555*8kB (UMEH) 301*16kB (UMEH) 97*32kB (MEH) 20*64kB (MEH) 9*128kB (UMH) 3*256kB (MH) 1*512kB (H) 0*1024kB 1*2048kB (U) 3*4096kB (U) = 32780kB
[  194.870529][T10957] Node 1 DMA32: 971*4kB (UME) 514*8kB (UME) 348*16kB (UME) 157*32kB (UME) 53*64kB (UME) 21*128kB (UME) 6*256kB (M) 1*512kB (M) 1*1024kB (U) 2*2048kB (UM) 1*4096kB (U) = 35932kB
[  194.875241][T10957] Node 0 hugepages_total=0 hugepages_free=0 hugepages_surp=0 hugepages_size=1048576kB
[  194.877558][T10957] Node 0 hugepages_total=2 hugepages_free=2 hugepages_surp=0 hugepages_size=2048kB
[  194.902432][T10957] Node 1 hugepages_total=0 hugepages_free=0 hugepages_surp=0 hugepages_size=1048576kB
[  194.904451][T10957] Node 1 hugepages_total=2 hugepages_free=2 hugepages_surp=0 hugepages_size=2048kB
[  194.906366][T10957] 831 total pagecache pages
[  194.907316][T10957] 0 pages in swap cache
[  194.908209][T10957] Free swap  = 99836kB
[  194.909072][T10957] Total swap = 124996kB
[  195.069388][T10957] 524158 pages RAM
[  195.070570][T10957] 0 pages HighMem/MovableOnly
[  195.072902][T10957] 37581 pages reserved
[  195.074106][T10957] 0 pages cma reserved
[  195.075853][T10957] Unreclaimable slab info:
[  195.077188][T10957] Name                      Used          Total
[  195.078912][T10957] bio-312                    3KB          3KB
[  195.152035][T10957] bio-376                    7KB          7KB
[  195.154409][T10957] bio-392                    7KB          7KB
[  195.156577][T10957] bio-448                    8KB          8KB
[  195.158079][T10957] zs_handle                 48KB         60KB
[  195.205708][T10957] SCTPv6                    62KB         62KB
[  195.207935][T10957] PINGv6                    15KB         15KB
[  195.263202][T10957] RAWv6                     46KB         46KB
[  195.265313][T10957] UDPv6                     47KB         47KB
[  195.267346][T10957] TCPv6                     63KB         63KB
[  195.344090][T10957] nf_conntrack              16KB         16KB
[  195.346389][T10957] wg_peer                   63KB         63KB
[  195.348580][T10957] scsi_sense_cache           8KB          8KB
[  195.419302][T10957] bio-136                   31KB         31KB
[  195.420731][T10957] drm_i915_gem_object         94KB         94KB
[  195.422148][T10957] mqueue_inode_cache         32KB         32KB
[  195.423656][T10957] o2dlm_mle                  7KB          7KB
[  195.425132][T10957] cifs_small_rq             15KB         15KB
[  195.426655][T10957] cifs_request              65KB         65KB
[  195.428016][T10957] nfs_commit_data           15KB         15KB
[  195.519332][T10957] UNIX                      63KB         63KB
[  195.520874][T10957] ip_fib_trie               15KB         15KB
[  195.522230][T10957] ip_fib_alias              44KB         47KB
[  195.523512][T10957] PING                      32KB         32KB
[  195.524796][T10957] RAW                       16KB         16KB
[  195.526083][T10957] request_sock_TCP           7KB          7KB
[  195.527349][T10957] TCP                       63KB         63KB
[  195.528617][T10957] hugetlbfs_inode_cache          7KB          7KB
[  195.631459][T10957] bio-264                   15KB         15KB
[  195.632792][T10957] ep_head                    8KB          8KB
[  195.634072][T10957] request_queue            111KB        111KB
[  195.635326][T10957] bio-200                   28KB         28KB
[  195.636584][T10957] biovec-max               320KB        320KB
[  195.637831][T10957] biovec-128                64KB         64KB
[  195.639111][T10957] biovec-64                 32KB         32KB
[  195.693684][T10957] khugepaged_mm_slot          7KB          7KB
[  195.695058][T10957] dmaengine-unmap-256         30KB         30KB
[  195.696449][T10957] dmaengine-unmap-128         15KB         15KB
[  195.732815][T10957] dmaengine-unmap-2         16KB         16KB
[  195.734202][T10957] QIPCRTR                   15KB         15KB
[  195.735469][T10957] audit_buffer               3KB          3KB
[  195.736819][T10957] skbuff_ext_cache          23KB         23KB
[  195.738096][T10957] skbuff_small_head        128KB        150KB
[  195.869603][T10957] skbuff_head_cache         43KB         56KB
[  195.871169][T10957] file_lock_cache            7KB          7KB
[  195.873014][T10957] task_delay_info            7KB          7KB
[  195.874704][T10957] taskstats                 15KB         15KB
[  195.876289][T10957] proc_dir_entry           325KB        330KB
[  195.878126][T10957] seq_file                   7KB          7KB
[  195.905486][T10957] sigqueue                  15KB         15KB
[  195.906865][T10957] shmem_inode_cache       4580KB       4592KB
[  195.908259][T10957] kernfs_node_cache      11660KB      11660KB
[  195.934570][T10957] mnt_cache                 75KB         90KB
[  195.936426][T10957] filp                     161KB        216KB
[  195.938024][T10957] names_cache              192KB        192KB
[  195.951032][   T10] usb 1-1: string descriptor 0 read error: -32
[  195.952811][   T10] usb 1-1: New USB device found, idVendor=0cf3, idProduct=9271, bcdDevice= 1.08
[  195.954852][   T10] usb 1-1: New USB device strings: Mfr=1, Product=2, SerialNumber=3
[  196.011553][T10957] net_namespace             56KB         56KB
[  196.013567][T10957] iint_cache                26KB         43KB
[  196.015145][T10957] uts_namespace             15KB         15KB
[  196.016439][T10957] nsproxy                    7KB          7KB
[  196.018019][T10957] vma_lock                 109KB        139KB
[  196.090577][T10957] files_cache              110KB        110KB
[  196.092618][T10957] signal_cache             436KB        488KB
[  196.094030][T10957] sighand_cache            723KB        804KB
[  196.095362][T10957] task_struct             2112KB       2280KB
[  196.097204][T10957] cred_jar                 585KB        685KB
[  196.098720][T10957] anon_vma_chain           128KB        148KB
[  196.223255][T10957] anon_vma                 112KB        126KB
[  196.224718][T10957] pid                      152KB        180KB
[  196.226096][T10957] Acpi-State               487KB        525KB
[  196.227483][T10957] shared_policy_node         19KB         19KB
[  196.228842][T10957] numa_policy              695KB        812KB
[  196.259944][ T9307] Bluetooth: hci3: command 0x0419 tx timeout
[  196.326453][T10957] trace_event_file         336KB        336KB
[  196.327853][T10957] ftrace_event_field        678KB        690KB
[  196.356696][T10957] pool_workqueue           273KB        304KB
[  196.358105][T10957] maple_node                94KB        156KB
[  196.362629][T10957] task_group                15KB         15KB
[  196.363937][T10957] mm_struct                107KB        137KB
[  196.365226][T10957] vmap_area                237KB        492KB
[  196.366497][T10957] kmemleak_scan_area         83KB        144KB
[  196.368391][T10957] kmemleak_object        66524KB      68752KB
[  196.456116][T10957] kmalloc-cg-8k            408KB        416KB
[  196.457645][T10957] kmalloc-cg-4k           4792KB       5312KB
[  196.506948][T10957] kmalloc-cg-2k           3374KB       3776KB
[  196.508987][T10957] kmalloc-cg-1k            808KB        912KB
[  196.543599][T10957] kmalloc-cg-512           421KB        512KB
[  196.545694][T10957] kmalloc-cg-256            24KB         24KB
[  196.547789][T10957] kmalloc-cg-192            82KB         82KB
[  196.589315][T10957] kmalloc-cg-128            81KB        104KB
[  196.591441][T10957] kmalloc-cg-96             15KB         15KB
[  196.593507][T10957] kmalloc-cg-64              8KB         12KB
[  196.595571][T10957] kmalloc-cg-32              8KB         12KB
[  196.597606][T10957] kmalloc-cg-16             12KB         12KB
[  196.630314][T10957] kmalloc-cg-8               8KB          8KB
[  196.631695][T10957] kmalloc-8k              1528KB       1632KB
[  196.633000][T10957] kmalloc-4k              1712KB       1824KB
[  196.634272][T10957] kmalloc-2k              1754KB       1824KB
[  196.635577][T10957] kmalloc-1k              2646KB       2704KB
[  196.636912][T10957] kmalloc-512             4369KB       4872KB
[  196.638210][T10957] kmalloc-256             2360KB       2448KB
[  196.659667][   T10] usb 1-1: can't set config #1, error -32
[  196.769714][T10957] kmalloc-192              965KB       1004KB
[  196.771093][T10957] kmalloc-128              567KB        616KB
[  196.772408][T10957] kmalloc-96              3007KB       3063KB
[  196.773671][T10957] kmalloc-64              1450KB       1484KB
[  196.774975][T10957] kmalloc-32               507KB        572KB
[  196.776267][T10957] kmalloc-16               204KB        212KB
[  196.777549][T10957] kmalloc-8                268KB        272KB
[  196.778829][T10957] kmem_cache_node           38KB         40KB
[  196.909282][T10957] kmem_cache                76KB         76KB
[  196.910625][T10957] oom-kill:constraint=CONSTRAINT_NONE,nodemask=(null),cpuset=syz0,mems_allowed=0-1,global_oom,task_memcg=/syz0,task=syz-executor,pid=10957,uid=0
[  196.913708][T10957] Out of memory (oom_kill_allocating_task): Killed process 10957 (syz-executor) total-vm:97996kB, anon-rss:40kB, file-rss:20608kB, shmem-rss:0kB, UID:0 pgtables:96kB oom_score_adj:0
[  196.972422][T12264] syz.0.154 invoked oom-killer: gfp_mask=0x140cca(GFP_HIGHUSER_MOVABLE|__GFP_COMP), order=0, oom_score_adj=1000
[  196.976299][T12264] CPU: 1 PID: 12264 Comm: syz.0.154 Not tainted 6.6.0 #2
[  196.978920][T12264] Hardware name: QEMU Standard PC (i440FX + PIIX, 1996), BIOS 1.15.0-1 04/01/2014
[  196.981858][T12264] Call Trace:
[  196.983000][T12264]  <TASK>
[  196.984017][T12264]  dump_stack_lvl+0x72/0xa0
[  196.985576][T12264]  dump_header+0x4c/0x290
[  196.987062][T12264]  oom_kill_process+0x169/0x290
[  196.988740][T12264]  out_of_memory+0x596/0x950
[  196.990363][T12264]  __alloc_pages+0xe65/0xfc0
[  196.991992][T12264]  __folio_alloc+0x16/0x50
[  196.993526][T12264]  vma_alloc_folio+0xe6/0x5c0
[  196.995160][T12264]  ? __filemap_get_folio+0x100/0x590
[  196.997014][T12264]  ? finish_task_switch.isra.0+0x80/0x290
[  196.999022][T12264]  __read_swap_cache_async+0x1fd/0x450
[  197.000875][T12264]  swap_cluster_readahead+0x347/0x5c0
[  197.002772][T12264]  ? filemap_get_entry+0x160/0x210
[  197.004582][T12264]  swapin_readahead+0x79/0x7c0
[  197.006183][T12264]  ? __filemap_get_folio+0x15d/0x590
[  197.008056][T12264]  ? swap_cache_get_folio+0x1c1/0x200
[  197.009877][T12264]  do_swap_page+0x7f6/0x16d0
[  197.011521][T12264]  ? pte_offset_map_nolock+0xf3/0x120
[  197.013413][T12264]  __handle_mm_fault+0xc3c/0x2660
[  197.015145][T12264]  handle_mm_fault+0x26a/0x690
[  197.016791][T12264]  exc_page_fault+0x2d5/0xd10
[  197.018478][T12264]  asm_exc_page_fault+0x26/0x30
[  197.020335][T12264] RIP: 0033:0x7f8af3e58b63
[  197.021831][T12264] Code: Unable to access opcode bytes at 0x7f8af3e58b39.
[  197.024162][T12264] RSP: 002b:00007f8af4e63ec0 EFLAGS: 00010217
[  197.026138][T12264] RAX: 0000000000000000 RBX: 00007f8af4e64f10 RCX: 00007f8af3e58b63
[  197.028047][T12264] RDX: 0000000000000300 RSI: 00007f8af4062a04 RDI: 00007f8af4024180
[  197.029897][T12264] RBP: 0000000000000003 R08: 0000000000000300 R09: 0000000000000000
[  197.031520][T12264] R10: 000000000000000a R11: 0000000000000246 R12: 0000000080085502
[  197.033153][T12264] R13: 0000000800000000 R14: 0000000000000048 R15: 0000000000000080
[  197.034830][T12264]  </TASK>
[  197.438162][T12264] Mem-Info:
[  197.439851][T12264] active_anon:0 inactive_anon:0 isolated_anon:0
[  197.439851][T12264]  active_file:47 inactive_file:0 isolated_file:0
[  197.439851][T12264]  unevictable:768 dirty:0 writeback:0
[  197.439851][T12264]  slab_reclaimable:4892 slab_unreclaimable:39745
[  197.439851][T12264]  mapped:20497 shmem:768 pagetables:559
[  197.439851][T12264]  sec_pagetables:0 bounce:0
[  197.439851][T12264]  kernel_misc_reclaimable:0
[  197.439851][T12264]  free:17670 free_pcp:25 free_cma:0
[  197.549304][T12264] Node 0 active_anon:0kB inactive_anon:0kB active_file:20kB inactive_file:32kB unevictable:1536kB isolated(anon):0kB isolated(file):0kB mapped:25940kB dirty:0kB writeback:0kB shmem:1536kB shmem_thp:0kB shmem_pmdmapped:0kB anon_thp:0kB writeback_tmp:0kB kernel_stack:3880kB pagetables:1040kB sec_pagetables:0kB all_unreclaimable? no
[  197.555664][T12264] Node 1 active_anon:0kB inactive_anon:0kB active_file:32kB inactive_file:48kB unevictable:1536kB isolated(anon):0kB isolated(file):0kB mapped:56048kB dirty:0kB writeback:0kB shmem:1536kB shmem_thp:0kB shmem_pmdmapped:0kB anon_thp:0kB writeback_tmp:0kB kernel_stack:1544kB pagetables:1196kB sec_pagetables:0kB all_unreclaimable? no
[  197.631940][T12264] Node 0 DMA free:3984kB boost:0kB min:536kB low:668kB high:800kB reserved_highatomic:0KB active_anon:0kB inactive_anon:0kB active_file:0kB inactive_file:0kB unevictable:0kB writepending:0kB present:15992kB managed:15360kB mlocked:0kB bounce:0kB free_pcp:0kB local_pcp:0kB free_cma:0kB
[  197.637475][T12264] lowmem_reserve[]: 0 863 863 863 863
[  197.638648][T12264] Node 0 DMA32 free:30476kB boost:0kB min:30964kB low:38704kB high:46444kB reserved_highatomic:0KB active_anon:0kB inactive_anon:0kB active_file:48kB inactive_file:4kB unevictable:1536kB writepending:0kB present:1032192kB managed:900204kB mlocked:0kB bounce:0kB free_pcp:536kB local_pcp:516kB free_cma:0kB
[  197.696152][T12264] lowmem_reserve[]: 0 0 0 0 0
[  197.697270][T12264] Node 1 DMA32 free:35948kB boost:0kB min:36080kB low:45100kB high:54120kB reserved_highatomic:0KB active_anon:0kB inactive_anon:0kB active_file:28kB inactive_file:52kB unevictable:1536kB writepending:0kB present:1048448kB managed:1030744kB mlocked:0kB bounce:0kB free_pcp:80kB local_pcp:0kB free_cma:0kB
[  197.730487][T12264] lowmem_reserve[]: 0 0 0 0 0
[  197.731604][T12264] Node 0 DMA: 2*4kB (U) 3*8kB (U) 1*16kB (U) 1*32kB (U) 1*64kB (U) 0*128kB 1*256kB (U) 1*512kB (U) 1*1024kB (U) 1*2048kB (M) 0*4096kB = 3984kB
[  197.734770][T12264] Node 0 DMA32: 519*4kB (UME) 552*8kB (UME) 299*16kB (ME) 98*32kB (UME) 21*64kB (ME) 11*128kB (UM) 4*256kB (UM) 2*512kB (UM) 1*1024kB (U) 1*2048kB (U) 2*4096kB (U) = 30476kB
[  197.774001][T12264] Node 1 DMA32: 973*4kB (UME) 515*8kB (UME) 348*16kB (UME) 157*32kB (UME) 53*64kB (UME) 21*128kB (UME) 6*256kB (M) 1*512kB (M) 1*1024kB (U) 2*2048kB (UM) 1*4096kB (U) = 35948kB
[  197.777859][T12264] Node 0 hugepages_total=0 hugepages_free=0 hugepages_surp=0 hugepages_size=1048576kB
[  197.806339][T12264] Node 0 hugepages_total=2 hugepages_free=2 hugepages_surp=0 hugepages_size=2048kB
[  197.809002][T12264] Node 1 hugepages_total=0 hugepages_free=0 hugepages_surp=0 hugepages_size=1048576kB
[  197.837545][T12264] Node 1 hugepages_total=2 hugepages_free=2 hugepages_surp=0 hugepages_size=2048kB
[  197.847527][T12264] 801 total pagecache pages
[  197.848526][T12264] 0 pages in swap cache
[  197.858262][T12264] Free swap  = 99836kB
[  197.859167][T12264] Total swap = 124996kB
[  197.870093][T12264] 524158 pages RAM
[  197.870900][T12264] 0 pages HighMem/MovableOnly
[  197.871881][T12264] 37581 pages reserved
[  197.872725][T12264] 0 pages cma reserved
[  197.873581][T12264] Unreclaimable slab info:
[  197.874508][T12264] Name                      Used          Total
[  197.875801][T12264] bio-312                    3KB          3KB
[  197.877072][T12264] bio-376                    7KB          7KB
[  197.878324][T12264] bio-392                    7KB          7KB
[  197.909411][T12264] bio-448                    8KB          8KB
[  197.910727][T12264] zs_handle                 48KB         60KB
[  197.912001][T12264] SCTPv6                    62KB         62KB
[  197.913332][T12264] PINGv6                    15KB         15KB
[  197.914594][T12264] RAWv6                     46KB         46KB
[  197.915851][T12264] UDPv6                     47KB         47KB
[  197.917182][T12264] TCPv6                     63KB         63KB
[  197.918489][T12264] nf_conntrack              16KB         16KB
[  197.964422][T12264] wg_peer                   63KB         63KB
[  197.965761][T12264] scsi_sense_cache           8KB          8KB
[  197.967037][T12264] bio-136                   31KB         31KB
[  197.968300][T12264] drm_i915_gem_object         94KB         94KB
[  197.993366][T12264] mqueue_inode_cache         32KB         32KB
[  197.994690][T12264] o2dlm_mle                  7KB          7KB
[  197.995942][T12264] cifs_small_rq             15KB         15KB
[  197.997209][T12264] cifs_request              65KB         65KB
[  197.998453][T12264] nfs_commit_data           15KB         15KB
[  198.015517][T12264] UNIX                      63KB         63KB
[  198.016844][T12264] ip_fib_trie               15KB         15KB
[  198.018506][T12264] ip_fib_alias              44KB         47KB
[  198.034521][T12264] PING                      32KB         32KB
[  198.035872][T12264] RAW                       16KB         16KB
[  198.037491][T12264] request_sock_TCP           7KB          7KB
[  198.047338][T12264] TCP                       63KB         63KB
[  198.048666][T12264] hugetlbfs_inode_cache          7KB          7KB
[  198.058889][T12264] bio-264                   15KB         15KB
[  198.068908][T12264] ep_head                    8KB          8KB
[  198.072859][T12264] request_queue            111KB        111KB
[  198.074177][T12264] bio-200                   28KB         28KB
[  198.075436][T12264] biovec-max               320KB        320KB
[  198.076696][T12264] biovec-128                64KB         64KB
[  198.077981][T12264] biovec-64                 32KB         32KB
[  198.096145][T12264] khugepaged_mm_slot          7KB          7KB
[  198.097464][T12264] dmaengine-unmap-256         30KB         30KB
[  198.098766][T12264] dmaengine-unmap-128         15KB         15KB
[  198.127900][T12264] dmaengine-unmap-2         16KB         16KB
[  198.131797][T12264] QIPCRTR                   15KB         15KB
[  198.133112][T12264] audit_buffer               3KB          3KB
[  198.134376][T12264] skbuff_ext_cache          23KB         23KB
[  198.135642][T12264] skbuff_small_head        128KB        150KB
[  198.136908][T12264] skbuff_head_cache         46KB         56KB
[  198.138174][T12264] file_lock_cache            7KB          7KB
[  198.157669][T12264] task_delay_info            7KB          7KB
[  198.159020][T12264] taskstats                 15KB         15KB
[  198.174512][T12264] proc_dir_entry           325KB        330KB
[  198.175917][T12264] seq_file                   7KB          7KB
[  198.177209][T12264] sigqueue                  15KB         15KB
[  198.178470][T12264] shmem_inode_cache       4580KB       4592KB
[  198.201056][T12264] kernfs_node_cache      11668KB      11668KB
[  198.202394][T12264] mnt_cache                 75KB         90KB
[  198.203659][T12264] filp                     161KB        216KB
[  198.204920][T12264] names_cache              192KB        192KB
[  198.206189][T12264] net_namespace             56KB         56KB
[  198.207442][T12264] iint_cache                26KB         43KB
[  198.208816][T12264] uts_namespace             15KB         15KB
[  198.235314][T12264] nsproxy                    7KB          7KB
[  198.236630][T12264] vma_lock                 108KB        139KB
[  198.238016][T12264] files_cache              110KB        110KB
[  198.254618][T12264] signal_cache             436KB        488KB
[  198.255949][T12264] sighand_cache            723KB        804KB
[  198.265419][T12264] task_struct             2112KB       2280KB
[  198.266769][T12264] cred_jar                 582KB        685KB
[  198.268046][T12264] anon_vma_chain           127KB        148KB
[  198.278409][T12264] anon_vma                 112KB        126KB
[  198.290271][T12264] pid                      152KB        180KB
[  198.291597][T12264] Acpi-State               487KB        525KB
[  198.292863][T12264] shared_policy_node         19KB         19KB
[  198.294173][T12264] numa_policy              695KB        812KB
[  198.295413][T12264] trace_event_file         336KB        336KB
[  198.296667][T12264] ftrace_event_field        678KB        690KB
[  198.297946][T12264] pool_workqueue           273KB        304KB
[  198.328250][T12264] maple_node                93KB        156KB
[  198.356178][T12264] task_group                15KB         15KB
[  198.357530][T12264] mm_struct                107KB        137KB
[  198.358808][T12264] vmap_area                237KB        492KB
[  198.375213][T12264] kmemleak_scan_area         83KB        144KB
[  198.377283][T12264] kmemleak_object        66407KB      68752KB
[  198.378580][T12264] kmalloc-cg-8k            408KB        416KB
[  198.405838][T12264] kmalloc-cg-4k           4792KB       5312KB
[  198.407199][T12264] kmalloc-cg-2k           3374KB       3776KB
[  198.408999][T12264] kmalloc-cg-1k            808KB        912KB
[  198.421508][T12264] kmalloc-cg-512           421KB        512KB
[  198.422842][T12264] kmalloc-cg-256            24KB         24KB
[  198.424700][T12264] kmalloc-cg-192            82KB         82KB
[  198.426706][T12264] kmalloc-cg-128            81KB        104KB
[  198.428658][T12264] kmalloc-cg-96             15KB         15KB
[  198.468231][T12264] kmalloc-cg-64              8KB         12KB
[  198.471244][T12264] kmalloc-cg-32              8KB         12KB
[  198.472544][T12264] kmalloc-cg-16             12KB         12KB
[  198.473800][T12264] kmalloc-cg-8               8KB          8KB
[  198.475083][T12264] kmalloc-8k              1528KB       1632KB
[  198.476372][T12264] kmalloc-4k              1712KB       1824KB
[  198.478184][T12264] kmalloc-2k              1754KB       1824KB
[  198.515663][T12264] kmalloc-1k              2652KB       2704KB
[  198.517728][T12264] kmalloc-512             4369KB       4872KB
[  198.545080][T12264] kmalloc-256             2360KB       2448KB
[  198.547197][T12264] kmalloc-192              965KB       1004KB
[  198.561784][T12264] kmalloc-128              567KB        616KB
[  198.563869][T12264] kmalloc-96              3007KB       3063KB
[  198.589057][T12264] kmalloc-64              1450KB       1484KB
[  198.604298][T12264] kmalloc-32               507KB        572KB
[  198.605635][T12264] kmalloc-16               204KB        212KB
[  198.606896][T12264] kmalloc-8                268KB        272KB
[  198.608188][T12264] kmem_cache_node           38KB         40KB
[  198.621905][T12264] kmem_cache                76KB         76KB
[  198.623265][T12264] oom-kill:constraint=CONSTRAINT_NONE,nodemask=(null),cpuset=syz0,mems_allowed=0-1,global_oom,task_memcg=/syz0,task=syz.0.154,pid=12264,uid=0
[  198.626277][T12264] Out of memory (oom_kill_allocating_task): Killed process 12261 (syz.0.154) total-vm:101968kB, anon-rss:0kB, file-rss:20608kB, shmem-rss:0kB, UID:0 pgtables:120kB oom_score_adj:1000
[  199.028642][    T1] systemd invoked oom-killer: gfp_mask=0x140cca(GFP_HIGHUSER_MOVABLE|__GFP_COMP), order=0, oom_score_adj=0
[  199.076337][    T1] CPU: 1 PID: 1 Comm: systemd Not tainted 6.6.0 #2
[  199.077762][    T1] Hardware name: QEMU Standard PC (i440FX + PIIX, 1996), BIOS 1.15.0-1 04/01/2014
[  199.080687][    T1] Call Trace:
[  199.081791][    T1]  <TASK>
[  199.082840][    T1]  dump_stack_lvl+0x72/0xa0
[  199.084456][    T1]  dump_header+0x4c/0x290
[  199.086030][    T1]  oom_kill_process+0x169/0x290
[  199.087531][    T1]  out_of_memory+0x198/0x950
[  199.088592][    T1]  __alloc_pages+0xe65/0xfc0
[  199.089654][    T1]  __folio_alloc+0x16/0x50
[  199.090694][    T1]  vma_alloc_folio+0xe6/0x5c0
[  199.092041][    T1]  ? __filemap_get_folio+0x100/0x590
[  199.093465][    T1]  ? finish_task_switch.isra.0+0x80/0x290
[  199.095471][    T1]  __read_swap_cache_async+0x1fd/0x450
[  199.097328][    T1]  swap_cluster_readahead+0x347/0x5c0
[  199.098554][    T1]  ? filemap_get_entry+0x160/0x210
[  199.099743][    T1]  swapin_readahead+0x79/0x7c0
[  199.100812][    T1]  ? __filemap_get_folio+0x15d/0x590
[  199.102052][    T1]  ? swap_cache_get_folio+0x1c1/0x200
[  199.103267][    T1]  do_swap_page+0x7f6/0x16d0
[  199.104355][    T1]  ? pte_offset_map_nolock+0xf3/0x120
[  199.105591][    T1]  __handle_mm_fault+0xc3c/0x2660
[  199.106728][    T1]  handle_mm_fault+0x26a/0x690
[  199.107804][    T1]  exc_page_fault+0x2d5/0xd10
[  199.108891][    T1]  asm_exc_page_fault+0x26/0x30
[  199.110003][    T1] RIP: 0033:0x7fa3ffd4b9f0
[  199.110930][    T1] Code: Unable to access opcode bytes at 0x7fa3ffd4b9c6.
[  199.112382][    T1] RSP: 002b:00007ffeb9c34098 EFLAGS: 00010202
[  199.113732][    T1] RAX: 0000000000000001 RBX: 0000562122b59bf0 RCX: 00007fa3ffb27df6
[  199.115461][    T1] RDX: 000000000000002e RSI: 0000562122b7ca00 RDI: 0000562122b59d38
[  199.117194][    T1] RBP: 0000000000000001 R08: 0000000000000000 R09: cd1b21625ab88333
[  199.118794][    T1] R10: 00000000ffffffff R11: 0000000000000000 R12: 0000000000000001
[  199.120442][    T1] R13: 000000000000002e R14: 0000000000000000 R15: 00005621224aab4e
[  199.122073][    T1]  </TASK>
[  199.310126][    T1] Mem-Info:
[  199.310848][    T1] active_anon:0 inactive_anon:2 isolated_anon:0
[  199.310848][    T1]  active_file:17 inactive_file:16 isolated_file:0
[  199.310848][    T1]  unevictable:768 dirty:0 writeback:0
[  199.310848][    T1]  slab_reclaimable:4892 slab_unreclaimable:39746
[  199.310848][    T1]  mapped:20481 shmem:768 pagetables:538
[  199.310848][    T1]  sec_pagetables:0 bounce:0
[  199.310848][    T1]  kernel_misc_reclaimable:0
[  199.310848][    T1]  free:17666 free_pcp:0 free_cma:0
[  199.337807][    T1] Node 0 active_anon:0kB inactive_anon:0kB active_file:0kB inactive_file:80kB unevictable:1536kB isolated(anon):0kB isolated(file):0kB mapped:25876kB dirty:0kB writeback:0kB shmem:1536kB shmem_thp:0kB shmem_pmdmapped:0kB anon_thp:0kB writeback_tmp:0kB kernel_stack:3880kB pagetables:960kB sec_pagetables:0kB all_unreclaimable? no
[  199.369108][   T43] usb 1-1: USB disconnect, device number 6
[  199.384852][T10957] syz-executor (10957) used greatest stack depth: 9864 bytes left
[  199.392194][    T1] Node 1 active_anon:0kB inactive_anon:8kB active_file:44kB inactive_file:36kB unevictable:1536kB isolated(anon):0kB isolated(file):0kB mapped:56048kB dirty:0kB writeback:0kB shmem:1536kB shmem_thp:0kB shmem_pmdmapped:0kB anon_thp:0kB writeback_tmp:0kB kernel_stack:1544kB pagetables:1192kB sec_pagetables:0kB all_unreclaimable? no
[  199.398559][    T1] Node 0 DMA free:3984kB boost:0kB min:536kB low:668kB high:800kB reserved_highatomic:0KB active_anon:0kB inactive_anon:0kB active_file:0kB inactive_file:0kB unevictable:0kB writepending:0kB present:15992kB managed:15360kB mlocked:0kB bounce:0kB free_pcp:0kB local_pcp:0kB free_cma:0kB
[  199.414455][ T9155] netdevsim netdevsim0 netdevsim3 (unregistering): unset [1, 0] type 2 family 0 port 6081 - 0
[  199.479284][    T1] lowmem_reserve[]: 0 863 863 863 863
[  199.480519][    T1] Node 0 DMA32 free:30732kB boost:0kB min:30964kB low:38704kB high:46444kB reserved_highatomic:0KB active_anon:0kB inactive_anon:0kB active_file:60kB inactive_file:0kB unevictable:1536kB writepending:0kB present:1032192kB managed:900204kB mlocked:0kB bounce:0kB free_pcp:0kB local_pcp:0kB free_cma:0kB
[  199.486416][    T1] lowmem_reserve[]: 0 0 0 0 0
[  199.487433][    T1] Node 1 DMA32 free:35948kB boost:0kB min:36080kB low:45100kB high:54120kB reserved_highatomic:0KB active_anon:0kB inactive_anon:8kB active_file:88kB inactive_file:0kB unevictable:1536kB writepending:0kB present:1048448kB managed:1030744kB mlocked:0kB bounce:0kB free_pcp:16kB local_pcp:16kB free_cma:0kB
[  199.615186][    T1] lowmem_reserve[]: 0 0 0 0 0
[  199.616279][    T1] Node 0 DMA: 2*4kB (U) 3*8kB (U) 1*16kB (U) 1*32kB (U) 1*64kB (U) 0*128kB 1*256kB (U) 1*512kB (U) 1*1024kB (U) 1*2048kB (M) 0*4096kB = 3984kB
[  199.648070][    T1] Node 0 DMA32: 628*4kB (UME) 557*8kB (UME) 302*16kB (UME) 99*32kB (UME) 24*64kB (UME) 10*128kB (UM) 4*256kB (UM) 2*512kB (UM) 1*1024kB (U) 1*2048kB (U) 2*4096kB (U) = 31096kB
[  199.662755][    T1] Node 1 DMA32: 916*4kB (ME) 514*8kB (ME) 358*16kB (UME) 157*32kB (UME) 53*64kB (UME) 20*128kB (ME) 6*256kB (M) 1*512kB (M) 1*1024kB (U) 2*2048kB (UM) 1*4096kB (U) = 35744kB
[  199.666920][    T1] Node 0 hugepages_total=0 hugepages_free=0 hugepages_surp=0 hugepages_size=1048576kB
[  199.668849][    T1] Node 0 hugepages_total=2 hugepages_free=2 hugepages_surp=0 hugepages_size=2048kB
[  199.697892][ T9155] netdevsim netdevsim0 netdevsim2 (unregistering): unset [1, 0] type 2 family 0 port 6081 - 0
[  199.748668][    T1] Node 1 hugepages_total=0 hugepages_free=0 hugepages_surp=0 hugepages_size=1048576kB
[  199.756910][    T1] Node 1 hugepages_total=2 hugepages_free=2 hugepages_surp=0 hugepages_size=2048kB
[  199.758849][    T1] 801 total pagecache pages
[  199.763796][    T1] 0 pages in swap cache
[  199.765020][    T1] Free swap  = 100092kB
[  199.765876][    T1] Total swap = 124996kB
[  199.766733][    T1] 524158 pages RAM
[  199.767510][    T1] 0 pages HighMem/MovableOnly
[  199.768491][    T1] 37581 pages reserved
[  199.796848][    T1] 0 pages cma reserved
[  199.797764][    T1] Unreclaimable slab info:
[  199.798686][    T1] Name                      Used          Total
[  199.826779][ T9155] netdevsim netdevsim0 netdevsim1 (unregistering): unset [1, 0] type 2 family 0 port 6081 - 0
[  199.850563][    T1] bio-312                    3KB          3KB
[  199.851897][    T1] bio-376                    7KB          7KB
[  199.853216][    T1] bio-392                    7KB          7KB
[  199.854485][    T1] bio-448                    8KB          8KB
[  199.855735][    T1] zs_handle                 47KB         60KB
[  199.856993][    T1] SCTPv6                    62KB         62KB
[  199.858236][    T1] PINGv6                    15KB         15KB
[  199.917704][    T1] RAWv6                     46KB         46KB
[  199.919036][    T1] UDPv6                     47KB         47KB
[  199.937120][ T9155] netdevsim netdevsim0 netdevsim0 (unregistering): unset [1, 0] type 2 family 0 port 6081 - 0
[  199.946217][    T1] TCPv6                     63KB         63KB
[  199.947535][    T1] nf_conntrack              16KB         16KB
[  199.948775][    T1] wg_peer                   63KB         63KB
[  199.972809][    T1] scsi_sense_cache           8KB          8KB
[  199.974142][    T1] bio-136                   31KB         31KB
[  199.975439][    T1] drm_i915_gem_object         94KB         94KB
[  199.976736][    T1] mqueue_inode_cache         32KB         32KB
[  199.978025][    T1] o2dlm_mle                  7KB          7KB
[  200.026815][    T1] cifs_small_rq             15KB         15KB
[  200.028131][    T1] cifs_request              65KB         65KB
[  200.047004][    T1] nfs_commit_data           15KB         15KB
[  200.048338][    T1] UNIX                      63KB         63KB
[  200.063744][    T1] ip_fib_trie               15KB         15KB
[  200.065080][    T1] ip_fib_alias              44KB         47KB
[  200.066332][    T1] PING                      32KB         32KB
[  200.067588][    T1] RAW                       16KB         16KB
[  200.068837][    T1] request_sock_TCP           7KB          7KB
[  200.136451][    T1] TCP                       63KB         63KB
[  200.137778][    T1] hugetlbfs_inode_cache          7KB          7KB
[  200.163917][    T1] bio-264                   15KB         15KB
[  200.165233][    T1] ep_head                    8KB          8KB
[  200.166486][    T1] request_queue            111KB        111KB
[  200.167729][    T1] bio-200                   28KB         28KB
[  200.168981][    T1] biovec-max               320KB        320KB
[  200.196836][    T1] biovec-128                64KB         64KB
[  200.198155][    T1] biovec-64                 32KB         32KB
[  200.225108][    T1] khugepaged_mm_slot          7KB          7KB
[  200.226421][    T1] dmaengine-unmap-256         30KB         30KB
[  200.227691][    T1] dmaengine-unmap-128         15KB         15KB
[  200.228964][    T1] dmaengine-unmap-2         16KB         16KB
[  200.256610][    T1] QIPCRTR                   15KB         15KB
[  200.257921][    T1] audit_buffer               3KB          3KB
[  200.259185][    T1] skbuff_ext_cache          23KB         23KB
[  200.289562][    T1] skbuff_small_head        127KB        150KB
[  200.290869][    T1] skbuff_head_cache         45KB         56KB
[  200.292139][    T1] file_lock_cache            7KB          7KB
[  200.293382][    T1] task_delay_info            7KB          7KB
[  200.294621][    T1] taskstats                 15KB         15KB
[  200.295865][    T1] proc_dir_entry           325KB        330KB
[  200.297110][    T1] seq_file                   7KB          7KB
[  200.298360][    T1] sigqueue                  15KB         15KB
[  200.407618][    T1] shmem_inode_cache       4567KB       4592KB
[  200.409093][    T1] kernfs_node_cache      11622KB      11644KB
[  200.432613][    T1] mnt_cache                 75KB         90KB
[  200.433928][    T1] filp                     160KB        216KB
[  200.435551][    T1] names_cache              192KB        192KB
[  200.436874][    T1] net_namespace             56KB         56KB
[  200.438142][    T1] iint_cache                26KB         43KB
[  200.534005][    T1] uts_namespace             15KB         15KB
[  200.535585][    T1] nsproxy                    7KB          7KB
[  200.536976][    T1] vma_lock                 107KB        139KB
[  200.538229][    T1] files_cache              110KB        110KB
[  200.608929][    T1] signal_cache             433KB        488KB
[  200.649294][    T1] sighand_cache            721KB        804KB
[  200.650870][    T1] task_struct             2220KB       2280KB
[  200.652363][    T1] cred_jar                 581KB        685KB
[  200.653644][    T1] anon_vma_chain           127KB        148KB
[  200.655195][    T1] anon_vma                 111KB        126KB
[  200.656675][    T1] pid                      150KB        180KB
[  200.658072][    T1] Acpi-State               482KB        525KB
[  200.744102][    T1] shared_policy_node         19KB         19KB
[  200.745645][    T1] numa_policy              694KB        812KB
[  200.746910][    T1] trace_event_file         336KB        336KB
[  200.748204][    T1] ftrace_event_field        677KB        690KB
[  200.781253][    T1] pool_workqueue           272KB        304KB
[  200.782586][    T1] maple_node                93KB        156KB
[  200.783838][    T1] task_group                15KB         15KB
[  200.785128][    T1] mm_struct                107KB        137KB
[  200.786403][    T1] vmap_area                246KB        492KB
[  200.787689][    T1] kmemleak_scan_area         83KB        144KB
[  200.863690][    T1] kmemleak_object        66116KB      68752KB
[  200.865013][    T1] kmalloc-cg-8k            408KB        416KB
[  200.866272][    T1] kmalloc-cg-4k           4780KB       5312KB
[  200.867655][    T1] kmalloc-cg-2k           3336KB       3776KB
[  200.871714][    T1] kmalloc-cg-1k            787KB        912KB
[  200.873043][    T1] kmalloc-cg-512           418KB        512KB
[  200.874308][    T1] kmalloc-cg-256            24KB         24KB
[  200.875557][    T1] kmalloc-cg-192            82KB         82KB
[  200.876796][    T1] kmalloc-cg-128            80KB        104KB
[  200.878199][    T1] kmalloc-cg-96             15KB         15KB
[  200.953708][    T1] kmalloc-cg-64              8KB         12KB
[  200.955048][    T1] kmalloc-cg-32              8KB         12KB
[  200.956275][    T1] kmalloc-cg-16             12KB         12KB
[  200.957573][    T1] kmalloc-cg-8               8KB          8KB
[  200.958817][    T1] kmalloc-8k              1512KB       1632KB
[  201.022002][    T1] kmalloc-4k              1760KB       1824KB
[  201.023372][    T1] kmalloc-2k              1750KB       1824KB
[  201.024624][    T1] kmalloc-1k              2640KB       2704KB
[  201.025882][    T1] kmalloc-512             4348KB       4864KB
[  201.027160][    T1] kmalloc-256             2345KB       2448KB
[  201.028733][    T1] kmalloc-192              968KB       1004KB
[  201.087129][    T1] kmalloc-128              566KB        616KB
[  201.088499][    T1] kmalloc-96              2996KB       3063KB
[  201.129413][    T1] kmalloc-64              1449KB       1484KB
[  201.131405][    T1] kmalloc-32               498KB        572KB
[  201.133333][    T1] kmalloc-16               204KB        212KB
[  201.135223][    T1] kmalloc-8                268KB        272KB
[  201.136572][    T1] kmem_cache_node           38KB         40KB
[  201.137805][    T1] kmem_cache                76KB         76KB
[  201.227679][    T1] oom-kill:constraint=CONSTRAINT_NONE,nodemask=(null),cpuset=/,mems_allowed=0-1,global_oom,task_memcg=/syz1,task=syz.1.129,pid=12033,uid=0
[  201.269368][    T1] Out of memory: Killed process 12034 (syz.1.129) total-vm:101968kB, anon-rss:128kB, file-rss:20608kB, shmem-rss:0kB, UID:0 pgtables:128kB oom_score_adj:1000
[  201.304862][ T9314] syz-executor invoked oom-killer: gfp_mask=0x140cca(GFP_HIGHUSER_MOVABLE|__GFP_COMP), order=0, oom_score_adj=0
[  201.307492][ T9314] CPU: 1 PID: 9314 Comm: syz-executor Not tainted 6.6.0 #2
[  201.309032][ T9314] Hardware name: QEMU Standard PC (i440FX + PIIX, 1996), BIOS 1.15.0-1 04/01/2014
[  201.310954][ T9314] Call Trace:
[  201.311659][ T9314]  <TASK>
[  201.312320][ T9314]  dump_stack_lvl+0x72/0xa0
[  201.313369][ T9314]  dump_header+0x4c/0x290
[  201.314324][ T9314]  oom_kill_process+0x169/0x290
[  201.315381][ T9314]  out_of_memory+0x596/0x950
[  201.316379][ T9314]  __alloc_pages+0xe65/0xfc0
[  201.317428][ T9314]  alloc_pages+0xc9/0x1d0
[  201.318399][ T9314]  folio_alloc+0x20/0x70
[  201.319612][ T9314]  filemap_alloc_folio+0x1a0/0x1c0
[  201.321038][ T9314]  __filemap_get_folio+0x337/0x590
[  201.322148][ T9314]  filemap_fault+0x278/0x1160
[  201.323143][ T9314]  __do_fault+0x47/0xf0
[  201.324050][ T9314]  __handle_mm_fault+0x1c0d/0x2660
[  201.325139][ T9314]  handle_mm_fault+0x26a/0x690
[  201.326153][ T9314]  ? lock_mm_and_find_vma+0x89/0x3d0
[  201.327294][ T9314]  exc_page_fault+0x42d/0xd10
[  201.328384][ T9314]  asm_exc_page_fault+0x26/0x30
[  201.329466][ T9314] RIP: 0033:0x7f8f38fdd9a9
[  201.330531][ T9314] Code: Unable to access opcode bytes at 0x7f8f38fdd97f.
[  201.331974][ T9314] RSP: 002b:00007fff3a6e1dd8 EFLAGS: 00010297
[  201.333241][ T9314] RAX: 0000000000000000 RBX: 0000000000000001 RCX: 00007f8f38fee468
[  201.334863][ T9314] RDX: 00007fff3a6e1e70 RSI: 0000000000000000 RDI: 0000000000000000
[  201.336505][ T9314] RBP: 0000000000000000 R08: 0000000000000000 R09: 00007fff3a76a080
[  201.338677][ T9314] R10: 0000000000000000 R11: 0000000000000293 R12: 00007fff3a6e1e70
[  201.340689][ T9314] R13: 0000000000000000 R14: 0000000000000000 R15: 000000000002e73a
[  201.342347][ T9314]  </TASK>
[  201.614201][ T9314] Mem-Info:
[  201.614931][ T9314] active_anon:0 inactive_anon:0 isolated_anon:0
[  201.614931][ T9314]  active_file:25 inactive_file:0 isolated_file:0
[  201.614931][ T9314]  unevictable:768 dirty:0 writeback:0
[  201.614931][ T9314]  slab_reclaimable:4892 slab_unreclaimable:39734
[  201.614931][ T9314]  mapped:20481 shmem:768 pagetables:529
[  201.614931][ T9314]  sec_pagetables:0 bounce:0
[  201.614931][ T9314]  kernel_misc_reclaimable:0
[  201.614931][ T9314]  free:11338 free_pcp:255 free_cma:0
[  201.793817][ T9314] Node 0 active_anon:0kB inactive_anon:0kB active_file:56kB inactive_file:0kB unevictable:1536kB isolated(anon):0kB isolated(file):0kB mapped:25876kB dirty:0kB writeback:0kB shmem:1536kB shmem_thp:0kB shmem_pmdmapped:0kB anon_thp:0kB writeback_tmp:0kB kernel_stack:3904kB pagetables:932kB sec_pagetables:0kB all_unreclaimable? no
[  201.822256][ T9314] Node 1 active_anon:0kB inactive_anon:0kB active_file:4kB inactive_file:76kB unevictable:1536kB isolated(anon):0kB isolated(file):0kB mapped:56048kB dirty:0kB writeback:0kB shmem:1536kB shmem_thp:0kB shmem_pmdmapped:0kB anon_thp:0kB writeback_tmp:0kB kernel_stack:1584kB pagetables:1184kB sec_pagetables:0kB all_unreclaimable? no
[  201.828596][ T9314] Node 0 DMA free:3712kB boost:0kB min:536kB low:668kB high:800kB reserved_highatomic:0KB active_anon:0kB inactive_anon:0kB active_file:0kB inactive_file:0kB unevictable:0kB writepending:0kB present:15992kB managed:15360kB mlocked:0kB bounce:0kB free_pcp:0kB local_pcp:0kB free_cma:0kB
[  202.051598][ T9314] lowmem_reserve[]: 0 863 863 863 863
[  202.052854][ T9314] Node 0 DMA32 free:15472kB boost:0kB min:30964kB low:38704kB high:46444kB reserved_highatomic:0KB active_anon:0kB inactive_anon:0kB active_file:64kB inactive_file:0kB unevictable:1536kB writepending:0kB present:1032192kB managed:900204kB mlocked:0kB bounce:0kB free_pcp:500kB local_pcp:8kB free_cma:0kB
[  202.066775][ T9314] lowmem_reserve[]: 0 0 0 0 0
[  202.067885][ T9314] Node 1 DMA32 free:17600kB boost:0kB min:36080kB low:45100kB high:54120kB reserved_highatomic:0KB active_anon:0kB inactive_anon:0kB active_file:80kB inactive_file:0kB unevictable:1536kB writepending:0kB present:1048448kB managed:1030744kB mlocked:0kB bounce:0kB free_pcp:860kB local_pcp:276kB free_cma:0kB
[  202.136029][ T9314] lowmem_reserve[]: 0 0 0 0 0
[  202.137134][ T9314] Node 0 DMA: 0*4kB 0*8kB 0*16kB 0*32kB 0*64kB 1*128kB (U) 0*256kB 1*512kB (U) 1*1024kB (U) 1*2048kB (M) 0*4096kB = 3712kB
[  202.170166][ T9314] Node 0 DMA32: 518*4kB (UME) 531*8kB (UME) 278*16kB (ME) 87*32kB (UME) 18*64kB (UME) 4*128kB (UM) 1*256kB (U) 0*512kB 0*1024kB 0*2048kB 0*4096kB = 15472kB
[  202.173640][ T9314] Node 1 DMA32: 832*4kB (ME) 445*8kB (UME) 302*16kB (UME) 110*32kB (UME) 23*64kB (UME) 5*128kB (UM) 0*256kB 0*512kB 0*1024kB 0*2048kB 0*4096kB = 17352kB
[  202.176926][ T9314] Node 0 hugepages_total=0 hugepages_free=0 hugepages_surp=0 hugepages_size=1048576kB
[  202.178875][ T9314] Node 0 hugepages_total=2 hugepages_free=2 hugepages_surp=0 hugepages_size=2048kB
[  202.279344][ T9314] Node 1 hugepages_total=0 hugepages_free=0 hugepages_surp=0 hugepages_size=1048576kB
[  202.281370][ T9314] Node 1 hugepages_total=2 hugepages_free=2 hugepages_surp=0 hugepages_size=2048kB
[  202.283275][ T9314] 801 total pagecache pages
[  202.284239][ T9314] 0 pages in swap cache
[  202.285114][ T9314] Free swap  = 100092kB
[  202.285979][ T9314] Total swap = 124996kB
[  202.286838][ T9314] 524158 pages RAM
[  202.287636][ T9314] 0 pages HighMem/MovableOnly
[  202.288605][ T9314] 37581 pages reserved
[  202.326751][ T9314] 0 pages cma reserved
[  202.327685][ T9314] Unreclaimable slab info:
[  202.328618][ T9314] Name                      Used          Total
[  202.341515][ T9314] bio-312                    3KB          3KB
[  202.342815][ T9314] bio-376                    7KB          7KB
[  202.344252][ T9314] bio-392                    7KB          7KB
[  202.345505][ T9314] bio-448                    8KB          8KB
[  202.346828][ T9314] zs_handle                 47KB         60KB
[  202.348086][ T9314] SCTPv6                    62KB         62KB
[  202.424568][ T9314] PINGv6                    15KB         15KB
[  202.425885][ T9314] RAWv6                     46KB         46KB
[  202.427160][ T9314] UDPv6                     47KB         47KB
[  202.428427][ T9314] TCPv6                     63KB         63KB
[  202.452929][ T9314] nf_conntrack              16KB         16KB
[  202.454287][ T9314] wg_peer                   63KB         63KB
[  202.456017][ T9314] scsi_sense_cache           8KB          8KB
[  202.457283][ T9314] bio-136                   31KB         31KB
[  202.458581][ T9314] drm_i915_gem_object         94KB         94KB
[  202.512529][ T9314] mqueue_inode_cache         32KB         32KB
[  202.513884][ T9314] o2dlm_mle                  7KB          7KB
[  202.515193][ T9314] cifs_small_rq             15KB         15KB
[  202.516448][ T9314] cifs_request              65KB         65KB
[  202.517706][ T9314] nfs_commit_data           15KB         15KB
[  202.519012][ T9314] UNIX                      63KB         63KB
[  202.586916][ T9314] ip_fib_trie               15KB         15KB
[  202.588269][ T9314] ip_fib_alias              44KB         47KB
[  202.598687][ T9314] PING                      32KB         32KB
[  202.606651][ T9314] RAW                       16KB         16KB
[  202.608008][ T9314] request_sock_TCP           7KB          7KB
[  202.636303][T12034] warn_alloc: 1 callbacks suppressed
[  202.636325][T12034] syz.1.129: page allocation failure: order:0, mode:0xcc0(GFP_KERNEL), nodemask=(null),cpuset=syz1,mems_allowed=0-1
[  202.657835][T12034] CPU: 1 PID: 12034 Comm: syz.1.129 Not tainted 6.6.0 #2
[  202.659644][T12034] Hardware name: QEMU Standard PC (i440FX + PIIX, 1996), BIOS 1.15.0-1 04/01/2014
[  202.661971][T12034] Call Trace:
[  202.662688][T12034]  <TASK>
[  202.663323][T12034]  dump_stack_lvl+0x72/0xa0
[  202.664326][T12034]  warn_alloc+0x137/0x1b0
[  202.665346][T12034]  ? schedule_timeout+0xdb/0x1d0
[  202.666413][T12034]  __alloc_pages+0xf0f/0xfc0
[  202.667419][T12034]  alloc_pages+0xc9/0x1d0
[  202.668413][T12034]  relay_open_buf.part.0+0x186/0x4d0
[  202.669628][T12034]  relay_open+0x49a/0x540
[  202.670640][T12034]  do_blk_trace_setup+0x1e3/0x3a0
[  202.671738][T12034]  __blk_trace_setup+0x70/0x130
[  202.672795][T12034]  blk_trace_ioctl+0xab/0x1f0
[  202.673803][T12034]  ? do_vfs_ioctl+0xa3/0xca0
[  202.674786][T12034]  ? __pfx_blkdev_ioctl+0x10/0x10
[  202.676119][T12034]  blkdev_ioctl+0xa0/0x390
[  202.677084][T12034]  ? __pfx_blkdev_ioctl+0x10/0x10
[  202.678171][T12034]  __x64_sys_ioctl+0x107/0x150
[  202.679252][T12034]  do_syscall_64+0x3d/0xc0
[  202.680620][T12034]  entry_SYSCALL_64_after_hwframe+0x6f/0xd9
[  202.681925][T12034] RIP: 0033:0x7f1813fae16d
[  202.682897][T12034] Code: Unable to access opcode bytes at 0x7f1813fae143.
[  202.684349][T12034] RSP: 002b:00007f1814d63f98 EFLAGS: 00000246 ORIG_RAX: 0000000000000010
[  202.686087][T12034] RAX: ffffffffffffffda RBX: 00007f18141f5fa0 RCX: 00007f1813fae16d
[  202.687712][T12034] RDX: 0000200000000080 RSI: 00000000c0481273 RDI: 0000000000000003
[  202.689363][T12034] RBP: 00007f18140480f0 R08: 0000000000000000 R09: 0000000000000000
[  202.691508][T12034] R10: 0000000000000000 R11: 0000000000000246 R12: 0000000000000000
[  202.693150][T12034] R13: 00007f18141f6038 R14: 00007f18141f5fa0 R15: 00007f1814d44000
[  202.694781][T12034]  </TASK>
[  202.698352][ T9314] TCP                       63KB         63KB
[  202.714052][ T9314] hugetlbfs_inode_cache          7KB          7KB
[  202.715574][ T9314] bio-264                   15KB         15KB
[  202.716882][ T9314] ep_head                    8KB          8KB
[  202.718223][ T9314] request_queue            111KB        111KB
[  202.735066][ T9314] bio-200                   28KB         28KB
[  202.736467][ T9314] biovec-max               320KB        320KB
[  202.737758][ T9314] biovec-128                64KB         64KB
[  202.739087][ T9314] biovec-64                 32KB         32KB
[  202.740849][ T9314] khugepaged_mm_slot          7KB          7KB
[  202.742237][ T9314] dmaengine-unmap-256         30KB         30KB
[  202.743590][ T9314] dmaengine-unmap-128         15KB         15KB
[  202.744990][ T9314] dmaengine-unmap-2         16KB         16KB
[  202.746349][ T9314] QIPCRTR                   15KB         15KB
[  202.747666][ T9314] audit_buffer               3KB          3KB
[  202.749035][ T9314] skbuff_ext_cache          23KB         23KB
[  202.769357][T12034] Mem-Info:
[  202.770116][T12034] active_anon:0 inactive_anon:0 isolated_anon:0
[  202.770116][T12034]  active_file:29 inactive_file:4 isolated_file:0
[  202.770116][T12034]  unevictable:768 dirty:0 writeback:0
[  202.770116][T12034]  slab_reclaimable:4892 slab_unreclaimable:39741
[  202.770116][T12034]  mapped:20481 shmem:768 pagetables:529
[  202.770116][T12034]  sec_pagetables:0 bounce:0
[  202.770116][T12034]  kernel_misc_reclaimable:0
[  202.770116][T12034]  free:9134 free_pcp:339 free_cma:0
[  202.778846][T12034] Node 0 active_anon:0kB inactive_anon:0kB active_file:32kB inactive_file:20kB unevictable:1536kB isolated(anon):0kB isolated(file):0kB mapped:25876kB dirty:0kB writeback:0kB shmem:1536kB shmem_thp:0kB shmem_pmdmapped:0kB anon_thp:0kB writeback_tmp:0kB kernel_stack:3904kB pagetables:932kB sec_pagetables:0kB all_unreclaimable? no
[  202.806980][ T9314] skbuff_small_head        142KB        165KB
[  202.808449][ T9314] skbuff_head_cache         57KB         68KB
[  202.814222][ T9314] file_lock_cache            7KB          7KB
[  202.815506][ T9314] task_delay_info            7KB          7KB
[  202.816750][ T9314] taskstats                 15KB         15KB
[  202.818008][ T9314] proc_dir_entry           325KB        330KB
[  202.853349][ T9314] seq_file                   7KB          7KB
[  202.854717][ T9314] sigqueue                  15KB         15KB
[  202.856021][ T9314] shmem_inode_cache       4567KB       4592KB
[  202.857294][ T9314] kernfs_node_cache      11628KB      11644KB
[  202.858560][ T9314] mnt_cache                 75KB         90KB
[  202.865173][T12034] Node 1 active_anon:0kB inactive_anon:0kB active_file:36kB inactive_file:44kB unevictable:1536kB isolated(anon):0kB isolated(file):0kB mapped:56048kB dirty:0kB writeback:0kB shmem:1536kB shmem_thp:0kB shmem_pmdmapped:0kB anon_thp:0kB writeback_tmp:0kB kernel_stack:1584kB pagetables:1184kB sec_pagetables:0kB all_unreclaimable? no
[  202.904209][ T9314] filp                     160KB        216KB
[  202.905547][ T9314] names_cache              192KB        192KB
[  202.906792][ T9314] net_namespace             56KB         56KB
[  202.908053][ T9314] iint_cache                26KB         43KB
[  202.909413][T12034] Node 0 DMA free:3712kB boost:0kB min:536kB low:668kB high:800kB reserved_highatomic:0KB active_anon:0kB inactive_anon:0kB active_file:0kB inactive_file:0kB unevictable:0kB writepending:0kB present:15992kB managed:15360kB mlocked:0kB bounce:0kB free_pcp:0kB local_pcp:0kB free_cma:0kB
[  202.914898][T12034] lowmem_reserve[]: 0 863 863 863 863
