last executing test programs:

2.581299727s ago: executing program 3 (id=5):
r0 = socket$inet_udplite(0x2, 0x2, 0x88)
sendmsg$inet(r0, &(0x7f0000000cc0)={&(0x7f0000000140)={0x2, 0x4e24, @rand_addr=0x64010101}, 0x10, 0x0, 0x0, &(0x7f0000000c00)=[@ip_ttl={{0x14, 0x0, 0x2, 0xc}}, @ip_retopts={{0x14, 0x0, 0x7, {[@rr={0x7, 0x3, 0xa3}]}}}], 0x30}, 0x0)

2.579885552s ago: executing program 3 (id=6):
ppoll(&(0x7f0000000180)=[{0xffffffffffffffff, 0x84c0}], 0x1, 0x0, &(0x7f0000000200)={[0x9]}, 0x8)

2.019889777s ago: executing program 2 (id=2):
r0 = syz_open_dev$loop(&(0x7f0000000000), 0xfffffffffffffeff, 0x2000)
r1 = syz_clone(0x83040200, &(0x7f0000000040)="4f236e45e34a7dd7e4a3919fc89bf5365e58fa8ac38c94b36e057b8f2e600854e1b6a97e1acd5915bcd68a4b427e797dd25cba99a0fcaed58007dbf9b75da7ec2a3e5e1e5d5cc5cf3cf185d93085b2392a161e57d469deedb9524c29520928dc9ad8a148d7b6e6a6f335605e48a43007fa144f59d2c1376b9254c5f19c3f36a205657ec57e04ea9a0f52cb68cbdb59c50146ff076cf630b85ded0049c40c68a561e4fd8a8cc5de8a7b227163737fd9ebd30d", 0xb2, &(0x7f0000000100), &(0x7f0000000140), &(0x7f0000000180)="c248984c335a726e9143d65141dd8b2156aecd8bd258307523dd76d78f0ffd8decf7abfa818abdc8ac2d88a086e9a4e29fac7606750841e6e2c02e0b2c81d6fc34b57b44b62fd768823a5b4086d193a6416c9f664442dfb0baec97fa6cdd19c6498f7e238552005579cb7f23089dfc2dda196c1b39c69f17c045f2dfb87a0e9cf86907d79b7d26f9e5e747881727addde2b895a1c42ce9b0cd11b6bbd3aac32670df09ced6e2fd074913737ee1cf927493db19684de471b9e5885dc8c7257334c3ff1fd5d2a50eb25798eec8a6edfae01ef80c75184aeef17afd614573")
ioctl$BLKTRACESETUP(r0, 0xc0481273, &(0x7f0000000280)={'\x00', 0x1, 0xfffffffb, 0x1, 0x9, 0x1, <r2=>r1})
ioctl$BLKTRACESETUP(r0, 0xc0481273, &(0x7f0000000300)={'\x00', 0x1, 0xfff, 0xfffffff4, 0x8, 0x8001, r2})

1.666576324s ago: executing program 3 (id=13):
r0 = socket$nl_netfilter(0x10, 0x3, 0xc)
sendmsg$NFT_BATCH(r0, &(0x7f0000001480)={0x0, 0x0, &(0x7f0000001440)={&(0x7f0000000100)={{0x14, 0x10, 0x1, 0x0, 0x0, {0x3}}, [@NFT_MSG_DELSET={0x20, 0xb, 0xa, 0x401, 0x0, 0x0, {0x2, 0x0, 0x1}, [@NFTA_SET_HANDLE={0xc, 0x10, 0x1, 0x0, 0x5}]}, @NFT_MSG_NEWSETELEM={0x30, 0xc, 0xa, 0x301, 0x0, 0x0, {0x7, 0x0, 0x1}, [@NFTA_SET_ELEM_LIST_TABLE={0x9, 0x1, 'syz1\x00'}, @NFTA_SET_ELEM_LIST_SET_ID={0x8, 0x4, 0x1, 0x0, 0x1}, @NFTA_SET_ELEM_LIST_SET_ID={0x8, 0x4, 0x1, 0x0, 0x3}]}, @NFT_MSG_NEWRULE={0x3c, 0x6, 0xa, 0x801, 0x0, 0x0, {0x1, 0x0, 0x3}, [@NFTA_RULE_CHAIN_ID={0x8, 0xb, 0x1, 0x0, 0x3}, @NFTA_RULE_HANDLE={0xc, 0x3, 0x1, 0x0, 0x3}, @NFTA_RULE_USERDATA={0x14, 0x7, 0x1, 0x0, "f4d8d90ebb9ddca94a8561e4bd5707a9"}]}, @NFT_MSG_NEWSETELEM={0xe08, 0xc, 0xa, 0x101, 0x0, 0x0, {0x5, 0x0, 0x8}, [@NFTA_SET_ELEM_LIST_TABLE={0x9, 0x1, 'syz1\x00'}, @NFTA_SET_ELEM_LIST_SET_ID={0x8, 0x4, 0x1, 0x0, 0x3}, @NFTA_SET_ELEM_LIST_ELEMENTS={0xde0, 0x3, 0x0, 0x1, [{0x1c, 0x0, 0x0, 0x1, [@NFTA_SET_ELEM_EXPIRATION={0xc, 0x5, 0x1, 0x0, 0x10001}, @NFTA_SET_ELEM_OBJREF={0x9, 0x9, 'syz0\x00'}]}, {0x18, 0x0, 0x0, 0x1, [@NFTA_SET_ELEM_EXPRESSIONS={0x14, 0xb, 0x0, 0x1, [{0x10, 0x1, 0x0, 0x1, @bitwise={{0xc}, @void}}]}]}, {0x94, 0x0, 0x0, 0x1, [@NFTA_SET_ELEM_EXPIRATION={0xc, 0x5, 0x1, 0x0, 0x8}, @NFTA_SET_ELEM_EXPR={0xc, 0x7, 0x0, 0x1, @dup_ipv4={{0x8}, @void}}, @NFTA_SET_ELEM_DATA={0x6c, 0x2, 0x0, 0x1, [@NFTA_DATA_VERDICT={0x4c, 0x2, 0x0, 0x1, [@NFTA_VERDICT_CHAIN_ID={0x8, 0x3, 0x1, 0x0, 0x1}, @NFTA_VERDICT_CODE={0x8, 0x1, 0x0, 0x1, 0xfffffffffffffffe}, @NFTA_VERDICT_CHAIN={0x9, 0x2, 'syz2\x00'}, @NFTA_VERDICT_CODE={0x8, 0x1, 0x0, 0x1, 0xfffffffffffffffd}, @NFTA_VERDICT_CHAIN_ID={0x8, 0x3, 0x1, 0x0, 0x3}, @NFTA_VERDICT_CODE={0x8, 0x1, 0x0, 0x1, 0xfffffffffffffffb}, @NFTA_VERDICT_CHAIN_ID={0x8, 0x3, 0x1, 0x0, 0x4}, @NFTA_VERDICT_CHAIN={0x9, 0x2, 'syz1\x00'}]}, @NFTA_DATA_VERDICT={0x10, 0x2, 0x0, 0x1, [@NFTA_VERDICT_CHAIN={0x9, 0x2, 'syz2\x00'}]}, @NFTA_DATA_VERDICT={0xc, 0x2, 0x0, 0x1, [@NFTA_VERDICT_CODE={0x8, 0x1, 0x0, 0x1, 0xffffffffffffffff}]}]}, @NFTA_SET_ELEM_OBJREF={0x9, 0x9, 'syz2\x00'}]}, {0x24, 0x0, 0x0, 0x1, [@NFTA_SET_ELEM_OBJREF={0x9, 0x9, 'syz2\x00'}, @NFTA_SET_ELEM_FLAGS={0x8, 0x3, 0x1, 0x0, 0x2}, @NFTA_SET_ELEM_TIMEOUT={0xc, 0x4, 0x1, 0x0, 0x1}]}, {0x84c, 0x0, 0x0, 0x1, [@NFTA_SET_ELEM_KEY_END={0x370, 0xa, 0x0, 0x1, [@NFTA_DATA_VERDICT={0x34, 0x2, 0x0, 0x1, [@NFTA_VERDICT_CHAIN_ID={0x8, 0x3, 0x1, 0x0, 0x2}, @NFTA_VERDICT_CODE={0x8, 0x1, 0x0, 0x1, 0xfffffffffffffffe}, @NFTA_VERDICT_CHAIN={0x9, 0x2, 'syz0\x00'}, @NFTA_VERDICT_CHAIN={0x9, 0x2, 'syz1\x00'}, @NFTA_VERDICT_CODE={0x8, 0x1, 0x0, 0x1, 0xfffffffffffffffd}]}, @NFTA_DATA_VALUE={0xa1, 0x1, "ae4a9abc424d616936da37a6bfed7fb59fd85ff948b87b9afaf1fa24ec8c6c38b9927f1b8ebf10448ea367433eedbc4e969f79cfcf6feed092e593915d47d3a492586990180d5cdc8472840eca533fd7d6d281a724426a19c8f11eea9d597d830b5ff814a09f48ff07bca543501718b749bcfe77649471f661317b28f7df5412024bb92b56942c3c26b65d4b36670cb3e7ca1db622ffbde055bae93188"}, @NFTA_DATA_VERDICT={0x38, 0x2, 0x0, 0x1, [@NFTA_VERDICT_CHAIN_ID={0x8, 0x3, 0x1, 0x0, 0x1}, @NFTA_VERDICT_CHAIN_ID={0x8, 0x3, 0x1, 0x0, 0x4}, @NFTA_VERDICT_CODE={0x8, 0x1, 0x0, 0x1, 0xfffffffffffffffb}, @NFTA_VERDICT_CHAIN={0x9, 0x2, 'syz0\x00'}, @NFTA_VERDICT_CODE={0x8, 0x1, 0x0, 0x1, 0xfffffffffffffffc}, @NFTA_VERDICT_CODE={0x8, 0x1, 0x0, 0x1, 0xfffffffffffffffc}]}, @NFTA_DATA_VERDICT={0x3c, 0x2, 0x0, 0x1, [@NFTA_VERDICT_CHAIN={0x9, 0x2, 'syz0\x00'}, @NFTA_VERDICT_CODE={0x8, 0x1, 0x0, 0x1, 0xfffffffffffffffd}, @NFTA_VERDICT_CHAIN={0x9, 0x2, 'syz0\x00'}, @NFTA_VERDICT_CHAIN_ID={0x8, 0x3, 0x1, 0x0, 0x4}, @NFTA_VERDICT_CODE={0x8}, @NFTA_VERDICT_CHAIN_ID={0x8, 0x3, 0x1, 0x0, 0x3}]}, @NFTA_DATA_VERDICT={0x38, 0x2, 0x0, 0x1, [@NFTA_VERDICT_CHAIN={0x9, 0x2, 'syz1\x00'}, @NFTA_VERDICT_CODE={0x8, 0x1, 0x0, 0x1, 0xfffffffffffffffd}, @NFTA_VERDICT_CHAIN_ID={0x8, 0x3, 0x1, 0x0, 0x4}, @NFTA_VERDICT_CODE={0x8, 0x1, 0x0, 0x1, 0xfffffffffffffffd}, @NFTA_VERDICT_CHAIN_ID={0x8, 0x3, 0x1, 0x0, 0x1}, @NFTA_VERDICT_CHAIN_ID={0x8, 0x3, 0x1, 0x0, 0x4}]}, @NFTA_DATA_VALUE={0xb5, 0x1, "61d9437f3db1a17f6238db8b01041006d275726a33e550c23882adea25e99e76f7abc8e0da59d324e3e39b99d988eefb3d6cf471a46cc658a5a355afd142928fc8595a0b16473e94e707386ab2b4c8cbb90508ff1b4de5d99911e25e7de0c5809566dc61356d3dd6c59814cc68f97d8bff74d6b870d1af960290bc0d9cd5197e4bd58141e7c2f6a302bc4d37ef72afcb0c0ed9a7413dfaf5a27e9f4496e271c25bfa217e869fe9952f727349df391247ca"}, @NFTA_DATA_VERDICT={0x44, 0x2, 0x0, 0x1, [@NFTA_VERDICT_CODE={0x8, 0x1, 0x0, 0x1, 0xfffffffffffffffd}, @NFTA_VERDICT_CODE={0x8, 0x1, 0x0, 0x1, 0x5}, @NFTA_VERDICT_CHAIN_ID={0x8, 0x3, 0x1, 0x0, 0x4}, @NFTA_VERDICT_CHAIN_ID={0x8, 0x3, 0x1, 0x0, 0x2}, @NFTA_VERDICT_CHAIN_ID={0x8, 0x3, 0x1, 0x0, 0x4}, @NFTA_VERDICT_CHAIN={0x9, 0x2, 'syz0\x00'}, @NFTA_VERDICT_CHAIN={0x9, 0x2, 'syz1\x00'}]}, @NFTA_DATA_VALUE={0xcd, 0x1, "893f1b157fcdaeaa331fecfb3c3ca5863df538df48ac9263f21fd3beb0bb813b288420da999ae337341894eb533f72a2acdd672c553f7c59b1bf3b0c40287413447f6427252125a12eafa99fa725ff14954736274dd9845948d6f11f6781be534c7846d2e46b32c059e541cd36eb65375dcb70b522cf4f8cee6fb98ead0e66242d04fd0795a643b5d653ea0eb0ce5850797315280d174276e65a290817abc57e5d24eb9c5af3e4de6e117f729ea00f831e23ef1d787fbeb48e4ba3a62ffc3ead39884edf3b512d2194"}, @NFTA_DATA_VERDICT={0xc, 0x2, 0x0, 0x1, [@NFTA_VERDICT_CODE={0x8, 0x1, 0x0, 0x1, 0xfffffffffffffffb}]}, @NFTA_DATA_VERDICT={0x10, 0x2, 0x0, 0x1, [@NFTA_VERDICT_CHAIN={0x9, 0x2, 'syz1\x00'}]}]}, @NFTA_SET_ELEM_KEY_END={0x270, 0xa, 0x0, 0x1, [@NFTA_DATA_VALUE={0x7a, 0x1, "9b908ab78e139d37bad75feafe90b017b4072c460a5f3855e1148e6b0fa8dbb6208c9bf9fea7e931df747ebe4ce7c29b933b00fdc01b7fe7cfd5e6f391bc9e835d59f1415fe9b3b843b13e0bc49b7a5f091baf044be81e06b328c32cbad5508e9c4ee9c1a11062e21589ff64a5dfdf512902e0018b16"}, @NFTA_DATA_VALUE={0xf1, 0x1, "8c2d27b358ea2ea8793617bcca8f33139bb3b865b01986ff10e6ba6bf38ec3c1305b361233516316f670968dd0ef014ecc1d917ff6b706c3032e3ce0e2121f4291334003a1298d24fc3eea6c32c1cf4514dc4f553837b4dbec18a07b1dec55762460fa3aa9bfb94c490fa2cc2b11d26e0957aaa733d56fd8fd8d0dbd73df400f494ac989211e384a9c8cc2b1e741dedbdbfe8e0dca03fd016d4caf7f845f1eab175d23101cb34aa82a7ae2746b47fe6f2136ebbdc38d6158573a0a5bd1e579b5bf5c0b80b42daa9acbfcde7b042d17734b63ac0a8d3f173b805457bfa9d5b334cb54c38f3346ab39f3671f0521"}, @NFTA_DATA_VALUE={0x8d, 0x1, "8966b24be02c7862e238a997c5cbdb8d65a7663e814e79a0e98d263e0e5fecd76fd926562d9911b056aec6672b2f9f0ca522bc33dd78120fab6fe775806b68773aa864a7955a97bcaef5902ffe75bd39a5f6cc9b0b3a5689ba666c67188353a8845f7dda9c4210cfd76481292b55a985419e6e12a75ccdc24a6d7844e6ddefa74810e4e75046163773"}, @NFTA_DATA_VERDICT={0x28, 0x2, 0x0, 0x1, [@NFTA_VERDICT_CHAIN={0x9, 0x2, 'syz1\x00'}, @NFTA_VERDICT_CHAIN={0x9, 0x2, 'syz2\x00'}, @NFTA_VERDICT_CHAIN={0x9, 0x2, 'syz0\x00'}]}, @NFTA_DATA_VERDICT={0x44, 0x2, 0x0, 0x1, [@NFTA_VERDICT_CHAIN_ID={0x8, 0x3, 0x1, 0x0, 0x2}, @NFTA_VERDICT_CODE={0x8, 0x1, 0x0, 0x1, 0xfffffffffffffffd}, @NFTA_VERDICT_CODE={0x8, 0x1, 0x0, 0x1, 0xffffffffffffffff}, @NFTA_VERDICT_CODE={0x8, 0x1, 0x0, 0x1, 0xfffffffffffffffc}, @NFTA_VERDICT_CHAIN={0x9, 0x2, 'syz1\x00'}, @NFTA_VERDICT_CHAIN_ID={0x8, 0x3, 0x1, 0x0, 0x2}, @NFTA_VERDICT_CHAIN={0x9, 0x2, 'syz2\x00'}]}]}, @NFTA_SET_ELEM_USERDATA={0xfd, 0x6, 0x1, 0x0, "ebba89253860827617c2fe3d9445ce2bd9b80f2e1f94d444e5e209cbbb7a500a72484934938dd851c876f8ff2482655a35110bede0a1849159605f178d626781bd681e4e87dc1fe2dc92bd45c8b039100ae5ddc2ef627261e18b38babbaa6ea451e32b3bd3d829bdc50f08b760fc49740a786f21bb129b700e509ebf19a681e3356377504c0655f9953f37ac93b208f611b4ffda5e0a781ddce4bb5a9fc89d7ff862c8c0510e2ea9a01cf023f8ab26da57e6d3e62774bd92c653735c127c4f291688f4982df4f7e75aab76f40ac30a99d45af35bdd741134293cb0a96362b67334c4d8871453b9370ef1f5ad13c6a8aa93d245852e980772eb"}, @NFTA_SET_ELEM_KEY={0x144, 0x1, 0x0, 0x1, [@NFTA_DATA_VERDICT={0x34, 0x2, 0x0, 0x1, [@NFTA_VERDICT_CODE={0x8, 0x1, 0x0, 0x1, 0xfffffffffffffffc}, @NFTA_VERDICT_CHAIN={0x9, 0x2, 'syz2\x00'}, @NFTA_VERDICT_CHAIN={0x9, 0x2, 'syz1\x00'}, @NFTA_VERDICT_CODE={0x8}, @NFTA_VERDICT_CODE={0x8}]}, @NFTA_DATA_VALUE={0xf5, 0x1, "267f05227b8555bdb57b91fcfa87b433bc8d86dabd943f6dddd3595644ee64e1134437fc337e9be4227c9e506a46899d4b84dfecb96461a58698a3973eb6a51a6c0067e4610c71e84d057cc4e9963899911d13482aa183da525965a9603be9dd046680e40332af0361de724463598116a685b9093690226456892572a34c7cf0617c5bfb7bf70a72742f3983af1508942bcb5d53bb35eea381dcb8a3bc08838c1852df185a636d12aeff995c106bae54fa54889ea7dbe529cac05f9d3d8ad3c2f247d2745ecf018723f58c989f15fd983dbdf7adf9f1a90ab8f4f541c96651294427013789adc1dddcca112ab3aa253013"}, @NFTA_DATA_VERDICT={0x14, 0x2, 0x0, 0x1, [@NFTA_VERDICT_CHAIN_ID={0x8, 0x3, 0x1, 0x0, 0x1}, @NFTA_VERDICT_CHAIN_ID={0x8, 0x3, 0x1, 0x0, 0x1}]}]}, @NFTA_SET_ELEM_OBJREF={0x9, 0x9, 'syz2\x00'}, @NFTA_SET_ELEM_KEY={0x4}, @NFTA_SET_ELEM_EXPIRATION={0xc, 0x5, 0x1, 0x0, 0x5}, @NFTA_SET_ELEM_FLAGS={0x8, 0x3, 0x1, 0x0, 0x1}]}, {0x4a4, 0x0, 0x0, 0x1, [@NFTA_SET_ELEM_EXPR={0x10, 0x7, 0x0, 0x1, @lookup={{0xb}, @void}}, @NFTA_SET_ELEM_DATA={0x160, 0x2, 0x0, 0x1, [@NFTA_DATA_VALUE={0xc5, 0x1, "1a6ce77d20c070d5e6517257aa55a67cdadece8d5f8f38be13836d7d3bac70bbf3ddf703c19a006b66cd02a16c50fe8b3efe5521f617c7df57beca131b6de453b8fb87542f8536ac0beb004c5f2346454c59f749bf1dc0f42715d25d33a5105e947828b20ca742a6bed4c24ebedbbd5eb55493f250a35ae8ad5d7eaf5bdbc088d5387c7a21462e61bae5516cc098c2d931233639bc052091e9e3d204dfc490312cb288071cd9ad3cc1772b4e12a25a0bd1c2f8845e201a3bd7ecfebbd04b66a784"}, @NFTA_DATA_VALUE={0x5d, 0x1, "3ae32f726ac58991d8f9279b5471c62a8b1d263864a21c565610eff08a95625dc30d540e49d6325ff8b22a75c3d84bd4486d9559782833bf5c890dfd0e07c4d78f834ea9081d025a57898713e6efdb09cdf8ad670b220ed7d8"}, @NFTA_DATA_VERDICT={0xc, 0x2, 0x0, 0x1, [@NFTA_VERDICT_CODE={0x8, 0x1, 0x0, 0x1, 0xfffffffffffffffe}]}, @NFTA_DATA_VERDICT={0x4}, @NFTA_DATA_VERDICT={0x24, 0x2, 0x0, 0x1, [@NFTA_VERDICT_CHAIN={0x9, 0x2, 'syz2\x00'}, @NFTA_VERDICT_CODE={0x8, 0x1, 0x0, 0x1, 0xfffffffffffffffe}, @NFTA_VERDICT_CHAIN={0x9, 0x2, 'syz0\x00'}]}]}, @NFTA_SET_ELEM_DATA={0x330, 0x2, 0x0, 0x1, [@NFTA_DATA_VERDICT={0x38, 0x2, 0x0, 0x1, [@NFTA_VERDICT_CHAIN_ID={0x8, 0x3, 0x1, 0x0, 0x3}, @NFTA_VERDICT_CHAIN={0x9, 0x2, 'syz1\x00'}, @NFTA_VERDICT_CODE={0x8, 0x1, 0x0, 0x1, 0xfffffffffffffffc}, @NFTA_VERDICT_CHAIN_ID={0x8, 0x3, 0x1, 0x0, 0x1}, @NFTA_VERDICT_CHAIN_ID={0x8, 0x3, 0x1, 0x0, 0x4}, @NFTA_VERDICT_CODE={0x8, 0x1, 0x0, 0x1, 0xfffffffffffffffb}]}, @NFTA_DATA_VALUE={0xad, 0x1, "bdb5604877320cf212b5d24b415031ecef3c9f07f383466de9d06f908aa9f2001bdad28fbb245159a42dd26433b31a6fc37593daa0f9162706228c4661285bd60856b70ae5b7955f522230edf7c0d9126973237cc731f159975d1fbc621935b19799e671ce32ea13e85c13a2d75b89a53e334aa0785f6ab5af97e9156ee07cb1ce7342286600dfe0bded91fe30e41269d0655dc0d720eb590633f8fa45fca66bf0477f4637d8d8a004"}, @NFTA_DATA_VALUE={0xc1, 0x1, "2f4bee88fd6df57a3ef695e171c5f39eca09eaa304840ee8decd5afe6a1fd8898647f76264c44b29919ea21cbb16c16176ed7b2051c9eb47bb419afe9c55127729444344fd4d7b9a261cae033b45a19f6cc9af7cb513e944359b0b4e2dbeb396bd02bf6cbe78584b09ff916802455802c199d2ac03e1dae511827b38cd50b0d4de29906a798206ae382022078e9bc7cc4224eeb56181eb5f839dae8c908a15bb5ac278a3a790c783885bedf31852c2f53b78034157621e0b1f653c960f"}, @NFTA_DATA_VALUE={0xfd, 0x1, "13293dbcd5e1e172c3f19660923def1aecdf06ef046b254f7efd175d0b0956719bd0c6697195e7b9998455d9935b8284f93cc208af5d44e8ebd09209c8b354d45580af0b00fda851307150e851069de0480125a0b5d6c80493ef798aca2d4d5894ab2187684068546de55afbe2567ef45f6d86d22302e7e03667815ab0a178aa24aa95de3669a0a93dace1f87578a98094b778760a03c3c742668704e5179b3e6f70320a397e7395563f65d2a3e3c9c007dd0a3b698e9682ea16e04ec841357ae1a46ca618be751e66e3777653acd22852a715540066249489516e3d7d5f50f6aee6aa2f333c4c94c0343b47cb1ba33aaaaf99a27d55d49d3d"}, @NFTA_DATA_VALUE={0x45, 0x1, "6b8688c54cee7ab0efe6881071d2fa51a31d6482e2e9a8451525dd6059d52518901402060d1191b28778dad320b3c3143b283030198ba183de7a7396be4cb7d749"}, @NFTA_DATA_VERDICT={0x2c, 0x2, 0x0, 0x1, [@NFTA_VERDICT_CHAIN={0x9, 0x2, 'syz1\x00'}, @NFTA_VERDICT_CHAIN_ID={0x8, 0x3, 0x1, 0x0, 0x2}, @NFTA_VERDICT_CODE={0x8, 0x1, 0x0, 0x1, 0xfffffffffffffffe}, @NFTA_VERDICT_CHAIN={0x9, 0x2, 'syz1\x00'}]}, @NFTA_DATA_VALUE={0x9, 0x1, "10a148fd0d"}]}]}]}]}], {0x14, 0x11, 0x1, 0x0, 0x0, {0x7}}}, 0xebc}, 0x1, 0x0, 0x0, 0x4}, 0x48010)

1.552687759s ago: executing program 3 (id=15):
setsockopt$nfc_llcp_NFC_LLCP_RW(0xffffffffffffffff, 0x118, 0x0, 0x0, 0x0)

1.448224388s ago: executing program 3 (id=16):
ioctl$FUSE_DEV_IOC_CLONE(0xffffffffffffffff, 0x8004e500, 0x0)

1.439701444s ago: executing program 1 (id=24):
r0 = socket$nl_netfilter(0x10, 0x3, 0xc)
sendmsg$NFT_BATCH(r0, &(0x7f0000001480)={0x0, 0x0, &(0x7f0000001440)={&(0x7f0000000100)={{0x14, 0x10, 0x1, 0x0, 0x0, {0x3}}, [@NFT_MSG_DELSET={0x20, 0xb, 0xa, 0x401, 0x0, 0x0, {0x2, 0x0, 0x1}, [@NFTA_SET_HANDLE={0xc, 0x10, 0x1, 0x0, 0x5}]}, @NFT_MSG_NEWSETELEM={0x30, 0xc, 0xa, 0x301, 0x0, 0x0, {0x7, 0x0, 0x1}, [@NFTA_SET_ELEM_LIST_TABLE={0x9, 0x1, 'syz1\x00'}, @NFTA_SET_ELEM_LIST_SET_ID={0x8, 0x4, 0x1, 0x0, 0x1}, @NFTA_SET_ELEM_LIST_SET_ID={0x8, 0x4, 0x1, 0x0, 0x3}]}, @NFT_MSG_NEWRULE={0x3c, 0x6, 0xa, 0x801, 0x0, 0x0, {0x1, 0x0, 0x3}, [@NFTA_RULE_CHAIN_ID={0x8, 0xb, 0x1, 0x0, 0x3}, @NFTA_RULE_HANDLE={0xc, 0x3, 0x1, 0x0, 0x3}, @NFTA_RULE_USERDATA={0x14, 0x7, 0x1, 0x0, "f4d8d90ebb9ddca94a8561e4bd5707a9"}]}, @NFT_MSG_NEWSETELEM={0xe08, 0xc, 0xa, 0x101, 0x0, 0x0, {0x5, 0x0, 0x8}, [@NFTA_SET_ELEM_LIST_TABLE={0x9, 0x1, 'syz1\x00'}, @NFTA_SET_ELEM_LIST_SET_ID={0x8, 0x4, 0x1, 0x0, 0x3}, @NFTA_SET_ELEM_LIST_ELEMENTS={0xde0, 0x3, 0x0, 0x1, [{0x1c, 0x0, 0x0, 0x1, [@NFTA_SET_ELEM_EXPIRATION={0xc, 0x5, 0x1, 0x0, 0x10001}, @NFTA_SET_ELEM_OBJREF={0x9, 0x9, 'syz0\x00'}]}, {0x18, 0x0, 0x0, 0x1, [@NFTA_SET_ELEM_EXPRESSIONS={0x14, 0xb, 0x0, 0x1, [{0x10, 0x1, 0x0, 0x1, @bitwise={{0xc}, @void}}]}]}, {0x94, 0x0, 0x0, 0x1, [@NFTA_SET_ELEM_EXPIRATION={0xc, 0x5, 0x1, 0x0, 0x8}, @NFTA_SET_ELEM_EXPR={0xc, 0x7, 0x0, 0x1, @dup_ipv4={{0x8}, @void}}, @NFTA_SET_ELEM_DATA={0x6c, 0x2, 0x0, 0x1, [@NFTA_DATA_VERDICT={0x4c, 0x2, 0x0, 0x1, [@NFTA_VERDICT_CHAIN_ID={0x8, 0x3, 0x1, 0x0, 0x1}, @NFTA_VERDICT_CODE={0x8, 0x1, 0x0, 0x1, 0xfffffffffffffffe}, @NFTA_VERDICT_CHAIN={0x9, 0x2, 'syz2\x00'}, @NFTA_VERDICT_CODE={0x8, 0x1, 0x0, 0x1, 0xfffffffffffffffd}, @NFTA_VERDICT_CHAIN_ID={0x8, 0x3, 0x1, 0x0, 0x3}, @NFTA_VERDICT_CODE={0x8, 0x1, 0x0, 0x1, 0xfffffffffffffffb}, @NFTA_VERDICT_CHAIN_ID={0x8, 0x3, 0x1, 0x0, 0x4}, @NFTA_VERDICT_CHAIN={0x9, 0x2, 'syz1\x00'}]}, @NFTA_DATA_VERDICT={0x10, 0x2, 0x0, 0x1, [@NFTA_VERDICT_CHAIN={0x9, 0x2, 'syz2\x00'}]}, @NFTA_DATA_VERDICT={0xc, 0x2, 0x0, 0x1, [@NFTA_VERDICT_CODE={0x8, 0x1, 0x0, 0x1, 0xffffffffffffffff}]}]}, @NFTA_SET_ELEM_OBJREF={0x9, 0x9, 'syz2\x00'}]}, {0x24, 0x0, 0x0, 0x1, [@NFTA_SET_ELEM_OBJREF={0x9, 0x9, 'syz2\x00'}, @NFTA_SET_ELEM_FLAGS={0x8, 0x3, 0x1, 0x0, 0x2}, @NFTA_SET_ELEM_TIMEOUT={0xc, 0x4, 0x1, 0x0, 0x1}]}, {0x84c, 0x0, 0x0, 0x1, [@NFTA_SET_ELEM_KEY_END={0x370, 0xa, 0x0, 0x1, [@NFTA_DATA_VERDICT={0x34, 0x2, 0x0, 0x1, [@NFTA_VERDICT_CHAIN_ID={0x8, 0x3, 0x1, 0x0, 0x2}, @NFTA_VERDICT_CODE={0x8, 0x1, 0x0, 0x1, 0xfffffffffffffffe}, @NFTA_VERDICT_CHAIN={0x9, 0x2, 'syz0\x00'}, @NFTA_VERDICT_CHAIN={0x9, 0x2, 'syz1\x00'}, @NFTA_VERDICT_CODE={0x8, 0x1, 0x0, 0x1, 0xfffffffffffffffd}]}, @NFTA_DATA_VALUE={0xa1, 0x1, "ae4a9abc424d616936da37a6bfed7fb59fd85ff948b87b9afaf1fa24ec8c6c38b9927f1b8ebf10448ea367433eedbc4e969f79cfcf6feed092e593915d47d3a492586990180d5cdc8472840eca533fd7d6d281a724426a19c8f11eea9d597d830b5ff814a09f48ff07bca543501718b749bcfe77649471f661317b28f7df5412024bb92b56942c3c26b65d4b36670cb3e7ca1db622ffbde055bae93188"}, @NFTA_DATA_VERDICT={0x38, 0x2, 0x0, 0x1, [@NFTA_VERDICT_CHAIN_ID={0x8, 0x3, 0x1, 0x0, 0x1}, @NFTA_VERDICT_CHAIN_ID={0x8, 0x3, 0x1, 0x0, 0x4}, @NFTA_VERDICT_CODE={0x8, 0x1, 0x0, 0x1, 0xfffffffffffffffb}, @NFTA_VERDICT_CHAIN={0x9, 0x2, 'syz0\x00'}, @NFTA_VERDICT_CODE={0x8, 0x1, 0x0, 0x1, 0xfffffffffffffffc}, @NFTA_VERDICT_CODE={0x8, 0x1, 0x0, 0x1, 0xfffffffffffffffc}]}, @NFTA_DATA_VERDICT={0x3c, 0x2, 0x0, 0x1, [@NFTA_VERDICT_CHAIN={0x9, 0x2, 'syz0\x00'}, @NFTA_VERDICT_CODE={0x8, 0x1, 0x0, 0x1, 0xfffffffffffffffd}, @NFTA_VERDICT_CHAIN={0x9, 0x2, 'syz0\x00'}, @NFTA_VERDICT_CHAIN_ID={0x8, 0x3, 0x1, 0x0, 0x4}, @NFTA_VERDICT_CODE={0x8}, @NFTA_VERDICT_CHAIN_ID={0x8, 0x3, 0x1, 0x0, 0x3}]}, @NFTA_DATA_VERDICT={0x38, 0x2, 0x0, 0x1, [@NFTA_VERDICT_CHAIN={0x9, 0x2, 'syz1\x00'}, @NFTA_VERDICT_CODE={0x8, 0x1, 0x0, 0x1, 0xfffffffffffffffd}, @NFTA_VERDICT_CHAIN_ID={0x8, 0x3, 0x1, 0x0, 0x4}, @NFTA_VERDICT_CODE={0x8, 0x1, 0x0, 0x1, 0xfffffffffffffffd}, @NFTA_VERDICT_CHAIN_ID={0x8, 0x3, 0x1, 0x0, 0x1}, @NFTA_VERDICT_CHAIN_ID={0x8, 0x3, 0x1, 0x0, 0x4}]}, @NFTA_DATA_VALUE={0xb5, 0x1, "61d9437f3db1a17f6238db8b01041006d275726a33e550c23882adea25e99e76f7abc8e0da59d324e3e39b99d988eefb3d6cf471a46cc658a5a355afd142928fc8595a0b16473e94e707386ab2b4c8cbb90508ff1b4de5d99911e25e7de0c5809566dc61356d3dd6c59814cc68f97d8bff74d6b870d1af960290bc0d9cd5197e4bd58141e7c2f6a302bc4d37ef72afcb0c0ed9a7413dfaf5a27e9f4496e271c25bfa217e869fe9952f727349df391247ca"}, @NFTA_DATA_VERDICT={0x44, 0x2, 0x0, 0x1, [@NFTA_VERDICT_CODE={0x8, 0x1, 0x0, 0x1, 0xfffffffffffffffd}, @NFTA_VERDICT_CODE={0x8, 0x1, 0x0, 0x1, 0x5}, @NFTA_VERDICT_CHAIN_ID={0x8, 0x3, 0x1, 0x0, 0x4}, @NFTA_VERDICT_CHAIN_ID={0x8, 0x3, 0x1, 0x0, 0x2}, @NFTA_VERDICT_CHAIN_ID={0x8, 0x3, 0x1, 0x0, 0x4}, @NFTA_VERDICT_CHAIN={0x9, 0x2, 'syz0\x00'}, @NFTA_VERDICT_CHAIN={0x9, 0x2, 'syz1\x00'}]}, @NFTA_DATA_VALUE={0xcd, 0x1, "893f1b157fcdaeaa331fecfb3c3ca5863df538df48ac9263f21fd3beb0bb813b288420da999ae337341894eb533f72a2acdd672c553f7c59b1bf3b0c40287413447f6427252125a12eafa99fa725ff14954736274dd9845948d6f11f6781be534c7846d2e46b32c059e541cd36eb65375dcb70b522cf4f8cee6fb98ead0e66242d04fd0795a643b5d653ea0eb0ce5850797315280d174276e65a290817abc57e5d24eb9c5af3e4de6e117f729ea00f831e23ef1d787fbeb48e4ba3a62ffc3ead39884edf3b512d2194"}, @NFTA_DATA_VERDICT={0xc, 0x2, 0x0, 0x1, [@NFTA_VERDICT_CODE={0x8, 0x1, 0x0, 0x1, 0xfffffffffffffffb}]}, @NFTA_DATA_VERDICT={0x10, 0x2, 0x0, 0x1, [@NFTA_VERDICT_CHAIN={0x9, 0x2, 'syz1\x00'}]}]}, @NFTA_SET_ELEM_KEY_END={0x270, 0xa, 0x0, 0x1, [@NFTA_DATA_VALUE={0x7a, 0x1, "9b908ab78e139d37bad75feafe90b017b4072c460a5f3855e1148e6b0fa8dbb6208c9bf9fea7e931df747ebe4ce7c29b933b00fdc01b7fe7cfd5e6f391bc9e835d59f1415fe9b3b843b13e0bc49b7a5f091baf044be81e06b328c32cbad5508e9c4ee9c1a11062e21589ff64a5dfdf512902e0018b16"}, @NFTA_DATA_VALUE={0xf1, 0x1, "8c2d27b358ea2ea8793617bcca8f33139bb3b865b01986ff10e6ba6bf38ec3c1305b361233516316f670968dd0ef014ecc1d917ff6b706c3032e3ce0e2121f4291334003a1298d24fc3eea6c32c1cf4514dc4f553837b4dbec18a07b1dec55762460fa3aa9bfb94c490fa2cc2b11d26e0957aaa733d56fd8fd8d0dbd73df400f494ac989211e384a9c8cc2b1e741dedbdbfe8e0dca03fd016d4caf7f845f1eab175d23101cb34aa82a7ae2746b47fe6f2136ebbdc38d6158573a0a5bd1e579b5bf5c0b80b42daa9acbfcde7b042d17734b63ac0a8d3f173b805457bfa9d5b334cb54c38f3346ab39f3671f0521"}, @NFTA_DATA_VALUE={0x8d, 0x1, "8966b24be02c7862e238a997c5cbdb8d65a7663e814e79a0e98d263e0e5fecd76fd926562d9911b056aec6672b2f9f0ca522bc33dd78120fab6fe775806b68773aa864a7955a97bcaef5902ffe75bd39a5f6cc9b0b3a5689ba666c67188353a8845f7dda9c4210cfd76481292b55a985419e6e12a75ccdc24a6d7844e6ddefa74810e4e75046163773"}, @NFTA_DATA_VERDICT={0x28, 0x2, 0x0, 0x1, [@NFTA_VERDICT_CHAIN={0x9, 0x2, 'syz1\x00'}, @NFTA_VERDICT_CHAIN={0x9, 0x2, 'syz2\x00'}, @NFTA_VERDICT_CHAIN={0x9, 0x2, 'syz0\x00'}]}, @NFTA_DATA_VERDICT={0x44, 0x2, 0x0, 0x1, [@NFTA_VERDICT_CHAIN_ID={0x8, 0x3, 0x1, 0x0, 0x2}, @NFTA_VERDICT_CODE={0x8, 0x1, 0x0, 0x1, 0xfffffffffffffffd}, @NFTA_VERDICT_CODE={0x8, 0x1, 0x0, 0x1, 0xffffffffffffffff}, @NFTA_VERDICT_CODE={0x8, 0x1, 0x0, 0x1, 0xfffffffffffffffc}, @NFTA_VERDICT_CHAIN={0x9, 0x2, 'syz1\x00'}, @NFTA_VERDICT_CHAIN_ID={0x8, 0x3, 0x1, 0x0, 0x2}, @NFTA_VERDICT_CHAIN={0x9, 0x2, 'syz2\x00'}]}]}, @NFTA_SET_ELEM_USERDATA={0xfd, 0x6, 0x1, 0x0, "ebba89253860827617c2fe3d9445ce2bd9b80f2e1f94d444e5e209cbbb7a500a72484934938dd851c876f8ff2482655a35110bede0a1849159605f178d626781bd681e4e87dc1fe2dc92bd45c8b039100ae5ddc2ef627261e18b38babbaa6ea451e32b3bd3d829bdc50f08b760fc49740a786f21bb129b700e509ebf19a681e3356377504c0655f9953f37ac93b208f611b4ffda5e0a781ddce4bb5a9fc89d7ff862c8c0510e2ea9a01cf023f8ab26da57e6d3e62774bd92c653735c127c4f291688f4982df4f7e75aab76f40ac30a99d45af35bdd741134293cb0a96362b67334c4d8871453b9370ef1f5ad13c6a8aa93d245852e980772eb"}, @NFTA_SET_ELEM_KEY={0x144, 0x1, 0x0, 0x1, [@NFTA_DATA_VERDICT={0x34, 0x2, 0x0, 0x1, [@NFTA_VERDICT_CODE={0x8, 0x1, 0x0, 0x1, 0xfffffffffffffffc}, @NFTA_VERDICT_CHAIN={0x9, 0x2, 'syz2\x00'}, @NFTA_VERDICT_CHAIN={0x9, 0x2, 'syz1\x00'}, @NFTA_VERDICT_CODE={0x8}, @NFTA_VERDICT_CODE={0x8}]}, @NFTA_DATA_VALUE={0xf5, 0x1, "267f05227b8555bdb57b91fcfa87b433bc8d86dabd943f6dddd3595644ee64e1134437fc337e9be4227c9e506a46899d4b84dfecb96461a58698a3973eb6a51a6c0067e4610c71e84d057cc4e9963899911d13482aa183da525965a9603be9dd046680e40332af0361de724463598116a685b9093690226456892572a34c7cf0617c5bfb7bf70a72742f3983af1508942bcb5d53bb35eea381dcb8a3bc08838c1852df185a636d12aeff995c106bae54fa54889ea7dbe529cac05f9d3d8ad3c2f247d2745ecf018723f58c989f15fd983dbdf7adf9f1a90ab8f4f541c96651294427013789adc1dddcca112ab3aa253013"}, @NFTA_DATA_VERDICT={0x14, 0x2, 0x0, 0x1, [@NFTA_VERDICT_CHAIN_ID={0x8, 0x3, 0x1, 0x0, 0x1}, @NFTA_VERDICT_CHAIN_ID={0x8, 0x3, 0x1, 0x0, 0x1}]}]}, @NFTA_SET_ELEM_OBJREF={0x9, 0x9, 'syz2\x00'}, @NFTA_SET_ELEM_KEY={0x4}, @NFTA_SET_ELEM_EXPIRATION={0xc, 0x5, 0x1, 0x0, 0x5}, @NFTA_SET_ELEM_FLAGS={0x8, 0x3, 0x1, 0x0, 0x1}]}, {0x4a4, 0x0, 0x0, 0x1, [@NFTA_SET_ELEM_EXPR={0x10, 0x7, 0x0, 0x1, @lookup={{0xb}, @void}}, @NFTA_SET_ELEM_DATA={0x160, 0x2, 0x0, 0x1, [@NFTA_DATA_VALUE={0xc5, 0x1, "1a6ce77d20c070d5e6517257aa55a67cdadece8d5f8f38be13836d7d3bac70bbf3ddf703c19a006b66cd02a16c50fe8b3efe5521f617c7df57beca131b6de453b8fb87542f8536ac0beb004c5f2346454c59f749bf1dc0f42715d25d33a5105e947828b20ca742a6bed4c24ebedbbd5eb55493f250a35ae8ad5d7eaf5bdbc088d5387c7a21462e61bae5516cc098c2d931233639bc052091e9e3d204dfc490312cb288071cd9ad3cc1772b4e12a25a0bd1c2f8845e201a3bd7ecfebbd04b66a784"}, @NFTA_DATA_VALUE={0x5d, 0x1, "3ae32f726ac58991d8f9279b5471c62a8b1d263864a21c565610eff08a95625dc30d540e49d6325ff8b22a75c3d84bd4486d9559782833bf5c890dfd0e07c4d78f834ea9081d025a57898713e6efdb09cdf8ad670b220ed7d8"}, @NFTA_DATA_VERDICT={0xc, 0x2, 0x0, 0x1, [@NFTA_VERDICT_CODE={0x8, 0x1, 0x0, 0x1, 0xfffffffffffffffe}]}, @NFTA_DATA_VERDICT={0x4}, @NFTA_DATA_VERDICT={0x24, 0x2, 0x0, 0x1, [@NFTA_VERDICT_CHAIN={0x9, 0x2, 'syz2\x00'}, @NFTA_VERDICT_CODE={0x8, 0x1, 0x0, 0x1, 0xfffffffffffffffe}, @NFTA_VERDICT_CHAIN={0x9, 0x2, 'syz0\x00'}]}]}, @NFTA_SET_ELEM_DATA={0x330, 0x2, 0x0, 0x1, [@NFTA_DATA_VERDICT={0x38, 0x2, 0x0, 0x1, [@NFTA_VERDICT_CHAIN_ID={0x8, 0x3, 0x1, 0x0, 0x3}, @NFTA_VERDICT_CHAIN={0x9, 0x2, 'syz1\x00'}, @NFTA_VERDICT_CODE={0x8, 0x1, 0x0, 0x1, 0xfffffffffffffffc}, @NFTA_VERDICT_CHAIN_ID={0x8, 0x3, 0x1, 0x0, 0x1}, @NFTA_VERDICT_CHAIN_ID={0x8, 0x3, 0x1, 0x0, 0x4}, @NFTA_VERDICT_CODE={0x8, 0x1, 0x0, 0x1, 0xfffffffffffffffb}]}, @NFTA_DATA_VALUE={0xad, 0x1, "bdb5604877320cf212b5d24b415031ecef3c9f07f383466de9d06f908aa9f2001bdad28fbb245159a42dd26433b31a6fc37593daa0f9162706228c4661285bd60856b70ae5b7955f522230edf7c0d9126973237cc731f159975d1fbc621935b19799e671ce32ea13e85c13a2d75b89a53e334aa0785f6ab5af97e9156ee07cb1ce7342286600dfe0bded91fe30e41269d0655dc0d720eb590633f8fa45fca66bf0477f4637d8d8a004"}, @NFTA_DATA_VALUE={0xc1, 0x1, "2f4bee88fd6df57a3ef695e171c5f39eca09eaa304840ee8decd5afe6a1fd8898647f76264c44b29919ea21cbb16c16176ed7b2051c9eb47bb419afe9c55127729444344fd4d7b9a261cae033b45a19f6cc9af7cb513e944359b0b4e2dbeb396bd02bf6cbe78584b09ff916802455802c199d2ac03e1dae511827b38cd50b0d4de29906a798206ae382022078e9bc7cc4224eeb56181eb5f839dae8c908a15bb5ac278a3a790c783885bedf31852c2f53b78034157621e0b1f653c960f"}, @NFTA_DATA_VALUE={0xfd, 0x1, "13293dbcd5e1e172c3f19660923def1aecdf06ef046b254f7efd175d0b0956719bd0c6697195e7b9998455d9935b8284f93cc208af5d44e8ebd09209c8b354d45580af0b00fda851307150e851069de0480125a0b5d6c80493ef798aca2d4d5894ab2187684068546de55afbe2567ef45f6d86d22302e7e03667815ab0a178aa24aa95de3669a0a93dace1f87578a98094b778760a03c3c742668704e5179b3e6f70320a397e7395563f65d2a3e3c9c007dd0a3b698e9682ea16e04ec841357ae1a46ca618be751e66e3777653acd22852a715540066249489516e3d7d5f50f6aee6aa2f333c4c94c0343b47cb1ba33aaaaf99a27d55d49d3d"}, @NFTA_DATA_VALUE={0x45, 0x1, "6b8688c54cee7ab0efe6881071d2fa51a31d6482e2e9a8451525dd6059d52518901402060d1191b28778dad320b3c3143b283030198ba183de7a7396be4cb7d749"}, @NFTA_DATA_VERDICT={0x2c, 0x2, 0x0, 0x1, [@NFTA_VERDICT_CHAIN={0x9, 0x2, 'syz1\x00'}, @NFTA_VERDICT_CHAIN_ID={0x8, 0x3, 0x1, 0x0, 0x2}, @NFTA_VERDICT_CODE={0x8, 0x1, 0x0, 0x1, 0xfffffffffffffffe}, @NFTA_VERDICT_CHAIN={0x9, 0x2, 'syz1\x00'}]}, @NFTA_DATA_VALUE={0x9, 0x1, "10a148fd0d"}]}]}]}]}], {0x14, 0x11, 0x1, 0x0, 0x0, {0x7}}}, 0xebc}, 0x1, 0x0, 0x0, 0x4}, 0x48010)

1.36703168s ago: executing program 3 (id=17):
r0 = syz_open_dev$loop(&(0x7f0000000000), 0xfffffffffffffeff, 0x2000)
syz_clone(0x83040200, &(0x7f0000000040)="4f236e45e34a7dd7e4a3919fc89bf5365e58fa8ac38c94b36e057b8f2e600854e1b6a97e1acd5915bcd68a4b427e797dd25cba99a0fcaed58007dbf9b75da7ec2a3e5e1e5d5cc5cf3cf185d93085b2392a161e57d469deedb9524c29520928dc9ad8a148d7b6e6a6f335605e48a43007fa144f59d2c1376b9254c5f19c3f36a205657ec57e04ea9a0f52cb68cbdb59c50146ff076cf630b85ded0049c40c68a561e4fd8a8cc5de8a7b227163737fd9ebd30d", 0xb2, &(0x7f0000000100), &(0x7f0000000140), &(0x7f0000000180)="c248984c335a726e9143d65141dd8b2156aecd8bd258307523dd76d78f0ffd8decf7abfa818abdc8ac2d88a086e9a4e29fac7606750841e6e2c02e0b2c81d6fc34b57b44b62fd768823a5b4086d193a6416c9f664442dfb0baec97fa6cdd19c6498f7e238552005579cb7f23089dfc2dda196c1b39c69f17c045f2dfb87a0e9cf86907d79b7d26f9e5e747881727addde2b895a1c42ce9b0cd11b6bbd3aac32670df09ced6e2fd074913737ee1cf927493db19684de471b9e5885dc8c7257334c3ff1fd5d2a50eb25798eec8a6edfae01ef80c75184aeef17afd614573")
ioctl$BLKTRACESETUP(r0, 0xc0481273, &(0x7f0000000300)={'\x00', 0x1, 0xfff, 0xfffffff4, 0x8, 0x8001})

1.210938643s ago: executing program 1 (id=18):
ioctl$BLKROTATIONAL(0xffffffffffffffff, 0x127e, 0x0)

1.071174232s ago: executing program 1 (id=19):
r0 = openat$fuse(0xffffffffffffff9c, &(0x7f00000010c0), 0x2, 0x0)
ioctl$FUSE_DEV_IOC_CLONE(r0, 0x8004e500, 0x0)

971.238841ms ago: executing program 1 (id=20):
r0 = socket$unix(0x1, 0x2, 0x0)
poll(&(0x7f0000000800)=[{r0, 0x10}], 0x1, 0x3)

910.381583ms ago: executing program 1 (id=21):
ppoll(&(0x7f0000000180)=[{0xffffffffffffffff, 0x84c0}], 0x1, 0x0, &(0x7f0000000200)={[0x9]}, 0x8)

420.83882ms ago: executing program 0 (id=26):
setsockopt$nfc_llcp_NFC_LLCP_RW(0xffffffffffffffff, 0x118, 0x0, 0x0, 0x0)

310.308833ms ago: executing program 0 (id=27):
r0 = socket$nl_netfilter(0x10, 0x3, 0xc)
sendmsg$NFT_BATCH(r0, &(0x7f0000001480)={0x0, 0x0, &(0x7f0000001440)={&(0x7f0000000100)={{0x14, 0x10, 0x1, 0x0, 0x0, {0x3}}, [@NFT_MSG_DELSET={0x20, 0xb, 0xa, 0x401, 0x0, 0x0, {0x2, 0x0, 0x1}, [@NFTA_SET_HANDLE={0xc, 0x10, 0x1, 0x0, 0x5}]}, @NFT_MSG_NEWSETELEM={0x30, 0xc, 0xa, 0x301, 0x0, 0x0, {0x7, 0x0, 0x1}, [@NFTA_SET_ELEM_LIST_TABLE={0x9, 0x1, 'syz1\x00'}, @NFTA_SET_ELEM_LIST_SET_ID={0x8, 0x4, 0x1, 0x0, 0x1}, @NFTA_SET_ELEM_LIST_SET_ID={0x8, 0x4, 0x1, 0x0, 0x3}]}, @NFT_MSG_NEWRULE={0x3c, 0x6, 0xa, 0x801, 0x0, 0x0, {0x1, 0x0, 0x3}, [@NFTA_RULE_CHAIN_ID={0x8, 0xb, 0x1, 0x0, 0x3}, @NFTA_RULE_HANDLE={0xc, 0x3, 0x1, 0x0, 0x3}, @NFTA_RULE_USERDATA={0x14, 0x7, 0x1, 0x0, "f4d8d90ebb9ddca94a8561e4bd5707a9"}]}, @NFT_MSG_NEWSETELEM={0xe08, 0xc, 0xa, 0x101, 0x0, 0x0, {0x5, 0x0, 0x8}, [@NFTA_SET_ELEM_LIST_TABLE={0x9, 0x1, 'syz1\x00'}, @NFTA_SET_ELEM_LIST_SET_ID={0x8, 0x4, 0x1, 0x0, 0x3}, @NFTA_SET_ELEM_LIST_ELEMENTS={0xde0, 0x3, 0x0, 0x1, [{0x1c, 0x0, 0x0, 0x1, [@NFTA_SET_ELEM_EXPIRATION={0xc, 0x5, 0x1, 0x0, 0x10001}, @NFTA_SET_ELEM_OBJREF={0x9, 0x9, 'syz0\x00'}]}, {0x18, 0x0, 0x0, 0x1, [@NFTA_SET_ELEM_EXPRESSIONS={0x14, 0xb, 0x0, 0x1, [{0x10, 0x1, 0x0, 0x1, @bitwise={{0xc}, @void}}]}]}, {0x94, 0x0, 0x0, 0x1, [@NFTA_SET_ELEM_EXPIRATION={0xc, 0x5, 0x1, 0x0, 0x8}, @NFTA_SET_ELEM_EXPR={0xc, 0x7, 0x0, 0x1, @dup_ipv4={{0x8}, @void}}, @NFTA_SET_ELEM_DATA={0x6c, 0x2, 0x0, 0x1, [@NFTA_DATA_VERDICT={0x4c, 0x2, 0x0, 0x1, [@NFTA_VERDICT_CHAIN_ID={0x8, 0x3, 0x1, 0x0, 0x1}, @NFTA_VERDICT_CODE={0x8, 0x1, 0x0, 0x1, 0xfffffffffffffffe}, @NFTA_VERDICT_CHAIN={0x9, 0x2, 'syz2\x00'}, @NFTA_VERDICT_CODE={0x8, 0x1, 0x0, 0x1, 0xfffffffffffffffd}, @NFTA_VERDICT_CHAIN_ID={0x8, 0x3, 0x1, 0x0, 0x3}, @NFTA_VERDICT_CODE={0x8, 0x1, 0x0, 0x1, 0xfffffffffffffffb}, @NFTA_VERDICT_CHAIN_ID={0x8, 0x3, 0x1, 0x0, 0x4}, @NFTA_VERDICT_CHAIN={0x9, 0x2, 'syz1\x00'}]}, @NFTA_DATA_VERDICT={0x10, 0x2, 0x0, 0x1, [@NFTA_VERDICT_CHAIN={0x9, 0x2, 'syz2\x00'}]}, @NFTA_DATA_VERDICT={0xc, 0x2, 0x0, 0x1, [@NFTA_VERDICT_CODE={0x8, 0x1, 0x0, 0x1, 0xffffffffffffffff}]}]}, @NFTA_SET_ELEM_OBJREF={0x9, 0x9, 'syz2\x00'}]}, {0x24, 0x0, 0x0, 0x1, [@NFTA_SET_ELEM_OBJREF={0x9, 0x9, 'syz2\x00'}, @NFTA_SET_ELEM_FLAGS={0x8, 0x3, 0x1, 0x0, 0x2}, @NFTA_SET_ELEM_TIMEOUT={0xc, 0x4, 0x1, 0x0, 0x1}]}, {0x84c, 0x0, 0x0, 0x1, [@NFTA_SET_ELEM_KEY_END={0x370, 0xa, 0x0, 0x1, [@NFTA_DATA_VERDICT={0x34, 0x2, 0x0, 0x1, [@NFTA_VERDICT_CHAIN_ID={0x8, 0x3, 0x1, 0x0, 0x2}, @NFTA_VERDICT_CODE={0x8, 0x1, 0x0, 0x1, 0xfffffffffffffffe}, @NFTA_VERDICT_CHAIN={0x9, 0x2, 'syz0\x00'}, @NFTA_VERDICT_CHAIN={0x9, 0x2, 'syz1\x00'}, @NFTA_VERDICT_CODE={0x8, 0x1, 0x0, 0x1, 0xfffffffffffffffd}]}, @NFTA_DATA_VALUE={0xa1, 0x1, "ae4a9abc424d616936da37a6bfed7fb59fd85ff948b87b9afaf1fa24ec8c6c38b9927f1b8ebf10448ea367433eedbc4e969f79cfcf6feed092e593915d47d3a492586990180d5cdc8472840eca533fd7d6d281a724426a19c8f11eea9d597d830b5ff814a09f48ff07bca543501718b749bcfe77649471f661317b28f7df5412024bb92b56942c3c26b65d4b36670cb3e7ca1db622ffbde055bae93188"}, @NFTA_DATA_VERDICT={0x38, 0x2, 0x0, 0x1, [@NFTA_VERDICT_CHAIN_ID={0x8, 0x3, 0x1, 0x0, 0x1}, @NFTA_VERDICT_CHAIN_ID={0x8, 0x3, 0x1, 0x0, 0x4}, @NFTA_VERDICT_CODE={0x8, 0x1, 0x0, 0x1, 0xfffffffffffffffb}, @NFTA_VERDICT_CHAIN={0x9, 0x2, 'syz0\x00'}, @NFTA_VERDICT_CODE={0x8, 0x1, 0x0, 0x1, 0xfffffffffffffffc}, @NFTA_VERDICT_CODE={0x8, 0x1, 0x0, 0x1, 0xfffffffffffffffc}]}, @NFTA_DATA_VERDICT={0x3c, 0x2, 0x0, 0x1, [@NFTA_VERDICT_CHAIN={0x9, 0x2, 'syz0\x00'}, @NFTA_VERDICT_CODE={0x8, 0x1, 0x0, 0x1, 0xfffffffffffffffd}, @NFTA_VERDICT_CHAIN={0x9, 0x2, 'syz0\x00'}, @NFTA_VERDICT_CHAIN_ID={0x8, 0x3, 0x1, 0x0, 0x4}, @NFTA_VERDICT_CODE={0x8}, @NFTA_VERDICT_CHAIN_ID={0x8, 0x3, 0x1, 0x0, 0x3}]}, @NFTA_DATA_VERDICT={0x38, 0x2, 0x0, 0x1, [@NFTA_VERDICT_CHAIN={0x9, 0x2, 'syz1\x00'}, @NFTA_VERDICT_CODE={0x8, 0x1, 0x0, 0x1, 0xfffffffffffffffd}, @NFTA_VERDICT_CHAIN_ID={0x8, 0x3, 0x1, 0x0, 0x4}, @NFTA_VERDICT_CODE={0x8, 0x1, 0x0, 0x1, 0xfffffffffffffffd}, @NFTA_VERDICT_CHAIN_ID={0x8, 0x3, 0x1, 0x0, 0x1}, @NFTA_VERDICT_CHAIN_ID={0x8, 0x3, 0x1, 0x0, 0x4}]}, @NFTA_DATA_VALUE={0xb5, 0x1, "61d9437f3db1a17f6238db8b01041006d275726a33e550c23882adea25e99e76f7abc8e0da59d324e3e39b99d988eefb3d6cf471a46cc658a5a355afd142928fc8595a0b16473e94e707386ab2b4c8cbb90508ff1b4de5d99911e25e7de0c5809566dc61356d3dd6c59814cc68f97d8bff74d6b870d1af960290bc0d9cd5197e4bd58141e7c2f6a302bc4d37ef72afcb0c0ed9a7413dfaf5a27e9f4496e271c25bfa217e869fe9952f727349df391247ca"}, @NFTA_DATA_VERDICT={0x44, 0x2, 0x0, 0x1, [@NFTA_VERDICT_CODE={0x8, 0x1, 0x0, 0x1, 0xfffffffffffffffd}, @NFTA_VERDICT_CODE={0x8, 0x1, 0x0, 0x1, 0x5}, @NFTA_VERDICT_CHAIN_ID={0x8, 0x3, 0x1, 0x0, 0x4}, @NFTA_VERDICT_CHAIN_ID={0x8, 0x3, 0x1, 0x0, 0x2}, @NFTA_VERDICT_CHAIN_ID={0x8, 0x3, 0x1, 0x0, 0x4}, @NFTA_VERDICT_CHAIN={0x9, 0x2, 'syz0\x00'}, @NFTA_VERDICT_CHAIN={0x9, 0x2, 'syz1\x00'}]}, @NFTA_DATA_VALUE={0xcd, 0x1, "893f1b157fcdaeaa331fecfb3c3ca5863df538df48ac9263f21fd3beb0bb813b288420da999ae337341894eb533f72a2acdd672c553f7c59b1bf3b0c40287413447f6427252125a12eafa99fa725ff14954736274dd9845948d6f11f6781be534c7846d2e46b32c059e541cd36eb65375dcb70b522cf4f8cee6fb98ead0e66242d04fd0795a643b5d653ea0eb0ce5850797315280d174276e65a290817abc57e5d24eb9c5af3e4de6e117f729ea00f831e23ef1d787fbeb48e4ba3a62ffc3ead39884edf3b512d2194"}, @NFTA_DATA_VERDICT={0xc, 0x2, 0x0, 0x1, [@NFTA_VERDICT_CODE={0x8, 0x1, 0x0, 0x1, 0xfffffffffffffffb}]}, @NFTA_DATA_VERDICT={0x10, 0x2, 0x0, 0x1, [@NFTA_VERDICT_CHAIN={0x9, 0x2, 'syz1\x00'}]}]}, @NFTA_SET_ELEM_KEY_END={0x270, 0xa, 0x0, 0x1, [@NFTA_DATA_VALUE={0x7a, 0x1, "9b908ab78e139d37bad75feafe90b017b4072c460a5f3855e1148e6b0fa8dbb6208c9bf9fea7e931df747ebe4ce7c29b933b00fdc01b7fe7cfd5e6f391bc9e835d59f1415fe9b3b843b13e0bc49b7a5f091baf044be81e06b328c32cbad5508e9c4ee9c1a11062e21589ff64a5dfdf512902e0018b16"}, @NFTA_DATA_VALUE={0xf1, 0x1, "8c2d27b358ea2ea8793617bcca8f33139bb3b865b01986ff10e6ba6bf38ec3c1305b361233516316f670968dd0ef014ecc1d917ff6b706c3032e3ce0e2121f4291334003a1298d24fc3eea6c32c1cf4514dc4f553837b4dbec18a07b1dec55762460fa3aa9bfb94c490fa2cc2b11d26e0957aaa733d56fd8fd8d0dbd73df400f494ac989211e384a9c8cc2b1e741dedbdbfe8e0dca03fd016d4caf7f845f1eab175d23101cb34aa82a7ae2746b47fe6f2136ebbdc38d6158573a0a5bd1e579b5bf5c0b80b42daa9acbfcde7b042d17734b63ac0a8d3f173b805457bfa9d5b334cb54c38f3346ab39f3671f0521"}, @NFTA_DATA_VALUE={0x8d, 0x1, "8966b24be02c7862e238a997c5cbdb8d65a7663e814e79a0e98d263e0e5fecd76fd926562d9911b056aec6672b2f9f0ca522bc33dd78120fab6fe775806b68773aa864a7955a97bcaef5902ffe75bd39a5f6cc9b0b3a5689ba666c67188353a8845f7dda9c4210cfd76481292b55a985419e6e12a75ccdc24a6d7844e6ddefa74810e4e75046163773"}, @NFTA_DATA_VERDICT={0x28, 0x2, 0x0, 0x1, [@NFTA_VERDICT_CHAIN={0x9, 0x2, 'syz1\x00'}, @NFTA_VERDICT_CHAIN={0x9, 0x2, 'syz2\x00'}, @NFTA_VERDICT_CHAIN={0x9, 0x2, 'syz0\x00'}]}, @NFTA_DATA_VERDICT={0x44, 0x2, 0x0, 0x1, [@NFTA_VERDICT_CHAIN_ID={0x8, 0x3, 0x1, 0x0, 0x2}, @NFTA_VERDICT_CODE={0x8, 0x1, 0x0, 0x1, 0xfffffffffffffffd}, @NFTA_VERDICT_CODE={0x8, 0x1, 0x0, 0x1, 0xffffffffffffffff}, @NFTA_VERDICT_CODE={0x8, 0x1, 0x0, 0x1, 0xfffffffffffffffc}, @NFTA_VERDICT_CHAIN={0x9, 0x2, 'syz1\x00'}, @NFTA_VERDICT_CHAIN_ID={0x8, 0x3, 0x1, 0x0, 0x2}, @NFTA_VERDICT_CHAIN={0x9, 0x2, 'syz2\x00'}]}]}, @NFTA_SET_ELEM_USERDATA={0xfd, 0x6, 0x1, 0x0, "ebba89253860827617c2fe3d9445ce2bd9b80f2e1f94d444e5e209cbbb7a500a72484934938dd851c876f8ff2482655a35110bede0a1849159605f178d626781bd681e4e87dc1fe2dc92bd45c8b039100ae5ddc2ef627261e18b38babbaa6ea451e32b3bd3d829bdc50f08b760fc49740a786f21bb129b700e509ebf19a681e3356377504c0655f9953f37ac93b208f611b4ffda5e0a781ddce4bb5a9fc89d7ff862c8c0510e2ea9a01cf023f8ab26da57e6d3e62774bd92c653735c127c4f291688f4982df4f7e75aab76f40ac30a99d45af35bdd741134293cb0a96362b67334c4d8871453b9370ef1f5ad13c6a8aa93d245852e980772eb"}, @NFTA_SET_ELEM_KEY={0x144, 0x1, 0x0, 0x1, [@NFTA_DATA_VERDICT={0x34, 0x2, 0x0, 0x1, [@NFTA_VERDICT_CODE={0x8, 0x1, 0x0, 0x1, 0xfffffffffffffffc}, @NFTA_VERDICT_CHAIN={0x9, 0x2, 'syz2\x00'}, @NFTA_VERDICT_CHAIN={0x9, 0x2, 'syz1\x00'}, @NFTA_VERDICT_CODE={0x8}, @NFTA_VERDICT_CODE={0x8}]}, @NFTA_DATA_VALUE={0xf5, 0x1, "267f05227b8555bdb57b91fcfa87b433bc8d86dabd943f6dddd3595644ee64e1134437fc337e9be4227c9e506a46899d4b84dfecb96461a58698a3973eb6a51a6c0067e4610c71e84d057cc4e9963899911d13482aa183da525965a9603be9dd046680e40332af0361de724463598116a685b9093690226456892572a34c7cf0617c5bfb7bf70a72742f3983af1508942bcb5d53bb35eea381dcb8a3bc08838c1852df185a636d12aeff995c106bae54fa54889ea7dbe529cac05f9d3d8ad3c2f247d2745ecf018723f58c989f15fd983dbdf7adf9f1a90ab8f4f541c96651294427013789adc1dddcca112ab3aa253013"}, @NFTA_DATA_VERDICT={0x14, 0x2, 0x0, 0x1, [@NFTA_VERDICT_CHAIN_ID={0x8, 0x3, 0x1, 0x0, 0x1}, @NFTA_VERDICT_CHAIN_ID={0x8, 0x3, 0x1, 0x0, 0x1}]}]}, @NFTA_SET_ELEM_OBJREF={0x9, 0x9, 'syz2\x00'}, @NFTA_SET_ELEM_KEY={0x4}, @NFTA_SET_ELEM_EXPIRATION={0xc, 0x5, 0x1, 0x0, 0x5}, @NFTA_SET_ELEM_FLAGS={0x8, 0x3, 0x1, 0x0, 0x1}]}, {0x4a4, 0x0, 0x0, 0x1, [@NFTA_SET_ELEM_EXPR={0x10, 0x7, 0x0, 0x1, @lookup={{0xb}, @void}}, @NFTA_SET_ELEM_DATA={0x160, 0x2, 0x0, 0x1, [@NFTA_DATA_VALUE={0xc5, 0x1, "1a6ce77d20c070d5e6517257aa55a67cdadece8d5f8f38be13836d7d3bac70bbf3ddf703c19a006b66cd02a16c50fe8b3efe5521f617c7df57beca131b6de453b8fb87542f8536ac0beb004c5f2346454c59f749bf1dc0f42715d25d33a5105e947828b20ca742a6bed4c24ebedbbd5eb55493f250a35ae8ad5d7eaf5bdbc088d5387c7a21462e61bae5516cc098c2d931233639bc052091e9e3d204dfc490312cb288071cd9ad3cc1772b4e12a25a0bd1c2f8845e201a3bd7ecfebbd04b66a784"}, @NFTA_DATA_VALUE={0x5d, 0x1, "3ae32f726ac58991d8f9279b5471c62a8b1d263864a21c565610eff08a95625dc30d540e49d6325ff8b22a75c3d84bd4486d9559782833bf5c890dfd0e07c4d78f834ea9081d025a57898713e6efdb09cdf8ad670b220ed7d8"}, @NFTA_DATA_VERDICT={0xc, 0x2, 0x0, 0x1, [@NFTA_VERDICT_CODE={0x8, 0x1, 0x0, 0x1, 0xfffffffffffffffe}]}, @NFTA_DATA_VERDICT={0x4}, @NFTA_DATA_VERDICT={0x24, 0x2, 0x0, 0x1, [@NFTA_VERDICT_CHAIN={0x9, 0x2, 'syz2\x00'}, @NFTA_VERDICT_CODE={0x8, 0x1, 0x0, 0x1, 0xfffffffffffffffe}, @NFTA_VERDICT_CHAIN={0x9, 0x2, 'syz0\x00'}]}]}, @NFTA_SET_ELEM_DATA={0x330, 0x2, 0x0, 0x1, [@NFTA_DATA_VERDICT={0x38, 0x2, 0x0, 0x1, [@NFTA_VERDICT_CHAIN_ID={0x8, 0x3, 0x1, 0x0, 0x3}, @NFTA_VERDICT_CHAIN={0x9, 0x2, 'syz1\x00'}, @NFTA_VERDICT_CODE={0x8, 0x1, 0x0, 0x1, 0xfffffffffffffffc}, @NFTA_VERDICT_CHAIN_ID={0x8, 0x3, 0x1, 0x0, 0x1}, @NFTA_VERDICT_CHAIN_ID={0x8, 0x3, 0x1, 0x0, 0x4}, @NFTA_VERDICT_CODE={0x8, 0x1, 0x0, 0x1, 0xfffffffffffffffb}]}, @NFTA_DATA_VALUE={0xad, 0x1, "bdb5604877320cf212b5d24b415031ecef3c9f07f383466de9d06f908aa9f2001bdad28fbb245159a42dd26433b31a6fc37593daa0f9162706228c4661285bd60856b70ae5b7955f522230edf7c0d9126973237cc731f159975d1fbc621935b19799e671ce32ea13e85c13a2d75b89a53e334aa0785f6ab5af97e9156ee07cb1ce7342286600dfe0bded91fe30e41269d0655dc0d720eb590633f8fa45fca66bf0477f4637d8d8a004"}, @NFTA_DATA_VALUE={0xc1, 0x1, "2f4bee88fd6df57a3ef695e171c5f39eca09eaa304840ee8decd5afe6a1fd8898647f76264c44b29919ea21cbb16c16176ed7b2051c9eb47bb419afe9c55127729444344fd4d7b9a261cae033b45a19f6cc9af7cb513e944359b0b4e2dbeb396bd02bf6cbe78584b09ff916802455802c199d2ac03e1dae511827b38cd50b0d4de29906a798206ae382022078e9bc7cc4224eeb56181eb5f839dae8c908a15bb5ac278a3a790c783885bedf31852c2f53b78034157621e0b1f653c960f"}, @NFTA_DATA_VALUE={0xfd, 0x1, "13293dbcd5e1e172c3f19660923def1aecdf06ef046b254f7efd175d0b0956719bd0c6697195e7b9998455d9935b8284f93cc208af5d44e8ebd09209c8b354d45580af0b00fda851307150e851069de0480125a0b5d6c80493ef798aca2d4d5894ab2187684068546de55afbe2567ef45f6d86d22302e7e03667815ab0a178aa24aa95de3669a0a93dace1f87578a98094b778760a03c3c742668704e5179b3e6f70320a397e7395563f65d2a3e3c9c007dd0a3b698e9682ea16e04ec841357ae1a46ca618be751e66e3777653acd22852a715540066249489516e3d7d5f50f6aee6aa2f333c4c94c0343b47cb1ba33aaaaf99a27d55d49d3d"}, @NFTA_DATA_VALUE={0x45, 0x1, "6b8688c54cee7ab0efe6881071d2fa51a31d6482e2e9a8451525dd6059d52518901402060d1191b28778dad320b3c3143b283030198ba183de7a7396be4cb7d749"}, @NFTA_DATA_VERDICT={0x2c, 0x2, 0x0, 0x1, [@NFTA_VERDICT_CHAIN={0x9, 0x2, 'syz1\x00'}, @NFTA_VERDICT_CHAIN_ID={0x8, 0x3, 0x1, 0x0, 0x2}, @NFTA_VERDICT_CODE={0x8, 0x1, 0x0, 0x1, 0xfffffffffffffffe}, @NFTA_VERDICT_CHAIN={0x9, 0x2, 'syz1\x00'}]}, @NFTA_DATA_VALUE={0x9, 0x1, "10a148fd0d"}]}]}]}]}], {0x14, 0x11, 0x1, 0x0, 0x0, {0x7}}}, 0xebc}, 0x1, 0x0, 0x0, 0x4}, 0x48010)

251.248359ms ago: executing program 0 (id=28):
ioctl$FUSE_DEV_IOC_CLONE(0xffffffffffffffff, 0x8004e500, 0x0)

249.74558ms ago: executing program 0 (id=29):
r0 = openat$fuse(0xffffffffffffff9c, &(0x7f00000010c0), 0x2, 0x0)
ioctl$FUSE_DEV_IOC_CLONE(r0, 0x8004e500, 0x0)

190.468811ms ago: executing program 0 (id=30):
ioctl$BLKROTATIONAL(0xffffffffffffffff, 0x127e, 0x0)

190.155692ms ago: executing program 0 (id=31):
r0 = socket$inet6_tcp(0xa, 0x1, 0x0)
write(r0, &(0x7f0000000080)="8290c48e1f22a814f93193fb8e6f32b1", 0x10)
mlockall(0x1)
mlockall(0x3)

0s ago: executing program 1 (id=32):
r0 = socket$inet_udplite(0x2, 0x2, 0x88)
sendmsg$inet(r0, &(0x7f0000000cc0)={&(0x7f0000000140)={0x2, 0x4e24, @rand_addr=0x64010101}, 0x10, 0x0, 0x0, &(0x7f0000000c00)=[@ip_ttl={{0x14, 0x0, 0x2, 0xc}}, @ip_retopts={{0x10}}], 0x28}, 0x0)

kernel console output (not intermixed with test programs):

Warning: Permanently added '[localhost]:15450' (ED25519) to the list of known hosts.
syzkaller login: [   89.414759][ T9269] cgroup: Unknown subsys name 'net'
[   89.565480][ T9269] cgroup: Unknown subsys name 'rlimit'
[   98.838706][ T9269] kmemleak: 1 new suspected memory leaks (see /sys/kernel/debug/kmemleak)
Setting up swapspace version 1, size = 122.1 MiB (127995904 bytes)
no label, UUID=5f3cc5df-3d7a-4df0-ab92-b538c4830a20
[  104.864650][ T9269] Adding 124996k swap on ./swap-file.  Priority:0 extents:1 across:124996k 
[  109.228342][ T9304] Bluetooth: hci1: unexpected cc 0x0c03 length: 249 > 1
[  109.231270][ T9304] Bluetooth: hci1: unexpected cc 0x1003 length: 249 > 9
[  109.233524][ T9298] Bluetooth: hci1: unexpected cc 0x1001 length: 249 > 9
[  109.235658][ T9298] Bluetooth: hci2: unexpected cc 0x0c03 length: 249 > 1
[  109.237984][ T9298] Bluetooth: hci1: unexpected cc 0x0c23 length: 249 > 4
[  109.240019][ T9298] Bluetooth: hci1: unexpected cc 0x0c25 length: 249 > 3
[  109.244251][ T9298] Bluetooth: hci2: unexpected cc 0x1003 length: 249 > 9
[  109.246149][ T9298] Bluetooth: hci2: unexpected cc 0x1001 length: 249 > 9
[  109.248948][ T9298] Bluetooth: hci1: unexpected cc 0x0c38 length: 249 > 2
[  109.251969][ T9298] Bluetooth: hci2: unexpected cc 0x0c23 length: 249 > 4
[  109.254122][ T9298] Bluetooth: hci2: unexpected cc 0x0c25 length: 249 > 3
[  109.254506][ T9313] Bluetooth: hci0: unexpected cc 0x0c03 length: 249 > 1
[  109.259409][ T9314] Bluetooth: hci2: unexpected cc 0x0c38 length: 249 > 2
[  109.265424][ T9314] Bluetooth: hci0: unexpected cc 0x1003 length: 249 > 9
[  109.267637][ T9304] Bluetooth: hci0: unexpected cc 0x1001 length: 249 > 9
[  109.273201][ T9314] Bluetooth: hci0: unexpected cc 0x0c23 length: 249 > 4
[  109.297875][ T9304] Bluetooth: hci0: unexpected cc 0x0c25 length: 249 > 3
[  109.300131][ T9304] Bluetooth: hci0: unexpected cc 0x0c38 length: 249 > 2
[  109.304197][ T9314] Bluetooth: hci3: unexpected cc 0x0c03 length: 249 > 1
[  109.306458][ T9314] Bluetooth: hci3: unexpected cc 0x1003 length: 249 > 9
[  109.335708][ T9314] Bluetooth: hci3: unexpected cc 0x1001 length: 249 > 9
[  109.347665][ T9314] Bluetooth: hci3: unexpected cc 0x0c23 length: 249 > 4
[  109.364486][ T9314] Bluetooth: hci3: unexpected cc 0x0c25 length: 249 > 3
[  109.366343][ T9314] Bluetooth: hci3: unexpected cc 0x0c38 length: 249 > 2
[  110.205762][ T9302] chnl_net:caif_netlink_parms(): no params data found
[  110.364404][ T9296] chnl_net:caif_netlink_parms(): no params data found
[  110.518658][ T9300] chnl_net:caif_netlink_parms(): no params data found
[  110.737012][ T9307] chnl_net:caif_netlink_parms(): no params data found
[  110.744617][ T9302] bridge0: port 1(bridge_slave_0) entered blocking state
[  110.746453][ T9302] bridge0: port 1(bridge_slave_0) entered disabled state
[  110.749065][ T9302] bridge_slave_0: entered allmulticast mode
[  110.752194][ T9302] bridge_slave_0: entered promiscuous mode
[  110.755752][ T9302] bridge0: port 2(bridge_slave_1) entered blocking state
[  110.758978][ T9302] bridge0: port 2(bridge_slave_1) entered disabled state
[  110.760777][ T9302] bridge_slave_1: entered allmulticast mode
[  110.763646][ T9302] bridge_slave_1: entered promiscuous mode
[  110.766382][ T9296] bridge0: port 1(bridge_slave_0) entered blocking state
[  110.769309][ T9296] bridge0: port 1(bridge_slave_0) entered disabled state
[  110.771135][ T9296] bridge_slave_0: entered allmulticast mode
[  110.773965][ T9296] bridge_slave_0: entered promiscuous mode
[  110.874797][ T9296] bridge0: port 2(bridge_slave_1) entered blocking state
[  110.876498][ T9296] bridge0: port 2(bridge_slave_1) entered disabled state
[  110.878668][ T9296] bridge_slave_1: entered allmulticast mode
[  110.881755][ T9296] bridge_slave_1: entered promiscuous mode
[  110.909004][ T9300] bridge0: port 1(bridge_slave_0) entered blocking state
[  110.911508][ T9300] bridge0: port 1(bridge_slave_0) entered disabled state
[  110.913321][ T9300] bridge_slave_0: entered allmulticast mode
[  110.916137][ T9300] bridge_slave_0: entered promiscuous mode
[  110.920004][ T9300] bridge0: port 2(bridge_slave_1) entered blocking state
[  110.921743][ T9300] bridge0: port 2(bridge_slave_1) entered disabled state
[  110.923468][ T9300] bridge_slave_1: entered allmulticast mode
[  110.926264][ T9300] bridge_slave_1: entered promiscuous mode
[  110.984690][ T9302] bond0: (slave bond_slave_0): Enslaving as an active interface with an up link
[  111.068934][ T9302] bond0: (slave bond_slave_1): Enslaving as an active interface with an up link
[  111.073311][ T9296] bond0: (slave bond_slave_0): Enslaving as an active interface with an up link
[  111.098459][ T9300] bond0: (slave bond_slave_0): Enslaving as an active interface with an up link
[  111.112769][ T9296] bond0: (slave bond_slave_1): Enslaving as an active interface with an up link
[  111.154046][ T9300] bond0: (slave bond_slave_1): Enslaving as an active interface with an up link
[  111.241379][ T9296] team0: Port device team_slave_0 added
[  111.247216][ T9302] team0: Port device team_slave_0 added
[  111.260662][ T9302] team0: Port device team_slave_1 added
[  111.337490][ T9314] Bluetooth: hci0: command 0x0409 tx timeout
[  111.337603][ T9304] Bluetooth: hci2: command 0x0409 tx timeout
[  111.340317][ T5064] Bluetooth: hci1: command 0x0409 tx timeout
[  111.407445][ T5064] Bluetooth: hci3: command 0x0409 tx timeout
[  111.409377][ T9296] team0: Port device team_slave_1 added
[  111.503193][ T9300] team0: Port device team_slave_0 added
[  111.506133][ T9307] bridge0: port 1(bridge_slave_0) entered blocking state
[  111.508800][ T9307] bridge0: port 1(bridge_slave_0) entered disabled state
[  111.511401][ T9307] bridge_slave_0: entered allmulticast mode
[  111.515911][ T9307] bridge_slave_0: entered promiscuous mode
[  111.549124][ T9302] batman_adv: batadv0: Adding interface: batadv_slave_0
[  111.551061][ T9302] batman_adv: batadv0: The MTU of interface batadv_slave_0 is too small (1500) to handle the transport of batman-adv packets. Packets going over this interface will be fragmented on layer2 which could impact the performance. Setting the MTU to 1560 would solve the problem.
[  111.559558][ T9302] batman_adv: batadv0: Not using interface batadv_slave_0 (retrying later): interface not active
[  111.565795][ T9302] batman_adv: batadv0: Adding interface: batadv_slave_1
[  111.568488][ T9302] batman_adv: batadv0: The MTU of interface batadv_slave_1 is too small (1500) to handle the transport of batman-adv packets. Packets going over this interface will be fragmented on layer2 which could impact the performance. Setting the MTU to 1560 would solve the problem.
[  111.576463][ T9302] batman_adv: batadv0: Not using interface batadv_slave_1 (retrying later): interface not active
[  111.582958][ T9300] team0: Port device team_slave_1 added
[  111.610409][ T9307] bridge0: port 2(bridge_slave_1) entered blocking state
[  111.612088][ T9307] bridge0: port 2(bridge_slave_1) entered disabled state
[  111.613794][ T9307] bridge_slave_1: entered allmulticast mode
[  111.616573][ T9307] bridge_slave_1: entered promiscuous mode
[  111.620949][ T9296] batman_adv: batadv0: Adding interface: batadv_slave_0
[  111.623360][ T9296] batman_adv: batadv0: The MTU of interface batadv_slave_0 is too small (1500) to handle the transport of batman-adv packets. Packets going over this interface will be fragmented on layer2 which could impact the performance. Setting the MTU to 1560 would solve the problem.
[  111.632485][ T9296] batman_adv: batadv0: Not using interface batadv_slave_0 (retrying later): interface not active
[  111.728621][ T9300] batman_adv: batadv0: Adding interface: batadv_slave_0
[  111.730170][ T9300] batman_adv: batadv0: The MTU of interface batadv_slave_0 is too small (1500) to handle the transport of batman-adv packets. Packets going over this interface will be fragmented on layer2 which could impact the performance. Setting the MTU to 1560 would solve the problem.
[  111.735582][ T9300] batman_adv: batadv0: Not using interface batadv_slave_0 (retrying later): interface not active
[  111.779146][ T9296] batman_adv: batadv0: Adding interface: batadv_slave_1
[  111.781421][ T9296] batman_adv: batadv0: The MTU of interface batadv_slave_1 is too small (1500) to handle the transport of batman-adv packets. Packets going over this interface will be fragmented on layer2 which could impact the performance. Setting the MTU to 1560 would solve the problem.
[  111.790856][ T9296] batman_adv: batadv0: Not using interface batadv_slave_1 (retrying later): interface not active
[  111.816177][ T9302] hsr_slave_0: entered promiscuous mode
[  111.818561][ T9302] hsr_slave_1: entered promiscuous mode
[  111.822876][ T9300] batman_adv: batadv0: Adding interface: batadv_slave_1
[  111.825187][ T9300] batman_adv: batadv0: The MTU of interface batadv_slave_1 is too small (1500) to handle the transport of batman-adv packets. Packets going over this interface will be fragmented on layer2 which could impact the performance. Setting the MTU to 1560 would solve the problem.
[  111.834388][ T9300] batman_adv: batadv0: Not using interface batadv_slave_1 (retrying later): interface not active
[  111.840622][ T9307] bond0: (slave bond_slave_0): Enslaving as an active interface with an up link
[  111.845884][ T9307] bond0: (slave bond_slave_1): Enslaving as an active interface with an up link
[  111.987852][ T9307] team0: Port device team_slave_0 added
[  111.995475][ T9296] hsr_slave_0: entered promiscuous mode
[  111.998033][ T9296] hsr_slave_1: entered promiscuous mode
[  111.999876][ T9296] debugfs: Directory 'hsr0' with parent 'hsr' already present!
[  112.001499][ T9296] Cannot create hsr debugfs directory
[  112.030319][ T9307] team0: Port device team_slave_1 added
[  112.131596][ T9300] hsr_slave_0: entered promiscuous mode
[  112.133681][ T9300] hsr_slave_1: entered promiscuous mode
[  112.135518][ T9300] debugfs: Directory 'hsr0' with parent 'hsr' already present!
[  112.137105][ T9300] Cannot create hsr debugfs directory
[  112.149146][ T9307] batman_adv: batadv0: Adding interface: batadv_slave_0
[  112.150683][ T9307] batman_adv: batadv0: The MTU of interface batadv_slave_0 is too small (1500) to handle the transport of batman-adv packets. Packets going over this interface will be fragmented on layer2 which could impact the performance. Setting the MTU to 1560 would solve the problem.
[  112.156034][ T9307] batman_adv: batadv0: Not using interface batadv_slave_0 (retrying later): interface not active
[  112.209645][ T9307] batman_adv: batadv0: Adding interface: batadv_slave_1
[  112.211718][ T9307] batman_adv: batadv0: The MTU of interface batadv_slave_1 is too small (1500) to handle the transport of batman-adv packets. Packets going over this interface will be fragmented on layer2 which could impact the performance. Setting the MTU to 1560 would solve the problem.
[  112.219560][ T9307] batman_adv: batadv0: Not using interface batadv_slave_1 (retrying later): interface not active
[  112.444185][ T9307] hsr_slave_0: entered promiscuous mode
[  112.446326][ T9307] hsr_slave_1: entered promiscuous mode
[  112.449395][ T9307] debugfs: Directory 'hsr0' with parent 'hsr' already present!
[  112.451006][ T9307] Cannot create hsr debugfs directory
[  112.702220][ T9302] netdevsim netdevsim3 netdevsim0: renamed from eth0
[  112.742266][ T9302] netdevsim netdevsim3 netdevsim1: renamed from eth1
[  112.748466][ T9302] netdevsim netdevsim3 netdevsim2: renamed from eth2
[  112.792053][ T9302] netdevsim netdevsim3 netdevsim3: renamed from eth3
[  112.931526][ T9296] netdevsim netdevsim0 netdevsim0: renamed from eth0
[  112.937295][ T9296] netdevsim netdevsim0 netdevsim1: renamed from eth1
[  112.958506][ T9296] netdevsim netdevsim0 netdevsim2: renamed from eth2
[  112.972764][ T9296] netdevsim netdevsim0 netdevsim3: renamed from eth3
[  113.025858][ T9300] netdevsim netdevsim1 netdevsim0: renamed from eth0
[  113.033567][ T9300] netdevsim netdevsim1 netdevsim1: renamed from eth1
[  113.045828][ T9300] netdevsim netdevsim1 netdevsim2: renamed from eth2
[  113.056034][ T9300] netdevsim netdevsim1 netdevsim3: renamed from eth3
[  113.213251][ T9307] netdevsim netdevsim2 netdevsim0: renamed from eth0
[  113.220465][ T9307] netdevsim netdevsim2 netdevsim1: renamed from eth1
[  113.240248][ T9307] netdevsim netdevsim2 netdevsim2: renamed from eth2
[  113.245616][ T9307] netdevsim netdevsim2 netdevsim3: renamed from eth3
[  113.347044][ T9302] 8021q: adding VLAN 0 to HW filter on device bond0
[  113.407622][ T9314] Bluetooth: hci0: command 0x041b tx timeout
[  113.409051][ T5064] Bluetooth: hci1: command 0x041b tx timeout
[  113.418137][ T5064] Bluetooth: hci2: command 0x041b tx timeout
[  113.426008][ T9302] 8021q: adding VLAN 0 to HW filter on device team0
[  113.455715][ T9296] 8021q: adding VLAN 0 to HW filter on device bond0
[  113.472162][T10609] bridge0: port 1(bridge_slave_0) entered blocking state
[  113.473834][T10609] bridge0: port 1(bridge_slave_0) entered forwarding state
[  113.479388][T10609] bridge0: port 2(bridge_slave_1) entered blocking state
[  113.481035][T10609] bridge0: port 2(bridge_slave_1) entered forwarding state
[  113.487516][ T5064] Bluetooth: hci3: command 0x041b tx timeout
[  113.511763][ T9300] 8021q: adding VLAN 0 to HW filter on device bond0
[  113.577143][ T9296] 8021q: adding VLAN 0 to HW filter on device team0
[  113.609695][ T9300] 8021q: adding VLAN 0 to HW filter on device team0
[  113.649744][ T1179] bridge0: port 1(bridge_slave_0) entered blocking state
[  113.652324][ T1179] bridge0: port 1(bridge_slave_0) entered forwarding state
[  113.747270][T10609] bridge0: port 1(bridge_slave_0) entered blocking state
[  113.768928][T10609] bridge0: port 1(bridge_slave_0) entered forwarding state
[  113.805690][T10609] bridge0: port 2(bridge_slave_1) entered blocking state
[  113.808022][T10609] bridge0: port 2(bridge_slave_1) entered forwarding state
[  113.858266][ T9307] 8021q: adding VLAN 0 to HW filter on device bond0
[  113.888396][   T10] bridge0: port 2(bridge_slave_1) entered blocking state
[  113.890112][   T10] bridge0: port 2(bridge_slave_1) entered forwarding state
[  114.003373][ T9307] 8021q: adding VLAN 0 to HW filter on device team0
[  114.095758][  T767] bridge0: port 1(bridge_slave_0) entered blocking state
[  114.098509][  T767] bridge0: port 1(bridge_slave_0) entered forwarding state
[  114.106698][  T767] bridge0: port 2(bridge_slave_1) entered blocking state
[  114.109486][  T767] bridge0: port 2(bridge_slave_1) entered forwarding state
[  114.284473][ T9307] hsr0: Slave B (hsr_slave_1) is not up; please bring it up to get a fully working HSR network
[  114.326629][ T9302] 8021q: adding VLAN 0 to HW filter on device batadv0
[  114.484655][ T9300] 8021q: adding VLAN 0 to HW filter on device batadv0
[  114.487125][ T9302] veth0_vlan: entered promiscuous mode
[  114.507238][ T9296] 8021q: adding VLAN 0 to HW filter on device batadv0
[  114.521592][ T9302] veth1_vlan: entered promiscuous mode
[  114.556243][ T9307] 8021q: adding VLAN 0 to HW filter on device batadv0
[  114.663545][ T9302] veth0_macvtap: entered promiscuous mode
[  114.683551][ T9300] veth0_vlan: entered promiscuous mode
[  114.689567][ T9296] veth0_vlan: entered promiscuous mode
[  114.695763][ T9302] veth1_macvtap: entered promiscuous mode
[  114.715384][ T9300] veth1_vlan: entered promiscuous mode
[  114.764205][ T9302] batman_adv: batadv0: Interface activated: batadv_slave_0
[  114.770594][ T9307] veth0_vlan: entered promiscuous mode
[  114.777411][ T9296] veth1_vlan: entered promiscuous mode
[  114.799698][ T9302] batman_adv: batadv0: Interface activated: batadv_slave_1
[  114.825594][ T9300] veth0_macvtap: entered promiscuous mode
[  114.830150][ T9307] veth1_vlan: entered promiscuous mode
[  114.835981][ T9302] netdevsim netdevsim3 netdevsim0: set [1, 0] type 2 family 0 port 6081 - 0
[  114.842006][ T9302] netdevsim netdevsim3 netdevsim1: set [1, 0] type 2 family 0 port 6081 - 0
[  114.843887][ T9302] netdevsim netdevsim3 netdevsim2: set [1, 0] type 2 family 0 port 6081 - 0
[  114.845731][ T9302] netdevsim netdevsim3 netdevsim3: set [1, 0] type 2 family 0 port 6081 - 0
[  114.870196][ T9300] veth1_macvtap: entered promiscuous mode
[  114.928568][ T9296] veth0_macvtap: entered promiscuous mode
[  114.937234][ T9296] veth1_macvtap: entered promiscuous mode
[  114.944949][ T9300] batman_adv: The newly added mac address (aa:aa:aa:aa:aa:3e) already exists on: batadv_slave_0
[  114.947236][ T9300] batman_adv: It is strongly recommended to keep mac addresses unique to avoid problems!
[  114.952162][ T9300] batman_adv: batadv0: Interface activated: batadv_slave_0
[  114.993928][ T9300] batman_adv: The newly added mac address (aa:aa:aa:aa:aa:3f) already exists on: batadv_slave_1
[  114.996162][ T9300] batman_adv: It is strongly recommended to keep mac addresses unique to avoid problems!
[  115.002276][ T9300] batman_adv: batadv0: Interface activated: batadv_slave_1
[  115.030554][ T9300] netdevsim netdevsim1 netdevsim0: set [1, 0] type 2 family 0 port 6081 - 0
[  115.032597][ T9300] netdevsim netdevsim1 netdevsim1: set [1, 0] type 2 family 0 port 6081 - 0
[  115.034593][ T9300] netdevsim netdevsim1 netdevsim2: set [1, 0] type 2 family 0 port 6081 - 0
[  115.036565][ T9300] netdevsim netdevsim1 netdevsim3: set [1, 0] type 2 family 0 port 6081 - 0
[  115.061794][ T9307] veth0_macvtap: entered promiscuous mode
[  115.105908][ T9296] batman_adv: The newly added mac address (aa:aa:aa:aa:aa:3e) already exists on: batadv_slave_0
[  115.108510][ T9296] batman_adv: It is strongly recommended to keep mac addresses unique to avoid problems!
[  115.110560][ T9296] batman_adv: The newly added mac address (aa:aa:aa:aa:aa:3e) already exists on: batadv_slave_0
[  115.112866][ T9296] batman_adv: It is strongly recommended to keep mac addresses unique to avoid problems!
[  115.116867][ T9296] batman_adv: batadv0: Interface activated: batadv_slave_0
[  115.122619][ T9296] batman_adv: The newly added mac address (aa:aa:aa:aa:aa:3f) already exists on: batadv_slave_1
[  115.124885][ T9296] batman_adv: It is strongly recommended to keep mac addresses unique to avoid problems!
[  115.127038][ T9296] batman_adv: The newly added mac address (aa:aa:aa:aa:aa:3f) already exists on: batadv_slave_1
[  115.130137][ T9296] batman_adv: It is strongly recommended to keep mac addresses unique to avoid problems!
[  115.134224][ T9296] batman_adv: batadv0: Interface activated: batadv_slave_1
[  115.138019][   T24] wlan0: Created IBSS using preconfigured BSSID 50:50:50:50:50:50
[  115.139747][   T24] wlan0: Creating new IBSS network, BSSID 50:50:50:50:50:50
[  115.170461][ T9307] veth1_macvtap: entered promiscuous mode
[  115.199011][ T9296] netdevsim netdevsim0 netdevsim0: set [1, 0] type 2 family 0 port 6081 - 0
[  115.200998][ T9296] netdevsim netdevsim0 netdevsim1: set [1, 0] type 2 family 0 port 6081 - 0
[  115.202847][ T9296] netdevsim netdevsim0 netdevsim2: set [1, 0] type 2 family 0 port 6081 - 0
[  115.207097][ T9296] netdevsim netdevsim0 netdevsim3: set [1, 0] type 2 family 0 port 6081 - 0
[  115.262495][   T24] wlan1: Created IBSS using preconfigured BSSID 50:50:50:50:50:50
[  115.264298][   T24] wlan1: Creating new IBSS network, BSSID 50:50:50:50:50:50
[  115.273233][ T9307] batman_adv: The newly added mac address (aa:aa:aa:aa:aa:3e) already exists on: batadv_slave_0
[  115.280582][ T9307] batman_adv: It is strongly recommended to keep mac addresses unique to avoid problems!
[  115.282635][ T9307] batman_adv: The newly added mac address (aa:aa:aa:aa:aa:3e) already exists on: batadv_slave_0
[  115.290983][ T9307] batman_adv: It is strongly recommended to keep mac addresses unique to avoid problems!
[  115.293139][ T9307] batman_adv: The newly added mac address (aa:aa:aa:aa:aa:3e) already exists on: batadv_slave_0
[  115.295395][ T9307] batman_adv: It is strongly recommended to keep mac addresses unique to avoid problems!
[  115.299734][ T9307] batman_adv: batadv0: Interface activated: batadv_slave_0
[  115.315544][ T9307] batman_adv: The newly added mac address (aa:aa:aa:aa:aa:3f) already exists on: batadv_slave_1
[  115.318293][ T9307] batman_adv: It is strongly recommended to keep mac addresses unique to avoid problems!
[  115.320361][ T9307] batman_adv: The newly added mac address (aa:aa:aa:aa:aa:3f) already exists on: batadv_slave_1
[  115.322703][ T9307] batman_adv: It is strongly recommended to keep mac addresses unique to avoid problems!
[  115.324737][ T9307] batman_adv: The newly added mac address (aa:aa:aa:aa:aa:3f) already exists on: batadv_slave_1
[  115.326989][ T9307] batman_adv: It is strongly recommended to keep mac addresses unique to avoid problems!
[  115.333632][ T9307] batman_adv: batadv0: Interface activated: batadv_slave_1
[  115.352592][ T9307] netdevsim netdevsim2 netdevsim0: set [1, 0] type 2 family 0 port 6081 - 0
[  115.354902][ T9307] netdevsim netdevsim2 netdevsim1: set [1, 0] type 2 family 0 port 6081 - 0
[  115.356781][ T9307] netdevsim netdevsim2 netdevsim2: set [1, 0] type 2 family 0 port 6081 - 0
[  115.367543][ T9307] netdevsim netdevsim2 netdevsim3: set [1, 0] type 2 family 0 port 6081 - 0
[  115.413818][ T1048] wlan0: Created IBSS using preconfigured BSSID 50:50:50:50:50:50
[  115.415775][ T1048] wlan0: Creating new IBSS network, BSSID 50:50:50:50:50:50
[  115.487694][ T5064] Bluetooth: hci2: command 0x040f tx timeout
[  115.487717][ T9314] Bluetooth: hci1: command 0x040f tx timeout
[  115.487730][ T9304] Bluetooth: hci0: command 0x040f tx timeout
[  115.490406][T10662] UDPLite: UDP-Lite is deprecated and scheduled to be removed in 2025, please contact the netdev mailing list
[  115.554445][ T1048] wlan1: Created IBSS using preconfigured BSSID 50:50:50:50:50:50
[  115.556125][ T1048] wlan1: Creating new IBSS network, BSSID 50:50:50:50:50:50
[  115.569891][ T5064] Bluetooth: hci3: command 0x040f tx timeout
[  115.710222][ T1048] wlan0: Created IBSS using preconfigured BSSID 50:50:50:50:50:50
[  115.712164][ T1048] wlan0: Creating new IBSS network, BSSID 50:50:50:50:50:50
[  115.801597][   T67] wlan0: Created IBSS using preconfigured BSSID 50:50:50:50:50:50
[  115.804087][   T67] wlan0: Creating new IBSS network, BSSID 50:50:50:50:50:50
[  115.901160][   T24] wlan1: Created IBSS using preconfigured BSSID 50:50:50:50:50:50
[  115.902917][   T24] wlan1: Creating new IBSS network, BSSID 50:50:50:50:50:50
[  115.951898][ T1048] wlan1: Created IBSS using preconfigured BSSID 50:50:50:50:50:50
[  115.954675][ T1048] wlan1: Creating new IBSS network, BSSID 50:50:50:50:50:50
[  117.567441][ T5064] Bluetooth: hci1: command 0x0419 tx timeout
[  117.577508][ T5064] Bluetooth: hci2: command 0x0419 tx timeout
[  117.577660][ T9314] Bluetooth: hci0: command 0x0419 tx timeout
[  117.657716][ T9314] Bluetooth: hci3: command 0x0419 tx timeout
[  122.530314][ T9269] syz-executor invoked oom-killer: gfp_mask=0x140cca(GFP_HIGHUSER_MOVABLE|__GFP_COMP), order=0, oom_score_adj=0
[  122.532859][ T9269] CPU: 1 PID: 9269 Comm: syz-executor Not tainted 6.6.0 #2
[  122.534409][ T9269] Hardware name: QEMU Standard PC (i440FX + PIIX, 1996), BIOS 1.15.0-1 04/01/2014
[  122.536333][ T9269] Call Trace:
[  122.537051][ T9269]  <TASK>
[  122.537701][ T9269]  dump_stack_lvl+0x72/0xa0
[  122.538770][ T9269]  dump_header+0x4c/0x290
[  122.539734][ T9269]  oom_kill_process+0x169/0x290
[  122.540821][ T9269]  out_of_memory+0x596/0x950
[  122.541853][ T9269]  __alloc_pages+0xe65/0xfc0
[  122.542877][ T9269]  alloc_pages+0xc9/0x1d0
[  122.543853][ T9269]  folio_alloc+0x20/0x70
[  122.544794][ T9269]  filemap_alloc_folio+0x1a0/0x1c0
[  122.545925][ T9269]  __filemap_get_folio+0x337/0x590
[  122.547066][ T9269]  filemap_fault+0x278/0x1160
[  122.548102][ T9269]  __do_fault+0x47/0xf0
[  122.549025][ T9269]  __handle_mm_fault+0x1c0d/0x2660
[  122.550133][ T9269]  handle_mm_fault+0x26a/0x690
[  122.551177][ T9269]  ? lock_mm_and_find_vma+0x89/0x3d0
[  122.552363][ T9269]  exc_page_fault+0x42d/0xd10
[  122.553407][ T9269]  asm_exc_page_fault+0x26/0x30
[  122.554486][ T9269] RIP: 0033:0x7f5f241adf14
[  122.555470][ T9269] Code: Unable to access opcode bytes at 0x7f5f241adeea.
[  122.556933][ T9269] RSP: 002b:00007ffcbd9b9b90 EFLAGS: 00010246
[  122.558243][ T9269] RAX: 0000000000000000 RBX: 00007ffcbd9b9cd0 RCX: 00007f5f241adf14
[  122.559936][ T9269] RDX: 0000000000000000 RSI: 00007ffcbd9b9cd0 RDI: 000000000000001e
[  122.561635][ T9269] RBP: 00007ffcbd9b9f10 R08: 00007ffcbd9b9bc0 R09: 00007ffcbd9b9bd0
[  122.563330][ T9269] R10: 0000000000000000 R11: 0000000000000246 R12: 0000000000000001
[  122.565018][ T9269] R13: 00007ffcbd9ba090 R14: 0000000000000000 R15: 00007ffcbd9b9c90
[  122.566731][ T9269]  </TASK>
[  122.582529][ T9269] Mem-Info:
[  122.583267][ T9269] active_anon:4298 inactive_anon:4523 isolated_anon:0
[  122.583267][ T9269]  active_file:37 inactive_file:47 isolated_file:0
[  122.583267][ T9269]  unevictable:768 dirty:80 writeback:0
[  122.583267][ T9269]  slab_reclaimable:5163 slab_unreclaimable:40771
[  122.583267][ T9269]  mapped:20530 shmem:5258 pagetables:414
[  122.583267][ T9269]  sec_pagetables:0 bounce:0
[  122.583267][ T9269]  kernel_misc_reclaimable:0
[  122.583267][ T9269]  free:18626 free_pcp:323 free_cma:0
[  122.658140][ T9269] Node 0 active_anon:4708kB inactive_anon:22424kB active_file:80kB inactive_file:64kB unevictable:1536kB isolated(anon):0kB isolated(file):0kB mapped:32852kB dirty:132kB writeback:0kB shmem:17716kB shmem_thp:0kB shmem_pmdmapped:0kB anon_thp:0kB writeback_tmp:0kB kernel_stack:3688kB pagetables:752kB sec_pagetables:0kB all_unreclaimable? no
[  122.664700][ T9269] Node 1 active_anon:2612kB inactive_anon:5540kB active_file:180kB inactive_file:12kB unevictable:1536kB isolated(anon):0kB isolated(file):0kB mapped:49268kB dirty:188kB writeback:0kB shmem:3316kB shmem_thp:0kB shmem_pmdmapped:0kB anon_thp:0kB writeback_tmp:0kB kernel_stack:1592kB pagetables:904kB sec_pagetables:0kB all_unreclaimable? no
[  122.697438][ T9269] Node 0 DMA free:3984kB boost:0kB min:536kB low:668kB high:800kB reserved_highatomic:0KB active_anon:0kB inactive_anon:0kB active_file:0kB inactive_file:0kB unevictable:0kB writepending:0kB present:15992kB managed:15360kB mlocked:0kB bounce:0kB free_pcp:0kB local_pcp:0kB free_cma:0kB
[  122.703039][ T9269] lowmem_reserve[]: 0 863 863 863 863
[  122.704241][ T9269] Node 0 DMA32 free:32652kB boost:0kB min:30964kB low:38704kB high:46444kB reserved_highatomic:2048KB active_anon:9424kB inactive_anon:17708kB active_file:92kB inactive_file:52kB unevictable:1536kB writepending:132kB present:1032192kB managed:900204kB mlocked:0kB bounce:0kB free_pcp:736kB local_pcp:488kB free_cma:0kB
[  122.737399][ T9269] lowmem_reserve[]: 0 0 0 0 0
[  122.738489][ T9269] Node 1 DMA32 free:37868kB boost:0kB min:36080kB low:45100kB high:54120kB reserved_highatomic:2048KB active_anon:4256kB inactive_anon:3896kB active_file:108kB inactive_file:84kB unevictable:1536kB writepending:188kB present:1048448kB managed:1030744kB mlocked:0kB bounce:0kB free_pcp:556kB local_pcp:0kB free_cma:0kB
[  122.744663][ T9269] lowmem_reserve[]: 0 0 0 0 0
[  122.745714][ T9269] Node 0 DMA: 0*4kB 0*8kB 1*16kB (U) 0*32kB 0*64kB 1*128kB (U) 1*256kB (U) 1*512kB (U) 1*1024kB (U) 1*2048kB (M) 0*4096kB = 3984kB
[  122.771786][ T9269] Node 0 DMA32: 623*4kB (MEH) 342*8kB (UMEH) 344*16kB (MEH) 219*32kB (UMH) 127*64kB (UMH) 53*128kB (UM) 0*256kB 0*512kB 0*1024kB 0*2048kB 0*4096kB = 32652kB
[  122.775799][ T9269] Node 1 DMA32: 637*4kB (MEH) 503*8kB (UMEH) 452*16kB (UMEH) 270*32kB (UMEH) 169*64kB (UME) 26*128kB (UME) 5*256kB (UM) 0*512kB 0*1024kB 0*2048kB 0*4096kB = 37868kB
[  122.800642][ T9269] Node 0 hugepages_total=0 hugepages_free=0 hugepages_surp=0 hugepages_size=1048576kB
[  122.802709][ T9269] Node 0 hugepages_total=2 hugepages_free=2 hugepages_surp=0 hugepages_size=2048kB
[  122.804702][ T9269] Node 1 hugepages_total=0 hugepages_free=0 hugepages_surp=0 hugepages_size=1048576kB
[  122.806686][ T9269] Node 1 hugepages_total=2 hugepages_free=2 hugepages_surp=0 hugepages_size=2048kB
[  122.860121][ T9269] 5361 total pagecache pages
[  122.861187][ T9269] 19 pages in swap cache
[  122.867907][ T9269] Free swap  = 0kB
[  122.868767][ T9269] Total swap = 124996kB
[  122.869674][ T9269] 524158 pages RAM
[  122.870477][ T9269] 0 pages HighMem/MovableOnly
[  122.871485][ T9269] 37581 pages reserved
[  122.872362][ T9269] 0 pages cma reserved
[  122.873236][ T9269] Unreclaimable slab info:
[  122.874175][ T9269] Name                      Used          Total
[  122.875509][ T9269] bio-312                    3KB          3KB
[  122.876808][ T9269] bio-376                    7KB          7KB
[  122.897511][ T9269] bio-392                    7KB          7KB
[  122.898893][ T9269] bio-448                    8KB          8KB
[  122.900225][ T9269] zs_handle                 19KB         20KB
[  122.901573][ T9269] SCTPv6                    62KB         62KB
[  122.902826][ T9269] RAWv6                     30KB         30KB
[  122.904118][ T9269] UDPv6                     47KB         47KB
[  122.905441][ T9269] TCPv6                     63KB         63KB
[  122.906709][ T9269] nf_conntrack              16KB         16KB
[  122.932080][ T9269] wg_peer                   63KB         63KB
[  122.933479][ T9269] scsi_sense_cache           8KB          8KB
[  122.934742][ T9269] bio-136                   31KB         31KB
[  122.936070][ T9269] drm_i915_gem_object         78KB         78KB
[  122.949807][ T9269] mqueue_inode_cache         32KB         32KB
[  122.951154][ T9269] cifs_small_rq             15KB         15KB
[  122.952496][ T9269] cifs_request              65KB         65KB
[  122.953789][ T9269] nfs_commit_data           15KB         15KB
[  122.955051][ T9269] UNIX                      63KB         63KB
[  122.956444][ T9269] ip_fib_trie               15KB         15KB
[  122.981760][ T9269] ip_fib_alias              43KB         43KB
[  122.983075][ T9269] PING                      32KB         32KB
[  122.984353][ T9269] RAW                       16KB         16KB
[  122.985617][ T9269] request_sock_TCP           3KB          3KB
[  122.986881][ T9269] TCP                       63KB         63KB
[  123.002235][ T9269] hugetlbfs_inode_cache         15KB         15KB
[  123.003823][ T9269] bio-264                   11KB         11KB
[  123.005101][ T9269] ep_head                    8KB          8KB
[  123.006449][ T9269] request_queue            111KB        111KB
[  123.027402][ T9269] bio-200                   28KB         28KB
[  123.028754][ T9269] biovec-max               320KB        320KB
[  123.030041][ T9269] biovec-128                64KB         64KB
[  123.031408][ T9269] biovec-64                 32KB         32KB
[  123.032695][ T9269] khugepaged_mm_slot          7KB          7KB
[  123.034012][ T9269] dmaengine-unmap-256         30KB         30KB
[  123.035362][ T9269] dmaengine-unmap-128         15KB         15KB
[  123.036703][ T9269] dmaengine-unmap-2         16KB         16KB
[  123.049177][ T9269] QIPCRTR                   15KB         15KB
[  123.050518][ T9269] audit_buffer               3KB          3KB
[  123.051810][ T9269] skbuff_ext_cache          23KB         23KB
[  123.053095][ T9269] skbuff_small_head         75KB        120KB
[  123.054401][ T9269] skbuff_head_cache         36KB         52KB
[  123.055681][ T9269] file_lock_cache            7KB          7KB
[  123.056967][ T9269] task_delay_info            7KB          7KB
[  123.069705][ T9269] taskstats                 15KB         15KB
[  123.071057][ T9269] proc_dir_entry           311KB        311KB
[  123.072360][ T9269] seq_file                   7KB          7KB
[  123.073670][ T9269] sigqueue                  11KB         11KB
[  123.074969][ T9269] shmem_inode_cache       4608KB       4608KB
[  123.076274][ T9269] kernfs_node_cache      12000KB      12000KB
[  123.098871][ T9269] mnt_cache                 82KB         82KB
[  123.100206][ T9269] filp                     172KB        212KB
[  123.101522][ T9269] names_cache              160KB        160KB
[  123.102826][ T9269] net_namespace             56KB         56KB
[  123.104123][ T9269] iint_cache                47KB         47KB
[  123.105433][ T9269] uts_namespace             15KB         15KB
[  123.106730][ T9269] nsproxy                    7KB          7KB
[  123.128782][ T9269] vma_lock                  74KB        111KB
[  123.130115][ T9269] files_cache               79KB         79KB
[  123.131533][ T9269] signal_cache             410KB        441KB
[  123.132827][ T9269] sighand_cache            734KB        835KB
[  123.134155][ T9269] task_struct             2040KB       2190KB
[  123.135465][ T9269] cred_jar                 400KB        531KB
[  123.136812][ T9269] anon_vma_chain            72KB        136KB
[  123.157756][ T9269] anon_vma                  62KB         95KB
[  123.159230][ T9269] pid                      180KB        180KB
[  123.160572][ T9269] Acpi-State              2450KB       2450KB
[  123.161843][ T9269] shared_policy_node         19KB         19KB
[  123.163268][ T9269] numa_policy              694KB        808KB
[  123.164614][ T9269] trace_event_file         336KB        336KB
[  123.165897][ T9269] ftrace_event_field        618KB        618KB
[  123.167232][ T9269] pool_workqueue           280KB        280KB
[  123.187411][ T9269] maple_node                83KB        148KB
[  123.188794][ T9269] task_group                15KB         15KB
[  123.190076][ T9269] mm_struct                 94KB         94KB
[  123.191469][ T9269] vmap_area                261KB        523KB
[  123.192742][ T9269] kmemleak_scan_area         79KB        148KB
[  123.194468][ T9269] kmemleak_object        68579KB      70507KB
[  123.195819][ T9269] kmalloc-cg-8k            384KB        384KB
[  123.197217][ T9269] kmalloc-cg-4k           5376KB       5376KB
[  123.205873][ T9269] kmalloc-cg-2k           3776KB       3776KB
[  123.207279][ T9269] kmalloc-cg-1k            882KB        896KB
[  123.209570][ T9269] kmalloc-cg-512           496KB        496KB
[  123.210852][ T9269] kmalloc-cg-256            20KB         20KB
[  123.212130][ T9269] kmalloc-cg-192            82KB         82KB
[  123.213491][ T9269] kmalloc-cg-128            96KB         96KB
[  123.214895][ T9269] kmalloc-cg-96             12KB         15KB
[  123.216398][ T9269] kmalloc-cg-64              8KB         12KB
[  123.225320][ T9269] kmalloc-cg-32              8KB         12KB
[  123.226719][ T9269] kmalloc-cg-16             13KB         16KB
[  123.228064][ T9269] kmalloc-cg-8               8KB          8KB
[  123.229423][ T9269] kmalloc-8k              1632KB       1632KB
[  123.230749][ T9269] kmalloc-4k              1604KB       1696KB
[  123.232073][ T9269] kmalloc-2k              1680KB       1728KB
[  123.233444][ T9269] kmalloc-1k              2650KB       2720KB
[  123.234796][ T9269] kmalloc-512             4917KB       4944KB
[  123.236175][ T9269] kmalloc-256             2436KB       2436KB
[  123.244597][ T9269] kmalloc-192              987KB        996KB
[  123.245963][ T9269] kmalloc-128              604KB        604KB
[  123.247240][ T9269] kmalloc-96              3022KB       3071KB
[  123.249194][ T9269] kmalloc-64              1463KB       1480KB
[  123.250484][ T9269] kmalloc-32               550KB        552KB
[  123.251795][ T9269] kmalloc-16               207KB        212KB
[  123.253254][ T9269] kmalloc-8                271KB        272KB
[  123.254704][ T9269] kmem_cache_node           38KB         40KB
[  123.256060][ T9269] kmem_cache                76KB         76KB
[  123.265599][ T9269] oom-kill:constraint=CONSTRAINT_NONE,nodemask=(null),cpuset=/,mems_allowed=0-1,global_oom,task_memcg=/system.slice/ssh.service,task=syz-executor,pid=9269,uid=0
[  123.269379][ T9269] Out of memory (oom_kill_allocating_task): Killed process 9269 (syz-executor) total-vm:123184kB, anon-rss:616kB, file-rss:132kB, shmem-rss:0kB, UID:0 pgtables:96kB oom_score_adj:0
[  123.569812][T10040] netdevsim netdevsim0 netdevsim3 (unregistering): unset [1, 0] type 2 family 0 port 6081 - 0
[  123.737887][T10040] netdevsim netdevsim0 netdevsim2 (unregistering): unset [1, 0] type 2 family 0 port 6081 - 0
[  123.878158][T10040] netdevsim netdevsim0 netdevsim1 (unregistering): unset [1, 0] type 2 family 0 port 6081 - 0
[  124.217912][T10040] netdevsim netdevsim0 netdevsim0 (unregistering): unset [1, 0] type 2 family 0 port 6081 - 0
[  125.645768][ T9262] sshd invoked oom-killer: gfp_mask=0x140cca(GFP_HIGHUSER_MOVABLE|__GFP_COMP), order=0, oom_score_adj=0
[  125.707717][ T9262] CPU: 0 PID: 9262 Comm: sshd Not tainted 6.6.0 #2
[  125.709155][ T9262] Hardware name: QEMU Standard PC (i440FX + PIIX, 1996), BIOS 1.15.0-1 04/01/2014
[  125.711192][ T9262] Call Trace:
[  125.711923][ T9262]  <TASK>
[  125.712574][ T9262]  dump_stack_lvl+0x72/0xa0
[  125.713588][ T9262]  dump_header+0x4c/0x290
[  125.714663][ T9262]  oom_kill_process+0x169/0x290
[  125.715774][ T9262]  out_of_memory+0x596/0x950
[  125.716899][ T9262]  __alloc_pages+0xe65/0xfc0
[  125.718021][ T9262]  alloc_pages+0xc9/0x1d0
[  125.718973][ T9262]  folio_alloc+0x20/0x70
[  125.719937][ T9262]  filemap_alloc_folio+0x1a0/0x1c0
[  125.721126][ T9262]  __filemap_get_folio+0x337/0x590
[  125.722320][ T9262]  filemap_fault+0x278/0x1160
[  125.723464][ T9262]  __do_fault+0x47/0xf0
[  125.724530][ T9262]  __handle_mm_fault+0x1c0d/0x2660
[  125.725821][ T9262]  handle_mm_fault+0x26a/0x690
[  125.727001][ T9262]  ? lock_mm_and_find_vma+0x89/0x3d0
[  125.728173][ T9262]  exc_page_fault+0x42d/0xd10
[  125.729199][ T9262]  asm_exc_page_fault+0x26/0x30
[  125.730350][ T9262] RIP: 0033:0x7f4eb4143d74
[  125.731321][ T9262] Code: Unable to access opcode bytes at 0x7f4eb4143d4a.
[  125.732786][ T9262] RSP: 002b:00007fffede43490 EFLAGS: 00010202
[  125.734059][ T9262] RAX: 0000000000000004 RBX: 0000000000000400 RCX: 00007fffede43440
[  125.735730][ T9262] RDX: 0000000000000000 RSI: 0000000000000000 RDI: 000055aaabff2040
[  125.737404][ T9262] RBP: 0000000000000003 R08: 0000000000000003 R09: 0000000000000001
[  125.739065][ T9262] R10: 00007f4eb3aceac0 R11: 0000000000000202 R12: 000055aaabff81b0
[  125.740721][ T9262] R13: 000055aaabff2040 R14: 00007f4eb36096f8 R15: 00007fffede434a8
[  125.742405][ T9262]  </TASK>
[  126.187450][T10700] syz.2.2: page allocation failure: order:0, mode:0xcc0(GFP_KERNEL), nodemask=(null),cpuset=syz2,mems_allowed=0-1
[  126.190244][T10700] CPU: 0 PID: 10700 Comm: syz.2.2 Not tainted 6.6.0 #2
[  126.191714][T10700] Hardware name: QEMU Standard PC (i440FX + PIIX, 1996), BIOS 1.15.0-1 04/01/2014
[  126.193655][T10700] Call Trace:
[  126.194370][T10700]  <TASK>
[  126.195019][T10700]  dump_stack_lvl+0x72/0xa0
[  126.196067][T10700]  warn_alloc+0x137/0x1b0
[  126.197034][T10700]  ? schedule_timeout+0xdb/0x1d0
[  126.198118][T10700]  __alloc_pages+0xf0f/0xfc0
[  126.199152][T10700]  alloc_pages+0xc9/0x1d0
[  126.200106][T10700]  relay_open_buf.part.0+0x186/0x4d0
[  126.201253][T10700]  relay_open+0x49a/0x540
[  126.202217][T10700]  do_blk_trace_setup+0x1e3/0x3a0
[  126.203343][T10700]  __blk_trace_setup+0x70/0x130
[  126.204425][T10700]  blk_trace_ioctl+0xab/0x1f0
[  126.205459][T10700]  ? do_vfs_ioctl+0xa3/0xca0
[  126.206494][T10700]  ? __pfx_blkdev_ioctl+0x10/0x10
[  126.207784][T10700]  blkdev_ioctl+0xa0/0x390
[  126.208806][T10700]  ? __pfx_blkdev_ioctl+0x10/0x10
[  126.209910][T10700]  __x64_sys_ioctl+0x107/0x150
[  126.210976][T10700]  do_syscall_64+0x3d/0xc0
[  126.211965][T10700]  entry_SYSCALL_64_after_hwframe+0x6f/0xd9
[  126.213259][T10700] RIP: 0033:0x7f5a1c7ae16d
[  126.214377][T10700] Code: Unable to access opcode bytes at 0x7f5a1c7ae143.
[  126.215866][T10700] RSP: 002b:00007f5a1d6fdf98 EFLAGS: 00000246 ORIG_RAX: 0000000000000010
[  126.217864][T10700] RAX: ffffffffffffffda RBX: 00007f5a1c9f5fa0 RCX: 00007f5a1c7ae16d
[  126.219769][T10700] RDX: 0000200000000280 RSI: 00000000c0481273 RDI: 0000000000000003
[  126.221449][T10700] RBP: 00007f5a1c8480f0 R08: 0000000000000000 R09: 0000000000000000
[  126.223095][T10700] R10: 0000000000000000 R11: 0000000000000246 R12: 0000000000000000
[  126.224767][T10700] R13: 00007f5a1c9f6038 R14: 00007f5a1c9f5fa0 R15: 00007f5a1d6de000
[  126.226450][T10700]  </TASK>
[  126.237412][ T9262] Mem-Info:
[  126.238133][ T9262] active_anon:4470 inactive_anon:2777 isolated_anon:0
[  126.238133][ T9262]  active_file:28 inactive_file:42 isolated_file:0
[  126.238133][ T9262]  unevictable:768 dirty:45 writeback:17
[  126.238133][ T9262]  slab_reclaimable:5136 slab_unreclaimable:40750
[  126.238133][ T9262]  mapped:10289 shmem:4903 pagetables:232
[  126.238133][ T9262]  sec_pagetables:0 bounce:0
[  126.238133][ T9262]  kernel_misc_reclaimable:0
[  126.238133][ T9262]  free:9079 free_pcp:1 free_cma:0
[  126.357406][ T9262] Node 0 active_anon:14012kB inactive_anon:7772kB active_file:56kB inactive_file:44kB unevictable:1536kB isolated(anon):0kB isolated(file):0kB mapped:12368kB dirty:100kB writeback:0kB shmem:16296kB shmem_thp:0kB shmem_pmdmapped:0kB anon_thp:0kB writeback_tmp:0kB kernel_stack:3672kB pagetables:504kB sec_pagetables:0kB all_unreclaimable? no
[  126.363876][ T9262] Node 1 active_anon:3132kB inactive_anon:4072kB active_file:52kB inactive_file:128kB unevictable:1536kB isolated(anon):0kB isolated(file):0kB mapped:28788kB dirty:80kB writeback:68kB shmem:3316kB shmem_thp:0kB shmem_pmdmapped:0kB anon_thp:0kB writeback_tmp:0kB kernel_stack:1560kB pagetables:424kB sec_pagetables:0kB all_unreclaimable? no
[  126.431994][T10700] Mem-Info:
[  126.432809][T10700] active_anon:4144 inactive_anon:3103 isolated_anon:0
[  126.432809][T10700]  active_file:32 inactive_file:38 isolated_file:0
[  126.432809][T10700]  unevictable:768 dirty:45 writeback:17
[  126.432809][T10700]  slab_reclaimable:5136 slab_unreclaimable:40750
[  126.432809][T10700]  mapped:10289 shmem:4903 pagetables:232
[  126.432809][T10700]  sec_pagetables:0 bounce:0
[  126.432809][T10700]  kernel_misc_reclaimable:0
[  126.432809][T10700]  free:9079 free_pcp:1 free_cma:0
[  126.497422][T10700] Node 0 active_anon:13608kB inactive_anon:8176kB active_file:16kB inactive_file:84kB unevictable:1536kB isolated(anon):0kB isolated(file):0kB mapped:12368kB dirty:88kB writeback:4kB shmem:16296kB shmem_thp:0kB shmem_pmdmapped:0kB anon_thp:0kB writeback_tmp:0kB kernel_stack:3672kB pagetables:504kB sec_pagetables:0kB all_unreclaimable? no
[  126.503860][T10700] Node 1 active_anon:3252kB inactive_anon:3952kB active_file:120kB inactive_file:60kB unevictable:1536kB isolated(anon):0kB isolated(file):0kB mapped:28736kB dirty:80kB writeback:60kB shmem:3316kB shmem_thp:0kB shmem_pmdmapped:0kB anon_thp:0kB writeback_tmp:0kB kernel_stack:1560kB pagetables:424kB sec_pagetables:0kB all_unreclaimable? no
[  126.586205][T10700] Node 0 DMA free:3712kB boost:0kB min:536kB low:668kB high:800kB reserved_highatomic:0KB active_anon:0kB inactive_anon:0kB active_file:0kB inactive_file:0kB unevictable:0kB writepending:0kB present:15992kB managed:15360kB mlocked:0kB bounce:0kB free_pcp:0kB local_pcp:0kB free_cma:0kB
[  126.638171][T10700] lowmem_reserve[]: 0 863 863 863 863
[  126.652589][T10700] Node 0 DMA32 free:15536kB boost:0kB min:30964kB low:38704kB high:46444kB reserved_highatomic:0KB active_anon:14420kB inactive_anon:7364kB active_file:276kB inactive_file:0kB unevictable:1536kB writepending:88kB present:1032192kB managed:900204kB mlocked:0kB bounce:0kB free_pcp:0kB local_pcp:0kB free_cma:0kB
[  126.722715][T10700] lowmem_reserve[]: 0 0 0 0 0
[  126.724780][T10700] Node 1 DMA32 free:17388kB boost:0kB min:36080kB low:45100kB high:54120kB reserved_highatomic:0KB active_anon:3672kB inactive_anon:3532kB active_file:52kB inactive_file:128kB unevictable:1536kB writepending:80kB present:1048448kB managed:1030744kB mlocked:0kB bounce:0kB free_pcp:0kB local_pcp:0kB free_cma:0kB
[  126.827472][T10700] lowmem_reserve[]: 0 0 0 0 0
[  126.828578][T10700] Node 0 DMA: 0*4kB 0*8kB 0*16kB 0*32kB 0*64kB 1*128kB (U) 0*256kB 1*512kB (U) 1*1024kB (U) 1*2048kB (M) 0*4096kB = 3712kB
[  126.831469][T10700] Node 0 DMA32: 533*4kB (UME) 283*8kB (UME) 239*16kB (UME) 115*32kB (UM) 48*64kB (UM) 5*128kB (U) 0*256kB 0*512kB 0*1024kB 0*2048kB 0*4096kB = 15612kB
[  126.834786][T10700] Node 1 DMA32: 290*4kB (UM) 228*8kB (UME) 246*16kB (UME) 136*32kB (UM) 89*64kB (UM) 4*128kB (UM) 0*256kB 0*512kB 0*1024kB 0*2048kB 0*4096kB = 17480kB
[  126.894466][ T9262] Node 0 DMA free:3712kB boost:0kB min:536kB low:668kB high:800kB reserved_highatomic:0KB active_anon:0kB inactive_anon:0kB active_file:0kB inactive_file:0kB unevictable:0kB writepending:0kB present:15992kB managed:15360kB mlocked:0kB bounce:0kB free_pcp:0kB local_pcp:0kB free_cma:0kB
[  126.922503][T10700] Node 0 hugepages_total=0 hugepages_free=0 hugepages_surp=0 hugepages_size=1048576kB
[  126.946303][T10700] Node 0 hugepages_total=2 hugepages_free=2 hugepages_surp=0 hugepages_size=2048kB
[  126.956752][T10700] Node 1 hugepages_total=0 hugepages_free=0 hugepages_surp=0 hugepages_size=1048576kB
[  126.961685][   T32] oom_reaper: reaped process 10700 (syz.2.2), now anon-rss:148kB, file-rss:20608kB, shmem-rss:0kB
[  126.968165][ T9262] lowmem_reserve[]: 0 863 863 863 863
[  126.969397][ T9262] Node 0 DMA32 free:15536kB boost:0kB min:30964kB low:38704kB high:46444kB reserved_highatomic:0KB active_anon:13384kB inactive_anon:8396kB active_file:0kB inactive_file:340kB unevictable:1536kB writepending:88kB present:1032192kB managed:900204kB mlocked:0kB bounce:0kB free_pcp:388kB local_pcp:16kB free_cma:0kB
[  126.975424][ T9262] lowmem_reserve[]: 0 0 0 0 0
[  126.976425][ T9262] Node 1 DMA32 free:18900kB boost:0kB min:36080kB low:45100kB high:54120kB reserved_highatomic:0KB active_anon:4436kB inactive_anon:2768kB active_file:52kB inactive_file:128kB unevictable:1536kB writepending:80kB present:1048448kB managed:1030744kB mlocked:0kB bounce:0kB free_pcp:512kB local_pcp:224kB free_cma:0kB
[  126.994000][T10700] Node 1 hugepages_total=2 hugepages_free=2 hugepages_surp=0 hugepages_size=2048kB
[  126.997262][T10700] 5019 total pagecache pages
[  127.001474][T10700] 46 pages in swap cache
[  127.002991][T10700] Free swap  = 636kB
[  127.004383][T10700] Total swap = 124996kB
[  127.005883][T10700] 524158 pages RAM
[  127.007232][T10700] 0 pages HighMem/MovableOnly
[  127.047403][T10700] 37581 pages reserved
[  127.048919][T10700] 0 pages cma reserved
[  127.127432][ T9262] lowmem_reserve[]: 0 0 0 0 0
[  127.129158][ T9262] Node 0 DMA: 0*4kB 0*8kB 0*16kB 0*32kB 0*64kB 1*128kB (U) 0*256kB 1*512kB (U) 1*1024kB (U) 1*2048kB (M) 0*4096kB = 3712kB
[  127.133742][ T9262] Node 0 DMA32: 860*4kB (UME) 480*8kB (UME) 293*16kB (UME) 136*32kB (UM) 59*64kB (UM) 18*128kB (U) 11*256kB (U) 13*512kB (U) 11*1024kB (U) 4*2048kB (U) 5*4096kB (U) = 71808kB
[  127.280807][ T9262] Node 1 DMA32: 205*4kB (UM) 266*8kB (UME) 277*16kB (UME) 164*32kB (UM) 121*64kB (UM) 36*128kB (UM) 33*256kB (U) 30*512kB (U) 24*1024kB (U) 23*2048kB (U) 21*4096kB (U) = 206484kB
[  127.337862][ T9262] Node 0 hugepages_total=0 hugepages_free=0 hugepages_surp=0 hugepages_size=1048576kB
[  127.341060][ T9262] Node 0 hugepages_total=2 hugepages_free=2 hugepages_surp=0 hugepages_size=2048kB
[  127.344145][ T9262] Node 1 hugepages_total=0 hugepages_free=0 hugepages_surp=0 hugepages_size=1048576kB
[  127.347290][ T9262] Node 1 hugepages_total=2 hugepages_free=2 hugepages_surp=0 hugepages_size=2048kB
[  127.360619][ T9262] 5818 total pagecache pages
[  127.362988][ T9262] 46 pages in swap cache
[  127.379853][ T9262] Free swap  = 28kB
[  127.382167][ T9262] Total swap = 124996kB
[  127.467389][ T9262] 524158 pages RAM
[  127.470810][ T9262] 0 pages HighMem/MovableOnly
[  127.471912][ T9262] 37581 pages reserved
[  127.472935][ T9262] 0 pages cma reserved
[  127.474016][ T9262] Unreclaimable slab info:
[  127.474972][ T9262] Name                      Used          Total
[  127.476300][ T9262] bio-312                    3KB          3KB
[  127.503771][ T9262] bio-376                    7KB          7KB
[  127.506211][ T9262] bio-392                    7KB          7KB
[  127.520634][ T9262] bio-448                    8KB          8KB
[  127.522558][ T9262] zs_handle                 16KB         20KB
[  127.523832][ T9262] SCTPv6                    62KB         62KB
[  127.525087][ T9262] RAWv6                     30KB         30KB
[  127.526436][ T9262] UDPv6                     47KB         47KB
[  127.551130][ T9262] TCPv6                     63KB         63KB
[  127.555684][ T9262] nf_conntrack              16KB         16KB
[  127.589724][ T9262] wg_peer                   63KB         63KB
[  127.607400][ T9262] scsi_sense_cache           8KB          8KB
[  127.608882][ T9262] bio-136                   31KB         31KB
[  127.610179][ T9262] drm_i915_gem_object         78KB         78KB
[  127.611844][ T9262] mqueue_inode_cache         32KB         32KB
[  127.613416][ T9262] cifs_small_rq             15KB         15KB
[  127.614819][ T9262] cifs_request              65KB         65KB
[  127.616232][ T9262] nfs_commit_data           15KB         15KB
[  127.657502][ T9262] UNIX                      63KB         63KB
[  127.658831][ T9262] ip_fib_trie               15KB         15KB
[  127.660378][ T9262] ip_fib_alias              43KB         43KB
[  127.661975][ T9262] PING                      32KB         32KB
[  127.663536][ T9262] RAW                       16KB         16KB
[  127.665116][ T9262] tw_sock_TCP                3KB          3KB
[  127.666423][ T9262] request_sock_TCP           3KB          3KB
[  127.757740][ T9262] TCP                       63KB         63KB
[  127.759378][ T9262] hugetlbfs_inode_cache         15KB         15KB
[  127.760721][ T9262] bio-264                   11KB         11KB
[  127.762007][ T9262] ep_head                    8KB          8KB
[  127.763656][ T9262] request_queue            111KB        111KB
[  127.764924][ T9262] bio-200                   28KB         28KB
[  127.766220][ T9262] biovec-max               320KB        320KB
[  127.838681][ T9262] biovec-128                64KB         64KB
[  127.840105][ T9262] biovec-64                 32KB         32KB
[  127.842098][ T9262] khugepaged_mm_slot          7KB          7KB
[  127.844080][ T9262] dmaengine-unmap-256         30KB         30KB
[  127.845734][ T9262] dmaengine-unmap-128         15KB         15KB
[  127.847084][ T9262] dmaengine-unmap-2         16KB         16KB
[  127.887391][ T9262] QIPCRTR                   15KB         15KB
[  127.888878][ T9262] audit_buffer               3KB          3KB
[  127.890613][ T9262] skbuff_ext_cache          23KB         23KB
[  127.892135][ T9262] skbuff_small_head         75KB        120KB
[  127.893652][ T9262] skbuff_head_cache         52KB         52KB
[  127.895229][ T9262] file_lock_cache            7KB          7KB
[  127.896730][ T9262] task_delay_info            7KB          7KB
[  127.987931][ T9262] taskstats                 15KB         15KB
[  127.990315][ T9262] proc_dir_entry           315KB        315KB
[  127.991901][ T9262] seq_file                   7KB          7KB
[  127.993164][ T9262] sigqueue                  11KB         11KB
[  127.994438][ T9262] shmem_inode_cache       4526KB       4592KB
[  127.995717][ T9262] kernfs_node_cache      11834KB      11888KB
[  127.997192][ T9262] mnt_cache                 82KB         82KB
[  128.009499][ T9262] filp                     151KB        208KB
[  128.012416][ T9262] names_cache              160KB        160KB
[  128.014323][ T9262] net_namespace             56KB         56KB
[  128.026357][ T9262] iint_cache                47KB         47KB
[  128.029780][ T9262] uts_namespace             15KB         15KB
[  128.035357][ T9262] nsproxy                    7KB          7KB
[  128.036736][ T9262] vma_lock                  83KB        103KB
[  128.060254][ T9262] files_cache               79KB         79KB
[  128.061963][ T9262] signal_cache             409KB        441KB
[  128.063246][ T9262] sighand_cache            732KB        835KB
[  128.064722][ T9262] task_struct             2070KB       2190KB
[  128.066329][ T9262] cred_jar                 442KB        504KB
[  128.085708][T10040] hsr_slave_0: left promiscuous mode
[  128.087588][T10040] hsr_slave_1: left promiscuous mode
[  128.089426][T10040] batman_adv: batadv0: Interface deactivated: batadv_slave_0
[  128.091126][T10040] batman_adv: batadv0: Removing interface: batadv_slave_0
[  128.093456][T10040] batman_adv: batadv0: Interface deactivated: batadv_slave_1
[  128.095321][T10040] batman_adv: batadv0: Removing interface: batadv_slave_1
[  128.098353][T10040] bridge_slave_1: left allmulticast mode
[  128.099669][T10040] bridge_slave_1: left promiscuous mode
[  128.101484][T10040] bridge0: port 2(bridge_slave_1) entered disabled state
[  128.119120][T10040] bridge_slave_0: left allmulticast mode
[  128.120576][T10040] bridge_slave_0: left promiscuous mode
[  128.121959][T10040] bridge0: port 1(bridge_slave_0) entered disabled state
[  128.127439][T10040] veth1_macvtap: left promiscuous mode
[  128.128843][T10040] veth0_macvtap: left promiscuous mode
[  128.130119][T10040] veth1_vlan: left promiscuous mode
[  128.131334][T10040] veth0_vlan: left promiscuous mode
[  128.156662][ T9262] anon_vma_chain           104KB        128KB
[  128.188320][ T9262] anon_vma                  94KB        102KB
[  128.192766][ T9262] pid                      167KB        180KB
[  128.194050][ T9262] Acpi-State                75KB        171KB
[  128.195353][ T9262] shared_policy_node         19KB         19KB
[  128.196662][ T9262] numa_policy              687KB        808KB
[  128.252900][ T9262] trace_event_file         336KB        336KB
[  128.254247][ T9262] ftrace_event_field        592KB        622KB
[  128.255564][ T9262] pool_workqueue           280KB        280KB
[  128.256849][ T9262] maple_node               105KB        144KB
[  128.302896][ T9262] task_group                15KB         15KB
[  128.304235][ T9262] mm_struct                 94KB         94KB
[  128.322191][ T9262] vmap_area                210KB        523KB
[  128.323543][ T9262] kmemleak_scan_area         74KB        148KB
[  128.328618][ T9262] kmemleak_object        64013KB      69416KB
[  128.330183][ T9262] kmalloc-cg-8k            384KB        384KB
[  128.331715][ T9262] kmalloc-cg-4k           4960KB       5412KB
[  128.333205][ T9262] kmalloc-cg-2k           3486KB       3776KB
[  128.348405][T10040] team0 (unregistering): Port device team_slave_1 removed
[  128.349491][ T9262] kmalloc-cg-1k            858KB        896KB
[  128.353949][ T9262] kmalloc-cg-512           448KB        496KB
[  128.355924][ T9262] kmalloc-cg-256            20KB         20KB
[  128.359297][T10040] team0 (unregistering): Port device team_slave_0 removed
[  128.366036][ T9262] kmalloc-cg-192            82KB         82KB
[  128.367951][ T9262] kmalloc-cg-128            88KB         96KB
[  128.369604][T10040] bond0 (unregistering): (slave bond_slave_1): Releasing backup interface
[  128.374946][T10040] bond0 (unregistering): (slave bond_slave_0): Releasing backup interface
[  128.377858][ T9262] kmalloc-cg-96             12KB         15KB
[  128.379142][ T9262] kmalloc-cg-64              8KB         12KB
[  128.384534][ T9262] kmalloc-cg-32              8KB         12KB
[  128.385863][ T9262] kmalloc-cg-16             13KB         16KB
[  128.392623][ T9262] kmalloc-cg-8               8KB          8KB
[  128.397460][ T9262] kmalloc-8k              1456KB       1632KB
[  128.398848][ T9262] kmalloc-4k              1632KB       1696KB
[  128.407537][ T9262] kmalloc-2k              1576KB       1728KB
[  128.410994][ T9262] kmalloc-1k              2597KB       2720KB
[  128.412376][ T9262] kmalloc-512             4417KB       4920KB
[  128.413672][ T9262] kmalloc-256             2323KB       2436KB
[  128.415436][T10040] bond0 (unregistering): Released all slaves
[  128.427405][ T9262] kmalloc-192              954KB        996KB
[  128.428745][ T9262] kmalloc-128              558KB        604KB
[  128.430019][ T9262] kmalloc-96              3004KB       3067KB
[  128.431380][ T9262] kmalloc-64              1423KB       1480KB
[  128.432670][ T9262] kmalloc-32               518KB        552KB
[  128.433960][ T9262] kmalloc-16               204KB        212KB
[  128.435247][ T9262] kmalloc-8                268KB        272KB
[  128.436548][ T9262] kmem_cache_node           38KB         40KB
[  128.450638][ T9262] kmem_cache                76KB         76KB
[  128.451966][ T9262] oom-kill:constraint=CONSTRAINT_NONE,nodemask=(null),cpuset=/,mems_allowed=0-1,global_oom,task_memcg=/system.slice/ssh.service,task=sshd,pid=9262,uid=0
[  128.455205][ T9262] Out of memory (oom_kill_allocating_task): Killed process 9262 (sshd) total-vm:13988kB, anon-rss:1268kB, file-rss:128kB, shmem-rss:0kB, UID:0 pgtables:68kB oom_score_adj:0
[  128.741382][T10040] netdevsim netdevsim3 netdevsim3 (unregistering): unset [1, 0] type 2 family 0 port 6081 - 0
[  128.904851][T10040] netdevsim netdevsim3 netdevsim2 (unregistering): unset [1, 0] type 2 family 0 port 6081 - 0
[  128.995212][T10040] netdevsim netdevsim3 netdevsim1 (unregistering): unset [1, 0] type 2 family 0 port 6081 - 0
[  129.031527][T10040] netdevsim netdevsim3 netdevsim0 (unregistering): unset [1, 0] type 2 family 0 port 6081 - 0
[  129.164720][T10040] netdevsim netdevsim2 netdevsim3 (unregistering): unset [1, 0] type 2 family 0 port 6081 - 0
[  129.212184][T10040] netdevsim netdevsim2 netdevsim2 (unregistering): unset [1, 0] type 2 family 0 port 6081 - 0
[  129.255310][T10040] netdevsim netdevsim2 netdevsim1 (unregistering): unset [1, 0] type 2 family 0 port 6081 - 0
[  129.302440][T10040] netdevsim netdevsim2 netdevsim0 (unregistering): unset [1, 0] type 2 family 0 port 6081 - 0
[  129.436940][T10040] netdevsim netdevsim1 netdevsim3 (unregistering): unset [1, 0] type 2 family 0 port 6081 - 0
[  129.549874][T10040] netdevsim netdevsim1 netdevsim2 (unregistering): unset [1, 0] type 2 family 0 port 6081 - 0
[  129.581096][T10040] netdevsim netdevsim1 netdevsim1 (unregistering): unset [1, 0] type 2 family 0 port 6081 - 0
[  129.688876][T10040] netdevsim netdevsim1 netdevsim0 (unregistering): unset [1, 0] type 2 family 0 port 6081 - 0
[  131.120336][T10040] hsr_slave_0: left promiscuous mode
