last executing test programs:

3.708387391s ago: executing program 3 (id=4):
r0 = socket$nl_netfilter(0x10, 0x3, 0xc)
sendmsg$IPCTNL_MSG_EXP_GET(r0, 0x0, 0x0)

3.631875475s ago: executing program 3 (id=5):
r0 = socket$nl_netfilter(0x10, 0x3, 0xc)
sendmsg$NFT_BATCH(r0, &(0x7f0000001a00)={0x0, 0x0, &(0x7f00000019c0)={&(0x7f00000001c0)={{0x14, 0x10, 0x1, 0x0, 0x0, {0x2}}, [@NFT_MSG_NEWTABLE={0x50, 0x0, 0xa, 0x301, 0x0, 0x0, {0x5, 0x0, 0x3}, [@NFTA_TABLE_HANDLE={0xc, 0x4, 0x1, 0x0, 0x1}, @NFTA_TABLE_NAME={0x9, 0x1, 'syz1\x00'}, @NFTA_TABLE_FLAGS={0x8, 0x2, 0x1, 0x0, 0x1}, @NFTA_TABLE_USERDATA={0x4}, @NFTA_TABLE_HANDLE={0xc, 0x4, 0x1, 0x0, 0x5}, @NFTA_TABLE_HANDLE={0xc, 0x4, 0x1, 0x0, 0x4}]}, @NFT_MSG_NEWSETELEM={0x20, 0xc, 0xa, 0x301, 0x0, 0x0, {0x0, 0x0, 0x4}, [@NFTA_SET_ELEM_LIST_SET={0x9, 0x2, 'syz2\x00'}]}], {0x14, 0x11, 0x1, 0x0, 0x0, {0x5}}}, 0x98}, 0x1, 0x0, 0x0, 0x40000}, 0x4008800)

3.630367618s ago: executing program 3 (id=6):
r0 = openat$nullb(0xffffffffffffff9c, &(0x7f0000000000), 0xa80, 0x0)
ioctl$HDIO_GETGEO(r0, 0x301, &(0x7f0000000040))
read(r0, 0x0, 0x0)

3.57238975s ago: executing program 3 (id=7):
setsockopt$inet_sctp6_SCTP_SOCKOPT_BINDX_REM(0xffffffffffffffff, 0x84, 0x65, 0x0, 0x0)

3.523431579s ago: executing program 3 (id=8):
r0 = syz_usb_connect_ath9k(0x3, 0x5a, &(0x7f0000000080)={{0x12, 0x1, 0x200, 0xff, 0xff, 0xff, 0x40, 0xcf3, 0x9271, 0x108, 0x1, 0x2, 0x3, 0x1, [{{0x9, 0x2, 0x48}}]}}, 0x0)
syz_usb_ep_write$ath9k_ep2(r0, 0x83, 0x0, 0x0)

2.911106355s ago: executing program 0 (id=1):
r0 = socket$nl_netfilter(0x10, 0x3, 0xc)
sendmsg$NFT_BATCH(r0, &(0x7f0000001480)={0x0, 0x0, &(0x7f0000001440)={&(0x7f0000000100)={{0x14, 0x10, 0x1, 0x0, 0x0, {0x3}}, [@NFT_MSG_DELSET={0x20, 0xb, 0xa, 0x401, 0x0, 0x0, {0x2, 0x0, 0x1}, [@NFTA_SET_HANDLE={0xc, 0x10, 0x1, 0x0, 0x5}]}, @NFT_MSG_NEWSETELEM={0x30, 0xc, 0xa, 0x301, 0x0, 0x0, {0x7, 0x0, 0x1}, [@NFTA_SET_ELEM_LIST_TABLE={0x9, 0x1, 'syz1\x00'}, @NFTA_SET_ELEM_LIST_SET_ID={0x8, 0x4, 0x1, 0x0, 0x1}, @NFTA_SET_ELEM_LIST_SET_ID={0x8, 0x4, 0x1, 0x0, 0x3}]}, @NFT_MSG_NEWRULE={0x3c, 0x6, 0xa, 0x801, 0x0, 0x0, {0x1, 0x0, 0x3}, [@NFTA_RULE_CHAIN_ID={0x8, 0xb, 0x1, 0x0, 0x3}, @NFTA_RULE_HANDLE={0xc, 0x3, 0x1, 0x0, 0x3}, @NFTA_RULE_USERDATA={0x14, 0x7, 0x1, 0x0, "f4d8d90ebb9ddca94a8561e4bd5707a9"}]}, @NFT_MSG_NEWSETELEM={0xe04, 0xc, 0xa, 0x101, 0x0, 0x0, {0x5, 0x0, 0x8}, [@NFTA_SET_ELEM_LIST_TABLE={0x9, 0x1, 'syz1\x00'}, @NFTA_SET_ELEM_LIST_SET_ID={0x8, 0x4, 0x1, 0x0, 0x3}, @NFTA_SET_ELEM_LIST_ELEMENTS={0xddc, 0x3, 0x0, 0x1, [{0x1c, 0x0, 0x0, 0x1, [@NFTA_SET_ELEM_EXPIRATION={0xc, 0x5, 0x1, 0x0, 0x10001}, @NFTA_SET_ELEM_OBJREF={0x9, 0x9, 'syz0\x00'}]}, {0x18, 0x0, 0x0, 0x1, [@NFTA_SET_ELEM_EXPRESSIONS={0x14, 0xb, 0x0, 0x1, [{0x10, 0x1, 0x0, 0x1, @bitwise={{0xc}, @void}}]}]}, {0x9c, 0x0, 0x0, 0x1, [@NFTA_SET_ELEM_EXPIRATION={0xc, 0x5, 0x1, 0x0, 0x8}, @NFTA_SET_ELEM_EXPR={0xc, 0x7, 0x0, 0x1, @dup_ipv4={{0x8}, @void}}, @NFTA_SET_ELEM_DATA={0x74, 0x2, 0x0, 0x1, [@NFTA_DATA_VERDICT={0x4c, 0x2, 0x0, 0x1, [@NFTA_VERDICT_CHAIN_ID={0x8, 0x3, 0x1, 0x0, 0x1}, @NFTA_VERDICT_CODE={0x8, 0x1, 0x0, 0x1, 0xfffffffffffffffe}, @NFTA_VERDICT_CHAIN={0x9, 0x2, 'syz2\x00'}, @NFTA_VERDICT_CODE={0x8, 0x1, 0x0, 0x1, 0xfffffffffffffffd}, @NFTA_VERDICT_CHAIN_ID={0x8, 0x3, 0x1, 0x0, 0x3}, @NFTA_VERDICT_CODE={0x8, 0x1, 0x0, 0x1, 0xfffffffffffffffb}, @NFTA_VERDICT_CHAIN_ID={0x8, 0x3, 0x1, 0x0, 0x4}, @NFTA_VERDICT_CHAIN={0x9, 0x2, 'syz1\x00'}]}, @NFTA_DATA_VERDICT={0x10, 0x2, 0x0, 0x1, [@NFTA_VERDICT_CHAIN={0x9, 0x2, 'syz2\x00'}]}, @NFTA_DATA_VERDICT={0x14, 0x2, 0x0, 0x1, [@NFTA_VERDICT_CODE={0x8, 0x1, 0x0, 0x1, 0xffffffffffffffff}, @NFTA_VERDICT_CODE={0x8, 0x1, 0x0, 0x1, 0xfffffffffffffffd}]}]}, @NFTA_SET_ELEM_OBJREF={0x9, 0x9, 'syz2\x00'}]}, {0x24, 0x0, 0x0, 0x1, [@NFTA_SET_ELEM_OBJREF={0x9, 0x9, 'syz2\x00'}, @NFTA_SET_ELEM_FLAGS={0x8, 0x3, 0x1, 0x0, 0x2}, @NFTA_SET_ELEM_TIMEOUT={0xc, 0x4, 0x1, 0x0, 0x1}]}, {0x840, 0x0, 0x0, 0x1, [@NFTA_SET_ELEM_KEY_END={0x364, 0xa, 0x0, 0x1, [@NFTA_DATA_VERDICT={0x34, 0x2, 0x0, 0x1, [@NFTA_VERDICT_CHAIN_ID={0x8, 0x3, 0x1, 0x0, 0x2}, @NFTA_VERDICT_CODE={0x8, 0x1, 0x0, 0x1, 0xfffffffffffffffe}, @NFTA_VERDICT_CHAIN={0x9, 0x2, 'syz0\x00'}, @NFTA_VERDICT_CHAIN={0x9, 0x2, 'syz1\x00'}, @NFTA_VERDICT_CODE={0x8, 0x1, 0x0, 0x1, 0xfffffffffffffffd}]}, @NFTA_DATA_VALUE={0xa3, 0x1, "ae4a9abc424d616936da37a6bfed7fb59fd85ff948b87b9afaf1fa24ec8c6c38b9927f1b8ebf10448ea367433eedbc4e969f79cfcf6feed092e593915d47d3a492586990180d5cdc8472840eca533fd7d6d281a724426a19c8f11eea9d597d830b5ff814a09f48ff07bca543501718b749bcfe77649471f661317b28f7df5412024bb92b56942c3c26b65d4b36670cb3e7ca1db622ffbde055bae93188e44c"}, @NFTA_DATA_VERDICT={0x38, 0x2, 0x0, 0x1, [@NFTA_VERDICT_CHAIN_ID={0x8, 0x3, 0x1, 0x0, 0x1}, @NFTA_VERDICT_CHAIN_ID={0x8, 0x3, 0x1, 0x0, 0x4}, @NFTA_VERDICT_CODE={0x8, 0x1, 0x0, 0x1, 0xfffffffffffffffb}, @NFTA_VERDICT_CHAIN={0x9, 0x2, 'syz0\x00'}, @NFTA_VERDICT_CODE={0x8, 0x1, 0x0, 0x1, 0xfffffffffffffffc}, @NFTA_VERDICT_CODE={0x8, 0x1, 0x0, 0x1, 0xfffffffffffffffc}]}, @NFTA_DATA_VERDICT={0x30, 0x2, 0x0, 0x1, [@NFTA_VERDICT_CHAIN={0x9, 0x2, 'syz0\x00'}, @NFTA_VERDICT_CODE={0x8, 0x1, 0x0, 0x1, 0xfffffffffffffffd}, @NFTA_VERDICT_CHAIN_ID={0x8, 0x3, 0x1, 0x0, 0x4}, @NFTA_VERDICT_CODE={0x8}, @NFTA_VERDICT_CHAIN_ID={0x8, 0x3, 0x1, 0x0, 0x3}]}, @NFTA_DATA_VERDICT={0x38, 0x2, 0x0, 0x1, [@NFTA_VERDICT_CHAIN={0x9, 0x2, 'syz1\x00'}, @NFTA_VERDICT_CODE={0x8, 0x1, 0x0, 0x1, 0xfffffffffffffffd}, @NFTA_VERDICT_CHAIN_ID={0x8, 0x3, 0x1, 0x0, 0x4}, @NFTA_VERDICT_CODE={0x8, 0x1, 0x0, 0x1, 0xfffffffffffffffd}, @NFTA_VERDICT_CHAIN_ID={0x8, 0x3, 0x1, 0x0, 0x1}, @NFTA_VERDICT_CHAIN_ID={0x8, 0x3, 0x1, 0x0, 0x4}]}, @NFTA_DATA_VALUE={0xb5, 0x1, "61d9437f3db1a17f6238db8b01041006d275726a33e550c23882adea25e99e76f7abc8e0da59d324e3e39b99d988eefb3d6cf471a46cc658a5a355afd142928fc8595a0b16473e94e707386ab2b4c8cbb90508ff1b4de5d99911e25e7de0c5809566dc61356d3dd6c59814cc68f97d8bff74d6b870d1af960290bc0d9cd5197e4bd58141e7c2f6a302bc4d37ef72afcb0c0ed9a7413dfaf5a27e9f4496e271c25bfa217e869fe9952f727349df391247ca"}, @NFTA_DATA_VERDICT={0x44, 0x2, 0x0, 0x1, [@NFTA_VERDICT_CODE={0x8, 0x1, 0x0, 0x1, 0xfffffffffffffffd}, @NFTA_VERDICT_CODE={0x8, 0x1, 0x0, 0x1, 0x5}, @NFTA_VERDICT_CHAIN_ID={0x8, 0x3, 0x1, 0x0, 0x4}, @NFTA_VERDICT_CHAIN_ID={0x8, 0x3, 0x1, 0x0, 0x2}, @NFTA_VERDICT_CHAIN_ID={0x8, 0x3, 0x1, 0x0, 0x4}, @NFTA_VERDICT_CHAIN={0x9, 0x2, 'syz0\x00'}, @NFTA_VERDICT_CHAIN={0x9, 0x2, 'syz1\x00'}]}, @NFTA_DATA_VALUE={0xcd, 0x1, "893f1b157fcdaeaa331fecfb3c3ca5863df538df48ac9263f21fd3beb0bb813b288420da999ae337341894eb533f72a2acdd672c553f7c59b1bf3b0c40287413447f6427252125a12eafa99fa725ff14954736274dd9845948d6f11f6781be534c7846d2e46b32c059e541cd36eb65375dcb70b522cf4f8cee6fb98ead0e66242d04fd0795a643b5d653ea0eb0ce5850797315280d174276e65a290817abc57e5d24eb9c5af3e4de6e117f729ea00f831e23ef1d787fbeb48e4ba3a62ffc3ead39884edf3b512d2194"}, @NFTA_DATA_VERDICT={0xc, 0x2, 0x0, 0x1, [@NFTA_VERDICT_CODE={0x8, 0x1, 0x0, 0x1, 0xfffffffffffffffb}]}, @NFTA_DATA_VERDICT={0x10, 0x2, 0x0, 0x1, [@NFTA_VERDICT_CHAIN={0x9, 0x2, 'syz1\x00'}]}]}, @NFTA_SET_ELEM_KEY_END={0x270, 0xa, 0x0, 0x1, [@NFTA_DATA_VALUE={0x7a, 0x1, "9b908ab78e139d37bad75feafe90b017b4072c460a5f3855e1148e6b0fa8dbb6208c9bf9fea7e931df747ebe4ce7c29b933b00fdc01b7fe7cfd5e6f391bc9e835d59f1415fe9b3b843b13e0bc49b7a5f091baf044be81e06b328c32cbad5508e9c4ee9c1a11062e21589ff64a5dfdf512902e0018b16"}, @NFTA_DATA_VALUE={0xf1, 0x1, "8c2d27b358ea2ea8793617bcca8f33139bb3b865b01986ff10e6ba6bf38ec3c1305b361233516316f670968dd0ef014ecc1d917ff6b706c3032e3ce0e2121f4291334003a1298d24fc3eea6c32c1cf4514dc4f553837b4dbec18a07b1dec55762460fa3aa9bfb94c490fa2cc2b11d26e0957aaa733d56fd8fd8d0dbd73df400f494ac989211e384a9c8cc2b1e741dedbdbfe8e0dca03fd016d4caf7f845f1eab175d23101cb34aa82a7ae2746b47fe6f2136ebbdc38d6158573a0a5bd1e579b5bf5c0b80b42daa9acbfcde7b042d17734b63ac0a8d3f173b805457bfa9d5b334cb54c38f3346ab39f3671f0521"}, @NFTA_DATA_VALUE={0x8d, 0x1, "8966b24be02c7862e238a997c5cbdb8d65a7663e814e79a0e98d263e0e5fecd76fd926562d9911b056aec6672b2f9f0ca522bc33dd78120fab6fe775806b68773aa864a7955a97bcaef5902ffe75bd39a5f6cc9b0b3a5689ba666c67188353a8845f7dda9c4210cfd76481292b55a985419e6e12a75ccdc24a6d7844e6ddefa74810e4e75046163773"}, @NFTA_DATA_VERDICT={0x28, 0x2, 0x0, 0x1, [@NFTA_VERDICT_CHAIN={0x9, 0x2, 'syz1\x00'}, @NFTA_VERDICT_CHAIN={0x9, 0x2, 'syz2\x00'}, @NFTA_VERDICT_CHAIN={0x9, 0x2, 'syz0\x00'}]}, @NFTA_DATA_VERDICT={0x44, 0x2, 0x0, 0x1, [@NFTA_VERDICT_CHAIN_ID={0x8, 0x3, 0x1, 0x0, 0x2}, @NFTA_VERDICT_CODE={0x8, 0x1, 0x0, 0x1, 0xfffffffffffffffd}, @NFTA_VERDICT_CODE={0x8, 0x1, 0x0, 0x1, 0xffffffffffffffff}, @NFTA_VERDICT_CODE={0x8, 0x1, 0x0, 0x1, 0xfffffffffffffffc}, @NFTA_VERDICT_CHAIN={0x9, 0x2, 'syz1\x00'}, @NFTA_VERDICT_CHAIN_ID={0x8, 0x3, 0x1, 0x0, 0x2}, @NFTA_VERDICT_CHAIN={0x9, 0x2, 'syz2\x00'}]}]}, @NFTA_SET_ELEM_USERDATA={0xfd, 0x6, 0x1, 0x0, "ebba89253860827617c2fe3d9445ce2bd9b80f2e1f94d444e5e209cbbb7a500a72484934938dd851c876f8ff2482655a35110bede0a1849159605f178d626781bd681e4e87dc1fe2dc92bd45c8b039100ae5ddc2ef627261e18b38babbaa6ea451e32b3bd3d829bdc50f08b760fc49740a786f21bb129b700e509ebf19a681e3356377504c0655f9953f37ac93b208f611b4ffda5e0a781ddce4bb5a9fc89d7ff862c8c0510e2ea9a01cf023f8ab26da57e6d3e62774bd92c653735c127c4f291688f4982df4f7e75aab76f40ac30a99d45af35bdd741134293cb0a96362b67334c4d8871453b9370ef1f5ad13c6a8aa93d245852e980772eb"}, @NFTA_SET_ELEM_KEY={0x144, 0x1, 0x0, 0x1, [@NFTA_DATA_VERDICT={0x34, 0x2, 0x0, 0x1, [@NFTA_VERDICT_CODE={0x8, 0x1, 0x0, 0x1, 0xfffffffffffffffc}, @NFTA_VERDICT_CHAIN={0x9, 0x2, 'syz2\x00'}, @NFTA_VERDICT_CHAIN={0x9, 0x2, 'syz1\x00'}, @NFTA_VERDICT_CODE={0x8}, @NFTA_VERDICT_CODE={0x8}]}, @NFTA_DATA_VALUE={0xf5, 0x1, "267f05227b8555bdb57b91fcfa87b433bc8d86dabd943f6dddd3595644ee64e1134437fc337e9be4227c9e506a46899d4b84dfecb96461a58698a3973eb6a51a6c0067e4610c71e84d057cc4e9963899911d13482aa183da525965a9603be9dd046680e40332af0361de724463598116a685b9093690226456892572a34c7cf0617c5bfb7bf70a72742f3983af1508942bcb5d53bb35eea381dcb8a3bc08838c1852df185a636d12aeff995c106bae54fa54889ea7dbe529cac05f9d3d8ad3c2f247d2745ecf018723f58c989f15fd983dbdf7adf9f1a90ab8f4f541c96651294427013789adc1dddcca112ab3aa253013"}, @NFTA_DATA_VERDICT={0x14, 0x2, 0x0, 0x1, [@NFTA_VERDICT_CHAIN_ID={0x8, 0x3, 0x1, 0x0, 0x1}, @NFTA_VERDICT_CHAIN_ID={0x8, 0x3, 0x1, 0x0, 0x1}]}]}, @NFTA_SET_ELEM_OBJREF={0x9, 0x9, 'syz2\x00'}, @NFTA_SET_ELEM_KEY={0x4}, @NFTA_SET_ELEM_EXPIRATION={0xc, 0x5, 0x1, 0x0, 0x5}, @NFTA_SET_ELEM_FLAGS={0x8, 0x3, 0x1, 0x0, 0x1}]}, {0x4a4, 0x0, 0x0, 0x1, [@NFTA_SET_ELEM_EXPR={0x10, 0x7, 0x0, 0x1, @lookup={{0xb}, @void}}, @NFTA_SET_ELEM_DATA={0x160, 0x2, 0x0, 0x1, [@NFTA_DATA_VALUE={0xc5, 0x1, "1a6ce77d20c070d5e6517257aa55a67cdadece8d5f8f38be13836d7d3bac70bbf3ddf703c19a006b66cd02a16c50fe8b3efe5521f617c7df57beca131b6de453b8fb87542f8536ac0beb004c5f2346454c59f749bf1dc0f42715d25d33a5105e947828b20ca742a6bed4c24ebedbbd5eb55493f250a35ae8ad5d7eaf5bdbc088d5387c7a21462e61bae5516cc098c2d931233639bc052091e9e3d204dfc490312cb288071cd9ad3cc1772b4e12a25a0bd1c2f8845e201a3bd7ecfebbd04b66a784"}, @NFTA_DATA_VALUE={0x5d, 0x1, "3ae32f726ac58991d8f9279b5471c62a8b1d263864a21c565610eff08a95625dc30d540e49d6325ff8b22a75c3d84bd4486d9559782833bf5c890dfd0e07c4d78f834ea9081d025a57898713e6efdb09cdf8ad670b220ed7d8"}, @NFTA_DATA_VERDICT={0xc, 0x2, 0x0, 0x1, [@NFTA_VERDICT_CODE={0x8, 0x1, 0x0, 0x1, 0xfffffffffffffffe}]}, @NFTA_DATA_VERDICT={0x4}, @NFTA_DATA_VERDICT={0x24, 0x2, 0x0, 0x1, [@NFTA_VERDICT_CHAIN={0x9, 0x2, 'syz2\x00'}, @NFTA_VERDICT_CODE={0x8, 0x1, 0x0, 0x1, 0xfffffffffffffffe}, @NFTA_VERDICT_CHAIN={0x9, 0x2, 'syz0\x00'}]}]}, @NFTA_SET_ELEM_DATA={0x330, 0x2, 0x0, 0x1, [@NFTA_DATA_VERDICT={0x38, 0x2, 0x0, 0x1, [@NFTA_VERDICT_CHAIN_ID={0x8, 0x3, 0x1, 0x0, 0x3}, @NFTA_VERDICT_CHAIN={0x9, 0x2, 'syz1\x00'}, @NFTA_VERDICT_CODE={0x8, 0x1, 0x0, 0x1, 0xfffffffffffffffc}, @NFTA_VERDICT_CHAIN_ID={0x8, 0x3, 0x1, 0x0, 0x1}, @NFTA_VERDICT_CHAIN_ID={0x8, 0x3, 0x1, 0x0, 0x4}, @NFTA_VERDICT_CODE={0x8, 0x1, 0x0, 0x1, 0xfffffffffffffffb}]}, @NFTA_DATA_VALUE={0xad, 0x1, "bdb5604877320cf212b5d24b415031ecef3c9f07f383466de9d06f908aa9f2001bdad28fbb245159a42dd26433b31a6fc37593daa0f9162706228c4661285bd60856b70ae5b7955f522230edf7c0d9126973237cc731f159975d1fbc621935b19799e671ce32ea13e85c13a2d75b89a53e334aa0785f6ab5af97e9156ee07cb1ce7342286600dfe0bded91fe30e41269d0655dc0d720eb590633f8fa45fca66bf0477f4637d8d8a004"}, @NFTA_DATA_VALUE={0xc1, 0x1, "2f4bee88fd6df57a3ef695e171c5f39eca09eaa304840ee8decd5afe6a1fd8898647f76264c44b29919ea21cbb16c16176ed7b2051c9eb47bb419afe9c55127729444344fd4d7b9a261cae033b45a19f6cc9af7cb513e944359b0b4e2dbeb396bd02bf6cbe78584b09ff916802455802c199d2ac03e1dae511827b38cd50b0d4de29906a798206ae382022078e9bc7cc4224eeb56181eb5f839dae8c908a15bb5ac278a3a790c783885bedf31852c2f53b78034157621e0b1f653c960f"}, @NFTA_DATA_VALUE={0xfd, 0x1, "13293dbcd5e1e172c3f19660923def1aecdf06ef046b254f7efd175d0b0956719bd0c6697195e7b9998455d9935b8284f93cc208af5d44e8ebd09209c8b354d45580af0b00fda851307150e851069de0480125a0b5d6c80493ef798aca2d4d5894ab2187684068546de55afbe2567ef45f6d86d22302e7e03667815ab0a178aa24aa95de3669a0a93dace1f87578a98094b778760a03c3c742668704e5179b3e6f70320a397e7395563f65d2a3e3c9c007dd0a3b698e9682ea16e04ec841357ae1a46ca618be751e66e3777653acd22852a715540066249489516e3d7d5f50f6aee6aa2f333c4c94c0343b47cb1ba33aaaaf99a27d55d49d3d"}, @NFTA_DATA_VALUE={0x45, 0x1, "6b8688c54cee7ab0efe6881071d2fa51a31d6482e2e9a8451525dd6059d52518901402060d1191b28778dad320b3c3143b283030198ba183de7a7396be4cb7d749"}, @NFTA_DATA_VERDICT={0x2c, 0x2, 0x0, 0x1, [@NFTA_VERDICT_CHAIN={0x9, 0x2, 'syz1\x00'}, @NFTA_VERDICT_CHAIN_ID={0x8, 0x3, 0x1, 0x0, 0x2}, @NFTA_VERDICT_CODE={0x8, 0x1, 0x0, 0x1, 0xfffffffffffffffe}, @NFTA_VERDICT_CHAIN={0x9, 0x2, 'syz1\x00'}]}, @NFTA_DATA_VALUE={0x9, 0x1, "10a148fd0d"}]}]}]}]}], {0x14, 0x11, 0x1, 0x0, 0x0, {0x7}}}, 0xeb8}, 0x1, 0x0, 0x0, 0x4}, 0x48010)

2.909410706s ago: executing program 2 (id=3):
r0 = syz_usb_connect_ath9k(0x3, 0x5a, &(0x7f0000000080)={{0x12, 0x1, 0x200, 0xff, 0xff, 0xff, 0x40, 0xcf3, 0x9271, 0x108, 0x1, 0x2, 0x3, 0x1, [{{0x9, 0x2, 0x48}}]}}, 0x0)
syz_usb_ep_write$ath9k_ep2(r0, 0x83, 0x8, &(0x7f0000000100)=@generic={0x5, 0x2, 0x0, "171169f5"})

2.84085836s ago: executing program 0 (id=9):
read(0xffffffffffffffff, 0x0, 0x0)

2.838179169s ago: executing program 0 (id=10):
r0 = syz_usb_connect_ath9k(0x3, 0x5a, &(0x7f0000000080)={{0x12, 0x1, 0x200, 0xff, 0xff, 0xff, 0x40, 0xcf3, 0x9271, 0x108, 0x1, 0x2, 0x3, 0x1, [{{0x9, 0x2, 0x48}}]}}, 0x0)
syz_usb_ep_write$ath9k_ep2(r0, 0x83, 0x8, &(0x7f0000000100)=@generic={0x5, 0x2, 0x0, "171169f5"})

1.043091356s ago: executing program 3 (id=11):
r0 = syz_open_dev$loop(&(0x7f0000000000), 0x7fffffff, 0x4200)
ioctl$TIOCGPGRP(0xffffffffffffffff, 0x540f, &(0x7f0000000040)=<r1=>0x0)
ioctl$BLKTRACESETUP(r0, 0xc0481273, &(0x7f0000000080)={'\x00', 0x5, 0x1eaa1ee8, 0x8, 0x6, 0x8, r1})

786.005314ms ago: executing program 1 (id=13):
r0 = socket$nl_netfilter(0x10, 0x3, 0xc)
sendmsg$NFT_BATCH(r0, &(0x7f0000001a00)={0x0, 0x0, &(0x7f00000019c0)={&(0x7f00000001c0)={{0x14, 0x10, 0x1, 0x0, 0x0, {0x2}}, [@NFT_MSG_NEWTABLE={0x50, 0x0, 0xa, 0x301, 0x0, 0x0, {0x5, 0x0, 0x3}, [@NFTA_TABLE_HANDLE={0xc, 0x4, 0x1, 0x0, 0x1}, @NFTA_TABLE_NAME={0x9, 0x1, 'syz1\x00'}, @NFTA_TABLE_FLAGS={0x8, 0x2, 0x1, 0x0, 0x1}, @NFTA_TABLE_USERDATA={0x4}, @NFTA_TABLE_HANDLE={0xc, 0x4, 0x1, 0x0, 0x5}, @NFTA_TABLE_HANDLE={0xc, 0x4, 0x1, 0x0, 0x4}]}, @NFT_MSG_NEWSETELEM={0x20, 0xc, 0xa, 0x301, 0x0, 0x0, {0x0, 0x0, 0x4}, [@NFTA_SET_ELEM_LIST_SET={0x9, 0x2, 'syz2\x00'}]}], {0x14, 0x11, 0x1, 0x0, 0x0, {0x5}}}, 0x98}, 0x1, 0x0, 0x0, 0x40000}, 0x4008800)

712.539668ms ago: executing program 1 (id=14):
r0 = openat$nullb(0xffffffffffffff9c, &(0x7f0000000000), 0xa80, 0x0)
ioctl$HDIO_GETGEO(r0, 0x301, &(0x7f0000000040))
read(r0, 0x0, 0x0)

687.38256ms ago: executing program 1 (id=15):
setsockopt$inet_sctp6_SCTP_SOCKOPT_BINDX_REM(0xffffffffffffffff, 0x84, 0x65, 0x0, 0x0)

582.199846ms ago: executing program 1 (id=16):
r0 = socket$nl_netfilter(0x10, 0x3, 0xc)
sendmsg$IPCTNL_MSG_EXP_GET(r0, 0x0, 0x0)

521.485444ms ago: executing program 1 (id=17):
r0 = socket$nl_netfilter(0x10, 0x3, 0xc)
sendmsg$NFT_BATCH(r0, &(0x7f0000001480)={0x0, 0x0, &(0x7f0000001440)={&(0x7f0000000100)={{0x14, 0x10, 0x1, 0x0, 0x0, {0x3}}, [@NFT_MSG_DELSET={0x20, 0xb, 0xa, 0x401, 0x0, 0x0, {0x2, 0x0, 0x1}, [@NFTA_SET_HANDLE={0xc, 0x10, 0x1, 0x0, 0x5}]}, @NFT_MSG_NEWSETELEM={0x30, 0xc, 0xa, 0x301, 0x0, 0x0, {0x7, 0x0, 0x1}, [@NFTA_SET_ELEM_LIST_TABLE={0x9, 0x1, 'syz1\x00'}, @NFTA_SET_ELEM_LIST_SET_ID={0x8, 0x4, 0x1, 0x0, 0x1}, @NFTA_SET_ELEM_LIST_SET_ID={0x8, 0x4, 0x1, 0x0, 0x3}]}, @NFT_MSG_NEWRULE={0x3c, 0x6, 0xa, 0x801, 0x0, 0x0, {0x1, 0x0, 0x3}, [@NFTA_RULE_CHAIN_ID={0x8, 0xb, 0x1, 0x0, 0x3}, @NFTA_RULE_HANDLE={0xc, 0x3, 0x1, 0x0, 0x3}, @NFTA_RULE_USERDATA={0x14, 0x7, 0x1, 0x0, "f4d8d90ebb9ddca94a8561e4bd5707a9"}]}, @NFT_MSG_NEWSETELEM={0xe08, 0xc, 0xa, 0x101, 0x0, 0x0, {0x5, 0x0, 0x8}, [@NFTA_SET_ELEM_LIST_TABLE={0x9, 0x1, 'syz1\x00'}, @NFTA_SET_ELEM_LIST_SET_ID={0x8, 0x4, 0x1, 0x0, 0x3}, @NFTA_SET_ELEM_LIST_ELEMENTS={0xde0, 0x3, 0x0, 0x1, [{0x1c, 0x0, 0x0, 0x1, [@NFTA_SET_ELEM_EXPIRATION={0xc, 0x5, 0x1, 0x0, 0x10001}, @NFTA_SET_ELEM_OBJREF={0x9, 0x9, 'syz0\x00'}]}, {0x18, 0x0, 0x0, 0x1, [@NFTA_SET_ELEM_EXPRESSIONS={0x14, 0xb, 0x0, 0x1, [{0x10, 0x1, 0x0, 0x1, @bitwise={{0xc}, @void}}]}]}, {0x9c, 0x0, 0x0, 0x1, [@NFTA_SET_ELEM_EXPIRATION={0xc, 0x5, 0x1, 0x0, 0x8}, @NFTA_SET_ELEM_EXPR={0xc, 0x7, 0x0, 0x1, @dup_ipv4={{0x8}, @void}}, @NFTA_SET_ELEM_DATA={0x74, 0x2, 0x0, 0x1, [@NFTA_DATA_VERDICT={0x4c, 0x2, 0x0, 0x1, [@NFTA_VERDICT_CHAIN_ID={0x8, 0x3, 0x1, 0x0, 0x1}, @NFTA_VERDICT_CODE={0x8, 0x1, 0x0, 0x1, 0xfffffffffffffffe}, @NFTA_VERDICT_CHAIN={0x9, 0x2, 'syz2\x00'}, @NFTA_VERDICT_CODE={0x8, 0x1, 0x0, 0x1, 0xfffffffffffffffd}, @NFTA_VERDICT_CHAIN_ID={0x8, 0x3, 0x1, 0x0, 0x3}, @NFTA_VERDICT_CODE={0x8, 0x1, 0x0, 0x1, 0xfffffffffffffffb}, @NFTA_VERDICT_CHAIN_ID={0x8, 0x3, 0x1, 0x0, 0x4}, @NFTA_VERDICT_CHAIN={0x9, 0x2, 'syz1\x00'}]}, @NFTA_DATA_VERDICT={0x10, 0x2, 0x0, 0x1, [@NFTA_VERDICT_CHAIN={0x9, 0x2, 'syz2\x00'}]}, @NFTA_DATA_VERDICT={0x14, 0x2, 0x0, 0x1, [@NFTA_VERDICT_CODE={0x8, 0x1, 0x0, 0x1, 0xffffffffffffffff}, @NFTA_VERDICT_CODE={0x8, 0x1, 0x0, 0x1, 0xfffffffffffffffd}]}]}, @NFTA_SET_ELEM_OBJREF={0x9, 0x9, 'syz2\x00'}]}, {0x24, 0x0, 0x0, 0x1, [@NFTA_SET_ELEM_OBJREF={0x9, 0x9, 'syz2\x00'}, @NFTA_SET_ELEM_FLAGS={0x8, 0x3, 0x1, 0x0, 0x2}, @NFTA_SET_ELEM_TIMEOUT={0xc, 0x4, 0x1, 0x0, 0x1}]}, {0x844, 0x0, 0x0, 0x1, [@NFTA_SET_ELEM_KEY_END={0x368, 0xa, 0x0, 0x1, [@NFTA_DATA_VERDICT={0x34, 0x2, 0x0, 0x1, [@NFTA_VERDICT_CHAIN_ID={0x8, 0x3, 0x1, 0x0, 0x2}, @NFTA_VERDICT_CODE={0x8, 0x1, 0x0, 0x1, 0xfffffffffffffffe}, @NFTA_VERDICT_CHAIN={0x9, 0x2, 'syz0\x00'}, @NFTA_VERDICT_CHAIN={0x9, 0x2, 'syz1\x00'}, @NFTA_VERDICT_CODE={0x8, 0x1, 0x0, 0x1, 0xfffffffffffffffd}]}, @NFTA_DATA_VALUE={0xa3, 0x1, "ae4a9abc424d616936da37a6bfed7fb59fd85ff948b87b9afaf1fa24ec8c6c38b9927f1b8ebf10448ea367433eedbc4e969f79cfcf6feed092e593915d47d3a492586990180d5cdc8472840eca533fd7d6d281a724426a19c8f11eea9d597d830b5ff814a09f48ff07bca543501718b749bcfe77649471f661317b28f7df5412024bb92b56942c3c26b65d4b36670cb3e7ca1db622ffbde055bae93188e44c"}, @NFTA_DATA_VERDICT={0x38, 0x2, 0x0, 0x1, [@NFTA_VERDICT_CHAIN_ID={0x8, 0x3, 0x1, 0x0, 0x1}, @NFTA_VERDICT_CHAIN_ID={0x8, 0x3, 0x1, 0x0, 0x4}, @NFTA_VERDICT_CODE={0x8, 0x1, 0x0, 0x1, 0xfffffffffffffffb}, @NFTA_VERDICT_CHAIN={0x9, 0x2, 'syz0\x00'}, @NFTA_VERDICT_CODE={0x8, 0x1, 0x0, 0x1, 0xfffffffffffffffc}, @NFTA_VERDICT_CODE={0x8, 0x1, 0x0, 0x1, 0xfffffffffffffffc}]}, @NFTA_DATA_VERDICT={0x34, 0x2, 0x0, 0x1, [@NFTA_VERDICT_CHAIN={0x9, 0x2, 'syz0\x00'}, @NFTA_VERDICT_CHAIN={0x9, 0x2, 'syz0\x00'}, @NFTA_VERDICT_CHAIN_ID={0x8, 0x3, 0x1, 0x0, 0x4}, @NFTA_VERDICT_CODE={0x8}, @NFTA_VERDICT_CHAIN_ID={0x8, 0x3, 0x1, 0x0, 0x3}]}, @NFTA_DATA_VERDICT={0x38, 0x2, 0x0, 0x1, [@NFTA_VERDICT_CHAIN={0x9, 0x2, 'syz1\x00'}, @NFTA_VERDICT_CODE={0x8, 0x1, 0x0, 0x1, 0xfffffffffffffffd}, @NFTA_VERDICT_CHAIN_ID={0x8, 0x3, 0x1, 0x0, 0x4}, @NFTA_VERDICT_CODE={0x8, 0x1, 0x0, 0x1, 0xfffffffffffffffd}, @NFTA_VERDICT_CHAIN_ID={0x8, 0x3, 0x1, 0x0, 0x1}, @NFTA_VERDICT_CHAIN_ID={0x8, 0x3, 0x1, 0x0, 0x4}]}, @NFTA_DATA_VALUE={0xb5, 0x1, "61d9437f3db1a17f6238db8b01041006d275726a33e550c23882adea25e99e76f7abc8e0da59d324e3e39b99d988eefb3d6cf471a46cc658a5a355afd142928fc8595a0b16473e94e707386ab2b4c8cbb90508ff1b4de5d99911e25e7de0c5809566dc61356d3dd6c59814cc68f97d8bff74d6b870d1af960290bc0d9cd5197e4bd58141e7c2f6a302bc4d37ef72afcb0c0ed9a7413dfaf5a27e9f4496e271c25bfa217e869fe9952f727349df391247ca"}, @NFTA_DATA_VERDICT={0x44, 0x2, 0x0, 0x1, [@NFTA_VERDICT_CODE={0x8, 0x1, 0x0, 0x1, 0xfffffffffffffffd}, @NFTA_VERDICT_CODE={0x8, 0x1, 0x0, 0x1, 0x5}, @NFTA_VERDICT_CHAIN_ID={0x8, 0x3, 0x1, 0x0, 0x4}, @NFTA_VERDICT_CHAIN_ID={0x8, 0x3, 0x1, 0x0, 0x2}, @NFTA_VERDICT_CHAIN_ID={0x8, 0x3, 0x1, 0x0, 0x4}, @NFTA_VERDICT_CHAIN={0x9, 0x2, 'syz0\x00'}, @NFTA_VERDICT_CHAIN={0x9, 0x2, 'syz1\x00'}]}, @NFTA_DATA_VALUE={0xcd, 0x1, "893f1b157fcdaeaa331fecfb3c3ca5863df538df48ac9263f21fd3beb0bb813b288420da999ae337341894eb533f72a2acdd672c553f7c59b1bf3b0c40287413447f6427252125a12eafa99fa725ff14954736274dd9845948d6f11f6781be534c7846d2e46b32c059e541cd36eb65375dcb70b522cf4f8cee6fb98ead0e66242d04fd0795a643b5d653ea0eb0ce5850797315280d174276e65a290817abc57e5d24eb9c5af3e4de6e117f729ea00f831e23ef1d787fbeb48e4ba3a62ffc3ead39884edf3b512d2194"}, @NFTA_DATA_VERDICT={0xc, 0x2, 0x0, 0x1, [@NFTA_VERDICT_CODE={0x8, 0x1, 0x0, 0x1, 0xfffffffffffffffb}]}, @NFTA_DATA_VERDICT={0x10, 0x2, 0x0, 0x1, [@NFTA_VERDICT_CHAIN={0x9, 0x2, 'syz1\x00'}]}]}, @NFTA_SET_ELEM_KEY_END={0x270, 0xa, 0x0, 0x1, [@NFTA_DATA_VALUE={0x7a, 0x1, "9b908ab78e139d37bad75feafe90b017b4072c460a5f3855e1148e6b0fa8dbb6208c9bf9fea7e931df747ebe4ce7c29b933b00fdc01b7fe7cfd5e6f391bc9e835d59f1415fe9b3b843b13e0bc49b7a5f091baf044be81e06b328c32cbad5508e9c4ee9c1a11062e21589ff64a5dfdf512902e0018b16"}, @NFTA_DATA_VALUE={0xf1, 0x1, "8c2d27b358ea2ea8793617bcca8f33139bb3b865b01986ff10e6ba6bf38ec3c1305b361233516316f670968dd0ef014ecc1d917ff6b706c3032e3ce0e2121f4291334003a1298d24fc3eea6c32c1cf4514dc4f553837b4dbec18a07b1dec55762460fa3aa9bfb94c490fa2cc2b11d26e0957aaa733d56fd8fd8d0dbd73df400f494ac989211e384a9c8cc2b1e741dedbdbfe8e0dca03fd016d4caf7f845f1eab175d23101cb34aa82a7ae2746b47fe6f2136ebbdc38d6158573a0a5bd1e579b5bf5c0b80b42daa9acbfcde7b042d17734b63ac0a8d3f173b805457bfa9d5b334cb54c38f3346ab39f3671f0521"}, @NFTA_DATA_VALUE={0x8d, 0x1, "8966b24be02c7862e238a997c5cbdb8d65a7663e814e79a0e98d263e0e5fecd76fd926562d9911b056aec6672b2f9f0ca522bc33dd78120fab6fe775806b68773aa864a7955a97bcaef5902ffe75bd39a5f6cc9b0b3a5689ba666c67188353a8845f7dda9c4210cfd76481292b55a985419e6e12a75ccdc24a6d7844e6ddefa74810e4e75046163773"}, @NFTA_DATA_VERDICT={0x28, 0x2, 0x0, 0x1, [@NFTA_VERDICT_CHAIN={0x9, 0x2, 'syz1\x00'}, @NFTA_VERDICT_CHAIN={0x9, 0x2, 'syz2\x00'}, @NFTA_VERDICT_CHAIN={0x9, 0x2, 'syz0\x00'}]}, @NFTA_DATA_VERDICT={0x44, 0x2, 0x0, 0x1, [@NFTA_VERDICT_CHAIN_ID={0x8, 0x3, 0x1, 0x0, 0x2}, @NFTA_VERDICT_CODE={0x8, 0x1, 0x0, 0x1, 0xfffffffffffffffd}, @NFTA_VERDICT_CODE={0x8, 0x1, 0x0, 0x1, 0xffffffffffffffff}, @NFTA_VERDICT_CODE={0x8, 0x1, 0x0, 0x1, 0xfffffffffffffffc}, @NFTA_VERDICT_CHAIN={0x9, 0x2, 'syz1\x00'}, @NFTA_VERDICT_CHAIN_ID={0x8, 0x3, 0x1, 0x0, 0x2}, @NFTA_VERDICT_CHAIN={0x9, 0x2, 'syz2\x00'}]}]}, @NFTA_SET_ELEM_USERDATA={0xfd, 0x6, 0x1, 0x0, "ebba89253860827617c2fe3d9445ce2bd9b80f2e1f94d444e5e209cbbb7a500a72484934938dd851c876f8ff2482655a35110bede0a1849159605f178d626781bd681e4e87dc1fe2dc92bd45c8b039100ae5ddc2ef627261e18b38babbaa6ea451e32b3bd3d829bdc50f08b760fc49740a786f21bb129b700e509ebf19a681e3356377504c0655f9953f37ac93b208f611b4ffda5e0a781ddce4bb5a9fc89d7ff862c8c0510e2ea9a01cf023f8ab26da57e6d3e62774bd92c653735c127c4f291688f4982df4f7e75aab76f40ac30a99d45af35bdd741134293cb0a96362b67334c4d8871453b9370ef1f5ad13c6a8aa93d245852e980772eb"}, @NFTA_SET_ELEM_KEY={0x144, 0x1, 0x0, 0x1, [@NFTA_DATA_VERDICT={0x34, 0x2, 0x0, 0x1, [@NFTA_VERDICT_CODE={0x8, 0x1, 0x0, 0x1, 0xfffffffffffffffc}, @NFTA_VERDICT_CHAIN={0x9, 0x2, 'syz2\x00'}, @NFTA_VERDICT_CHAIN={0x9, 0x2, 'syz1\x00'}, @NFTA_VERDICT_CODE={0x8}, @NFTA_VERDICT_CODE={0x8}]}, @NFTA_DATA_VALUE={0xf5, 0x1, "267f05227b8555bdb57b91fcfa87b433bc8d86dabd943f6dddd3595644ee64e1134437fc337e9be4227c9e506a46899d4b84dfecb96461a58698a3973eb6a51a6c0067e4610c71e84d057cc4e9963899911d13482aa183da525965a9603be9dd046680e40332af0361de724463598116a685b9093690226456892572a34c7cf0617c5bfb7bf70a72742f3983af1508942bcb5d53bb35eea381dcb8a3bc08838c1852df185a636d12aeff995c106bae54fa54889ea7dbe529cac05f9d3d8ad3c2f247d2745ecf018723f58c989f15fd983dbdf7adf9f1a90ab8f4f541c96651294427013789adc1dddcca112ab3aa253013"}, @NFTA_DATA_VERDICT={0x14, 0x2, 0x0, 0x1, [@NFTA_VERDICT_CHAIN_ID={0x8, 0x3, 0x1, 0x0, 0x1}, @NFTA_VERDICT_CHAIN_ID={0x8, 0x3, 0x1, 0x0, 0x1}]}]}, @NFTA_SET_ELEM_OBJREF={0x9, 0x9, 'syz2\x00'}, @NFTA_SET_ELEM_KEY={0x4}, @NFTA_SET_ELEM_EXPIRATION={0xc, 0x5, 0x1, 0x0, 0x5}, @NFTA_SET_ELEM_FLAGS={0x8, 0x3, 0x1, 0x0, 0x1}]}, {0x4a4, 0x0, 0x0, 0x1, [@NFTA_SET_ELEM_EXPR={0x10, 0x7, 0x0, 0x1, @lookup={{0xb}, @void}}, @NFTA_SET_ELEM_DATA={0x160, 0x2, 0x0, 0x1, [@NFTA_DATA_VALUE={0xc5, 0x1, "1a6ce77d20c070d5e6517257aa55a67cdadece8d5f8f38be13836d7d3bac70bbf3ddf703c19a006b66cd02a16c50fe8b3efe5521f617c7df57beca131b6de453b8fb87542f8536ac0beb004c5f2346454c59f749bf1dc0f42715d25d33a5105e947828b20ca742a6bed4c24ebedbbd5eb55493f250a35ae8ad5d7eaf5bdbc088d5387c7a21462e61bae5516cc098c2d931233639bc052091e9e3d204dfc490312cb288071cd9ad3cc1772b4e12a25a0bd1c2f8845e201a3bd7ecfebbd04b66a784"}, @NFTA_DATA_VALUE={0x5d, 0x1, "3ae32f726ac58991d8f9279b5471c62a8b1d263864a21c565610eff08a95625dc30d540e49d6325ff8b22a75c3d84bd4486d9559782833bf5c890dfd0e07c4d78f834ea9081d025a57898713e6efdb09cdf8ad670b220ed7d8"}, @NFTA_DATA_VERDICT={0xc, 0x2, 0x0, 0x1, [@NFTA_VERDICT_CODE={0x8, 0x1, 0x0, 0x1, 0xfffffffffffffffe}]}, @NFTA_DATA_VERDICT={0x4}, @NFTA_DATA_VERDICT={0x24, 0x2, 0x0, 0x1, [@NFTA_VERDICT_CHAIN={0x9, 0x2, 'syz2\x00'}, @NFTA_VERDICT_CODE={0x8, 0x1, 0x0, 0x1, 0xfffffffffffffffe}, @NFTA_VERDICT_CHAIN={0x9, 0x2, 'syz0\x00'}]}]}, @NFTA_SET_ELEM_DATA={0x330, 0x2, 0x0, 0x1, [@NFTA_DATA_VERDICT={0x38, 0x2, 0x0, 0x1, [@NFTA_VERDICT_CHAIN_ID={0x8, 0x3, 0x1, 0x0, 0x3}, @NFTA_VERDICT_CHAIN={0x9, 0x2, 'syz1\x00'}, @NFTA_VERDICT_CODE={0x8, 0x1, 0x0, 0x1, 0xfffffffffffffffc}, @NFTA_VERDICT_CHAIN_ID={0x8, 0x3, 0x1, 0x0, 0x1}, @NFTA_VERDICT_CHAIN_ID={0x8, 0x3, 0x1, 0x0, 0x4}, @NFTA_VERDICT_CODE={0x8, 0x1, 0x0, 0x1, 0xfffffffffffffffb}]}, @NFTA_DATA_VALUE={0xad, 0x1, "bdb5604877320cf212b5d24b415031ecef3c9f07f383466de9d06f908aa9f2001bdad28fbb245159a42dd26433b31a6fc37593daa0f9162706228c4661285bd60856b70ae5b7955f522230edf7c0d9126973237cc731f159975d1fbc621935b19799e671ce32ea13e85c13a2d75b89a53e334aa0785f6ab5af97e9156ee07cb1ce7342286600dfe0bded91fe30e41269d0655dc0d720eb590633f8fa45fca66bf0477f4637d8d8a004"}, @NFTA_DATA_VALUE={0xc1, 0x1, "2f4bee88fd6df57a3ef695e171c5f39eca09eaa304840ee8decd5afe6a1fd8898647f76264c44b29919ea21cbb16c16176ed7b2051c9eb47bb419afe9c55127729444344fd4d7b9a261cae033b45a19f6cc9af7cb513e944359b0b4e2dbeb396bd02bf6cbe78584b09ff916802455802c199d2ac03e1dae511827b38cd50b0d4de29906a798206ae382022078e9bc7cc4224eeb56181eb5f839dae8c908a15bb5ac278a3a790c783885bedf31852c2f53b78034157621e0b1f653c960f"}, @NFTA_DATA_VALUE={0xfd, 0x1, "13293dbcd5e1e172c3f19660923def1aecdf06ef046b254f7efd175d0b0956719bd0c6697195e7b9998455d9935b8284f93cc208af5d44e8ebd09209c8b354d45580af0b00fda851307150e851069de0480125a0b5d6c80493ef798aca2d4d5894ab2187684068546de55afbe2567ef45f6d86d22302e7e03667815ab0a178aa24aa95de3669a0a93dace1f87578a98094b778760a03c3c742668704e5179b3e6f70320a397e7395563f65d2a3e3c9c007dd0a3b698e9682ea16e04ec841357ae1a46ca618be751e66e3777653acd22852a715540066249489516e3d7d5f50f6aee6aa2f333c4c94c0343b47cb1ba33aaaaf99a27d55d49d3d"}, @NFTA_DATA_VALUE={0x45, 0x1, "6b8688c54cee7ab0efe6881071d2fa51a31d6482e2e9a8451525dd6059d52518901402060d1191b28778dad320b3c3143b283030198ba183de7a7396be4cb7d749"}, @NFTA_DATA_VERDICT={0x2c, 0x2, 0x0, 0x1, [@NFTA_VERDICT_CHAIN={0x9, 0x2, 'syz1\x00'}, @NFTA_VERDICT_CHAIN_ID={0x8, 0x3, 0x1, 0x0, 0x2}, @NFTA_VERDICT_CODE={0x8, 0x1, 0x0, 0x1, 0xfffffffffffffffe}, @NFTA_VERDICT_CHAIN={0x9, 0x2, 'syz1\x00'}]}, @NFTA_DATA_VALUE={0x9, 0x1, "10a148fd0d"}]}]}]}]}], {0x14, 0x11, 0x1, 0x0, 0x0, {0x7}}}, 0xebc}, 0x1, 0x0, 0x0, 0x4}, 0x48010)

520.395204ms ago: executing program 1 (id=18):
r0 = syz_usb_connect_ath9k(0x3, 0x5a, &(0x7f0000000080)={{0x12, 0x1, 0x200, 0xff, 0xff, 0xff, 0x40, 0xcf3, 0x9271, 0x108, 0x1, 0x2, 0x3, 0x1, [{{0x9, 0x2, 0x48}}]}}, 0x0)
syz_usb_ep_write$ath9k_ep2(r0, 0x83, 0x15, &(0x7f0000000100)=@generic={0x5, 0x2, 0xd, "171169f5", "adff7919f3ade5e3f79accd11e"})

67.065194ms ago: executing program 2 (id=19):
r0 = openat$nullb(0xffffffffffffff9c, 0x0, 0xa80, 0x0)
read(r0, 0x0, 0x0)

9.512209ms ago: executing program 0 (id=27):
r0 = socket$nl_netfilter(0x10, 0x3, 0xc)
sendmsg$NFT_BATCH(r0, &(0x7f0000001480)={0x0, 0x0, &(0x7f0000001440)={&(0x7f0000000100)={{0x14, 0x10, 0x1, 0x0, 0x0, {0x3}}, [@NFT_MSG_DELSET={0x20, 0xb, 0xa, 0x401, 0x0, 0x0, {0x2, 0x0, 0x1}, [@NFTA_SET_HANDLE={0xc, 0x10, 0x1, 0x0, 0x5}]}, @NFT_MSG_NEWSETELEM={0x30, 0xc, 0xa, 0x301, 0x0, 0x0, {0x7, 0x0, 0x1}, [@NFTA_SET_ELEM_LIST_TABLE={0x9, 0x1, 'syz1\x00'}, @NFTA_SET_ELEM_LIST_SET_ID={0x8, 0x4, 0x1, 0x0, 0x1}, @NFTA_SET_ELEM_LIST_SET_ID={0x8, 0x4, 0x1, 0x0, 0x3}]}, @NFT_MSG_NEWRULE={0x3c, 0x6, 0xa, 0x801, 0x0, 0x0, {0x1, 0x0, 0x3}, [@NFTA_RULE_CHAIN_ID={0x8, 0xb, 0x1, 0x0, 0x3}, @NFTA_RULE_HANDLE={0xc, 0x3, 0x1, 0x0, 0x3}, @NFTA_RULE_USERDATA={0x14, 0x7, 0x1, 0x0, "f4d8d90ebb9ddca94a8561e4bd5707a9"}]}, @NFT_MSG_NEWSETELEM={0xe08, 0xc, 0xa, 0x101, 0x0, 0x0, {0x5, 0x0, 0x8}, [@NFTA_SET_ELEM_LIST_TABLE={0x9, 0x1, 'syz1\x00'}, @NFTA_SET_ELEM_LIST_SET_ID={0x8, 0x4, 0x1, 0x0, 0x3}, @NFTA_SET_ELEM_LIST_ELEMENTS={0xde0, 0x3, 0x0, 0x1, [{0x1c, 0x0, 0x0, 0x1, [@NFTA_SET_ELEM_EXPIRATION={0xc, 0x5, 0x1, 0x0, 0x10001}, @NFTA_SET_ELEM_OBJREF={0x9, 0x9, 'syz0\x00'}]}, {0x18, 0x0, 0x0, 0x1, [@NFTA_SET_ELEM_EXPRESSIONS={0x14, 0xb, 0x0, 0x1, [{0x10, 0x1, 0x0, 0x1, @bitwise={{0xc}, @void}}]}]}, {0x9c, 0x0, 0x0, 0x1, [@NFTA_SET_ELEM_EXPIRATION={0xc, 0x5, 0x1, 0x0, 0x8}, @NFTA_SET_ELEM_EXPR={0xc, 0x7, 0x0, 0x1, @dup_ipv4={{0x8}, @void}}, @NFTA_SET_ELEM_DATA={0x74, 0x2, 0x0, 0x1, [@NFTA_DATA_VERDICT={0x4c, 0x2, 0x0, 0x1, [@NFTA_VERDICT_CHAIN_ID={0x8, 0x3, 0x1, 0x0, 0x1}, @NFTA_VERDICT_CODE={0x8, 0x1, 0x0, 0x1, 0xfffffffffffffffe}, @NFTA_VERDICT_CHAIN={0x9, 0x2, 'syz2\x00'}, @NFTA_VERDICT_CODE={0x8, 0x1, 0x0, 0x1, 0xfffffffffffffffd}, @NFTA_VERDICT_CHAIN_ID={0x8, 0x3, 0x1, 0x0, 0x3}, @NFTA_VERDICT_CODE={0x8, 0x1, 0x0, 0x1, 0xfffffffffffffffb}, @NFTA_VERDICT_CHAIN_ID={0x8, 0x3, 0x1, 0x0, 0x4}, @NFTA_VERDICT_CHAIN={0x9, 0x2, 'syz1\x00'}]}, @NFTA_DATA_VERDICT={0x10, 0x2, 0x0, 0x1, [@NFTA_VERDICT_CHAIN={0x9, 0x2, 'syz2\x00'}]}, @NFTA_DATA_VERDICT={0x14, 0x2, 0x0, 0x1, [@NFTA_VERDICT_CODE={0x8, 0x1, 0x0, 0x1, 0xffffffffffffffff}, @NFTA_VERDICT_CODE={0x8, 0x1, 0x0, 0x1, 0xfffffffffffffffd}]}]}, @NFTA_SET_ELEM_OBJREF={0x9, 0x9, 'syz2\x00'}]}, {0x24, 0x0, 0x0, 0x1, [@NFTA_SET_ELEM_OBJREF={0x9, 0x9, 'syz2\x00'}, @NFTA_SET_ELEM_FLAGS={0x8, 0x3, 0x1, 0x0, 0x2}, @NFTA_SET_ELEM_TIMEOUT={0xc, 0x4, 0x1, 0x0, 0x1}]}, {0x844, 0x0, 0x0, 0x1, [@NFTA_SET_ELEM_KEY_END={0x368, 0xa, 0x0, 0x1, [@NFTA_DATA_VERDICT={0x34, 0x2, 0x0, 0x1, [@NFTA_VERDICT_CHAIN_ID={0x8, 0x3, 0x1, 0x0, 0x2}, @NFTA_VERDICT_CODE={0x8, 0x1, 0x0, 0x1, 0xfffffffffffffffe}, @NFTA_VERDICT_CHAIN={0x9, 0x2, 'syz0\x00'}, @NFTA_VERDICT_CHAIN={0x9, 0x2, 'syz1\x00'}, @NFTA_VERDICT_CODE={0x8, 0x1, 0x0, 0x1, 0xfffffffffffffffd}]}, @NFTA_DATA_VALUE={0xa3, 0x1, "ae4a9abc424d616936da37a6bfed7fb59fd85ff948b87b9afaf1fa24ec8c6c38b9927f1b8ebf10448ea367433eedbc4e969f79cfcf6feed092e593915d47d3a492586990180d5cdc8472840eca533fd7d6d281a724426a19c8f11eea9d597d830b5ff814a09f48ff07bca543501718b749bcfe77649471f661317b28f7df5412024bb92b56942c3c26b65d4b36670cb3e7ca1db622ffbde055bae93188e44c"}, @NFTA_DATA_VERDICT={0x38, 0x2, 0x0, 0x1, [@NFTA_VERDICT_CHAIN_ID={0x8, 0x3, 0x1, 0x0, 0x1}, @NFTA_VERDICT_CHAIN_ID={0x8, 0x3, 0x1, 0x0, 0x4}, @NFTA_VERDICT_CODE={0x8, 0x1, 0x0, 0x1, 0xfffffffffffffffb}, @NFTA_VERDICT_CHAIN={0x9, 0x2, 'syz0\x00'}, @NFTA_VERDICT_CODE={0x8, 0x1, 0x0, 0x1, 0xfffffffffffffffc}, @NFTA_VERDICT_CODE={0x8, 0x1, 0x0, 0x1, 0xfffffffffffffffc}]}, @NFTA_DATA_VERDICT={0x34, 0x2, 0x0, 0x1, [@NFTA_VERDICT_CHAIN={0x9, 0x2, 'syz0\x00'}, @NFTA_VERDICT_CHAIN={0x9, 0x2, 'syz0\x00'}, @NFTA_VERDICT_CHAIN_ID={0x8, 0x3, 0x1, 0x0, 0x4}, @NFTA_VERDICT_CODE={0x8}, @NFTA_VERDICT_CHAIN_ID={0x8, 0x3, 0x1, 0x0, 0x3}]}, @NFTA_DATA_VERDICT={0x38, 0x2, 0x0, 0x1, [@NFTA_VERDICT_CHAIN={0x9, 0x2, 'syz1\x00'}, @NFTA_VERDICT_CODE={0x8, 0x1, 0x0, 0x1, 0xfffffffffffffffd}, @NFTA_VERDICT_CHAIN_ID={0x8, 0x3, 0x1, 0x0, 0x4}, @NFTA_VERDICT_CODE={0x8, 0x1, 0x0, 0x1, 0xfffffffffffffffd}, @NFTA_VERDICT_CHAIN_ID={0x8, 0x3, 0x1, 0x0, 0x1}, @NFTA_VERDICT_CHAIN_ID={0x8, 0x3, 0x1, 0x0, 0x4}]}, @NFTA_DATA_VALUE={0xb5, 0x1, "61d9437f3db1a17f6238db8b01041006d275726a33e550c23882adea25e99e76f7abc8e0da59d324e3e39b99d988eefb3d6cf471a46cc658a5a355afd142928fc8595a0b16473e94e707386ab2b4c8cbb90508ff1b4de5d99911e25e7de0c5809566dc61356d3dd6c59814cc68f97d8bff74d6b870d1af960290bc0d9cd5197e4bd58141e7c2f6a302bc4d37ef72afcb0c0ed9a7413dfaf5a27e9f4496e271c25bfa217e869fe9952f727349df391247ca"}, @NFTA_DATA_VERDICT={0x44, 0x2, 0x0, 0x1, [@NFTA_VERDICT_CODE={0x8, 0x1, 0x0, 0x1, 0xfffffffffffffffd}, @NFTA_VERDICT_CODE={0x8, 0x1, 0x0, 0x1, 0x5}, @NFTA_VERDICT_CHAIN_ID={0x8, 0x3, 0x1, 0x0, 0x4}, @NFTA_VERDICT_CHAIN_ID={0x8, 0x3, 0x1, 0x0, 0x2}, @NFTA_VERDICT_CHAIN_ID={0x8, 0x3, 0x1, 0x0, 0x4}, @NFTA_VERDICT_CHAIN={0x9, 0x2, 'syz0\x00'}, @NFTA_VERDICT_CHAIN={0x9, 0x2, 'syz1\x00'}]}, @NFTA_DATA_VALUE={0xcd, 0x1, "893f1b157fcdaeaa331fecfb3c3ca5863df538df48ac9263f21fd3beb0bb813b288420da999ae337341894eb533f72a2acdd672c553f7c59b1bf3b0c40287413447f6427252125a12eafa99fa725ff14954736274dd9845948d6f11f6781be534c7846d2e46b32c059e541cd36eb65375dcb70b522cf4f8cee6fb98ead0e66242d04fd0795a643b5d653ea0eb0ce5850797315280d174276e65a290817abc57e5d24eb9c5af3e4de6e117f729ea00f831e23ef1d787fbeb48e4ba3a62ffc3ead39884edf3b512d2194"}, @NFTA_DATA_VERDICT={0xc, 0x2, 0x0, 0x1, [@NFTA_VERDICT_CODE={0x8, 0x1, 0x0, 0x1, 0xfffffffffffffffb}]}, @NFTA_DATA_VERDICT={0x10, 0x2, 0x0, 0x1, [@NFTA_VERDICT_CHAIN={0x9, 0x2, 'syz1\x00'}]}]}, @NFTA_SET_ELEM_KEY_END={0x270, 0xa, 0x0, 0x1, [@NFTA_DATA_VALUE={0x7a, 0x1, "9b908ab78e139d37bad75feafe90b017b4072c460a5f3855e1148e6b0fa8dbb6208c9bf9fea7e931df747ebe4ce7c29b933b00fdc01b7fe7cfd5e6f391bc9e835d59f1415fe9b3b843b13e0bc49b7a5f091baf044be81e06b328c32cbad5508e9c4ee9c1a11062e21589ff64a5dfdf512902e0018b16"}, @NFTA_DATA_VALUE={0xf1, 0x1, "8c2d27b358ea2ea8793617bcca8f33139bb3b865b01986ff10e6ba6bf38ec3c1305b361233516316f670968dd0ef014ecc1d917ff6b706c3032e3ce0e2121f4291334003a1298d24fc3eea6c32c1cf4514dc4f553837b4dbec18a07b1dec55762460fa3aa9bfb94c490fa2cc2b11d26e0957aaa733d56fd8fd8d0dbd73df400f494ac989211e384a9c8cc2b1e741dedbdbfe8e0dca03fd016d4caf7f845f1eab175d23101cb34aa82a7ae2746b47fe6f2136ebbdc38d6158573a0a5bd1e579b5bf5c0b80b42daa9acbfcde7b042d17734b63ac0a8d3f173b805457bfa9d5b334cb54c38f3346ab39f3671f0521"}, @NFTA_DATA_VALUE={0x8d, 0x1, "8966b24be02c7862e238a997c5cbdb8d65a7663e814e79a0e98d263e0e5fecd76fd926562d9911b056aec6672b2f9f0ca522bc33dd78120fab6fe775806b68773aa864a7955a97bcaef5902ffe75bd39a5f6cc9b0b3a5689ba666c67188353a8845f7dda9c4210cfd76481292b55a985419e6e12a75ccdc24a6d7844e6ddefa74810e4e75046163773"}, @NFTA_DATA_VERDICT={0x28, 0x2, 0x0, 0x1, [@NFTA_VERDICT_CHAIN={0x9, 0x2, 'syz1\x00'}, @NFTA_VERDICT_CHAIN={0x9, 0x2, 'syz2\x00'}, @NFTA_VERDICT_CHAIN={0x9, 0x2, 'syz0\x00'}]}, @NFTA_DATA_VERDICT={0x44, 0x2, 0x0, 0x1, [@NFTA_VERDICT_CHAIN_ID={0x8, 0x3, 0x1, 0x0, 0x2}, @NFTA_VERDICT_CODE={0x8, 0x1, 0x0, 0x1, 0xfffffffffffffffd}, @NFTA_VERDICT_CODE={0x8, 0x1, 0x0, 0x1, 0xffffffffffffffff}, @NFTA_VERDICT_CODE={0x8, 0x1, 0x0, 0x1, 0xfffffffffffffffc}, @NFTA_VERDICT_CHAIN={0x9, 0x2, 'syz1\x00'}, @NFTA_VERDICT_CHAIN_ID={0x8, 0x3, 0x1, 0x0, 0x2}, @NFTA_VERDICT_CHAIN={0x9, 0x2, 'syz2\x00'}]}]}, @NFTA_SET_ELEM_USERDATA={0xfd, 0x6, 0x1, 0x0, "ebba89253860827617c2fe3d9445ce2bd9b80f2e1f94d444e5e209cbbb7a500a72484934938dd851c876f8ff2482655a35110bede0a1849159605f178d626781bd681e4e87dc1fe2dc92bd45c8b039100ae5ddc2ef627261e18b38babbaa6ea451e32b3bd3d829bdc50f08b760fc49740a786f21bb129b700e509ebf19a681e3356377504c0655f9953f37ac93b208f611b4ffda5e0a781ddce4bb5a9fc89d7ff862c8c0510e2ea9a01cf023f8ab26da57e6d3e62774bd92c653735c127c4f291688f4982df4f7e75aab76f40ac30a99d45af35bdd741134293cb0a96362b67334c4d8871453b9370ef1f5ad13c6a8aa93d245852e980772eb"}, @NFTA_SET_ELEM_KEY={0x144, 0x1, 0x0, 0x1, [@NFTA_DATA_VERDICT={0x34, 0x2, 0x0, 0x1, [@NFTA_VERDICT_CODE={0x8, 0x1, 0x0, 0x1, 0xfffffffffffffffc}, @NFTA_VERDICT_CHAIN={0x9, 0x2, 'syz2\x00'}, @NFTA_VERDICT_CHAIN={0x9, 0x2, 'syz1\x00'}, @NFTA_VERDICT_CODE={0x8}, @NFTA_VERDICT_CODE={0x8}]}, @NFTA_DATA_VALUE={0xf5, 0x1, "267f05227b8555bdb57b91fcfa87b433bc8d86dabd943f6dddd3595644ee64e1134437fc337e9be4227c9e506a46899d4b84dfecb96461a58698a3973eb6a51a6c0067e4610c71e84d057cc4e9963899911d13482aa183da525965a9603be9dd046680e40332af0361de724463598116a685b9093690226456892572a34c7cf0617c5bfb7bf70a72742f3983af1508942bcb5d53bb35eea381dcb8a3bc08838c1852df185a636d12aeff995c106bae54fa54889ea7dbe529cac05f9d3d8ad3c2f247d2745ecf018723f58c989f15fd983dbdf7adf9f1a90ab8f4f541c96651294427013789adc1dddcca112ab3aa253013"}, @NFTA_DATA_VERDICT={0x14, 0x2, 0x0, 0x1, [@NFTA_VERDICT_CHAIN_ID={0x8, 0x3, 0x1, 0x0, 0x1}, @NFTA_VERDICT_CHAIN_ID={0x8, 0x3, 0x1, 0x0, 0x1}]}]}, @NFTA_SET_ELEM_OBJREF={0x9, 0x9, 'syz2\x00'}, @NFTA_SET_ELEM_KEY={0x4}, @NFTA_SET_ELEM_EXPIRATION={0xc, 0x5, 0x1, 0x0, 0x5}, @NFTA_SET_ELEM_FLAGS={0x8, 0x3, 0x1, 0x0, 0x1}]}, {0x4a4, 0x0, 0x0, 0x1, [@NFTA_SET_ELEM_EXPR={0x10, 0x7, 0x0, 0x1, @lookup={{0xb}, @void}}, @NFTA_SET_ELEM_DATA={0x160, 0x2, 0x0, 0x1, [@NFTA_DATA_VALUE={0xc5, 0x1, "1a6ce77d20c070d5e6517257aa55a67cdadece8d5f8f38be13836d7d3bac70bbf3ddf703c19a006b66cd02a16c50fe8b3efe5521f617c7df57beca131b6de453b8fb87542f8536ac0beb004c5f2346454c59f749bf1dc0f42715d25d33a5105e947828b20ca742a6bed4c24ebedbbd5eb55493f250a35ae8ad5d7eaf5bdbc088d5387c7a21462e61bae5516cc098c2d931233639bc052091e9e3d204dfc490312cb288071cd9ad3cc1772b4e12a25a0bd1c2f8845e201a3bd7ecfebbd04b66a784"}, @NFTA_DATA_VALUE={0x5d, 0x1, "3ae32f726ac58991d8f9279b5471c62a8b1d263864a21c565610eff08a95625dc30d540e49d6325ff8b22a75c3d84bd4486d9559782833bf5c890dfd0e07c4d78f834ea9081d025a57898713e6efdb09cdf8ad670b220ed7d8"}, @NFTA_DATA_VERDICT={0xc, 0x2, 0x0, 0x1, [@NFTA_VERDICT_CODE={0x8, 0x1, 0x0, 0x1, 0xfffffffffffffffe}]}, @NFTA_DATA_VERDICT={0x4}, @NFTA_DATA_VERDICT={0x24, 0x2, 0x0, 0x1, [@NFTA_VERDICT_CHAIN={0x9, 0x2, 'syz2\x00'}, @NFTA_VERDICT_CODE={0x8, 0x1, 0x0, 0x1, 0xfffffffffffffffe}, @NFTA_VERDICT_CHAIN={0x9, 0x2, 'syz0\x00'}]}]}, @NFTA_SET_ELEM_DATA={0x330, 0x2, 0x0, 0x1, [@NFTA_DATA_VERDICT={0x38, 0x2, 0x0, 0x1, [@NFTA_VERDICT_CHAIN_ID={0x8, 0x3, 0x1, 0x0, 0x3}, @NFTA_VERDICT_CHAIN={0x9, 0x2, 'syz1\x00'}, @NFTA_VERDICT_CODE={0x8, 0x1, 0x0, 0x1, 0xfffffffffffffffc}, @NFTA_VERDICT_CHAIN_ID={0x8, 0x3, 0x1, 0x0, 0x1}, @NFTA_VERDICT_CHAIN_ID={0x8, 0x3, 0x1, 0x0, 0x4}, @NFTA_VERDICT_CODE={0x8, 0x1, 0x0, 0x1, 0xfffffffffffffffb}]}, @NFTA_DATA_VALUE={0xad, 0x1, "bdb5604877320cf212b5d24b415031ecef3c9f07f383466de9d06f908aa9f2001bdad28fbb245159a42dd26433b31a6fc37593daa0f9162706228c4661285bd60856b70ae5b7955f522230edf7c0d9126973237cc731f159975d1fbc621935b19799e671ce32ea13e85c13a2d75b89a53e334aa0785f6ab5af97e9156ee07cb1ce7342286600dfe0bded91fe30e41269d0655dc0d720eb590633f8fa45fca66bf0477f4637d8d8a004"}, @NFTA_DATA_VALUE={0xc1, 0x1, "2f4bee88fd6df57a3ef695e171c5f39eca09eaa304840ee8decd5afe6a1fd8898647f76264c44b29919ea21cbb16c16176ed7b2051c9eb47bb419afe9c55127729444344fd4d7b9a261cae033b45a19f6cc9af7cb513e944359b0b4e2dbeb396bd02bf6cbe78584b09ff916802455802c199d2ac03e1dae511827b38cd50b0d4de29906a798206ae382022078e9bc7cc4224eeb56181eb5f839dae8c908a15bb5ac278a3a790c783885bedf31852c2f53b78034157621e0b1f653c960f"}, @NFTA_DATA_VALUE={0xfd, 0x1, "13293dbcd5e1e172c3f19660923def1aecdf06ef046b254f7efd175d0b0956719bd0c6697195e7b9998455d9935b8284f93cc208af5d44e8ebd09209c8b354d45580af0b00fda851307150e851069de0480125a0b5d6c80493ef798aca2d4d5894ab2187684068546de55afbe2567ef45f6d86d22302e7e03667815ab0a178aa24aa95de3669a0a93dace1f87578a98094b778760a03c3c742668704e5179b3e6f70320a397e7395563f65d2a3e3c9c007dd0a3b698e9682ea16e04ec841357ae1a46ca618be751e66e3777653acd22852a715540066249489516e3d7d5f50f6aee6aa2f333c4c94c0343b47cb1ba33aaaaf99a27d55d49d3d"}, @NFTA_DATA_VALUE={0x45, 0x1, "6b8688c54cee7ab0efe6881071d2fa51a31d6482e2e9a8451525dd6059d52518901402060d1191b28778dad320b3c3143b283030198ba183de7a7396be4cb7d749"}, @NFTA_DATA_VERDICT={0x2c, 0x2, 0x0, 0x1, [@NFTA_VERDICT_CHAIN={0x9, 0x2, 'syz1\x00'}, @NFTA_VERDICT_CHAIN_ID={0x8, 0x3, 0x1, 0x0, 0x2}, @NFTA_VERDICT_CODE={0x8, 0x1, 0x0, 0x1, 0xfffffffffffffffe}, @NFTA_VERDICT_CHAIN={0x9, 0x2, 'syz1\x00'}]}, @NFTA_DATA_VALUE={0x9, 0x1, "10a148fd0d"}]}]}]}]}], {0x14, 0x11, 0x1, 0x0, 0x0, {0x7}}}, 0xebc}, 0x1, 0x0, 0x0, 0x4}, 0x48010)

4.694068ms ago: executing program 0 (id=28):
r0 = openat$nullb(0xffffffffffffff9c, 0x0, 0xa80, 0x0)
read(r0, 0x0, 0x0)

0s ago: executing program 2 (id=29):
r0 = socket$nl_netfilter(0x10, 0x3, 0xc)
sendmsg$NFT_BATCH(r0, &(0x7f0000001480)={0x0, 0x0, &(0x7f0000001440)={&(0x7f0000000100)={{0x14, 0x10, 0x1, 0x0, 0x0, {0x3}}, [@NFT_MSG_DELSET={0x20, 0xb, 0xa, 0x401, 0x0, 0x0, {0x2, 0x0, 0x1}, [@NFTA_SET_HANDLE={0xc, 0x10, 0x1, 0x0, 0x5}]}, @NFT_MSG_NEWSETELEM={0x30, 0xc, 0xa, 0x301, 0x0, 0x0, {0x7, 0x0, 0x1}, [@NFTA_SET_ELEM_LIST_TABLE={0x9, 0x1, 'syz1\x00'}, @NFTA_SET_ELEM_LIST_SET_ID={0x8, 0x4, 0x1, 0x0, 0x1}, @NFTA_SET_ELEM_LIST_SET_ID={0x8, 0x4, 0x1, 0x0, 0x3}]}, @NFT_MSG_NEWRULE={0x3c, 0x6, 0xa, 0x801, 0x0, 0x0, {0x1, 0x0, 0x3}, [@NFTA_RULE_CHAIN_ID={0x8, 0xb, 0x1, 0x0, 0x3}, @NFTA_RULE_HANDLE={0xc, 0x3, 0x1, 0x0, 0x3}, @NFTA_RULE_USERDATA={0x14, 0x7, 0x1, 0x0, "f4d8d90ebb9ddca94a8561e4bd5707a9"}]}, @NFT_MSG_NEWSETELEM={0xe08, 0xc, 0xa, 0x101, 0x0, 0x0, {0x5, 0x0, 0x8}, [@NFTA_SET_ELEM_LIST_TABLE={0x9, 0x1, 'syz1\x00'}, @NFTA_SET_ELEM_LIST_SET_ID={0x8, 0x4, 0x1, 0x0, 0x3}, @NFTA_SET_ELEM_LIST_ELEMENTS={0xde0, 0x3, 0x0, 0x1, [{0x1c, 0x0, 0x0, 0x1, [@NFTA_SET_ELEM_EXPIRATION={0xc, 0x5, 0x1, 0x0, 0x10001}, @NFTA_SET_ELEM_OBJREF={0x9, 0x9, 'syz0\x00'}]}, {0x18, 0x0, 0x0, 0x1, [@NFTA_SET_ELEM_EXPRESSIONS={0x14, 0xb, 0x0, 0x1, [{0x10, 0x1, 0x0, 0x1, @bitwise={{0xc}, @void}}]}]}, {0x9c, 0x0, 0x0, 0x1, [@NFTA_SET_ELEM_EXPIRATION={0xc, 0x5, 0x1, 0x0, 0x8}, @NFTA_SET_ELEM_EXPR={0xc, 0x7, 0x0, 0x1, @dup_ipv4={{0x8}, @void}}, @NFTA_SET_ELEM_DATA={0x74, 0x2, 0x0, 0x1, [@NFTA_DATA_VERDICT={0x4c, 0x2, 0x0, 0x1, [@NFTA_VERDICT_CHAIN_ID={0x8, 0x3, 0x1, 0x0, 0x1}, @NFTA_VERDICT_CODE={0x8, 0x1, 0x0, 0x1, 0xfffffffffffffffe}, @NFTA_VERDICT_CHAIN={0x9, 0x2, 'syz2\x00'}, @NFTA_VERDICT_CODE={0x8, 0x1, 0x0, 0x1, 0xfffffffffffffffd}, @NFTA_VERDICT_CHAIN_ID={0x8, 0x3, 0x1, 0x0, 0x3}, @NFTA_VERDICT_CODE={0x8, 0x1, 0x0, 0x1, 0xfffffffffffffffb}, @NFTA_VERDICT_CHAIN_ID={0x8, 0x3, 0x1, 0x0, 0x4}, @NFTA_VERDICT_CHAIN={0x9, 0x2, 'syz1\x00'}]}, @NFTA_DATA_VERDICT={0x10, 0x2, 0x0, 0x1, [@NFTA_VERDICT_CHAIN={0x9, 0x2, 'syz2\x00'}]}, @NFTA_DATA_VERDICT={0x14, 0x2, 0x0, 0x1, [@NFTA_VERDICT_CODE={0x8, 0x1, 0x0, 0x1, 0xffffffffffffffff}, @NFTA_VERDICT_CODE={0x8, 0x1, 0x0, 0x1, 0xfffffffffffffffd}]}]}, @NFTA_SET_ELEM_OBJREF={0x9, 0x9, 'syz2\x00'}]}, {0x24, 0x0, 0x0, 0x1, [@NFTA_SET_ELEM_OBJREF={0x9, 0x9, 'syz2\x00'}, @NFTA_SET_ELEM_FLAGS={0x8, 0x3, 0x1, 0x0, 0x2}, @NFTA_SET_ELEM_TIMEOUT={0xc, 0x4, 0x1, 0x0, 0x1}]}, {0x844, 0x0, 0x0, 0x1, [@NFTA_SET_ELEM_KEY_END={0x368, 0xa, 0x0, 0x1, [@NFTA_DATA_VERDICT={0x34, 0x2, 0x0, 0x1, [@NFTA_VERDICT_CHAIN_ID={0x8, 0x3, 0x1, 0x0, 0x2}, @NFTA_VERDICT_CODE={0x8, 0x1, 0x0, 0x1, 0xfffffffffffffffe}, @NFTA_VERDICT_CHAIN={0x9, 0x2, 'syz0\x00'}, @NFTA_VERDICT_CHAIN={0x9, 0x2, 'syz1\x00'}, @NFTA_VERDICT_CODE={0x8, 0x1, 0x0, 0x1, 0xfffffffffffffffd}]}, @NFTA_DATA_VALUE={0xa3, 0x1, "ae4a9abc424d616936da37a6bfed7fb59fd85ff948b87b9afaf1fa24ec8c6c38b9927f1b8ebf10448ea367433eedbc4e969f79cfcf6feed092e593915d47d3a492586990180d5cdc8472840eca533fd7d6d281a724426a19c8f11eea9d597d830b5ff814a09f48ff07bca543501718b749bcfe77649471f661317b28f7df5412024bb92b56942c3c26b65d4b36670cb3e7ca1db622ffbde055bae93188e44c"}, @NFTA_DATA_VERDICT={0x38, 0x2, 0x0, 0x1, [@NFTA_VERDICT_CHAIN_ID={0x8, 0x3, 0x1, 0x0, 0x1}, @NFTA_VERDICT_CHAIN_ID={0x8, 0x3, 0x1, 0x0, 0x4}, @NFTA_VERDICT_CODE={0x8, 0x1, 0x0, 0x1, 0xfffffffffffffffb}, @NFTA_VERDICT_CHAIN={0x9, 0x2, 'syz0\x00'}, @NFTA_VERDICT_CODE={0x8, 0x1, 0x0, 0x1, 0xfffffffffffffffc}, @NFTA_VERDICT_CODE={0x8, 0x1, 0x0, 0x1, 0xfffffffffffffffc}]}, @NFTA_DATA_VERDICT={0x34, 0x2, 0x0, 0x1, [@NFTA_VERDICT_CHAIN={0x9, 0x2, 'syz0\x00'}, @NFTA_VERDICT_CHAIN={0x9, 0x2, 'syz0\x00'}, @NFTA_VERDICT_CHAIN_ID={0x8, 0x3, 0x1, 0x0, 0x4}, @NFTA_VERDICT_CODE={0x8}, @NFTA_VERDICT_CHAIN_ID={0x8, 0x3, 0x1, 0x0, 0x3}]}, @NFTA_DATA_VERDICT={0x38, 0x2, 0x0, 0x1, [@NFTA_VERDICT_CHAIN={0x9, 0x2, 'syz1\x00'}, @NFTA_VERDICT_CODE={0x8, 0x1, 0x0, 0x1, 0xfffffffffffffffd}, @NFTA_VERDICT_CHAIN_ID={0x8, 0x3, 0x1, 0x0, 0x4}, @NFTA_VERDICT_CODE={0x8, 0x1, 0x0, 0x1, 0xfffffffffffffffd}, @NFTA_VERDICT_CHAIN_ID={0x8, 0x3, 0x1, 0x0, 0x1}, @NFTA_VERDICT_CHAIN_ID={0x8, 0x3, 0x1, 0x0, 0x4}]}, @NFTA_DATA_VALUE={0xb5, 0x1, "61d9437f3db1a17f6238db8b01041006d275726a33e550c23882adea25e99e76f7abc8e0da59d324e3e39b99d988eefb3d6cf471a46cc658a5a355afd142928fc8595a0b16473e94e707386ab2b4c8cbb90508ff1b4de5d99911e25e7de0c5809566dc61356d3dd6c59814cc68f97d8bff74d6b870d1af960290bc0d9cd5197e4bd58141e7c2f6a302bc4d37ef72afcb0c0ed9a7413dfaf5a27e9f4496e271c25bfa217e869fe9952f727349df391247ca"}, @NFTA_DATA_VERDICT={0x44, 0x2, 0x0, 0x1, [@NFTA_VERDICT_CODE={0x8, 0x1, 0x0, 0x1, 0xfffffffffffffffd}, @NFTA_VERDICT_CODE={0x8, 0x1, 0x0, 0x1, 0x5}, @NFTA_VERDICT_CHAIN_ID={0x8, 0x3, 0x1, 0x0, 0x4}, @NFTA_VERDICT_CHAIN_ID={0x8, 0x3, 0x1, 0x0, 0x2}, @NFTA_VERDICT_CHAIN_ID={0x8, 0x3, 0x1, 0x0, 0x4}, @NFTA_VERDICT_CHAIN={0x9, 0x2, 'syz0\x00'}, @NFTA_VERDICT_CHAIN={0x9, 0x2, 'syz1\x00'}]}, @NFTA_DATA_VALUE={0xcd, 0x1, "893f1b157fcdaeaa331fecfb3c3ca5863df538df48ac9263f21fd3beb0bb813b288420da999ae337341894eb533f72a2acdd672c553f7c59b1bf3b0c40287413447f6427252125a12eafa99fa725ff14954736274dd9845948d6f11f6781be534c7846d2e46b32c059e541cd36eb65375dcb70b522cf4f8cee6fb98ead0e66242d04fd0795a643b5d653ea0eb0ce5850797315280d174276e65a290817abc57e5d24eb9c5af3e4de6e117f729ea00f831e23ef1d787fbeb48e4ba3a62ffc3ead39884edf3b512d2194"}, @NFTA_DATA_VERDICT={0xc, 0x2, 0x0, 0x1, [@NFTA_VERDICT_CODE={0x8, 0x1, 0x0, 0x1, 0xfffffffffffffffb}]}, @NFTA_DATA_VERDICT={0x10, 0x2, 0x0, 0x1, [@NFTA_VERDICT_CHAIN={0x9, 0x2, 'syz1\x00'}]}]}, @NFTA_SET_ELEM_KEY_END={0x270, 0xa, 0x0, 0x1, [@NFTA_DATA_VALUE={0x7a, 0x1, "9b908ab78e139d37bad75feafe90b017b4072c460a5f3855e1148e6b0fa8dbb6208c9bf9fea7e931df747ebe4ce7c29b933b00fdc01b7fe7cfd5e6f391bc9e835d59f1415fe9b3b843b13e0bc49b7a5f091baf044be81e06b328c32cbad5508e9c4ee9c1a11062e21589ff64a5dfdf512902e0018b16"}, @NFTA_DATA_VALUE={0xf1, 0x1, "8c2d27b358ea2ea8793617bcca8f33139bb3b865b01986ff10e6ba6bf38ec3c1305b361233516316f670968dd0ef014ecc1d917ff6b706c3032e3ce0e2121f4291334003a1298d24fc3eea6c32c1cf4514dc4f553837b4dbec18a07b1dec55762460fa3aa9bfb94c490fa2cc2b11d26e0957aaa733d56fd8fd8d0dbd73df400f494ac989211e384a9c8cc2b1e741dedbdbfe8e0dca03fd016d4caf7f845f1eab175d23101cb34aa82a7ae2746b47fe6f2136ebbdc38d6158573a0a5bd1e579b5bf5c0b80b42daa9acbfcde7b042d17734b63ac0a8d3f173b805457bfa9d5b334cb54c38f3346ab39f3671f0521"}, @NFTA_DATA_VALUE={0x8d, 0x1, "8966b24be02c7862e238a997c5cbdb8d65a7663e814e79a0e98d263e0e5fecd76fd926562d9911b056aec6672b2f9f0ca522bc33dd78120fab6fe775806b68773aa864a7955a97bcaef5902ffe75bd39a5f6cc9b0b3a5689ba666c67188353a8845f7dda9c4210cfd76481292b55a985419e6e12a75ccdc24a6d7844e6ddefa74810e4e75046163773"}, @NFTA_DATA_VERDICT={0x28, 0x2, 0x0, 0x1, [@NFTA_VERDICT_CHAIN={0x9, 0x2, 'syz1\x00'}, @NFTA_VERDICT_CHAIN={0x9, 0x2, 'syz2\x00'}, @NFTA_VERDICT_CHAIN={0x9, 0x2, 'syz0\x00'}]}, @NFTA_DATA_VERDICT={0x44, 0x2, 0x0, 0x1, [@NFTA_VERDICT_CHAIN_ID={0x8, 0x3, 0x1, 0x0, 0x2}, @NFTA_VERDICT_CODE={0x8, 0x1, 0x0, 0x1, 0xfffffffffffffffd}, @NFTA_VERDICT_CODE={0x8, 0x1, 0x0, 0x1, 0xffffffffffffffff}, @NFTA_VERDICT_CODE={0x8, 0x1, 0x0, 0x1, 0xfffffffffffffffc}, @NFTA_VERDICT_CHAIN={0x9, 0x2, 'syz1\x00'}, @NFTA_VERDICT_CHAIN_ID={0x8, 0x3, 0x1, 0x0, 0x2}, @NFTA_VERDICT_CHAIN={0x9, 0x2, 'syz2\x00'}]}]}, @NFTA_SET_ELEM_USERDATA={0xfd, 0x6, 0x1, 0x0, "ebba89253860827617c2fe3d9445ce2bd9b80f2e1f94d444e5e209cbbb7a500a72484934938dd851c876f8ff2482655a35110bede0a1849159605f178d626781bd681e4e87dc1fe2dc92bd45c8b039100ae5ddc2ef627261e18b38babbaa6ea451e32b3bd3d829bdc50f08b760fc49740a786f21bb129b700e509ebf19a681e3356377504c0655f9953f37ac93b208f611b4ffda5e0a781ddce4bb5a9fc89d7ff862c8c0510e2ea9a01cf023f8ab26da57e6d3e62774bd92c653735c127c4f291688f4982df4f7e75aab76f40ac30a99d45af35bdd741134293cb0a96362b67334c4d8871453b9370ef1f5ad13c6a8aa93d245852e980772eb"}, @NFTA_SET_ELEM_KEY={0x144, 0x1, 0x0, 0x1, [@NFTA_DATA_VERDICT={0x34, 0x2, 0x0, 0x1, [@NFTA_VERDICT_CODE={0x8, 0x1, 0x0, 0x1, 0xfffffffffffffffc}, @NFTA_VERDICT_CHAIN={0x9, 0x2, 'syz2\x00'}, @NFTA_VERDICT_CHAIN={0x9, 0x2, 'syz1\x00'}, @NFTA_VERDICT_CODE={0x8}, @NFTA_VERDICT_CODE={0x8}]}, @NFTA_DATA_VALUE={0xf5, 0x1, "267f05227b8555bdb57b91fcfa87b433bc8d86dabd943f6dddd3595644ee64e1134437fc337e9be4227c9e506a46899d4b84dfecb96461a58698a3973eb6a51a6c0067e4610c71e84d057cc4e9963899911d13482aa183da525965a9603be9dd046680e40332af0361de724463598116a685b9093690226456892572a34c7cf0617c5bfb7bf70a72742f3983af1508942bcb5d53bb35eea381dcb8a3bc08838c1852df185a636d12aeff995c106bae54fa54889ea7dbe529cac05f9d3d8ad3c2f247d2745ecf018723f58c989f15fd983dbdf7adf9f1a90ab8f4f541c96651294427013789adc1dddcca112ab3aa253013"}, @NFTA_DATA_VERDICT={0x14, 0x2, 0x0, 0x1, [@NFTA_VERDICT_CHAIN_ID={0x8, 0x3, 0x1, 0x0, 0x1}, @NFTA_VERDICT_CHAIN_ID={0x8, 0x3, 0x1, 0x0, 0x1}]}]}, @NFTA_SET_ELEM_OBJREF={0x9, 0x9, 'syz2\x00'}, @NFTA_SET_ELEM_KEY={0x4}, @NFTA_SET_ELEM_EXPIRATION={0xc, 0x5, 0x1, 0x0, 0x5}, @NFTA_SET_ELEM_FLAGS={0x8, 0x3, 0x1, 0x0, 0x1}]}, {0x4a4, 0x0, 0x0, 0x1, [@NFTA_SET_ELEM_EXPR={0x10, 0x7, 0x0, 0x1, @lookup={{0xb}, @void}}, @NFTA_SET_ELEM_DATA={0x160, 0x2, 0x0, 0x1, [@NFTA_DATA_VALUE={0xc5, 0x1, "1a6ce77d20c070d5e6517257aa55a67cdadece8d5f8f38be13836d7d3bac70bbf3ddf703c19a006b66cd02a16c50fe8b3efe5521f617c7df57beca131b6de453b8fb87542f8536ac0beb004c5f2346454c59f749bf1dc0f42715d25d33a5105e947828b20ca742a6bed4c24ebedbbd5eb55493f250a35ae8ad5d7eaf5bdbc088d5387c7a21462e61bae5516cc098c2d931233639bc052091e9e3d204dfc490312cb288071cd9ad3cc1772b4e12a25a0bd1c2f8845e201a3bd7ecfebbd04b66a784"}, @NFTA_DATA_VALUE={0x5d, 0x1, "3ae32f726ac58991d8f9279b5471c62a8b1d263864a21c565610eff08a95625dc30d540e49d6325ff8b22a75c3d84bd4486d9559782833bf5c890dfd0e07c4d78f834ea9081d025a57898713e6efdb09cdf8ad670b220ed7d8"}, @NFTA_DATA_VERDICT={0xc, 0x2, 0x0, 0x1, [@NFTA_VERDICT_CODE={0x8, 0x1, 0x0, 0x1, 0xfffffffffffffffe}]}, @NFTA_DATA_VERDICT={0x4}, @NFTA_DATA_VERDICT={0x24, 0x2, 0x0, 0x1, [@NFTA_VERDICT_CHAIN={0x9, 0x2, 'syz2\x00'}, @NFTA_VERDICT_CODE={0x8, 0x1, 0x0, 0x1, 0xfffffffffffffffe}, @NFTA_VERDICT_CHAIN={0x9, 0x2, 'syz0\x00'}]}]}, @NFTA_SET_ELEM_DATA={0x330, 0x2, 0x0, 0x1, [@NFTA_DATA_VERDICT={0x38, 0x2, 0x0, 0x1, [@NFTA_VERDICT_CHAIN_ID={0x8, 0x3, 0x1, 0x0, 0x3}, @NFTA_VERDICT_CHAIN={0x9, 0x2, 'syz1\x00'}, @NFTA_VERDICT_CODE={0x8, 0x1, 0x0, 0x1, 0xfffffffffffffffc}, @NFTA_VERDICT_CHAIN_ID={0x8, 0x3, 0x1, 0x0, 0x1}, @NFTA_VERDICT_CHAIN_ID={0x8, 0x3, 0x1, 0x0, 0x4}, @NFTA_VERDICT_CODE={0x8, 0x1, 0x0, 0x1, 0xfffffffffffffffb}]}, @NFTA_DATA_VALUE={0xad, 0x1, "bdb5604877320cf212b5d24b415031ecef3c9f07f383466de9d06f908aa9f2001bdad28fbb245159a42dd26433b31a6fc37593daa0f9162706228c4661285bd60856b70ae5b7955f522230edf7c0d9126973237cc731f159975d1fbc621935b19799e671ce32ea13e85c13a2d75b89a53e334aa0785f6ab5af97e9156ee07cb1ce7342286600dfe0bded91fe30e41269d0655dc0d720eb590633f8fa45fca66bf0477f4637d8d8a004"}, @NFTA_DATA_VALUE={0xc1, 0x1, "2f4bee88fd6df57a3ef695e171c5f39eca09eaa304840ee8decd5afe6a1fd8898647f76264c44b29919ea21cbb16c16176ed7b2051c9eb47bb419afe9c55127729444344fd4d7b9a261cae033b45a19f6cc9af7cb513e944359b0b4e2dbeb396bd02bf6cbe78584b09ff916802455802c199d2ac03e1dae511827b38cd50b0d4de29906a798206ae382022078e9bc7cc4224eeb56181eb5f839dae8c908a15bb5ac278a3a790c783885bedf31852c2f53b78034157621e0b1f653c960f"}, @NFTA_DATA_VALUE={0xfd, 0x1, "13293dbcd5e1e172c3f19660923def1aecdf06ef046b254f7efd175d0b0956719bd0c6697195e7b9998455d9935b8284f93cc208af5d44e8ebd09209c8b354d45580af0b00fda851307150e851069de0480125a0b5d6c80493ef798aca2d4d5894ab2187684068546de55afbe2567ef45f6d86d22302e7e03667815ab0a178aa24aa95de3669a0a93dace1f87578a98094b778760a03c3c742668704e5179b3e6f70320a397e7395563f65d2a3e3c9c007dd0a3b698e9682ea16e04ec841357ae1a46ca618be751e66e3777653acd22852a715540066249489516e3d7d5f50f6aee6aa2f333c4c94c0343b47cb1ba33aaaaf99a27d55d49d3d"}, @NFTA_DATA_VALUE={0x45, 0x1, "6b8688c54cee7ab0efe6881071d2fa51a31d6482e2e9a8451525dd6059d52518901402060d1191b28778dad320b3c3143b283030198ba183de7a7396be4cb7d749"}, @NFTA_DATA_VERDICT={0x2c, 0x2, 0x0, 0x1, [@NFTA_VERDICT_CHAIN={0x9, 0x2, 'syz1\x00'}, @NFTA_VERDICT_CHAIN_ID={0x8, 0x3, 0x1, 0x0, 0x2}, @NFTA_VERDICT_CODE={0x8, 0x1, 0x0, 0x1, 0xfffffffffffffffe}, @NFTA_VERDICT_CHAIN={0x9, 0x2, 'syz1\x00'}]}, @NFTA_DATA_VALUE={0x9, 0x1, "10a148fd0d"}]}]}]}]}], {0x14, 0x11, 0x1, 0x0, 0x0, {0x7}}}, 0xebc}, 0x1, 0x0, 0x0, 0x4}, 0x48010)

kernel console output (not intermixed with test programs):

Warning: Permanently added '[localhost]:30843' (ED25519) to the list of known hosts.
syzkaller login: [   89.636588][ T9264] cgroup: Unknown subsys name 'net'
[   89.819950][ T9264] cgroup: Unknown subsys name 'rlimit'
Setting up swapspace version 1, size = 122.1 MiB (127995904 bytes)
no label, UUID=bc73c8e4-95c7-46fb-9b13-ea0b160b20e4
[  105.941912][ T9264] Adding 124996k swap on ./swap-file.  Priority:0 extents:1 across:124996k 
[  110.274185][ T5059] Bluetooth: hci0: unexpected cc 0x0c03 length: 249 > 1
[  110.276227][ T5059] Bluetooth: hci0: unexpected cc 0x1003 length: 249 > 9
[  110.278115][ T5059] Bluetooth: hci0: unexpected cc 0x1001 length: 249 > 9
[  110.281293][ T5059] Bluetooth: hci0: unexpected cc 0x0c23 length: 249 > 4
[  110.284341][ T5059] Bluetooth: hci0: unexpected cc 0x0c25 length: 249 > 3
[  110.309369][ T9302] Bluetooth: hci0: unexpected cc 0x0c38 length: 249 > 2
[  110.326176][ T9308] Bluetooth: hci1: unexpected cc 0x0c03 length: 249 > 1
[  110.328012][ T9308] Bluetooth: hci2: unexpected cc 0x0c03 length: 249 > 1
[  110.337296][ T9308] Bluetooth: hci1: unexpected cc 0x1003 length: 249 > 9
[  110.345160][ T9308] Bluetooth: hci1: unexpected cc 0x1001 length: 249 > 9
[  110.348089][ T9308] Bluetooth: hci1: unexpected cc 0x0c23 length: 249 > 4
[  110.349986][ T9308] Bluetooth: hci1: unexpected cc 0x0c25 length: 249 > 3
[  110.351668][ T9308] Bluetooth: hci1: unexpected cc 0x0c38 length: 249 > 2
[  110.354497][ T5059] Bluetooth: hci2: unexpected cc 0x1003 length: 249 > 9
[  110.368495][ T5059] Bluetooth: hci2: unexpected cc 0x1001 length: 249 > 9
[  110.374981][ T5059] Bluetooth: hci2: unexpected cc 0x0c23 length: 249 > 4
[  110.377895][ T5059] Bluetooth: hci2: unexpected cc 0x0c25 length: 249 > 3
[  110.381398][ T5059] Bluetooth: hci2: unexpected cc 0x0c38 length: 249 > 2
[  110.477675][ T9308] Bluetooth: hci3: unexpected cc 0x0c03 length: 249 > 1
[  110.482314][ T9308] Bluetooth: hci3: unexpected cc 0x1003 length: 249 > 9
[  110.484642][ T9308] Bluetooth: hci3: unexpected cc 0x1001 length: 249 > 9
[  110.491130][ T9308] Bluetooth: hci3: unexpected cc 0x0c23 length: 249 > 4
[  110.494996][ T9308] Bluetooth: hci3: unexpected cc 0x0c25 length: 249 > 3
[  110.500116][ T9308] Bluetooth: hci3: unexpected cc 0x0c38 length: 249 > 2
[  110.880002][ T9298] chnl_net:caif_netlink_parms(): no params data found
[  111.089541][ T9298] bridge0: port 1(bridge_slave_0) entered blocking state
[  111.091414][ T9298] bridge0: port 1(bridge_slave_0) entered disabled state
[  111.093131][ T9298] bridge_slave_0: entered allmulticast mode
[  111.096764][ T9298] bridge_slave_0: entered promiscuous mode
[  111.180369][ T9298] bridge0: port 2(bridge_slave_1) entered blocking state
[  111.182113][ T9298] bridge0: port 2(bridge_slave_1) entered disabled state
[  111.183797][ T9298] bridge_slave_1: entered allmulticast mode
[  111.188192][ T9298] bridge_slave_1: entered promiscuous mode
[  111.365676][ T9298] bond0: (slave bond_slave_0): Enslaving as an active interface with an up link
[  111.423198][ T9298] bond0: (slave bond_slave_1): Enslaving as an active interface with an up link
[  111.425807][ T9297] chnl_net:caif_netlink_parms(): no params data found
[  111.511232][ T9291] chnl_net:caif_netlink_parms(): no params data found
[  111.603013][ T9298] team0: Port device team_slave_0 added
[  111.609366][ T9298] team0: Port device team_slave_1 added
[  111.659412][ T9317] chnl_net:caif_netlink_parms(): no params data found
[  111.763170][ T9298] batman_adv: batadv0: Adding interface: batadv_slave_0
[  111.764780][ T9298] batman_adv: batadv0: The MTU of interface batadv_slave_0 is too small (1500) to handle the transport of batman-adv packets. Packets going over this interface will be fragmented on layer2 which could impact the performance. Setting the MTU to 1560 would solve the problem.
[  111.770588][ T9298] batman_adv: batadv0: Not using interface batadv_slave_0 (retrying later): interface not active
[  111.774390][ T9298] batman_adv: batadv0: Adding interface: batadv_slave_1
[  111.776378][ T9298] batman_adv: batadv0: The MTU of interface batadv_slave_1 is too small (1500) to handle the transport of batman-adv packets. Packets going over this interface will be fragmented on layer2 which could impact the performance. Setting the MTU to 1560 would solve the problem.
[  111.782031][ T9298] batman_adv: batadv0: Not using interface batadv_slave_1 (retrying later): interface not active
[  111.869485][ T9297] bridge0: port 1(bridge_slave_0) entered blocking state
[  111.871242][ T9297] bridge0: port 1(bridge_slave_0) entered disabled state
[  111.872988][ T9297] bridge_slave_0: entered allmulticast mode
[  111.876299][ T9297] bridge_slave_0: entered promiscuous mode
[  111.916178][ T9297] bridge0: port 2(bridge_slave_1) entered blocking state
[  111.918074][ T9297] bridge0: port 2(bridge_slave_1) entered disabled state
[  111.920072][ T9297] bridge_slave_1: entered allmulticast mode
[  111.923776][ T9297] bridge_slave_1: entered promiscuous mode
[  111.929576][ T9291] bridge0: port 1(bridge_slave_0) entered blocking state
[  111.931274][ T9291] bridge0: port 1(bridge_slave_0) entered disabled state
[  111.932967][ T9291] bridge_slave_0: entered allmulticast mode
[  111.936293][ T9291] bridge_slave_0: entered promiscuous mode
[  112.051435][ T9291] bridge0: port 2(bridge_slave_1) entered blocking state
[  112.054131][ T9291] bridge0: port 2(bridge_slave_1) entered disabled state
[  112.058076][ T9291] bridge_slave_1: entered allmulticast mode
[  112.062947][ T9291] bridge_slave_1: entered promiscuous mode
[  112.127328][ T9317] bridge0: port 1(bridge_slave_0) entered blocking state
[  112.130002][ T9317] bridge0: port 1(bridge_slave_0) entered disabled state
[  112.134096][ T9317] bridge_slave_0: entered allmulticast mode
[  112.139218][ T9317] bridge_slave_0: entered promiscuous mode
[  112.147431][ T9297] bond0: (slave bond_slave_0): Enslaving as an active interface with an up link
[  112.207795][ T9298] hsr_slave_0: entered promiscuous mode
[  112.210477][ T9298] hsr_slave_1: entered promiscuous mode
[  112.213481][ T9317] bridge0: port 2(bridge_slave_1) entered blocking state
[  112.216266][ T9317] bridge0: port 2(bridge_slave_1) entered disabled state
[  112.219034][ T9317] bridge_slave_1: entered allmulticast mode
[  112.223975][ T9317] bridge_slave_1: entered promiscuous mode
[  112.231722][ T9297] bond0: (slave bond_slave_1): Enslaving as an active interface with an up link
[  112.270598][ T9291] bond0: (slave bond_slave_0): Enslaving as an active interface with an up link
[  112.347787][ T9291] bond0: (slave bond_slave_1): Enslaving as an active interface with an up link
[  112.354804][ T9302] Bluetooth: hci0: command 0x0409 tx timeout
[  112.395024][ T9297] team0: Port device team_slave_0 added
[  112.434912][ T9308] Bluetooth: hci1: command 0x0409 tx timeout
[  112.436522][ T9302] Bluetooth: hci2: command 0x0409 tx timeout
[  112.450730][ T9317] bond0: (slave bond_slave_0): Enslaving as an active interface with an up link
[  112.457352][ T9317] bond0: (slave bond_slave_1): Enslaving as an active interface with an up link
[  112.461855][ T9297] team0: Port device team_slave_1 added
[  112.484858][ T9291] team0: Port device team_slave_0 added
[  112.489000][ T9291] team0: Port device team_slave_1 added
[  112.594801][ T9302] Bluetooth: hci3: command 0x0409 tx timeout
[  112.640644][ T9297] batman_adv: batadv0: Adding interface: batadv_slave_0
[  112.642167][ T9297] batman_adv: batadv0: The MTU of interface batadv_slave_0 is too small (1500) to handle the transport of batman-adv packets. Packets going over this interface will be fragmented on layer2 which could impact the performance. Setting the MTU to 1560 would solve the problem.
[  112.647421][ T9297] batman_adv: batadv0: Not using interface batadv_slave_0 (retrying later): interface not active
[  112.651649][ T9317] team0: Port device team_slave_0 added
[  112.654108][ T9291] batman_adv: batadv0: Adding interface: batadv_slave_0
[  112.656139][ T9291] batman_adv: batadv0: The MTU of interface batadv_slave_0 is too small (1500) to handle the transport of batman-adv packets. Packets going over this interface will be fragmented on layer2 which could impact the performance. Setting the MTU to 1560 would solve the problem.
[  112.661336][ T9291] batman_adv: batadv0: Not using interface batadv_slave_0 (retrying later): interface not active
[  112.671604][ T9297] batman_adv: batadv0: Adding interface: batadv_slave_1
[  112.673131][ T9297] batman_adv: batadv0: The MTU of interface batadv_slave_1 is too small (1500) to handle the transport of batman-adv packets. Packets going over this interface will be fragmented on layer2 which could impact the performance. Setting the MTU to 1560 would solve the problem.
[  112.678674][ T9297] batman_adv: batadv0: Not using interface batadv_slave_1 (retrying later): interface not active
[  112.682673][ T9317] team0: Port device team_slave_1 added
[  112.684954][ T9291] batman_adv: batadv0: Adding interface: batadv_slave_1
[  112.686426][ T9291] batman_adv: batadv0: The MTU of interface batadv_slave_1 is too small (1500) to handle the transport of batman-adv packets. Packets going over this interface will be fragmented on layer2 which could impact the performance. Setting the MTU to 1560 would solve the problem.
[  112.691953][ T9291] batman_adv: batadv0: Not using interface batadv_slave_1 (retrying later): interface not active
[  112.828469][ T9317] batman_adv: batadv0: Adding interface: batadv_slave_0
[  112.830798][ T9317] batman_adv: batadv0: The MTU of interface batadv_slave_0 is too small (1500) to handle the transport of batman-adv packets. Packets going over this interface will be fragmented on layer2 which could impact the performance. Setting the MTU to 1560 would solve the problem.
[  112.839619][ T9317] batman_adv: batadv0: Not using interface batadv_slave_0 (retrying later): interface not active
[  112.935741][ T9297] hsr_slave_0: entered promiscuous mode
[  112.939306][ T9297] hsr_slave_1: entered promiscuous mode
[  112.942479][ T9297] debugfs: Directory 'hsr0' with parent 'hsr' already present!
[  112.946099][ T9297] Cannot create hsr debugfs directory
[  112.950056][ T9317] batman_adv: batadv0: Adding interface: batadv_slave_1
[  112.952318][ T9317] batman_adv: batadv0: The MTU of interface batadv_slave_1 is too small (1500) to handle the transport of batman-adv packets. Packets going over this interface will be fragmented on layer2 which could impact the performance. Setting the MTU to 1560 would solve the problem.
[  112.961187][ T9317] batman_adv: batadv0: Not using interface batadv_slave_1 (retrying later): interface not active
[  113.040557][ T9291] hsr_slave_0: entered promiscuous mode
[  113.044131][ T9291] hsr_slave_1: entered promiscuous mode
[  113.047987][ T9291] debugfs: Directory 'hsr0' with parent 'hsr' already present!
[  113.050544][ T9291] Cannot create hsr debugfs directory
[  113.253008][ T9317] hsr_slave_0: entered promiscuous mode
[  113.256805][ T9317] hsr_slave_1: entered promiscuous mode
[  113.258857][ T9317] debugfs: Directory 'hsr0' with parent 'hsr' already present!
[  113.260597][ T9317] Cannot create hsr debugfs directory
[  113.431276][ T9298] netdevsim netdevsim3 netdevsim0: renamed from eth0
[  113.486676][ T9298] netdevsim netdevsim3 netdevsim1: renamed from eth1
[  113.494625][ T9298] netdevsim netdevsim3 netdevsim2: renamed from eth2
[  113.558295][ T9298] netdevsim netdevsim3 netdevsim3: renamed from eth3
[  113.748666][ T9297] netdevsim netdevsim1 netdevsim0: renamed from eth0
[  113.757013][ T9297] netdevsim netdevsim1 netdevsim1: renamed from eth1
[  113.784240][ T9297] netdevsim netdevsim1 netdevsim2: renamed from eth2
[  113.819656][ T9297] netdevsim netdevsim1 netdevsim3: renamed from eth3
[  113.911712][ T9291] netdevsim netdevsim2 netdevsim0: renamed from eth0
[  113.917553][ T9291] netdevsim netdevsim2 netdevsim1: renamed from eth1
[  113.938610][ T9291] netdevsim netdevsim2 netdevsim2: renamed from eth2
[  113.969919][ T9291] netdevsim netdevsim2 netdevsim3: renamed from eth3
[  114.069748][ T9317] netdevsim netdevsim0 netdevsim0: renamed from eth0
[  114.094092][ T9317] netdevsim netdevsim0 netdevsim1: renamed from eth1
[  114.100497][ T9317] netdevsim netdevsim0 netdevsim2: renamed from eth2
[  114.127601][ T9298] 8021q: adding VLAN 0 to HW filter on device bond0
[  114.130621][ T9317] netdevsim netdevsim0 netdevsim3: renamed from eth3
[  114.183246][ T9298] 8021q: adding VLAN 0 to HW filter on device team0
[  114.213600][   T10] bridge0: port 1(bridge_slave_0) entered blocking state
[  114.215667][   T10] bridge0: port 1(bridge_slave_0) entered forwarding state
[  114.260488][  T766] bridge0: port 2(bridge_slave_1) entered blocking state
[  114.262228][  T766] bridge0: port 2(bridge_slave_1) entered forwarding state
[  114.362055][ T9297] 8021q: adding VLAN 0 to HW filter on device bond0
[  114.435059][ T9302] Bluetooth: hci0: command 0x041b tx timeout
[  114.437660][ T9297] 8021q: adding VLAN 0 to HW filter on device team0
[  114.470386][T10585] bridge0: port 1(bridge_slave_0) entered blocking state
[  114.472104][T10585] bridge0: port 1(bridge_slave_0) entered forwarding state
[  114.518102][T10585] bridge0: port 2(bridge_slave_1) entered blocking state
[  114.519851][T10585] bridge0: port 2(bridge_slave_1) entered forwarding state
[  114.524180][ T9302] Bluetooth: hci2: command 0x041b tx timeout
[  114.526785][ T9302] Bluetooth: hci1: command 0x041b tx timeout
[  114.598876][ T9291] 8021q: adding VLAN 0 to HW filter on device bond0
[  114.654266][ T9291] 8021q: adding VLAN 0 to HW filter on device team0
[  114.674119][ T9317] 8021q: adding VLAN 0 to HW filter on device bond0
[  114.674888][ T9308] Bluetooth: hci3: command 0x041b tx timeout
[  114.698571][  T766] bridge0: port 1(bridge_slave_0) entered blocking state
[  114.701048][  T766] bridge0: port 1(bridge_slave_0) entered forwarding state
[  114.718574][  T766] bridge0: port 2(bridge_slave_1) entered blocking state
[  114.720252][  T766] bridge0: port 2(bridge_slave_1) entered forwarding state
[  114.745857][ T9317] 8021q: adding VLAN 0 to HW filter on device team0
[  114.784628][ T9298] 8021q: adding VLAN 0 to HW filter on device batadv0
[  114.790582][T10613] bridge0: port 1(bridge_slave_0) entered blocking state
[  114.792256][T10613] bridge0: port 1(bridge_slave_0) entered forwarding state
[  114.820429][ T5112] bridge0: port 2(bridge_slave_1) entered blocking state
[  114.822147][ T5112] bridge0: port 2(bridge_slave_1) entered forwarding state
[  114.941367][ T9297] 8021q: adding VLAN 0 to HW filter on device batadv0
[  114.993373][ T9298] veth0_vlan: entered promiscuous mode
[  115.061359][ T9298] veth1_vlan: entered promiscuous mode
[  115.110348][ T9297] veth0_vlan: entered promiscuous mode
[  115.135992][ T9297] veth1_vlan: entered promiscuous mode
[  115.164705][ T9298] veth0_macvtap: entered promiscuous mode
[  115.175222][ T9291] 8021q: adding VLAN 0 to HW filter on device batadv0
[  115.187409][ T9298] veth1_macvtap: entered promiscuous mode
[  115.196676][ T9317] 8021q: adding VLAN 0 to HW filter on device batadv0
[  115.229402][ T9298] batman_adv: batadv0: Interface activated: batadv_slave_0
[  115.256385][ T9297] veth0_macvtap: entered promiscuous mode
[  115.267445][ T9298] batman_adv: batadv0: Interface activated: batadv_slave_1
[  115.279923][ T9297] veth1_macvtap: entered promiscuous mode
[  115.306794][ T9298] netdevsim netdevsim3 netdevsim0: set [1, 0] type 2 family 0 port 6081 - 0
[  115.308710][ T9298] netdevsim netdevsim3 netdevsim1: set [1, 0] type 2 family 0 port 6081 - 0
[  115.310527][ T9298] netdevsim netdevsim3 netdevsim2: set [1, 0] type 2 family 0 port 6081 - 0
[  115.312355][ T9298] netdevsim netdevsim3 netdevsim3: set [1, 0] type 2 family 0 port 6081 - 0
[  115.350811][ T9297] batman_adv: The newly added mac address (aa:aa:aa:aa:aa:3e) already exists on: batadv_slave_0
[  115.353034][ T9297] batman_adv: It is strongly recommended to keep mac addresses unique to avoid problems!
[  115.358415][ T9297] batman_adv: batadv0: Interface activated: batadv_slave_0
[  115.371062][ T9291] veth0_vlan: entered promiscuous mode
[  115.392168][ T9297] batman_adv: The newly added mac address (aa:aa:aa:aa:aa:3f) already exists on: batadv_slave_1
[  115.394477][ T9297] batman_adv: It is strongly recommended to keep mac addresses unique to avoid problems!
[  115.400576][ T9297] batman_adv: batadv0: Interface activated: batadv_slave_1
[  115.432342][ T9297] netdevsim netdevsim1 netdevsim0: set [1, 0] type 2 family 0 port 6081 - 0
[  115.434238][ T9297] netdevsim netdevsim1 netdevsim1: set [1, 0] type 2 family 0 port 6081 - 0
[  115.436218][ T9297] netdevsim netdevsim1 netdevsim2: set [1, 0] type 2 family 0 port 6081 - 0
[  115.438135][ T9297] netdevsim netdevsim1 netdevsim3: set [1, 0] type 2 family 0 port 6081 - 0
[  115.462191][ T9291] veth1_vlan: entered promiscuous mode
[  115.484215][ T9317] veth0_vlan: entered promiscuous mode
[  115.519574][ T9317] veth1_vlan: entered promiscuous mode
[  115.574025][   T61] wlan0: Created IBSS using preconfigured BSSID 50:50:50:50:50:50
[  115.575832][   T61] wlan0: Creating new IBSS network, BSSID 50:50:50:50:50:50
[  115.673800][   T61] wlan1: Created IBSS using preconfigured BSSID 50:50:50:50:50:50
[  115.675510][   T61] wlan1: Creating new IBSS network, BSSID 50:50:50:50:50:50
[  115.682212][ T9291] veth0_macvtap: entered promiscuous mode
[  115.714547][ T9317] veth0_macvtap: entered promiscuous mode
[  115.735972][ T9291] veth1_macvtap: entered promiscuous mode
[  115.747311][   T25] wlan0: Created IBSS using preconfigured BSSID 50:50:50:50:50:50
[  115.749244][   T25] wlan0: Creating new IBSS network, BSSID 50:50:50:50:50:50
[  115.775861][ T9317] veth1_macvtap: entered promiscuous mode
[  115.876165][ T9291] batman_adv: The newly added mac address (aa:aa:aa:aa:aa:3e) already exists on: batadv_slave_0
[  115.878996][ T9291] batman_adv: It is strongly recommended to keep mac addresses unique to avoid problems!
[  115.882072][ T9291] batman_adv: The newly added mac address (aa:aa:aa:aa:aa:3e) already exists on: batadv_slave_0
[  115.905139][ T9291] batman_adv: It is strongly recommended to keep mac addresses unique to avoid problems!
[  115.910077][ T9291] batman_adv: batadv0: Interface activated: batadv_slave_0
[  115.912725][ T1084] wlan1: Created IBSS using preconfigured BSSID 50:50:50:50:50:50
[  115.914423][ T1084] wlan1: Creating new IBSS network, BSSID 50:50:50:50:50:50
[  115.935164][ T9317] batman_adv: The newly added mac address (aa:aa:aa:aa:aa:3e) already exists on: batadv_slave_0
[  115.938500][ T9317] batman_adv: It is strongly recommended to keep mac addresses unique to avoid problems!
[  115.951632][ T9317] batman_adv: The newly added mac address (aa:aa:aa:aa:aa:3e) already exists on: batadv_slave_0
[  115.954424][ T9317] batman_adv: It is strongly recommended to keep mac addresses unique to avoid problems!
[  115.959300][ T9317] batman_adv: The newly added mac address (aa:aa:aa:aa:aa:3e) already exists on: batadv_slave_0
[  115.964535][ T9317] batman_adv: It is strongly recommended to keep mac addresses unique to avoid problems!
[  115.977144][ T9317] batman_adv: batadv0: Interface activated: batadv_slave_0
[  116.003864][ T9291] batman_adv: The newly added mac address (aa:aa:aa:aa:aa:3f) already exists on: batadv_slave_1
[  116.006485][ T9291] batman_adv: It is strongly recommended to keep mac addresses unique to avoid problems!
[  116.009088][ T9291] batman_adv: The newly added mac address (aa:aa:aa:aa:aa:3f) already exists on: batadv_slave_1
[  116.011570][ T9291] batman_adv: It is strongly recommended to keep mac addresses unique to avoid problems!
[  116.015629][ T9291] batman_adv: batadv0: Interface activated: batadv_slave_1
[  116.032563][ T9317] batman_adv: The newly added mac address (aa:aa:aa:aa:aa:3f) already exists on: batadv_slave_1
[  116.037392][ T9317] batman_adv: It is strongly recommended to keep mac addresses unique to avoid problems!
[  116.040557][ T9317] batman_adv: The newly added mac address (aa:aa:aa:aa:aa:3f) already exists on: batadv_slave_1
[  116.046312][ T9317] batman_adv: It is strongly recommended to keep mac addresses unique to avoid problems!
[  116.049557][ T9317] batman_adv: The newly added mac address (aa:aa:aa:aa:aa:3f) already exists on: batadv_slave_1
[  116.053071][ T9317] batman_adv: It is strongly recommended to keep mac addresses unique to avoid problems!
[  116.059128][ T9317] batman_adv: batadv0: Interface activated: batadv_slave_1
[  116.064322][ T9317] netdevsim netdevsim0 netdevsim0: set [1, 0] type 2 family 0 port 6081 - 0
[  116.066767][ T9317] netdevsim netdevsim0 netdevsim1: set [1, 0] type 2 family 0 port 6081 - 0
[  116.068560][ T9317] netdevsim netdevsim0 netdevsim2: set [1, 0] type 2 family 0 port 6081 - 0
[  116.070357][ T9317] netdevsim netdevsim0 netdevsim3: set [1, 0] type 2 family 0 port 6081 - 0
[  116.096733][ T9291] netdevsim netdevsim2 netdevsim0: set [1, 0] type 2 family 0 port 6081 - 0
[  116.098623][ T9291] netdevsim netdevsim2 netdevsim1: set [1, 0] type 2 family 0 port 6081 - 0
[  116.100426][ T9291] netdevsim netdevsim2 netdevsim2: set [1, 0] type 2 family 0 port 6081 - 0
[  116.102354][ T9291] netdevsim netdevsim2 netdevsim3: set [1, 0] type 2 family 0 port 6081 - 0
[  116.187155][   T10] usb 4-1: new high-speed USB device number 2 using dummy_hcd
[  116.316467][   T25] wlan0: Created IBSS using preconfigured BSSID 50:50:50:50:50:50
[  116.318184][   T25] wlan0: Creating new IBSS network, BSSID 50:50:50:50:50:50
[  116.353703][ T1084] wlan0: Created IBSS using preconfigured BSSID 50:50:50:50:50:50
[  116.360980][ T1084] wlan0: Creating new IBSS network, BSSID 50:50:50:50:50:50
[  116.409276][T10612] usb 2-1: new high-speed USB device number 2 using dummy_hcd
[  116.414843][   T61] wlan1: Created IBSS using preconfigured BSSID 50:50:50:50:50:50
[  116.418035][   T61] wlan1: Creating new IBSS network, BSSID 50:50:50:50:50:50
[  116.472435][  T999] wlan1: Created IBSS using preconfigured BSSID 50:50:50:50:50:50
[  116.474171][  T999] wlan1: Creating new IBSS network, BSSID 50:50:50:50:50:50
[  116.514807][ T9308] Bluetooth: hci0: command 0x040f tx timeout
[  116.594909][ T9308] Bluetooth: hci1: command 0x040f tx timeout
[  116.596512][ T9308] Bluetooth: hci2: command 0x040f tx timeout
[  116.705825][   T10] usb 4-1: New USB device found, idVendor=0cf3, idProduct=9271, bcdDevice= 1.08
[  116.708594][   T10] usb 4-1: New USB device strings: Mfr=1, Product=2, SerialNumber=3
[  116.710277][   T10] usb 4-1: Product: syz
[  116.711152][   T10] usb 4-1: Manufacturer: syz
[  116.712123][   T10] usb 4-1: SerialNumber: syz
[  116.755051][ T9302] Bluetooth: hci3: command 0x040f tx timeout
[  116.758828][   T10] usb 4-1: ath9k_htc: Firmware ath9k_htc/htc_9271-1.4.0.fw requested
[  116.894896][   T22] usb 3-1: new high-speed USB device number 2 using dummy_hcd
[  116.924943][T10612] usb 2-1: New USB device found, idVendor=0cf3, idProduct=9271, bcdDevice= 1.08
[  116.926939][T10612] usb 2-1: New USB device strings: Mfr=1, Product=2, SerialNumber=3
[  116.928577][T10612] usb 2-1: Product: syz
[  116.929455][T10612] usb 2-1: Manufacturer: syz
[  116.930431][T10612] usb 2-1: SerialNumber: syz
[  116.957780][T10613] usb 1-1: new high-speed USB device number 2 using dummy_hcd
[  116.976765][T10612] usb 2-1: ath9k_htc: Firmware ath9k_htc/htc_9271-1.4.0.fw requested
[  117.345246][   T10] usb 4-1: ath9k_htc: Transferred FW: ath9k_htc/htc_9271-1.4.0.fw, size: 51008
[  117.505071][   T22] usb 3-1: New USB device found, idVendor=0cf3, idProduct=9271, bcdDevice= 1.08
[  117.507097][   T22] usb 3-1: New USB device strings: Mfr=1, Product=2, SerialNumber=3
[  117.509088][   T22] usb 3-1: Product: syz
[  117.509978][   T22] usb 3-1: Manufacturer: syz
[  117.511087][   T22] usb 3-1: SerialNumber: syz
[  117.534958][T10607] usb 2-1: ath9k_htc: Transferred FW: ath9k_htc/htc_9271-1.4.0.fw, size: 51008
[  117.544937][T10613] usb 1-1: New USB device found, idVendor=0cf3, idProduct=9271, bcdDevice= 1.08
[  117.547149][T10613] usb 1-1: New USB device strings: Mfr=1, Product=2, SerialNumber=3
[  117.548841][T10613] usb 1-1: Product: syz
[  117.550630][T10613] usb 1-1: Manufacturer: syz
[  117.551644][T10613] usb 1-1: SerialNumber: syz
[  117.566211][   T22] usb 3-1: ath9k_htc: Firmware ath9k_htc/htc_9271-1.4.0.fw requested
[  117.619206][T10613] usb 1-1: ath9k_htc: Firmware ath9k_htc/htc_9271-1.4.0.fw requested
[  117.890729][T10612] usb 4-1: USB disconnect, device number 2
[  118.040937][  T766] usb 2-1: USB disconnect, device number 2
[  118.205108][T10614] usb 3-1: ath9k_htc: Transferred FW: ath9k_htc/htc_9271-1.4.0.fw, size: 51008
[  118.275253][   T22] usb 1-1: ath9k_htc: Transferred FW: ath9k_htc/htc_9271-1.4.0.fw, size: 51008
[  118.435791][   T10] ath9k_htc 4-1:1.0: ath9k_htc: Target is unresponsive
[  118.438218][   T10] ath9k_htc: Failed to initialize the device
[  118.442831][T10612] usb 4-1: ath9k_htc: USB layer deinitialized
[  118.595136][ T9302] Bluetooth: hci0: command 0x0419 tx timeout
[  118.601076][T10607] ath9k_htc 2-1:1.0: ath9k_htc: Target is unresponsive
[  118.602586][T10607] ath9k_htc: Failed to initialize the device
[  118.607264][  T766] usb 2-1: ath9k_htc: USB layer deinitialized
[  118.674815][ T9302] Bluetooth: hci2: command 0x0419 tx timeout
[  118.676400][ T9302] Bluetooth: hci1: command 0x0419 tx timeout
[  118.835166][ T9302] Bluetooth: hci3: command 0x0419 tx timeout
[  118.838289][T10585] usb 1-1: USB disconnect, device number 2
[  118.838630][   T10] usb 3-1: USB disconnect, device number 2
[  119.224933][T10607] usb 2-1: new high-speed USB device number 3 using dummy_hcd
[  119.251428][T10614] ath9k_htc 3-1:1.0: ath9k_htc: Target is unresponsive
[  119.253939][T10614] ath9k_htc: Failed to initialize the device
[  119.261829][   T10] usb 3-1: ath9k_htc: USB layer deinitialized
[  119.325928][   T22] ath9k_htc 1-1:1.0: ath9k_htc: Target is unresponsive
[  119.327463][   T22] ath9k_htc: Failed to initialize the device
[  119.328827][T10585] usb 1-1: ath9k_htc: USB layer deinitialized
[  119.744984][T10607] usb 2-1: New USB device found, idVendor=0cf3, idProduct=9271, bcdDevice= 1.08
[  119.746980][T10607] usb 2-1: New USB device strings: Mfr=1, Product=2, SerialNumber=3
[  119.748709][T10607] usb 2-1: Product: syz
[  119.750592][T10607] usb 2-1: Manufacturer: syz
[  119.751709][T10607] usb 2-1: SerialNumber: syz
[  119.797057][T10607] usb 2-1: ath9k_htc: Firmware ath9k_htc/htc_9271-1.4.0.fw requested
[  120.375235][    T8] usb 2-1: ath9k_htc: Transferred FW: ath9k_htc/htc_9271-1.4.0.fw, size: 51008
[  121.478247][    T8] ath9k_htc 2-1:1.0: ath9k_htc: Target is unresponsive
[  121.480627][    T8] ath9k_htc: Failed to initialize the device
[  122.916165][    T8] usb 2-1: ath9k_htc: USB layer deinitialized
[  124.766805][   T10] usb 2-1: USB disconnect, device number 3
[  125.588049][ T9264] syz-executor invoked oom-killer: gfp_mask=0x140cca(GFP_HIGHUSER_MOVABLE|__GFP_COMP), order=0, oom_score_adj=0
[  125.592354][ T9264] CPU: 1 PID: 9264 Comm: syz-executor Not tainted 6.6.0 #2
[  125.594746][ T9264] Hardware name: QEMU Standard PC (i440FX + PIIX, 1996), BIOS 1.15.0-1 04/01/2014
[  125.597729][ T9264] Call Trace:
[  125.598838][ T9264]  <TASK>
[  125.599845][ T9264]  dump_stack_lvl+0x72/0xa0
[  125.601143][ T9264]  dump_header+0x4c/0x290
[  125.602088][ T9264]  oom_kill_process+0x169/0x290
[  125.603391][ T9264]  out_of_memory+0x596/0x950
[  125.604396][ T9264]  __alloc_pages+0xe65/0xfc0
[  125.605440][ T9264]  __folio_alloc+0x16/0x50
[  125.606754][ T9264]  vma_alloc_folio+0xe6/0x5c0
[  125.607772][ T9264]  ? __filemap_get_folio+0x100/0x590
[  125.608904][ T9264]  __read_swap_cache_async+0x1fd/0x450
[  125.610061][ T9264]  swap_cluster_readahead+0x347/0x5c0
[  125.611198][ T9264]  ? filemap_get_entry+0x160/0x210
[  125.612301][ T9264]  swapin_readahead+0x79/0x7c0
[  125.613441][ T9264]  ? __filemap_get_folio+0x15d/0x590
[  125.614580][ T9264]  ? __page_set_anon_rmap+0xb8/0x110
[  125.615754][ T9264]  ? swap_cache_get_folio+0x1c1/0x200
[  125.616889][ T9264]  do_swap_page+0x7f6/0x16d0
[  125.617895][ T9264]  ? pte_offset_map_nolock+0xf3/0x120
[  125.619023][ T9264]  __handle_mm_fault+0xc3c/0x2660
[  125.620086][ T9264]  handle_mm_fault+0x26a/0x690
[  125.621095][ T9264]  exc_page_fault+0x2d5/0xd10
[  125.622104][ T9264]  asm_exc_page_fault+0x26/0x30
[  125.623393][ T9264] RIP: 0033:0x7f0e97f529b7
[  125.624370][ T9264] Code: Unable to access opcode bytes at 0x7f0e97f5298d.
[  125.625804][ T9264] RSP: 002b:00007ffc63ca77c0 EFLAGS: 00010202
[  125.627068][ T9264] RAX: 000000000000001f RBX: 0000000000000008 RCX: 00000000005ffde0
[  125.628685][ T9264] RDX: 0000555555bbdf10 RSI: 0000000000000004 RDI: 0000000000000008
[  125.630298][ T9264] RBP: 0000000000000008 R08: 00007f0e93000218 R09: 0000000000000000
[  125.631922][ T9264] R10: 0000000000000008 R11: 0000000000000001 R12: 0000000000000000
[  125.633690][ T9264] R13: 00007ffc63ca78a0 R14: 0000000000000002 R15: 0000000000000008
[  125.635310][ T9264]  </TASK>
[  125.864996][ T9264] Mem-Info:
[  125.865756][ T9264] active_anon:0 inactive_anon:1 isolated_anon:0
[  125.865756][ T9264]  active_file:26 inactive_file:19 isolated_file:0
[  125.865756][ T9264]  unevictable:768 dirty:5 writeback:0
[  125.865756][ T9264]  slab_reclaimable:4449 slab_unreclaimable:39992
[  125.865756][ T9264]  mapped:20495 shmem:768 pagetables:472
[  125.865756][ T9264]  sec_pagetables:0 bounce:0
[  125.865756][ T9264]  kernel_misc_reclaimable:0
[  125.865756][ T9264]  free:18624 free_pcp:1 free_cma:0
[  125.874552][ T9264] Node 0 active_anon:8kB inactive_anon:24kB active_file:76kB inactive_file:32kB unevictable:1536kB isolated(anon):0kB isolated(file):0kB mapped:27992kB dirty:8kB writeback:0kB shmem:1536kB shmem_thp:0kB shmem_pmdmapped:0kB anon_thp:0kB writeback_tmp:0kB kernel_stack:3080kB pagetables:928kB sec_pagetables:0kB all_unreclaimable? no
[  125.921928][ T9264] Node 1 active_anon:0kB inactive_anon:0kB active_file:20kB inactive_file:52kB unevictable:1536kB isolated(anon):0kB isolated(file):0kB mapped:53988kB dirty:12kB writeback:0kB shmem:1536kB shmem_thp:0kB shmem_pmdmapped:0kB anon_thp:0kB writeback_tmp:0kB kernel_stack:2216kB pagetables:960kB sec_pagetables:0kB all_unreclaimable? no
[  125.996146][ T9264] Node 0 DMA free:3984kB boost:0kB min:536kB low:668kB high:800kB reserved_highatomic:0KB active_anon:0kB inactive_anon:0kB active_file:0kB inactive_file:0kB unevictable:0kB writepending:0kB present:15992kB managed:15360kB mlocked:0kB bounce:0kB free_pcp:0kB local_pcp:0kB free_cma:0kB
[  126.001676][ T9264] lowmem_reserve[]: 0 863 863 863 863
[  126.002842][ T9264] Node 0 DMA32 free:32476kB boost:0kB min:30964kB low:38704kB high:46444kB reserved_highatomic:2048KB active_anon:8kB inactive_anon:24kB active_file:0kB inactive_file:52kB unevictable:1536kB writepending:8kB present:1032192kB managed:900204kB mlocked:0kB bounce:0kB free_pcp:0kB local_pcp:0kB free_cma:0kB
[  126.043947][ T9264] lowmem_reserve[]: 0 0 0 0 0
[  126.068494][ T9264] Node 1 DMA32 free:38036kB boost:0kB min:36080kB low:45100kB high:54120kB reserved_highatomic:2048KB active_anon:120kB inactive_anon:32kB active_file:0kB inactive_file:428kB unevictable:1536kB writepending:12kB present:1048448kB managed:1030744kB mlocked:0kB bounce:0kB free_pcp:4kB local_pcp:4kB free_cma:0kB
[  126.074473][ T9264] lowmem_reserve[]: 0 0 0 0 0
[  126.135855][ T9264] Node 0 DMA: 0*4kB 0*8kB 1*16kB (U) 0*32kB 0*64kB 1*128kB (U) 1*256kB (U) 1*512kB (U) 1*1024kB (U) 1*2048kB (M) 0*4096kB = 3984kB
[  126.138859][ T9264] Node 0 DMA32: 242*4kB (MEH) 194*8kB (UME) 92*16kB (ME) 120*32kB (UME) 53*64kB (UME) 26*128kB (UME) 15*256kB (M) 10*512kB (UM) 9*1024kB (UMH) 0*2048kB 0*4096kB = 32728kB
[  126.142487][ T9264] Node 1 DMA32: 527*4kB (UMEH) 129*8kB (UMEH) 250*16kB (UME) 277*32kB (UME) 133*64kB (UME) 49*128kB (UMEH) 17*256kB (ME) 5*512kB (UM) 0*1024kB 0*2048kB 0*4096kB = 37700kB
[  126.186869][ T9264] Node 0 hugepages_total=0 hugepages_free=0 hugepages_surp=0 hugepages_size=1048576kB
[  126.188886][ T9264] Node 0 hugepages_total=2 hugepages_free=2 hugepages_surp=0 hugepages_size=2048kB
[  126.190843][ T9264] Node 1 hugepages_total=0 hugepages_free=0 hugepages_surp=0 hugepages_size=1048576kB
[  126.192803][ T9264] Node 1 hugepages_total=2 hugepages_free=2 hugepages_surp=0 hugepages_size=2048kB
[  126.248301][ T9264] 840 total pagecache pages
[  126.249330][ T9264] 31 pages in swap cache
[  126.250215][ T9264] Free swap  = 96924kB
[  126.251084][ T9264] Total swap = 124996kB
[  126.251964][ T9264] 524158 pages RAM
[  126.252750][ T9264] 0 pages HighMem/MovableOnly
[  126.253736][ T9264] 37581 pages reserved
[  126.254577][ T9264] 0 pages cma reserved
[  126.321356][ T9264] Unreclaimable slab info:
[  126.322373][ T9264] Name                      Used          Total
[  126.323687][ T9264] bio-312                    3KB          3KB
[  126.353866][ T9264] bio-376                    7KB          7KB
[  126.370022][ T9264] bio-392                    7KB          7KB
[  126.371333][ T9264] bio-448                    8KB          8KB
[  126.372603][ T9264] zs_handle                 59KB         60KB
[  126.373899][ T9264] SCTPv6                    62KB         62KB
[  126.410326][ T9264] RAWv6                     30KB         30KB
[  126.411671][ T9264] UDPv6                     47KB         47KB
[  126.412934][ T9264] TCPv6                     63KB         63KB
[  126.414199][ T9264] nf_conntrack              16KB         16KB
[  126.438050][ T9264] wg_peer                   63KB         63KB
[  126.439413][ T9264] scsi_sense_cache           8KB          8KB
[  126.440740][ T9264] bio-136                   31KB         31KB
[  126.441992][ T9264] drm_i915_gem_object         78KB         78KB
[  126.443287][ T9264] mqueue_inode_cache         32KB         32KB
[  126.444601][ T9264] cifs_small_rq             15KB         15KB
[  126.484720][ T9264] cifs_request              65KB         65KB
[  126.486037][ T9264] nfs_commit_data           15KB         15KB
[  126.487320][ T9264] UNIX                      63KB         63KB
[  126.488576][ T9264] ip_fib_trie               15KB         15KB
[  126.489872][ T9264] ip_fib_alias              39KB         39KB
[  126.491132][ T9264] PING                      32KB         32KB
[  126.492379][ T9264] RAW                       16KB         16KB
[  126.493681][ T9264] request_sock_TCP           7KB          7KB
[  126.557841][ T9264] TCP                       63KB         63KB
[  126.559185][ T9264] hugetlbfs_inode_cache          7KB          7KB
[  126.560518][ T9264] bio-264                   11KB         11KB
[  126.561820][ T9264] ep_head                    8KB          8KB
[  126.563085][ T9264] request_queue            111KB        111KB
[  126.564346][ T9264] bio-200                   28KB         28KB
[  126.604708][ T9264] biovec-max               288KB        288KB
[  126.606043][ T9264] biovec-128                64KB         64KB
[  126.607366][ T9264] biovec-64                 32KB         32KB
[  126.608622][ T9264] khugepaged_mm_slot         11KB         11KB
[  126.609930][ T9264] dmaengine-unmap-256         30KB         30KB
[  126.611237][ T9264] dmaengine-unmap-128         15KB         15KB
[  126.612528][ T9264] dmaengine-unmap-2         16KB         16KB
[  126.613815][ T9264] QIPCRTR                   15KB         15KB
[  126.677312][ T9264] audit_buffer               3KB          3KB
[  126.678678][ T9264] skbuff_ext_cache          19KB         19KB
[  126.679935][ T9264] skbuff_small_head        120KB        135KB
[  126.681192][ T9264] skbuff_head_cache         52KB         84KB
[  126.682456][ T9264] file_lock_cache            7KB          7KB
[  126.683746][ T9264] task_delay_info            7KB          7KB
[  126.737671][ T9264] taskstats                 15KB         15KB
[  126.739006][ T9264] proc_dir_entry           311KB        311KB
[  126.740257][ T9264] seq_file                   7KB          7KB
[  126.741506][ T9264] sigqueue                  11KB         11KB
[  126.766771][ T9264] shmem_inode_cache       4608KB       4608KB
[  126.768086][ T9264] kernfs_node_cache      12016KB      12040KB
[  126.769363][ T9264] mnt_cache                 82KB         82KB
[  126.770657][ T9264] filp                     179KB        212KB
[  126.771915][ T9264] names_cache               96KB        224KB
[  126.773167][ T9264] net_namespace             56KB         56KB
[  126.774429][ T9264] iint_cache                47KB         47KB
[  126.808820][ T9264] uts_namespace             15KB         15KB
[  126.810144][ T9264] nsproxy                    7KB          7KB
[  126.811402][ T9264] vma_lock                  98KB        123KB
[  126.812698][ T9264] files_cache               79KB         79KB
[  126.813961][ T9264] signal_cache             419KB        441KB
[  126.877590][ T9264] sighand_cache            697KB        804KB
[  126.878947][ T9264] task_struct             2076KB       2190KB
[  126.880223][ T9264] cred_jar                 496KB        511KB
[  126.881486][ T9264] anon_vma_chain            92KB        128KB
[  126.882759][ T9264] anon_vma                  92KB        106KB
[  126.884028][ T9264] pid                      180KB        180KB
[  126.944725][ T9264] Acpi-State               545KB        545KB
[  126.946119][ T9264] shared_policy_node         19KB         19KB
[  126.965578][ T9264] numa_policy              608KB        784KB
[  126.966925][ T9264] trace_event_file         336KB        336KB
[  126.968186][ T9264] ftrace_event_field        694KB        694KB
[  126.969459][ T9264] pool_workqueue           270KB        280KB
[  126.970742][ T9264] maple_node                92KB        156KB
[  126.971994][ T9264] task_group                15KB         15KB
[  126.973249][ T9264] mm_struct                126KB        126KB
[  126.974528][ T9264] vmap_area                230KB        496KB
[  127.020592][ T9264] kmemleak_scan_area         75KB        152KB
[  127.022321][ T9264] kmemleak_object        66112KB      68997KB
[  127.023584][ T9264] kmalloc-cg-8k            352KB        352KB
[  127.082764][ T9264] kmalloc-cg-4k           5376KB       5376KB
[  127.084091][ T9264] kmalloc-cg-2k           3776KB       3776KB
[  127.108900][ T9264] kmalloc-cg-1k            870KB        880KB
[  127.110239][ T9264] kmalloc-cg-512           496KB        496KB
[  127.111521][ T9264] kmalloc-cg-256            20KB         20KB
[  127.112810][ T9264] kmalloc-cg-192            82KB         82KB
[  127.114080][ T9264] kmalloc-cg-128            96KB         96KB
[  127.141252][ T9264] kmalloc-cg-96             12KB         15KB
[  127.142560][ T9264] kmalloc-cg-64              8KB         12KB
[  127.143867][ T9264] kmalloc-cg-32              8KB         12KB
[  127.186827][ T9264] kmalloc-cg-16             12KB         16KB
[  127.188156][ T9264] kmalloc-cg-8               8KB          8KB
[  127.189437][ T9264] kmalloc-8k              1632KB       1632KB
[  127.190729][ T9264] kmalloc-4k              1676KB       1760KB
[  127.191992][ T9264] kmalloc-2k              1696KB       1760KB
[  127.193255][ T9264] kmalloc-1k              2657KB       2736KB
[  127.194522][ T9264] kmalloc-512             4914KB       4944KB
[  127.236771][ T9264] kmalloc-256             2444KB       2444KB
[  127.238094][ T9264] kmalloc-192              985KB       1008KB
[  127.240040][ T9264] kmalloc-128              619KB        628KB
[  127.241934][ T9264] kmalloc-96              3011KB       3087KB
[  127.243844][ T9264] kmalloc-64              1466KB       1484KB
[  127.325734][ T9264] kmalloc-32               555KB        556KB
[  127.327137][ T9264] kmalloc-16               207KB        208KB
[  127.328464][ T9264] kmalloc-8                271KB        272KB
[  127.329812][ T9264] kmem_cache_node           38KB         40KB
[  127.331121][ T9264] kmem_cache                76KB         76KB
[  127.332431][ T9264] oom-kill:constraint=CONSTRAINT_NONE,nodemask=(null),cpuset=/,mems_allowed=0-1,global_oom,task_memcg=/system.slice/ssh.service,task=syz-executor,pid=9264,uid=0
[  127.376682][ T9264] Out of memory (oom_kill_allocating_task): Killed process 9264 (syz-executor) total-vm:123184kB, anon-rss:100kB, file-rss:176kB, shmem-rss:0kB, UID:0 pgtables:116kB oom_score_adj:0
[  127.396370][ T9297] syz-executor invoked oom-killer: gfp_mask=0x140cca(GFP_HIGHUSER_MOVABLE|__GFP_COMP), order=0, oom_score_adj=0
[  127.398889][ T9297] CPU: 1 PID: 9297 Comm: syz-executor Not tainted 6.6.0 #2
[  127.400400][ T9297] Hardware name: QEMU Standard PC (i440FX + PIIX, 1996), BIOS 1.15.0-1 04/01/2014
[  127.402301][ T9297] Call Trace:
[  127.403025][ T9297]  <TASK>
[  127.403670][ T9297]  dump_stack_lvl+0x72/0xa0
[  127.404691][ T9297]  dump_header+0x4c/0x290
[  127.405619][ T9297]  oom_kill_process+0x169/0x290
[  127.406715][ T9297]  out_of_memory+0x596/0x950
[  127.407731][ T9297]  __alloc_pages+0xe65/0xfc0
[  127.408756][ T9297]  alloc_pages+0xc9/0x1d0
[  127.409717][ T9297]  folio_alloc+0x20/0x70
[  127.410651][ T9297]  filemap_alloc_folio+0x1a0/0x1c0
[  127.411767][ T9297]  __filemap_get_folio+0x337/0x590
[  127.412886][ T9297]  filemap_fault+0x278/0x1160
[  127.413907][ T9297]  __do_fault+0x47/0xf0
[  127.414818][ T9297]  __handle_mm_fault+0x1c0d/0x2660
[  127.415916][ T9297]  handle_mm_fault+0x26a/0x690
[  127.416941][ T9297]  ? lock_mm_and_find_vma+0x89/0x3d0
[  127.418082][ T9297]  exc_page_fault+0x42d/0xd10
[  127.419117][ T9297]  asm_exc_page_fault+0x26/0x30
[  127.420177][ T9297] RIP: 0033:0x7fd943a514fd
[  127.421131][ T9297] Code: Unable to access opcode bytes at 0x7fd943a514d3.
[  127.422579][ T9297] RSP: 002b:00007ffd5d3ad830 EFLAGS: 00010207
[  127.423859][ T9297] RAX: 0000000000000000 RBX: 00007fd943db97e0 RCX: 00007fd943bb058e
[  127.425497][ T9297] RDX: 0000000000000080 RSI: 0000000000000000 RDI: 0000000000000003
[  127.427134][ T9297] RBP: 0000000000000001 R08: 00007ffd5d3ad84c R09: 00007ffd5d3addb0
[  127.428778][ T9297] R10: 00007ffd5d3ad850 R11: 0000000000000246 R12: 0000000000000003
[  127.430413][ T9297] R13: 00007fd943db90e8 R14: 00007ffd5d3ad84c R15: 00007ffd5d3ad850
[  127.432081][ T9297]  </TASK>
[  127.520698][ T9297] Mem-Info:
[  127.521430][ T9297] active_anon:0 inactive_anon:0 isolated_anon:0
[  127.521430][ T9297]  active_file:30 inactive_file:2 isolated_file:0
[  127.521430][ T9297]  unevictable:768 dirty:5 writeback:0
[  127.521430][ T9297]  slab_reclaimable:4438 slab_unreclaimable:39989
[  127.521430][ T9297]  mapped:20483 shmem:768 pagetables:446
[  127.521430][ T9297]  sec_pagetables:0 bounce:0
[  127.521430][ T9297]  kernel_misc_reclaimable:0
[  127.521430][ T9297]  free:11101 free_pcp:491 free_cma:0
[  127.558871][ T9297] Node 0 active_anon:0kB inactive_anon:0kB active_file:24kB inactive_file:32kB unevictable:1536kB isolated(anon):0kB isolated(file):0kB mapped:27980kB dirty:8kB writeback:0kB shmem:1536kB shmem_thp:0kB shmem_pmdmapped:0kB anon_thp:0kB writeback_tmp:0kB kernel_stack:3080kB pagetables:856kB sec_pagetables:0kB all_unreclaimable? no
[  127.584734][ T9297] Node 1 active_anon:0kB inactive_anon:0kB active_file:52kB inactive_file:20kB unevictable:1536kB isolated(anon):0kB isolated(file):0kB mapped:53952kB dirty:12kB writeback:0kB shmem:1536kB shmem_thp:0kB shmem_pmdmapped:0kB anon_thp:0kB writeback_tmp:0kB kernel_stack:2216kB pagetables:928kB sec_pagetables:0kB all_unreclaimable? no
[  127.591194][ T9297] Node 0 DMA free:3712kB boost:0kB min:536kB low:668kB high:800kB reserved_highatomic:0KB active_anon:0kB inactive_anon:0kB active_file:0kB inactive_file:0kB unevictable:0kB writepending:0kB present:15992kB managed:15360kB mlocked:0kB bounce:0kB free_pcp:0kB local_pcp:0kB free_cma:0kB
[  127.624692][ T9297] lowmem_reserve[]: 0 863 863 863 863
[  127.625926][ T9297] Node 0 DMA32 free:15340kB boost:0kB min:30964kB low:38704kB high:46444kB reserved_highatomic:2048KB active_anon:0kB inactive_anon:0kB active_file:28kB inactive_file:28kB unevictable:1536kB writepending:8kB present:1032192kB managed:900204kB mlocked:0kB bounce:0kB free_pcp:268kB local_pcp:16kB free_cma:0kB
[  127.635072][ T9297] lowmem_reserve[]: 0 0 0 0 0
[  127.636168][ T9297] Node 1 DMA32 free:18800kB boost:0kB min:36080kB low:45100kB high:54120kB reserved_highatomic:2048KB active_anon:0kB inactive_anon:0kB active_file:0kB inactive_file:112kB unevictable:1536kB writepending:12kB present:1048448kB managed:1030744kB mlocked:0kB bounce:0kB free_pcp:1068kB local_pcp:820kB free_cma:0kB
[  127.642151][ T9297] lowmem_reserve[]: 0 0 0 0 0
[  127.643191][ T9297] Node 0 DMA: 0*4kB 0*8kB 0*16kB 0*32kB 0*64kB 1*128kB (U) 0*256kB 1*512kB (U) 1*1024kB (U) 1*2048kB (M) 0*4096kB = 3712kB
[  127.657050][ T9297] Node 0 DMA32: 327*4kB (UMEH) 232*8kB (UME) 90*16kB (UME) 107*32kB (UME) 40*64kB (ME) 16*128kB (UME) 7*256kB (UM) 0*512kB 1*1024kB (H) 0*2048kB 0*4096kB = 15452kB
[  127.665762][ T9297] Node 1 DMA32: 396*4kB (UMEH) 102*8kB (UMEH) 158*16kB (UME) 158*32kB (UME) 80*64kB (UME) 21*128kB (UMEH) 0*256kB 0*512kB 0*1024kB 0*2048kB 0*4096kB = 17792kB
[  127.669250][ T9297] Node 0 hugepages_total=0 hugepages_free=0 hugepages_surp=0 hugepages_size=1048576kB
[  127.671221][ T9297] Node 0 hugepages_total=2 hugepages_free=2 hugepages_surp=0 hugepages_size=2048kB
[  127.681566][ T9297] Node 1 hugepages_total=0 hugepages_free=0 hugepages_surp=0 hugepages_size=1048576kB
[  127.688323][ T9297] Node 1 hugepages_total=2 hugepages_free=2 hugepages_surp=0 hugepages_size=2048kB
[  127.690276][ T9297] 801 total pagecache pages
[  127.694940][ T9297] 0 pages in swap cache
[  127.695872][ T9297] Free swap  = 98716kB
[  127.696746][ T9297] Total swap = 124996kB
[  127.697597][ T9297] 524158 pages RAM
[  127.698393][ T9297] 0 pages HighMem/MovableOnly
[  127.704236][ T9297] 37581 pages reserved
[  127.706443][ T9297] 0 pages cma reserved
[  127.707358][ T9297] Unreclaimable slab info:
[  127.708286][ T9297] Name                      Used          Total
[  127.709571][ T9297] bio-312                    3KB          3KB
[  127.710869][ T9297] bio-376                    7KB          7KB
[  127.712131][ T9297] bio-392                    7KB          7KB
[  127.721297][ T9297] bio-448                    8KB          8KB
[  127.724172][ T9297] zs_handle                 57KB         60KB
