Warning: Permanently added '[localhost]:6422' (ED25519) to the list of known hosts.
2025/09/08 04:49:45 parsed 1 programs
syzkaller login: [  195.431678][ T9276] cgroup: Unknown subsys name 'net'
[  195.621295][ T9276] cgroup: Unknown subsys name 'rlimit'
[  202.135400][ T9276] Adding 124996k swap on ./swap-file.  Priority:0 extents:1 across:124996k FS
[  206.339757][ T9299] Bluetooth: hci0: unexpected cc 0x1003 length: 249 > 9
[  206.343112][ T9299] Bluetooth: hci0: unexpected cc 0x1001 length: 249 > 9
[  206.347172][ T9299] Bluetooth: hci0: unexpected cc 0x0c23 length: 249 > 4
[  206.350293][ T9299] Bluetooth: hci0: unexpected cc 0x0c25 length: 249 > 3
[  206.352381][ T9299] Bluetooth: hci0: unexpected cc 0x0c38 length: 249 > 2
[  211.355387][ T9124] wlan0: Created IBSS using preconfigured BSSID 50:50:50:50:50:50
[  211.357436][ T9124] wlan0: Creating new IBSS network, BSSID 50:50:50:50:50:50
[  211.369714][   T29] IPv6: ADDRCONF(NETDEV_CHANGE): wlan0: link becomes ready
[  211.417472][ T9124] wlan1: Created IBSS using preconfigured BSSID 50:50:50:50:50:50
[  211.420575][ T9124] wlan1: Creating new IBSS network, BSSID 50:50:50:50:50:50
[  211.428127][   T29] IPv6: ADDRCONF(NETDEV_CHANGE): wlan1: link becomes ready
[  212.113409][ T9512] chnl_net:caif_netlink_parms(): no params data found
[  212.756816][ T9512] bridge0: port 1(bridge_slave_0) entered blocking state
[  212.763517][ T9512] bridge0: port 1(bridge_slave_0) entered disabled state
[  212.767382][ T9512] device bridge_slave_0 entered promiscuous mode
[  212.845737][ T9512] bridge0: port 2(bridge_slave_1) entered blocking state
[  212.847807][ T9512] bridge0: port 2(bridge_slave_1) entered disabled state
[  212.851741][ T9512] device bridge_slave_1 entered promiscuous mode
[  213.054501][ T9512] bond0: (slave bond_slave_0): Enslaving as an active interface with an up link
[  213.204226][ T9512] bond0: (slave bond_slave_1): Enslaving as an active interface with an up link
[  213.671041][ T9512] team0: Port device team_slave_0 added
[  213.855812][ T9512] team0: Port device team_slave_1 added
[  214.169766][ T9512] batman_adv: batadv0: Adding interface: batadv_slave_0
[  214.174064][ T9512] batman_adv: batadv0: The MTU of interface batadv_slave_0 is too small (1500) to handle the transport of batman-adv packets. Packets going over this interface will be fragmented on layer2 which could impact the performance. Setting the MTU to 1560 would solve the problem.
[  214.190937][ T9512] batman_adv: batadv0: Not using interface batadv_slave_0 (retrying later): interface not active
[  214.223826][ T9512] batman_adv: batadv0: Adding interface: batadv_slave_1
[  214.226127][ T9512] batman_adv: batadv0: The MTU of interface batadv_slave_1 is too small (1500) to handle the transport of batman-adv packets. Packets going over this interface will be fragmented on layer2 which could impact the performance. Setting the MTU to 1560 would solve the problem.
[  214.243124][ T9512] batman_adv: batadv0: Not using interface batadv_slave_1 (retrying later): interface not active
[  214.640283][ T9512] device hsr_slave_0 entered promiscuous mode
[  214.678377][ T9512] device hsr_slave_1 entered promiscuous mode
[  218.364499][ T9512] netdevsim netdevsim0 netdevsim0: renamed from eth0
[  218.377473][ T9512] netdevsim netdevsim0 netdevsim1: renamed from eth1
[  218.385439][ T9512] netdevsim netdevsim0 netdevsim2: renamed from eth2
[  218.394786][ T9512] netdevsim netdevsim0 netdevsim3: renamed from eth3
[  218.598921][ T9512] 8021q: adding VLAN 0 to HW filter on device bond0
[  218.617851][  T943] IPv6: ADDRCONF(NETDEV_CHANGE): veth1: link becomes ready
[  218.623531][  T943] IPv6: ADDRCONF(NETDEV_CHANGE): veth0: link becomes ready
[  218.647473][ T9512] 8021q: adding VLAN 0 to HW filter on device team0
[  218.660841][  T943] IPv6: ADDRCONF(NETDEV_CHANGE): veth0_to_bridge: link becomes ready
[  218.664671][  T943] IPv6: ADDRCONF(NETDEV_CHANGE): bridge_slave_0: link becomes ready
[  218.668458][  T943] bridge0: port 1(bridge_slave_0) entered blocking state
[  218.670845][  T943] bridge0: port 1(bridge_slave_0) entered forwarding state
[  218.713152][    T7] IPv6: ADDRCONF(NETDEV_CHANGE): bridge0: link becomes ready
[  218.720376][  T943] IPv6: ADDRCONF(NETDEV_CHANGE): veth1_to_bridge: link becomes ready
[  218.724533][  T943] IPv6: ADDRCONF(NETDEV_CHANGE): bridge_slave_1: link becomes ready
[  218.727885][  T943] bridge0: port 2(bridge_slave_1) entered blocking state
[  218.729492][  T943] bridge0: port 2(bridge_slave_1) entered forwarding state
[  218.742717][   T15] IPv6: ADDRCONF(NETDEV_CHANGE): veth0_to_bond: link becomes ready
[  218.776384][  T943] IPv6: ADDRCONF(NETDEV_CHANGE): veth1_to_bond: link becomes ready
[  218.788982][  T943] IPv6: ADDRCONF(NETDEV_CHANGE): veth0_to_team: link becomes ready
[  218.796590][  T943] IPv6: ADDRCONF(NETDEV_CHANGE): team_slave_0: link becomes ready
[  218.802600][  T943] IPv6: ADDRCONF(NETDEV_CHANGE): team0: link becomes ready
[  218.815291][   T15] IPv6: ADDRCONF(NETDEV_CHANGE): veth1_to_team: link becomes ready
[  218.819731][   T15] IPv6: ADDRCONF(NETDEV_CHANGE): team_slave_1: link becomes ready
[  218.859163][   T29] IPv6: ADDRCONF(NETDEV_CHANGE): veth0_to_hsr: link becomes ready
[  218.862154][   T29] IPv6: ADDRCONF(NETDEV_CHANGE): hsr_slave_0: link becomes ready
[  218.884315][ T9736] IPv6: ADDRCONF(NETDEV_CHANGE): veth1_to_hsr: link becomes ready
[  218.887134][ T9736] IPv6: ADDRCONF(NETDEV_CHANGE): hsr_slave_1: link becomes ready
[  218.901703][ T9512] IPv6: ADDRCONF(NETDEV_CHANGE): hsr0: link becomes ready
[  219.351078][ T9735] IPv6: ADDRCONF(NETDEV_CHANGE): vxcan1: link becomes ready
[  219.353117][ T9735] IPv6: ADDRCONF(NETDEV_CHANGE): vxcan0: link becomes ready
[  219.386415][ T9512] 8021q: adding VLAN 0 to HW filter on device batadv0
[  219.428277][ T9735] IPv6: ADDRCONF(NETDEV_CHANGE): veth1_virt_wifi: link becomes ready
[  219.431806][ T9735] IPv6: ADDRCONF(NETDEV_CHANGE): veth0_virt_wifi: link becomes ready
[  219.472873][ T9735] IPv6: ADDRCONF(NETDEV_CHANGE): veth1_vlan: link becomes ready
[  219.477566][ T9735] IPv6: ADDRCONF(NETDEV_CHANGE): veth0_vlan: link becomes ready
[  219.497249][ T9735] IPv6: ADDRCONF(NETDEV_CHANGE): vlan0: link becomes ready
[  219.508527][ T9735] IPv6: ADDRCONF(NETDEV_CHANGE): vlan1: link becomes ready
[  219.533027][ T9512] device veth0_vlan entered promiscuous mode
[  219.588086][ T9512] device veth1_vlan entered promiscuous mode
[  219.629344][ T9736] IPv6: ADDRCONF(NETDEV_CHANGE): macvlan0: link becomes ready
[  219.632875][ T9736] IPv6: ADDRCONF(NETDEV_CHANGE): macvlan1: link becomes ready
[  219.658604][ T9736] IPv6: ADDRCONF(NETDEV_CHANGE): veth1_macvtap: link becomes ready
[  219.661585][ T9736] IPv6: ADDRCONF(NETDEV_CHANGE): veth0_macvtap: link becomes ready
[  219.674201][ T9512] device veth0_macvtap entered promiscuous mode
[  219.684649][ T9512] device veth1_macvtap entered promiscuous mode
[  219.714530][ T9512] batman_adv: batadv0: Interface activated: batadv_slave_0
[  219.716525][ T9736] IPv6: ADDRCONF(NETDEV_CHANGE): macvtap0: link becomes ready
[  219.719203][ T9736] IPv6: ADDRCONF(NETDEV_CHANGE): macsec0: link becomes ready
[  219.724994][ T9736] IPv6: ADDRCONF(NETDEV_CHANGE): batadv_slave_0: link becomes ready
[  219.728937][ T9736] IPv6: ADDRCONF(NETDEV_CHANGE): veth0_to_batadv: link becomes ready
[  219.751149][ T9512] batman_adv: batadv0: Interface activated: batadv_slave_1
[  219.764977][ T9512] netdevsim netdevsim0 netdevsim0: set [1, 0] type 2 family 0 port 6081 - 0
[  219.767143][ T9512] netdevsim netdevsim0 netdevsim1: set [1, 0] type 2 family 0 port 6081 - 0
[  219.769017][ T9512] netdevsim netdevsim0 netdevsim2: set [1, 0] type 2 family 0 port 6081 - 0
[  219.772675][ T9512] netdevsim netdevsim0 netdevsim3: set [1, 0] type 2 family 0 port 6081 - 0
[  219.777538][ T9735] IPv6: ADDRCONF(NETDEV_CHANGE): batadv_slave_1: link becomes ready
[  219.783509][ T9735] IPv6: ADDRCONF(NETDEV_CHANGE): veth1_to_batadv: link becomes ready
[  219.814352][ T1283] ieee802154 phy0 wpan0: encryption failed: -22
[  219.816095][ T1283] ieee802154 phy1 wpan1: encryption failed: -22
2025/09/08 04:50:15 executed programs: 0
[  220.417578][T10067] Bluetooth: hci1: unexpected cc 0x0c03 length: 249 > 1
[  220.425750][T10067] Bluetooth: hci1: unexpected cc 0x1003 length: 249 > 9
[  220.428902][T10067] Bluetooth: hci1: unexpected cc 0x1001 length: 249 > 9
[  220.440666][T10067] Bluetooth: hci0: unexpected cc 0x1003 length: 249 > 9
[  220.444722][T10067] Bluetooth: hci0: unexpected cc 0x1001 length: 249 > 9
[  220.448150][T10067] Bluetooth: hci0: unexpected cc 0x0c23 length: 249 > 4
[  220.470812][T10067] Bluetooth: hci0: unexpected cc 0x0c25 length: 249 > 3
[  220.479502][   T51] Bluetooth: hci0: unexpected cc 0x0c38 length: 249 > 2
[  220.484446][   T51] Bluetooth: hci1: unexpected cc 0x0c23 length: 249 > 4
[  220.550463][ T9299] Bluetooth: hci1: unexpected cc 0x0c25 length: 249 > 3
[  220.554127][ T9299] Bluetooth: hci1: unexpected cc 0x0c38 length: 249 > 2
[  221.031051][T10067] Bluetooth: hci2: unexpected cc 0x0c03 length: 249 > 1
[  221.041860][T10067] Bluetooth: hci2: unexpected cc 0x1003 length: 249 > 9
[  221.044844][T10067] Bluetooth: hci2: unexpected cc 0x1001 length: 249 > 9
[  221.048477][T10067] Bluetooth: hci2: unexpected cc 0x0c23 length: 249 > 4
[  221.057532][T10067] Bluetooth: hci2: unexpected cc 0x0c25 length: 249 > 3
[  221.059621][T10067] Bluetooth: hci2: unexpected cc 0x0c38 length: 249 > 2
[  221.164899][ T5058] Bluetooth: hci3: unexpected cc 0x1003 length: 249 > 9
[  221.233595][ T5058] Bluetooth: hci3: unexpected cc 0x1001 length: 249 > 9
[  221.362086][ T5058] Bluetooth: hci3: unexpected cc 0x0c23 length: 249 > 4
[  221.393709][ T5058] Bluetooth: hci3: unexpected cc 0x0c25 length: 249 > 3
[  221.401436][ T5058] Bluetooth: hci3: unexpected cc 0x0c38 length: 249 > 2
[  222.533127][T10067] Bluetooth: hci0: command 0x0409 tx timeout
[  222.645698][T10061] chnl_net:caif_netlink_parms(): no params data found
[  222.684460][   T10] netdevsim netdevsim0 netdevsim3 (unregistering): unset [1, 0] type 2 family 0 port 6081 - 0
[  222.690949][ T5058] Bluetooth: hci1: command 0x0409 tx timeout
[  222.743444][T10062] chnl_net:caif_netlink_parms(): no params data found
[  223.170975][ T5058] Bluetooth: hci2: command 0x0409 tx timeout
[  223.500558][ T5058] Bluetooth: hci3: command 0x0409 tx timeout
[  223.723341][T10078] chnl_net:caif_netlink_parms(): no params data found
[  223.789203][T10061] bridge0: port 1(bridge_slave_0) entered blocking state
[  223.796011][T10061] bridge0: port 1(bridge_slave_0) entered disabled state
[  223.799545][T10061] device bridge_slave_0 entered promiscuous mode
[  223.815341][T10061] bridge0: port 2(bridge_slave_1) entered blocking state
[  223.816985][T10061] bridge0: port 2(bridge_slave_1) entered disabled state
[  223.824040][T10061] device bridge_slave_1 entered promiscuous mode
[  223.874727][T10083] chnl_net:caif_netlink_parms(): no params data found
[  223.885987][T10062] bridge0: port 1(bridge_slave_0) entered blocking state
[  223.887735][T10062] bridge0: port 1(bridge_slave_0) entered disabled state
[  223.895072][T10062] device bridge_slave_0 entered promiscuous mode
[  224.232009][T10062] bridge0: port 2(bridge_slave_1) entered blocking state
[  224.234160][T10062] bridge0: port 2(bridge_slave_1) entered disabled state
[  224.237232][T10062] device bridge_slave_1 entered promiscuous mode
[  224.458526][T10061] bond0: (slave bond_slave_0): Enslaving as an active interface with an up link
[  224.494953][   T10] netdevsim netdevsim0 netdevsim2 (unregistering): unset [1, 0] type 2 family 0 port 6081 - 0
[  224.572752][T10061] bond0: (slave bond_slave_1): Enslaving as an active interface with an up link
[  224.610178][ T5058] Bluetooth: hci0: command 0x041b tx timeout
[  224.636806][   T10] netdevsim netdevsim0 netdevsim1 (unregistering): unset [1, 0] type 2 family 0 port 6081 - 0
[  224.661574][T10062] bond0: (slave bond_slave_0): Enslaving as an active interface with an up link
[  224.771839][T10067] Bluetooth: hci1: command 0x041b tx timeout
[  224.803926][   T10] netdevsim netdevsim0 netdevsim0 (unregistering): unset [1, 0] type 2 family 0 port 6081 - 0
[  224.821794][T10062] bond0: (slave bond_slave_1): Enslaving as an active interface with an up link
[  224.924094][T10078] bridge0: port 1(bridge_slave_0) entered blocking state
[  224.925760][T10078] bridge0: port 1(bridge_slave_0) entered disabled state
[  224.928985][T10078] device bridge_slave_0 entered promiscuous mode
[  225.012970][T10061] team0: Port device team_slave_0 added
[  225.075841][T10078] bridge0: port 2(bridge_slave_1) entered blocking state
[  225.077619][T10078] bridge0: port 2(bridge_slave_1) entered disabled state
[  225.091349][T10078] device bridge_slave_1 entered promiscuous mode
[  225.185797][T10061] team0: Port device team_slave_1 added
[  225.201418][T10062] team0: Port device team_slave_0 added
[  225.204144][T10083] bridge0: port 1(bridge_slave_0) entered blocking state
[  225.205750][T10083] bridge0: port 1(bridge_slave_0) entered disabled state
[  225.209252][T10083] device bridge_slave_0 entered promiscuous mode
[  225.221936][T10083] bridge0: port 2(bridge_slave_1) entered blocking state
[  225.225602][T10083] bridge0: port 2(bridge_slave_1) entered disabled state
[  225.228825][T10083] device bridge_slave_1 entered promiscuous mode
[  225.250251][ T5058] Bluetooth: hci2: command 0x041b tx timeout
[  225.430876][T10062] team0: Port device team_slave_1 added
[  225.571022][T10067] Bluetooth: hci3: command 0x041b tx timeout
[  225.602746][T10078] bond0: (slave bond_slave_0): Enslaving as an active interface with an up link
[  225.607109][T10061] batman_adv: batadv0: Adding interface: batadv_slave_0
[  225.608667][T10061] batman_adv: batadv0: The MTU of interface batadv_slave_0 is too small (1500) to handle the transport of batman-adv packets. Packets going over this interface will be fragmented on layer2 which could impact the performance. Setting the MTU to 1560 would solve the problem.
[  225.620904][T10061] batman_adv: batadv0: Not using interface batadv_slave_0 (retrying later): interface not active
[  225.627031][T10061] batman_adv: batadv0: Adding interface: batadv_slave_1
[  225.628569][T10061] batman_adv: batadv0: The MTU of interface batadv_slave_1 is too small (1500) to handle the transport of batman-adv packets. Packets going over this interface will be fragmented on layer2 which could impact the performance. Setting the MTU to 1560 would solve the problem.
[  225.639623][T10061] batman_adv: batadv0: Not using interface batadv_slave_1 (retrying later): interface not active
[  225.744114][T10078] bond0: (slave bond_slave_1): Enslaving as an active interface with an up link
[  225.764887][T10083] bond0: (slave bond_slave_0): Enslaving as an active interface with an up link
[  226.046864][T10062] batman_adv: batadv0: Adding interface: batadv_slave_0
[  226.048508][T10062] batman_adv: batadv0: The MTU of interface batadv_slave_0 is too small (1500) to handle the transport of batman-adv packets. Packets going over this interface will be fragmented on layer2 which could impact the performance. Setting the MTU to 1560 would solve the problem.
[  226.075761][T10062] batman_adv: batadv0: Not using interface batadv_slave_0 (retrying later): interface not active
[  226.098986][T10083] bond0: (slave bond_slave_1): Enslaving as an active interface with an up link
[  226.690316][T10067] Bluetooth: hci0: command 0x040f tx timeout
[  226.766658][T10062] batman_adv: batadv0: Adding interface: batadv_slave_1
[  226.768209][T10062] batman_adv: batadv0: The MTU of interface batadv_slave_1 is too small (1500) to handle the transport of batman-adv packets. Packets going over this interface will be fragmented on layer2 which could impact the performance. Setting the MTU to 1560 would solve the problem.
[  226.790979][T10062] batman_adv: batadv0: Not using interface batadv_slave_1 (retrying later): interface not active
[  226.808933][T10078] team0: Port device team_slave_0 added
[  226.827523][T10078] team0: Port device team_slave_1 added
[  226.850131][T10067] Bluetooth: hci1: command 0x040f tx timeout
[  226.877565][T10061] device hsr_slave_0 entered promiscuous mode
[  226.890594][T10061] device hsr_slave_1 entered promiscuous mode
[  226.901714][T10061] debugfs: Directory 'hsr0' with parent 'hsr' already present!
[  226.903878][T10061] Cannot create hsr debugfs directory
[  227.012356][T10083] team0: Port device team_slave_0 added
[  227.119692][T10083] team0: Port device team_slave_1 added
[  227.207545][T10078] batman_adv: batadv0: Adding interface: batadv_slave_0
[  227.209137][T10078] batman_adv: batadv0: The MTU of interface batadv_slave_0 is too small (1500) to handle the transport of batman-adv packets. Packets going over this interface will be fragmented on layer2 which could impact the performance. Setting the MTU to 1560 would solve the problem.
[  227.217463][T10078] batman_adv: batadv0: Not using interface batadv_slave_0 (retrying later): interface not active
[  227.224651][T10078] batman_adv: batadv0: Adding interface: batadv_slave_1
[  227.226631][T10078] batman_adv: batadv0: The MTU of interface batadv_slave_1 is too small (1500) to handle the transport of batman-adv packets. Packets going over this interface will be fragmented on layer2 which could impact the performance. Setting the MTU to 1560 would solve the problem.
[  227.240268][T10078] batman_adv: batadv0: Not using interface batadv_slave_1 (retrying later): interface not active
[  227.330497][T10067] Bluetooth: hci2: command 0x040f tx timeout
[  227.608205][T10083] batman_adv: batadv0: Adding interface: batadv_slave_0
[  227.609795][T10083] batman_adv: batadv0: The MTU of interface batadv_slave_0 is too small (1500) to handle the transport of batman-adv packets. Packets going over this interface will be fragmented on layer2 which could impact the performance. Setting the MTU to 1560 would solve the problem.
[  227.646619][T10083] batman_adv: batadv0: Not using interface batadv_slave_0 (retrying later): interface not active
[  227.651615][T10067] Bluetooth: hci3: command 0x040f tx timeout
[  227.766708][T10062] device hsr_slave_0 entered promiscuous mode
[  227.780519][T10062] device hsr_slave_1 entered promiscuous mode
[  227.783159][T10062] debugfs: Directory 'hsr0' with parent 'hsr' already present!
[  227.785161][T10062] Cannot create hsr debugfs directory
[  227.796056][T10083] batman_adv: batadv0: Adding interface: batadv_slave_1
[  227.797661][T10083] batman_adv: batadv0: The MTU of interface batadv_slave_1 is too small (1500) to handle the transport of batman-adv packets. Packets going over this interface will be fragmented on layer2 which could impact the performance. Setting the MTU to 1560 would solve the problem.
[  227.839950][T10083] batman_adv: batadv0: Not using interface batadv_slave_1 (retrying later): interface not active
[  227.928834][T10078] device hsr_slave_0 entered promiscuous mode
[  227.935829][T10078] device hsr_slave_1 entered promiscuous mode
[  227.938268][T10078] debugfs: Directory 'hsr0' with parent 'hsr' already present!
[  227.943688][T10078] Cannot create hsr debugfs directory
[  228.443022][T10083] device hsr_slave_0 entered promiscuous mode
[  228.464134][T10083] device hsr_slave_1 entered promiscuous mode
[  228.466610][T10083] debugfs: Directory 'hsr0' with parent 'hsr' already present!
[  228.468280][T10083] Cannot create hsr debugfs directory
[  228.770665][T10067] Bluetooth: hci0: command 0x0419 tx timeout
[  228.930257][ T5058] Bluetooth: hci1: command 0x0419 tx timeout
[  229.410485][T10067] Bluetooth: hci2: command 0x0419 tx timeout
[  229.439165][   T10] device hsr_slave_0 left promiscuous mode
[  229.449153][   T10] device hsr_slave_1 left promiscuous mode
[  229.452877][   T10] batman_adv: batadv0: Interface deactivated: batadv_slave_0
[  229.454606][   T10] batman_adv: batadv0: Removing interface: batadv_slave_0
[  229.465228][   T10] batman_adv: batadv0: Interface deactivated: batadv_slave_1
[  229.466917][   T10] batman_adv: batadv0: Removing interface: batadv_slave_1
[  229.473682][   T10] device bridge_slave_1 left promiscuous mode
[  229.476882][   T10] bridge0: port 2(bridge_slave_1) entered disabled state
[  229.551664][   T10] device bridge_slave_0 left promiscuous mode
[  229.553910][   T10] bridge0: port 1(bridge_slave_0) entered disabled state
[  229.579389][   T10] device veth1_macvtap left promiscuous mode
[  229.581520][   T10] device veth0_macvtap left promiscuous mode
[  229.583019][   T10] device veth1_vlan left promiscuous mode
[  229.585155][   T10] device veth0_vlan left promiscuous mode
[  229.730078][ T5058] Bluetooth: hci3: command 0x0419 tx timeout
[  230.179752][   T10] team0 (unregistering): Port device team_slave_1 removed
[  230.195037][   T10] team0 (unregistering): Port device team_slave_0 removed
[  230.208845][   T10] bond0 (unregistering): (slave bond_slave_1): Releasing backup interface
[  230.228161][   T10] bond0 (unregistering): (slave bond_slave_0): Releasing backup interface
[  230.444617][   T10] bond0 (unregistering): Released all slaves
[  233.604544][T10061] netdevsim netdevsim1 netdevsim0: renamed from eth0
[  233.631022][T10061] netdevsim netdevsim1 netdevsim1: renamed from eth1
[  233.638942][T10061] netdevsim netdevsim1 netdevsim2: renamed from eth2
[  233.780846][T10061] netdevsim netdevsim1 netdevsim3: renamed from eth3
[  234.648467][T10061] 8021q: adding VLAN 0 to HW filter on device bond0
[  234.726597][   T15] IPv6: ADDRCONF(NETDEV_CHANGE): veth1: link becomes ready
[  234.730441][   T15] IPv6: ADDRCONF(NETDEV_CHANGE): veth0: link becomes ready
[  234.749378][T10078] netdevsim netdevsim2 netdevsim0: renamed from eth0
[  234.778657][T10078] netdevsim netdevsim2 netdevsim1: renamed from eth1
[  234.789125][T10078] netdevsim netdevsim2 netdevsim2: renamed from eth2
[  234.825629][T10061] 8021q: adding VLAN 0 to HW filter on device team0
[  234.833141][T10078] netdevsim netdevsim2 netdevsim3: renamed from eth3
[  234.924313][   T29] IPv6: ADDRCONF(NETDEV_CHANGE): veth0_to_bridge: link becomes ready
[  234.927041][   T29] IPv6: ADDRCONF(NETDEV_CHANGE): bridge_slave_0: link becomes ready
[  234.929439][   T29] bridge0: port 1(bridge_slave_0) entered blocking state
[  234.931199][   T29] bridge0: port 1(bridge_slave_0) entered forwarding state
[  234.947906][   T29] IPv6: ADDRCONF(NETDEV_CHANGE): bridge0: link becomes ready
[  235.051137][   T15] IPv6: ADDRCONF(NETDEV_CHANGE): veth1_to_bridge: link becomes ready
[  235.055630][   T15] IPv6: ADDRCONF(NETDEV_CHANGE): bridge_slave_1: link becomes ready
[  235.060310][   T15] bridge0: port 2(bridge_slave_1) entered blocking state
[  235.063081][   T15] bridge0: port 2(bridge_slave_1) entered forwarding state
[  235.171842][T10954] IPv6: ADDRCONF(NETDEV_CHANGE): veth0_to_bond: link becomes ready
[  235.326537][   T15] IPv6: ADDRCONF(NETDEV_CHANGE): veth1_to_bond: link becomes ready
[  235.377099][ T5107] IPv6: ADDRCONF(NETDEV_CHANGE): veth0_to_team: link becomes ready
[  235.403099][ T5107] IPv6: ADDRCONF(NETDEV_CHANGE): team_slave_0: link becomes ready
[  235.420524][ T5107] IPv6: ADDRCONF(NETDEV_CHANGE): team0: link becomes ready
[  235.485678][ T5107] IPv6: ADDRCONF(NETDEV_CHANGE): veth1_to_team: link becomes ready
[  235.494107][ T5107] IPv6: ADDRCONF(NETDEV_CHANGE): team_slave_1: link becomes ready
[  235.532302][T10083] netdevsim netdevsim3 netdevsim0: renamed from eth0
[  235.552464][T10083] netdevsim netdevsim3 netdevsim1: renamed from eth1
[  235.591685][   T15] IPv6: ADDRCONF(NETDEV_CHANGE): veth0_to_hsr: link becomes ready
[  235.594345][   T15] IPv6: ADDRCONF(NETDEV_CHANGE): hsr_slave_0: link becomes ready
[  235.596897][   T15] IPv6: ADDRCONF(NETDEV_CHANGE): veth1_to_hsr: link becomes ready
[  235.599398][   T15] IPv6: ADDRCONF(NETDEV_CHANGE): hsr_slave_1: link becomes ready
[  235.668904][T10083] netdevsim netdevsim3 netdevsim2: renamed from eth2
[  235.703586][T10083] netdevsim netdevsim3 netdevsim3: renamed from eth3
[  235.745877][T10061] IPv6: ADDRCONF(NETDEV_CHANGE): hsr0: link becomes ready
[  236.030255][T10062] netdevsim netdevsim0 netdevsim0: renamed from eth0
[  236.068048][T10062] netdevsim netdevsim0 netdevsim1: renamed from eth1
[  236.089603][T10078] 8021q: adding VLAN 0 to HW filter on device bond0
[  236.107448][T10062] netdevsim netdevsim0 netdevsim2: renamed from eth2
[  236.136160][T10062] netdevsim netdevsim0 netdevsim3: renamed from eth3
[  236.162992][T10954] IPv6: ADDRCONF(NETDEV_CHANGE): veth1: link becomes ready
[  236.165591][T10954] IPv6: ADDRCONF(NETDEV_CHANGE): veth0: link becomes ready
[  236.194493][T10078] 8021q: adding VLAN 0 to HW filter on device team0
[  236.229057][    T7] IPv6: ADDRCONF(NETDEV_CHANGE): veth0_to_bridge: link becomes ready
[  236.232476][    T7] IPv6: ADDRCONF(NETDEV_CHANGE): bridge_slave_0: link becomes ready
[  236.234919][    T7] bridge0: port 1(bridge_slave_0) entered blocking state
[  236.236574][    T7] bridge0: port 1(bridge_slave_0) entered forwarding state
[  236.263361][   T15] IPv6: ADDRCONF(NETDEV_CHANGE): bridge0: link becomes ready
[  236.281384][T10954] IPv6: ADDRCONF(NETDEV_CHANGE): veth1_to_bridge: link becomes ready
[  236.284323][T10954] IPv6: ADDRCONF(NETDEV_CHANGE): bridge_slave_1: link becomes ready
[  236.286903][T10954] bridge0: port 2(bridge_slave_1) entered blocking state
[  236.288486][T10954] bridge0: port 2(bridge_slave_1) entered forwarding state
[  236.313513][T10954] IPv6: ADDRCONF(NETDEV_CHANGE): veth0_to_bond: link becomes ready
[  236.316622][T10954] IPv6: ADDRCONF(NETDEV_CHANGE): veth1_to_bond: link becomes ready
[  236.388112][   T15] IPv6: ADDRCONF(NETDEV_CHANGE): veth0_to_team: link becomes ready
[  236.392039][   T15] IPv6: ADDRCONF(NETDEV_CHANGE): team_slave_0: link becomes ready
[  236.395600][   T15] IPv6: ADDRCONF(NETDEV_CHANGE): team0: link becomes ready
[  236.437508][T10954] IPv6: ADDRCONF(NETDEV_CHANGE): veth1_to_team: link becomes ready
[  236.441397][T10954] IPv6: ADDRCONF(NETDEV_CHANGE): team_slave_1: link becomes ready
[  236.483584][ T9738] IPv6: ADDRCONF(NETDEV_CHANGE): veth0_to_hsr: link becomes ready
[  236.486910][ T9738] IPv6: ADDRCONF(NETDEV_CHANGE): hsr_slave_0: link becomes ready
[  236.504477][T10083] 8021q: adding VLAN 0 to HW filter on device bond0
[  236.527255][ T9736] IPv6: ADDRCONF(NETDEV_CHANGE): veth1_to_hsr: link becomes ready
[  236.538395][ T9736] IPv6: ADDRCONF(NETDEV_CHANGE): hsr_slave_1: link becomes ready
[  236.566429][T10078] IPv6: ADDRCONF(NETDEV_CHANGE): hsr0: link becomes ready
[  236.573072][   T15] IPv6: ADDRCONF(NETDEV_CHANGE): vxcan1: link becomes ready
[  236.574921][   T15] IPv6: ADDRCONF(NETDEV_CHANGE): vxcan0: link becomes ready
[  236.604525][   T15] IPv6: ADDRCONF(NETDEV_CHANGE): veth1: link becomes ready
[  236.607470][   T15] IPv6: ADDRCONF(NETDEV_CHANGE): veth0: link becomes ready
[  236.616642][T10061] 8021q: adding VLAN 0 to HW filter on device batadv0
[  236.648892][T10083] 8021q: adding VLAN 0 to HW filter on device team0
[  236.681707][T10954] IPv6: ADDRCONF(NETDEV_CHANGE): veth0_to_bridge: link becomes ready
[  236.684818][T10954] IPv6: ADDRCONF(NETDEV_CHANGE): bridge_slave_0: link becomes ready
[  236.687539][T10954] bridge0: port 1(bridge_slave_0) entered blocking state
[  236.689417][T10954] bridge0: port 1(bridge_slave_0) entered forwarding state
[  236.698358][T10954] IPv6: ADDRCONF(NETDEV_CHANGE): bridge0: link becomes ready
[  236.716759][T10954] IPv6: ADDRCONF(NETDEV_CHANGE): veth1_to_bridge: link becomes ready
[  236.721439][T10954] IPv6: ADDRCONF(NETDEV_CHANGE): bridge_slave_1: link becomes ready
[  236.724242][T10954] bridge0: port 2(bridge_slave_1) entered blocking state
[  236.726096][T10954] bridge0: port 2(bridge_slave_1) entered forwarding state
[  236.769451][   T15] IPv6: ADDRCONF(NETDEV_CHANGE): veth1_virt_wifi: link becomes ready
[  236.774557][   T15] IPv6: ADDRCONF(NETDEV_CHANGE): veth0_virt_wifi: link becomes ready
[  236.777612][   T15] IPv6: ADDRCONF(NETDEV_CHANGE): veth0_to_bond: link becomes ready
[  236.801340][T10062] 8021q: adding VLAN 0 to HW filter on device bond0
[  236.817582][T10954] IPv6: ADDRCONF(NETDEV_CHANGE): veth1_to_bond: link becomes ready
[  236.855780][   T15] IPv6: ADDRCONF(NETDEV_CHANGE): veth0_to_team: link becomes ready
[  236.860714][   T15] IPv6: ADDRCONF(NETDEV_CHANGE): team_slave_0: link becomes ready
[  236.866981][   T15] IPv6: ADDRCONF(NETDEV_CHANGE): team0: link becomes ready
[  236.899782][ T9738] IPv6: ADDRCONF(NETDEV_CHANGE): veth1_vlan: link becomes ready
[  236.904576][ T9738] IPv6: ADDRCONF(NETDEV_CHANGE): veth0_vlan: link becomes ready
[  236.907854][ T9738] IPv6: ADDRCONF(NETDEV_CHANGE): veth1_to_team: link becomes ready
[  236.919440][ T9738] IPv6: ADDRCONF(NETDEV_CHANGE): team_slave_1: link becomes ready
[  236.924399][ T9738] IPv6: ADDRCONF(NETDEV_CHANGE): vlan0: link becomes ready
[  236.927118][ T9738] IPv6: ADDRCONF(NETDEV_CHANGE): vlan1: link becomes ready
[  236.939086][T10061] device veth0_vlan entered promiscuous mode
[  237.009433][T10061] device veth1_vlan entered promiscuous mode
[  237.044084][T10062] 8021q: adding VLAN 0 to HW filter on device team0
[  237.046351][ T9736] IPv6: ADDRCONF(NETDEV_CHANGE): macvlan0: link becomes ready
[  237.050713][ T9736] IPv6: ADDRCONF(NETDEV_CHANGE): veth1: link becomes ready
[  237.058417][ T9736] IPv6: ADDRCONF(NETDEV_CHANGE): veth0: link becomes ready
[  237.069247][ T9736] IPv6: ADDRCONF(NETDEV_CHANGE): veth0_to_hsr: link becomes ready
[  237.074186][ T9736] IPv6: ADDRCONF(NETDEV_CHANGE): hsr_slave_0: link becomes ready
[  237.126231][T10083] hsr0: Slave B (hsr_slave_1) is not up; please bring it up to get a fully working HSR network
[  237.138195][T10083] IPv6: ADDRCONF(NETDEV_CHANGE): hsr0: link becomes ready
[  237.157811][ T9738] IPv6: ADDRCONF(NETDEV_CHANGE): macvlan1: link becomes ready
[  237.161111][ T9738] IPv6: ADDRCONF(NETDEV_CHANGE): veth1_to_hsr: link becomes ready
[  237.163866][ T9738] IPv6: ADDRCONF(NETDEV_CHANGE): hsr_slave_1: link becomes ready
[  237.166595][ T9738] IPv6: ADDRCONF(NETDEV_CHANGE): veth0_to_bridge: link becomes ready
[  237.169382][ T9738] IPv6: ADDRCONF(NETDEV_CHANGE): bridge_slave_0: link becomes ready
[  237.182524][ T9738] bridge0: port 1(bridge_slave_0) entered blocking state
[  237.184312][ T9738] bridge0: port 1(bridge_slave_0) entered forwarding state
[  237.214785][ T5101] IPv6: ADDRCONF(NETDEV_CHANGE): bridge0: link becomes ready
[  237.238424][ T5109] IPv6: ADDRCONF(NETDEV_CHANGE): veth1_to_bridge: link becomes ready
[  237.242466][ T5109] IPv6: ADDRCONF(NETDEV_CHANGE): bridge_slave_1: link becomes ready
[  237.244982][ T5109] bridge0: port 2(bridge_slave_1) entered blocking state
[  237.246581][ T5109] bridge0: port 2(bridge_slave_1) entered forwarding state
[  237.285959][ T5109] IPv6: ADDRCONF(NETDEV_CHANGE): vxcan1: link becomes ready
[  237.287849][ T5109] IPv6: ADDRCONF(NETDEV_CHANGE): vxcan0: link becomes ready
[  237.289621][ T5109] IPv6: ADDRCONF(NETDEV_CHANGE): veth0_to_bond: link becomes ready
[  237.318183][   T15] IPv6: ADDRCONF(NETDEV_CHANGE): veth1_macvtap: link becomes ready
[  237.324112][   T15] IPv6: ADDRCONF(NETDEV_CHANGE): veth0_macvtap: link becomes ready
[  237.326847][   T15] IPv6: ADDRCONF(NETDEV_CHANGE): veth1_to_bond: link becomes ready
[  237.365750][T10078] 8021q: adding VLAN 0 to HW filter on device batadv0
[  237.386373][ T5109] IPv6: ADDRCONF(NETDEV_CHANGE): veth0_to_team: link becomes ready
[  237.399024][ T5109] IPv6: ADDRCONF(NETDEV_CHANGE): team_slave_0: link becomes ready
[  237.404523][ T5109] IPv6: ADDRCONF(NETDEV_CHANGE): team0: link becomes ready
[  237.415523][T10061] device veth0_macvtap entered promiscuous mode
[  237.452468][   T15] IPv6: ADDRCONF(NETDEV_CHANGE): macvtap0: link becomes ready
[  237.455826][   T15] IPv6: ADDRCONF(NETDEV_CHANGE): veth1_to_team: link becomes ready
[  237.459295][   T15] IPv6: ADDRCONF(NETDEV_CHANGE): team_slave_1: link becomes ready
[  237.496102][T10061] device veth1_macvtap entered promiscuous mode
[  237.536544][   T15] IPv6: ADDRCONF(NETDEV_CHANGE): macsec0: link becomes ready
[  237.539630][   T15] IPv6: ADDRCONF(NETDEV_CHANGE): veth0_to_hsr: link becomes ready
[  237.549164][   T15] IPv6: ADDRCONF(NETDEV_CHANGE): hsr_slave_0: link becomes ready
[  237.597475][ T8543] IPv6: ADDRCONF(NETDEV_CHANGE): veth1_to_hsr: link becomes ready
[  237.601672][ T8543] IPv6: ADDRCONF(NETDEV_CHANGE): hsr_slave_1: link becomes ready
[  237.626702][ T5101] IPv6: ADDRCONF(NETDEV_CHANGE): veth1_virt_wifi: link becomes ready
[  237.629789][ T5101] IPv6: ADDRCONF(NETDEV_CHANGE): veth0_virt_wifi: link becomes ready
[  237.646638][T10062] IPv6: ADDRCONF(NETDEV_CHANGE): hsr0: link becomes ready
[  237.693070][T10061] batman_adv: batadv0: Interface activated: batadv_slave_0
[  237.695504][ T5109] IPv6: ADDRCONF(NETDEV_CHANGE): batadv_slave_0: link becomes ready
[  237.698633][ T5109] IPv6: ADDRCONF(NETDEV_CHANGE): veth0_to_batadv: link becomes ready
[  237.752099][T10061] batman_adv: batadv0: Interface activated: batadv_slave_1
[  237.754222][ T5109] IPv6: ADDRCONF(NETDEV_CHANGE): batadv_slave_1: link becomes ready
[  237.757305][ T5109] IPv6: ADDRCONF(NETDEV_CHANGE): veth1_to_batadv: link becomes ready
[  237.796316][T10061] netdevsim netdevsim1 netdevsim0: set [1, 0] type 2 family 0 port 6081 - 0
[  237.798554][T10061] netdevsim netdevsim1 netdevsim1: set [1, 0] type 2 family 0 port 6081 - 0
[  237.813816][T10061] netdevsim netdevsim1 netdevsim2: set [1, 0] type 2 family 0 port 6081 - 0
[  237.816089][T10061] netdevsim netdevsim1 netdevsim3: set [1, 0] type 2 family 0 port 6081 - 0
[  237.863267][ T5101] IPv6: ADDRCONF(NETDEV_CHANGE): veth1_vlan: link becomes ready
[  237.866507][ T5101] IPv6: ADDRCONF(NETDEV_CHANGE): veth0_vlan: link becomes ready
[  237.919207][ T8543] IPv6: ADDRCONF(NETDEV_CHANGE): vlan0: link becomes ready
[  237.923436][ T8543] IPv6: ADDRCONF(NETDEV_CHANGE): vlan1: link becomes ready
[  237.960849][T10078] device veth0_vlan entered promiscuous mode
[  237.996341][    T7] IPv6: ADDRCONF(NETDEV_CHANGE): vxcan1: link becomes ready
[  237.998501][    T7] IPv6: ADDRCONF(NETDEV_CHANGE): vxcan0: link becomes ready
[  238.038423][T10083] 8021q: adding VLAN 0 to HW filter on device batadv0
[  238.128059][T10078] device veth1_vlan entered promiscuous mode
[  238.204239][   T15] IPv6: ADDRCONF(NETDEV_CHANGE): macvlan0: link becomes ready
[  238.207046][   T15] IPv6: ADDRCONF(NETDEV_CHANGE): veth1_virt_wifi: link becomes ready
[  238.233561][   T15] IPv6: ADDRCONF(NETDEV_CHANGE): veth0_virt_wifi: link becomes ready
[  238.436819][ T9738] IPv6: ADDRCONF(NETDEV_CHANGE): macvlan1: link becomes ready
[  238.440268][ T9738] IPv6: ADDRCONF(NETDEV_CHANGE): vxcan1: link becomes ready
[  238.442202][ T9738] IPv6: ADDRCONF(NETDEV_CHANGE): vxcan0: link becomes ready
[  238.470224][ T9124] wlan0: Created IBSS using preconfigured BSSID 50:50:50:50:50:50
[  238.472184][ T9124] wlan0: Creating new IBSS network, BSSID 50:50:50:50:50:50
[  238.481954][T10955] IPv6: ADDRCONF(NETDEV_CHANGE): wlan0: link becomes ready
[  238.484639][T10955] IPv6: ADDRCONF(NETDEV_CHANGE): veth1_vlan: link becomes ready
[  238.487289][T10955] IPv6: ADDRCONF(NETDEV_CHANGE): veth0_vlan: link becomes ready
[  238.500894][T10955] IPv6: ADDRCONF(NETDEV_CHANGE): vlan0: link becomes ready
[  238.503817][T10955] IPv6: ADDRCONF(NETDEV_CHANGE): vlan1: link becomes ready
[  238.542826][T10083] device veth0_vlan entered promiscuous mode
[  238.586181][T10062] 8021q: adding VLAN 0 to HW filter on device batadv0
[  238.642511][T10083] device veth1_vlan entered promiscuous mode
[  238.686909][ T8543] IPv6: ADDRCONF(NETDEV_CHANGE): macvlan0: link becomes ready
[  238.691532][ T8543] IPv6: ADDRCONF(NETDEV_CHANGE): veth1_macvtap: link becomes ready
[  238.694696][ T8543] IPv6: ADDRCONF(NETDEV_CHANGE): veth0_macvtap: link becomes ready
[  238.722425][T10078] device veth0_macvtap entered promiscuous mode
[  238.748965][   T12] wlan1: Created IBSS using preconfigured BSSID 50:50:50:50:50:50
[  238.752741][   T12] wlan1: Creating new IBSS network, BSSID 50:50:50:50:50:50
[  238.758122][ T8543] IPv6: ADDRCONF(NETDEV_CHANGE): macvlan1: link becomes ready
[  238.761439][ T8543] IPv6: ADDRCONF(NETDEV_CHANGE): macvtap0: link becomes ready
[  238.764384][ T8543] IPv6: ADDRCONF(NETDEV_CHANGE): wlan1: link becomes ready
[  238.776922][T10078] device veth1_macvtap entered promiscuous mode
[  238.827327][T10955] IPv6: ADDRCONF(NETDEV_CHANGE): macsec0: link becomes ready
[  238.830928][T10955] IPv6: ADDRCONF(NETDEV_CHANGE): veth1_virt_wifi: link becomes ready
[  238.833878][T10955] IPv6: ADDRCONF(NETDEV_CHANGE): veth0_virt_wifi: link becomes ready
[  238.870892][   T15] IPv6: ADDRCONF(NETDEV_CHANGE): veth1_macvtap: link becomes ready
[  238.873734][   T15] IPv6: ADDRCONF(NETDEV_CHANGE): veth0_macvtap: link becomes ready
[  238.910873][T10083] device veth0_macvtap entered promiscuous mode
[  238.936101][T10078] batman_adv: The newly added mac address (aa:aa:aa:aa:aa:3e) already exists on: batadv_slave_0
[  238.938661][T10078] batman_adv: It is strongly recommended to keep mac addresses unique to avoid problems!
[  238.956405][T10078] batman_adv: batadv0: Interface activated: batadv_slave_0
[  238.976847][T10955] IPv6: ADDRCONF(NETDEV_CHANGE): macvtap0: link becomes ready
[  238.979576][T10955] IPv6: ADDRCONF(NETDEV_CHANGE): batadv_slave_0: link becomes ready
[  238.991120][T10955] IPv6: ADDRCONF(NETDEV_CHANGE): veth0_to_batadv: link becomes ready
2025/09/08 04:50:34 executed programs: 8
[  239.015774][T10083] device veth1_macvtap entered promiscuous mode
[  239.069542][T10955] IPv6: ADDRCONF(NETDEV_CHANGE): veth1_vlan: link becomes ready
[  239.073155][T10955] IPv6: ADDRCONF(NETDEV_CHANGE): veth0_vlan: link becomes ready
[  239.108993][T10078] batman_adv: The newly added mac address (aa:aa:aa:aa:aa:3f) already exists on: batadv_slave_1
[  239.113911][T10078] batman_adv: It is strongly recommended to keep mac addresses unique to avoid problems!
[  239.119345][T10078] batman_adv: batadv0: Interface activated: batadv_slave_1
[  239.133609][T10955] IPv6: ADDRCONF(NETDEV_CHANGE): vlan0: link becomes ready
[  239.136266][T10955] IPv6: ADDRCONF(NETDEV_CHANGE): vlan1: link becomes ready
[  239.138786][T10955] IPv6: ADDRCONF(NETDEV_CHANGE): batadv_slave_1: link becomes ready
[  239.151543][T10955] IPv6: ADDRCONF(NETDEV_CHANGE): veth1_to_batadv: link becomes ready
[  239.155290][T10062] device veth0_vlan entered promiscuous mode
[  239.213724][T10078] netdevsim netdevsim2 netdevsim0: set [1, 0] type 2 family 0 port 6081 - 0
[  239.215956][T10078] netdevsim netdevsim2 netdevsim1: set [1, 0] type 2 family 0 port 6081 - 0
[  239.218192][T10078] netdevsim netdevsim2 netdevsim2: set [1, 0] type 2 family 0 port 6081 - 0
[  239.240163][T10078] netdevsim netdevsim2 netdevsim3: set [1, 0] type 2 family 0 port 6081 - 0
[  239.278926][T10083] batman_adv: The newly added mac address (aa:aa:aa:aa:aa:3e) already exists on: batadv_slave_0
[  239.283416][T10083] batman_adv: It is strongly recommended to keep mac addresses unique to avoid problems!
[  239.285521][T10083] batman_adv: The newly added mac address (aa:aa:aa:aa:aa:3e) already exists on: batadv_slave_0
[  239.287718][T10083] batman_adv: It is strongly recommended to keep mac addresses unique to avoid problems!
[  239.322671][T10083] batman_adv: batadv0: Interface activated: batadv_slave_0
[  239.326473][T10062] device veth1_vlan entered promiscuous mode
[  239.342292][    T7] IPv6: ADDRCONF(NETDEV_CHANGE): macvlan0: link becomes ready
[  239.345346][    T7] IPv6: ADDRCONF(NETDEV_CHANGE): batadv_slave_0: link becomes ready
[  239.352288][    T7] IPv6: ADDRCONF(NETDEV_CHANGE): veth0_to_batadv: link becomes ready
[  239.433176][T10083] batman_adv: The newly added mac address (aa:aa:aa:aa:aa:3f) already exists on: batadv_slave_1
[  239.435467][T10083] batman_adv: It is strongly recommended to keep mac addresses unique to avoid problems!
[  239.437560][T10083] batman_adv: The newly added mac address (aa:aa:aa:aa:aa:3f) already exists on: batadv_slave_1
[  239.439719][T10083] batman_adv: It is strongly recommended to keep mac addresses unique to avoid problems!
[  239.462701][T10083] batman_adv: batadv0: Interface activated: batadv_slave_1
[  239.465431][ T9735] IPv6: ADDRCONF(NETDEV_CHANGE): macvlan1: link becomes ready
[  239.468217][ T9735] IPv6: ADDRCONF(NETDEV_CHANGE): batadv_slave_1: link becomes ready
[  239.471887][ T9735] IPv6: ADDRCONF(NETDEV_CHANGE): veth1_to_batadv: link becomes ready
[  239.571928][T10083] netdevsim netdevsim3 netdevsim0: set [1, 0] type 2 family 0 port 6081 - 0
[  239.574610][T10083] netdevsim netdevsim3 netdevsim1: set [1, 0] type 2 family 0 port 6081 - 0
[  239.576596][T10083] netdevsim netdevsim3 netdevsim2: set [1, 0] type 2 family 0 port 6081 - 0
[  239.578502][T10083] netdevsim netdevsim3 netdevsim3: set [1, 0] type 2 family 0 port 6081 - 0
[  239.968388][   T10] wlan0: Created IBSS using preconfigured BSSID 50:50:50:50:50:50
[  239.978290][   T10] wlan0: Creating new IBSS network, BSSID 50:50:50:50:50:50
[  239.993823][ T8543] IPv6: ADDRCONF(NETDEV_CHANGE): veth1_macvtap: link becomes ready
[  239.996920][ T8543] IPv6: ADDRCONF(NETDEV_CHANGE): veth0_macvtap: link becomes ready
[  240.088433][ T5101] IPv6: ADDRCONF(NETDEV_CHANGE): wlan0: link becomes ready
[  240.104981][T10062] device veth0_macvtap entered promiscuous mode
[  240.149964][   T10] wlan1: Created IBSS using preconfigured BSSID 50:50:50:50:50:50
[  240.151966][   T10] wlan1: Creating new IBSS network, BSSID 50:50:50:50:50:50
[  240.163418][    T7] IPv6: ADDRCONF(NETDEV_CHANGE): macvtap0: link becomes ready
[  240.166662][    T7] IPv6: ADDRCONF(NETDEV_CHANGE): wlan1: link becomes ready
[  240.229740][T10062] device veth1_macvtap entered promiscuous mode
[  240.461787][T10062] batman_adv: The newly added mac address (aa:aa:aa:aa:aa:3e) already exists on: batadv_slave_0
[  240.464157][T10062] batman_adv: It is strongly recommended to keep mac addresses unique to avoid problems!
[  240.468035][T10062] batman_adv: The newly added mac address (aa:aa:aa:aa:aa:3e) already exists on: batadv_slave_0
[  240.484291][T10062] batman_adv: It is strongly recommended to keep mac addresses unique to avoid problems!
[  240.487466][T10062] batman_adv: The newly added mac address (aa:aa:aa:aa:aa:3e) already exists on: batadv_slave_0
[  240.501229][T10062] batman_adv: It is strongly recommended to keep mac addresses unique to avoid problems!
[  240.507638][T10062] batman_adv: batadv0: Interface activated: batadv_slave_0
[  240.528768][    T7] IPv6: ADDRCONF(NETDEV_CHANGE): macsec0: link becomes ready
[  240.541583][    T7] IPv6: ADDRCONF(NETDEV_CHANGE): batadv_slave_0: link becomes ready
[  240.545218][    T7] IPv6: ADDRCONF(NETDEV_CHANGE): veth0_to_batadv: link becomes ready
[  240.596055][   T10] wlan0: Created IBSS using preconfigured BSSID 50:50:50:50:50:50
[  240.599574][   T10] wlan0: Creating new IBSS network, BSSID 50:50:50:50:50:50
[  240.601862][T10062] batman_adv: The newly added mac address (aa:aa:aa:aa:aa:3f) already exists on: batadv_slave_1
[  240.601948][T10062] batman_adv: It is strongly recommended to keep mac addresses unique to avoid problems!
[  240.611145][T10062] batman_adv: The newly added mac address (aa:aa:aa:aa:aa:3f) already exists on: batadv_slave_1
[  240.613475][T10062] batman_adv: It is strongly recommended to keep mac addresses unique to avoid problems!
[  240.615970][T10062] batman_adv: The newly added mac address (aa:aa:aa:aa:aa:3f) already exists on: batadv_slave_1
[  240.618160][T10062] batman_adv: It is strongly recommended to keep mac addresses unique to avoid problems!
[  240.662090][T10062] batman_adv: batadv0: Interface activated: batadv_slave_1
[  240.668997][   T15] IPv6: ADDRCONF(NETDEV_CHANGE): wlan0: link becomes ready
[  240.673471][   T15] IPv6: ADDRCONF(NETDEV_CHANGE): batadv_slave_1: link becomes ready
[  240.676445][   T15] IPv6: ADDRCONF(NETDEV_CHANGE): veth1_to_batadv: link becomes ready
[  240.724219][T10062] netdevsim netdevsim0 netdevsim0: set [1, 0] type 2 family 0 port 6081 - 0
[  240.726173][T10062] netdevsim netdevsim0 netdevsim1: set [1, 0] type 2 family 0 port 6081 - 0
[  240.728045][T10062] netdevsim netdevsim0 netdevsim2: set [1, 0] type 2 family 0 port 6081 - 0
[  240.773356][T10062] netdevsim netdevsim0 netdevsim3: set [1, 0] type 2 family 0 port 6081 - 0
[  240.924540][ T9985] wlan1: Created IBSS using preconfigured BSSID 50:50:50:50:50:50
[  240.926494][ T9985] wlan1: Creating new IBSS network, BSSID 50:50:50:50:50:50
[  240.970833][ T9738] IPv6: ADDRCONF(NETDEV_CHANGE): wlan1: link becomes ready
[  241.309624][   T12] wlan0: Created IBSS using preconfigured BSSID 50:50:50:50:50:50
[  241.311738][   T12] wlan0: Creating new IBSS network, BSSID 50:50:50:50:50:50
[  241.318788][ T5101] IPv6: ADDRCONF(NETDEV_CHANGE): wlan0: link becomes ready
[  241.574909][   T12] wlan1: Created IBSS using preconfigured BSSID 50:50:50:50:50:50
[  241.601633][   T12] wlan1: Creating new IBSS network, BSSID 50:50:50:50:50:50
[  241.607028][ T9738] IPv6: ADDRCONF(NETDEV_CHANGE): wlan1: link becomes ready
[  247.597838][T11447] systemd-rfkill (11447) used greatest stack depth: 18112 bytes left
[  263.984755][ T9267] syz-execprog invoked oom-killer: gfp_mask=0x140cca(GFP_HIGHUSER_MOVABLE|__GFP_COMP), order=0, oom_score_adj=0
[  264.390035][ T9267] CPU: 1 PID: 9267 Comm: syz-execprog Not tainted 6.2.0 #1
[  264.391684][ T9267] Hardware name: QEMU Standard PC (i440FX + PIIX, 1996), BIOS 1.15.0-1 04/01/2014
[  264.393662][ T9267] Call Trace:
[  264.394400][ T9267]  <TASK>
[  264.395067][ T9267]  dump_stack_lvl+0x1e3/0x2d0
[  264.396203][ T9267]  ? nf_tcp_handle_invalid+0x630/0x630
[  264.397391][ T9267]  ? panic+0x760/0x760
[  264.398287][ T9267]  ? ___ratelimit+0x4b9/0x660
[  264.399351][ T9267]  ? local_lock_release+0x170/0x170
[  264.400533][ T9267]  dump_header+0xdd/0xa30
[  264.401503][ T9267]  oom_kill_process+0x1fb/0x6a0
[  264.402581][ T9267]  out_of_memory+0x945/0xb30
[  264.403609][ T9267]  ? unregister_oom_notifier+0x20/0x20
[  264.404816][ T9267]  __alloc_pages_slowpath+0x1802/0x2120
[  264.406075][ T9267]  ? get_page_from_freelist+0x7a0/0x7a0
[  264.407258][ T9267]  ? zone_watermark_fast+0x162/0x230
[  264.408430][ T9267]  ? get_page_from_freelist+0x54e/0x7a0
[  264.409677][ T9267]  __alloc_pages+0x3d4/0x560
[  264.410706][ T9267]  ? zone_statistics+0x160/0x160
[  264.411793][ T9267]  ? alloc_pages+0x520/0x7b0
[  264.412813][ T9267]  folio_alloc+0x1a/0x50
[  264.413752][ T9267]  filemap_alloc_folio+0xca/0x2c0
[  264.414846][ T9267]  ? filemap_add_folio+0x220/0x220
[  264.415973][ T9267]  ? xas_load+0x135/0x150
[  264.416927][ T9267]  __filemap_get_folio+0x618/0xb70
[  264.418052][ T9267]  ? page_cache_prev_miss+0x500/0x500
[  264.419217][ T9267]  ? count_memcg_event_mm+0x337/0x380
[  264.420383][ T9267]  ? filemap_map_pages+0xf9c/0x1100
[  264.421595][ T9267]  ? __down_read_common+0x156/0x2a0
[  264.422782][ T9267]  filemap_fault+0x3ae/0xb70
[  264.423856][ T9267]  ? mapping_seek_hole_data+0xfa0/0xfa0
[  264.425109][ T9267]  __do_fault+0x136/0x4f0
[  264.426121][ T9267]  handle_mm_fault+0x2001/0x2870
[  264.427282][ T9267]  ? numa_migrate_prep+0x250/0x250
[  264.428463][ T9267]  ? __vma_adjust+0x21e0/0x21e0
[  264.429613][ T9267]  ? do_user_addr_fault+0x1cc/0xcb0
[  264.430836][ T9267]  do_user_addr_fault+0x69b/0xcb0
[  264.431989][ T9267]  exc_page_fault+0x7a/0x120
[  264.433041][ T9267]  asm_exc_page_fault+0x22/0x30
[  264.434151][ T9267] RIP: 0033:0x4ed00e
[  264.435079][ T9267] Code: Unable to access opcode bytes at 0x4ecfe4.
[  264.436505][ T9267] RSP: 002b:000000c0001916a0 EFLAGS: 00010206
[  264.437874][ T9267] RAX: 0000000001599e40 RBX: 0000000001599e40 RCX: 00000000004ed000
[  264.439580][ T9267] RDX: 000000c000191708 RSI: 000000c004400000 RDI: 00000000013a9ffc
[  264.441280][ T9267] RBP: 000000c0001916a8 R08: 00000000022d0660 R09: 0000000000000170
[  264.442978][ T9267] R10: 0000000000000000 R11: 0000000000000206 R12: 000000c000191728
[  264.444699][ T9267] R13: 0000000000000001 R14: 000000c0009941c0 R15: 0000000000000001
[  264.446426][ T9267]  </TASK>
[  265.260557][    C1] ICMPv6: ndisc: ndisc_alloc_skb failed to allocate an skb
[  265.264142][    C1] ICMPv6: ndisc: ndisc_alloc_skb failed to allocate an skb
[  265.590032][ T9267] Mem-Info:
[  265.591127][ T9267] active_anon:9812 inactive_anon:347 isolated_anon:0
[  265.591127][ T9267]  active_file:0 inactive_file:12 isolated_file:0
[  265.591127][ T9267]  unevictable:768 dirty:0 writeback:0
[  265.591127][ T9267]  slab_reclaimable:17640 slab_unreclaimable:57771
[  265.591127][ T9267]  mapped:1 shmem:768 pagetables:424
[  265.591127][ T9267]  sec_pagetables:0 bounce:0
[  265.591127][ T9267]  kernel_misc_reclaimable:0
[  265.591127][ T9267]  free:10122 free_pcp:170 free_cma:0
[  265.830104][ T9267] Node 0 active_anon:0kB inactive_anon:4kB active_file:0kB inactive_file:12kB unevictable:1536kB isolated(anon):0kB isolated(file):0kB mapped:4kB dirty:0kB writeback:0kB shmem:1536kB shmem_thp: 0kB shmem_pmdmapped: 0kB anon_thp: 0kB writeback_tmp:0kB kernel_stack:5456kB pagetables:512kB sec_pagetables:0kB all_unreclaimable? no
[  265.836438][ T9267] Node 1 active_anon:39248kB inactive_anon:1384kB active_file:0kB inactive_file:16kB unevictable:1536kB isolated(anon):0kB isolated(file):0kB mapped:0kB dirty:0kB writeback:0kB shmem:1536kB shmem_thp: 0kB shmem_pmdmapped: 0kB anon_thp: 0kB writeback_tmp:0kB kernel_stack:5584kB pagetables:1184kB sec_pagetables:0kB all_unreclaimable? no
[  265.892673][    C0] ICMPv6: ndisc: ndisc_alloc_skb failed to allocate an skb
[  265.895165][    C0] ICMPv6: ndisc: ndisc_alloc_skb failed to allocate an skb
[  265.896836][    C0] ICMPv6: ndisc: ndisc_alloc_skb failed to allocate an skb
[  265.899195][    C0] ICMPv6: ndisc: ndisc_alloc_skb failed to allocate an skb
[  266.282988][ T9267] Node 0 DMA free:1488kB boost:0kB min:756kB low:944kB high:1132kB reserved_highatomic:0KB active_anon:0kB inactive_anon:4kB active_file:0kB inactive_file:0kB unevictable:0kB writepending:0kB present:15992kB managed:15360kB mlocked:0kB bounce:0kB free_pcp:0kB local_pcp:0kB free_cma:0kB
[  266.288735][ T9267] lowmem_reserve[]: 0 321 321 321 321
[  266.530027][    C0] ICMPv6: ndisc: ndisc_alloc_skb failed to allocate an skb
[  266.530116][    C1] ICMPv6: ndisc: ndisc_alloc_skb failed to allocate an skb
[  266.532010][    C0] ICMPv6: ndisc: ndisc_alloc_skb failed to allocate an skb
[  266.534376][    C1] ICMPv6: ndisc: ndisc_alloc_skb failed to allocate an skb
[  266.625371][ T9267] Node 0 DMA32 free:4328kB boost:0kB min:16296kB low:20368kB high:24440kB reserved_highatomic:2048KB active_anon:0kB inactive_anon:0kB active_file:0kB inactive_file:12kB unevictable:1536kB writepending:0kB present:1032192kB managed:333776kB mlocked:0kB bounce:0kB free_pcp:0kB local_pcp:0kB free_cma:0kB
[  266.789920][ T9267] lowmem_reserve[]: 0 0 0 0 0
[  266.791179][ T9267] Node 1 DMA32 free:34316kB boost:0kB min:50524kB low:63152kB high:75780kB reserved_highatomic:10240KB active_anon:39120kB inactive_anon:1512kB active_file:0kB inactive_file:160kB unevictable:1536kB writepending:0kB present:1048448kB managed:1021360kB mlocked:0kB bounce:0kB free_pcp:0kB local_pcp:0kB free_cma:0kB
[  266.797519][ T9267] lowmem_reserve[]: 0 0 0 0 0
[  266.798662][ T9267] Node 0 DMA: 0*4kB 2*8kB (UM) 16*16kB (U) 6*32kB (UM) 4*64kB (U) 0*128kB 1*256kB (U) 1*512kB (U) 0*1024kB 0*2048kB 0*4096kB = 1488kB
[  267.189951][ T9267] Node 0 DMA32: 30*4kB (UME) 18*8kB (UME) 24*16kB (UME) 43*32kB (UME) 20*64kB (UM) 4*128kB (U) 2*256kB (UM) 0*512kB 0*1024kB 0*2048kB 0*4096kB = 4328kB
[  267.195180][ T9267] Node 1 DMA32: 291*4kB (ME) 157*8kB (ME) 154*16kB (UME) 134*32kB (UME) 71*64kB (UME) 45*128kB (UME) 30*256kB (UME) 12*512kB (UM) 0*1024kB 0*2048kB 0*4096kB = 33300kB
[  267.539972][ T9267] Node 0 hugepages_total=0 hugepages_free=0 hugepages_surp=0 hugepages_size=1048576kB
[  267.735536][ T9267] Node 0 hugepages_total=2 hugepages_free=2 hugepages_surp=0 hugepages_size=2048kB
[  267.738075][ T9267] Node 1 hugepages_total=0 hugepages_free=0 hugepages_surp=0 hugepages_size=1048576kB
[  267.891469][ T9267] Node 1 hugepages_total=2 hugepages_free=2 hugepages_surp=0 hugepages_size=2048kB
[  267.893496][ T9267] 825 total pagecache pages
[  267.894460][ T9267] 50 pages in swap cache
[  267.895359][ T9267] Free swap  = 236kB
[  267.896196][ T9267] Total swap = 124996kB
[  267.897095][ T9267] 524158 pages RAM
[  267.897910][ T9267] 0 pages HighMem/MovableOnly
[  267.898894][ T9267] 181534 pages reserved
[  267.899791][ T9267] 0 pages cma reserved
[  268.210272][ T9267] Unreclaimable slab info:
[  268.212890][ T9267] Name                      Used          Total
[  268.215100][ T9267] pid_2                     11KB         11KB
[  268.217051][ T9267] bio-400                    8KB          8KB
[  268.218961][ T9267] bio-232                    3KB          3KB
[  268.566681][ T9267] zswap_entry             2949KB       2949KB
[  268.569005][ T9267] batadv_tt_change_cache          8KB          8KB
[  268.810340][ T9267] batadv_tl_cache            8KB          8KB
[  268.812677][ T9267] TIPC                      60KB         60KB
[  268.814906][ T9267] SCTPv6                    63KB         63KB
[  268.817090][ T9267] DCCPv6                    59KB         59KB
[  268.819248][ T9267] DCCP                      61KB         61KB
[  269.185831][ T9267] RXRPC                     61KB         61KB
[  269.188024][ T9267] rxrpc_call_jar           121KB        243KB
[  269.390245][ T9267] bridge_fdb_cache           7KB          7KB
[  269.392354][ T9267] MPTCPv6                   30KB         30KB
[  269.394388][ T9267] fib6_nodes               128KB        128KB
[  269.396431][ T9267] ip6_dst_cache            154KB        195KB
[  269.398462][ T9267] RAWv6                    154KB        154KB
[  269.842475][ T9267] UDPv6                     64KB         64KB
[  269.843904][ T9267] TCPv6                     63KB         63KB
[  269.845215][ T9267] nf_conntrack              23KB         23KB
[  270.030191][ T9267] wg_peer                   91KB         91KB
[  270.031600][ T9267] allowedips_node           11KB         11KB
[  270.032923][ T9267] t10_alua_lu_gp_cache          3KB          3KB
[  270.034425][ T9267] scsi_sense_cache           8KB          8KB
[  270.035955][ T9267] virtio_scsi_cmd           16KB         16KB
[  270.037578][ T9267] bio-136                   40KB         40KB
[  270.372099][    C0] net_ratelimit: 37 callbacks suppressed
[  270.372131][    C0] ICMPv6: ndisc: ndisc_alloc_skb failed to allocate an skb
[  270.372459][ T9267] mqueue_inode_cache         60KB         60KB
[  270.376921][ T9267] f2fs_bio_post_read_ctx         23KB         23KB
[  270.378588][ T9267] jfs_mp                     7KB          7KB
[  270.560147][ T9267] cifs_small_rq             16KB         16KB
[  270.561648][ T9267] cifs_request              67KB         67KB
[  270.563193][ T9267] cifs_mpx_ids               4KB          4KB
[  270.564654][ T9267] nfs_commit_data           15KB         15KB
[  270.685638][ T9267] nfs_write_data            47KB         47KB
[  270.687751][ T9267] jbd2_inode                 7KB          7KB
[  270.689118][ T9267] ext4_system_zone          12KB         27KB
[  270.972881][ T9267] ext4_io_end_vec            7KB          7KB
[  270.975060][ T9267] pid_namespace              7KB          7KB
[  270.977070][ T9267] rpc_buffers               31KB         31KB
[  270.978412][ T9267] rpc_tasks                  3KB          3KB
[  271.231516][ T9267] UNIX-STREAM              148KB        320KB
[  271.232934][ T9267] UNIX                     226KB        416KB
[  271.234240][ T9267] MPTCP                     31KB         31KB
[  271.235556][ T9267] request_sock_subflow_v4          7KB          7KB
[  271.237007][ T9267] tcp_bind2_bucket           8KB          8KB
[  271.238352][ T9267] tcp_bind_bucket            8KB          8KB
[  271.239674][ T9267] ip_fib_trie               20KB         20KB
[  271.552947][ T9267] ip_fib_alias              67KB         67KB
[  271.554348][ T9267] ip_dst_cache              28KB         28KB
[  271.555652][ T9267] RAW                       30KB         30KB
[  271.556973][ T9267] UDP                       92KB         92KB
[  271.558264][ T9267] request_sock_TCP           7KB          7KB
[  271.559565][ T9267] TCP                       61KB         61KB
[  271.719968][ T9267] hugetlbfs_inode_cache         61KB         61KB
[  271.721430][ T9267] bio-264                   23KB         23KB
[  271.722729][ T9267] ep_head                   16KB         16KB
[  271.724036][ T9267] eventpoll_pwq             35KB         35KB
[  271.725332][ T9267] eventpoll_epi             66KB         66KB
[  272.001540][ T9267] inotify_inode_mark         27KB         27KB
[  272.002990][ T9267] sgpool-128                59KB         59KB
[  272.004302][ T9267] sgpool-64                 63KB         63KB
[  272.005615][ T9267] sgpool-32                 78KB         78KB
[  272.006944][ T9267] sgpool-16                 22KB         22KB
[  272.008239][ T9267] sgpool-8                  45KB         45KB
[  272.009536][ T9267] bio_crypt_ctx              7KB          7KB
[  272.319948][ T9267] request_queue            180KB        180KB
[  272.321636][ T9267] blkdev_ioc                 3KB          3KB
[  272.323338][ T9267] bio-200                   30KB         30KB
[  272.324855][ T9267] biovec-max               340KB        595KB
[  272.326268][ T9267] biovec-64                141KB        141KB
[  272.327700][ T9267] biovec-16                 26KB         26KB
[  272.329111][ T9267] bio_integrity_payload          3KB          3KB
[  272.666065][ T9267] user_namespace            15KB         15KB
[  272.678505][ T9267] uid_cache                  7KB          7KB
[  272.790229][ T9267] dmaengine-unmap-256         30KB         30KB
[  272.792366][ T9267] dmaengine-unmap-128         15KB         15KB
[  272.794427][ T9267] dmaengine-unmap-16          4KB          4KB
[  272.796456][ T9267] dmaengine-unmap-2          4KB          4KB
[  272.798468][ T9267] QIPCRTR                   31KB         31KB
[  272.930149][    C0] ICMPv6: ndisc: ndisc_alloc_skb failed to allocate an skb
[  272.931867][    C0] ICMPv6: ndisc: ndisc_alloc_skb failed to allocate an skb
[  273.140019][ T9267] audit_buffer               3KB          3KB
[  273.141408][ T9267] skbuff_ext_cache          32KB         32KB
[  273.142709][ T9267] skbuff_fclone_cache         82KB        112KB
[  273.144077][ T9267] skbuff_head_cache       4773KB       4773KB
[  273.145380][ T9267] configfs_dir_cache          8KB          8KB
[  273.146690][ T9267] file_lock_cache           67KB         94KB
[  273.148026][ T9267] file_lock_ctx             19KB         19KB
[  273.149338][ T9267] fsnotify_mark_connector         16KB         16KB
[  273.440079][ T9267] taskstats                 15KB         15KB
[  273.442227][ T9267] proc_dir_entry           543KB        577KB
[  273.444313][ T9267] pde_opener                 7KB          7KB
[  273.446360][ T9267] seq_file                  48KB         60KB
[  273.448427][ T9267] sigqueue                  39KB         59KB
[  273.870121][ T9267] shmem_inode_cache       9161KB       9202KB
[  273.871554][ T9267] kernfs_iattrs_cache         15KB         15KB
[  273.872860][ T9267] kernfs_node_cache      23544KB      23633KB
[  273.874168][ T9267] mnt_cache                118KB        149KB
[  273.875554][ T9267] filp                     322KB        907KB
[  273.876832][ T9267] names_cache              123KB        480KB
[  274.231505][ T9267] net_namespace            143KB        143KB
[  274.232939][ T9267] iint_cache                85KB        106KB
[  274.234276][ T9267] lsm_inode_cache         1798KB       2183KB
[  274.235642][ T9267] lsm_file_cache            75KB        219KB
[  274.236990][ T9267] key_jar                   39KB         39KB
[  274.238438][ T9267] uts_namespace             15KB         15KB
[  274.239791][ T9267] nsproxy                    7KB          7KB
[  274.493825][ T9267] vm_area_struct           392KB        756KB
[  274.495324][ T9267] fs_cache                  49KB         88KB
[  274.496620][ T9267] files_cache              217KB        334KB
[  274.498006][ T9267] signal_cache             718KB       1731KB
[  274.499403][ T9267] sighand_cache            837KB        871KB
[  274.779939][ T9267] task_struct             3180KB       4431KB
[  274.781410][ T9267] cred_jar                 138KB        372KB
[  274.782791][ T9267] anon_vma_chain            87KB        232KB
[  274.784186][ T9267] anon_vma                 146KB        195KB
[  274.785542][ T9267] pid                      151KB        288KB
[  274.786945][ T9267] Acpi-Operand              87KB        166KB
[  274.788336][ T9267] Acpi-ParseExt             11KB         39KB
[  274.789677][ T9267] Acpi-Parse                55KB         94KB
[  275.150052][ T9267] Acpi-State                47KB         82KB
[  275.151538][ T9267] Acpi-Namespace            28KB         28KB
[  275.152876][ T9267] numa_policy                3KB          3KB
[  275.154212][ T9267] perf_event                31KB         31KB
[  275.260401][ T9267] trace_event_file         430KB        430KB
[  275.262018][ T9267] ftrace_event_field        830KB        830KB
[  275.263620][ T9267] pool_workqueue           296KB        304KB
[  275.500144][ T9267] maple_node               169KB        792KB
[  275.502294][ T9267] task_group                30KB         30KB
[  275.504396][ T9267] mm_struct                264KB        612KB
[  275.506488][ T9267] vmap_area                300KB        409KB
[  275.508084][ T9267] debug_objects_cache       1516KB       1533KB
[  275.509448][ T9267] page->ptl                 68KB        126KB
[  275.610536][ T9267] kmalloc-cg-8k            976KB       1152KB
[  275.612718][ T9267] kmalloc-cg-4k          10680KB      11936KB
[  275.614808][ T9267] kmalloc-cg-2k           7488KB       8448KB
[  275.616887][ T9267] kmalloc-cg-1k           1770KB       2048KB
[  275.630457][ T9267] kmalloc-cg-512          1015KB       1040KB
[  275.632083][ T9267] kmalloc-cg-256            96KB         96KB
[  275.634064][ T9267] kmalloc-cg-192           112KB        116KB
[  275.635510][ T9267] kmalloc-cg-128           191KB        196KB
[  275.637257][ T9267] kmalloc-cg-96             40KB         40KB
[  275.639281][ T9267] kmalloc-cg-64             21KB         44KB
[  276.159963][ T9267] kmalloc-cg-32             24KB         24KB
[  276.161406][ T9267] kmalloc-cg-16             26KB         96KB
[  276.162897][ T9267] kmalloc-cg-8              19KB         19KB
[  276.164420][ T9267] kmalloc-8k              4240KB       4384KB
[  276.165740][ T9267] kmalloc-4k             52368KB      52448KB
[  276.167059][ T9267] kmalloc-2k             10080KB      12064KB
[  276.168353][ T9267] kmalloc-1k             15904KB      15904KB
[  276.169650][ T9267] kmalloc-512            12688KB      12688KB
[  276.450116][ T9267] kmalloc-256             5152KB       5152KB
[  276.454886][ T9267] kmalloc-192             1327KB       1628KB
[  276.459642][ T9267] kmalloc-128             1005KB       1028KB
[  276.927336][ T9267] kmalloc-96               856KB        856KB
[  276.928898][ T9267] kmalloc-64              3041KB       3284KB
[  276.941134][ T9267] kmalloc-32               992KB        992KB
[  276.942587][ T9267] kmalloc-16               241KB        392KB
[  276.944006][ T9267] kmalloc-8                419KB        438KB
[  276.945381][ T9267] kmem_cache_node          210KB        212KB
[  277.190123][ T9267] kmem_cache               176KB        176KB
[  277.191608][ T9267] oom-kill:constraint=CONSTRAINT_NONE,nodemask=(null),cpuset=/,mems_allowed=0-1,global_oom,task_memcg=/system.slice/ssh.service,task=syz-execprog,pid=9267,uid=0
[  277.199335][ T9267] Out of memory (oom_kill_allocating_task): Killed process 9267 (syz-execprog) total-vm:1407760kB, anon-rss:35448kB, file-rss:128kB, shmem-rss:0kB, UID:0 pgtables:428kB oom_score_adj:0
[  278.255371][ T8557] cron invoked oom-killer: gfp_mask=0x140cca(GFP_HIGHUSER_MOVABLE|__GFP_COMP), order=0, oom_score_adj=0
[  278.258759][ T8557] CPU: 0 PID: 8557 Comm: cron Not tainted 6.2.0 #1
[  278.260950][ T8557] Hardware name: QEMU Standard PC (i440FX + PIIX, 1996), BIOS 1.15.0-1 04/01/2014
[  278.263834][ T8557] Call Trace:
[  278.264854][ T8557]  <TASK>
[  278.265765][ T8557]  dump_stack_lvl+0x1e3/0x2d0
[  278.267440][ T8557]  ? nf_tcp_handle_invalid+0x630/0x630
[  278.269186][ T8557]  ? panic+0x760/0x760
[  278.270611][ T8557]  ? ___ratelimit+0x4b9/0x660
[  278.272089][ T8557]  ? local_lock_release+0x170/0x170
[  278.273728][ T8557]  dump_header+0xdd/0xa30
[  278.275101][ T8557]  oom_kill_process+0x1fb/0x6a0
[  278.276642][ T8557]  out_of_memory+0x945/0xb30
[  278.278088][ T8557]  ? unregister_oom_notifier+0x20/0x20
[  278.279814][ T8557]  __alloc_pages_slowpath+0x1802/0x2120
[  278.281594][ T8557]  ? get_page_from_freelist+0x7a0/0x7a0
[  278.283295][ T8557]  ? zone_watermark_fast+0x162/0x230
[  278.284902][ T8557]  ? get_page_from_freelist+0x54e/0x7a0
[  278.286606][ T8557]  __alloc_pages+0x3d4/0x560
[  278.288084][ T8557]  ? zone_statistics+0x160/0x160
[  278.289743][ T8557]  ? alloc_pages+0x520/0x7b0
[  278.291158][ T8557]  folio_alloc+0x1a/0x50
[  278.292634][ T8557]  filemap_alloc_folio+0xca/0x2c0
[  278.294233][ T8557]  ? filemap_add_folio+0x220/0x220
[  278.295984][ T8557]  ? xas_load+0x135/0x150
[  278.297403][ T8557]  __filemap_get_folio+0x618/0xb70
[  278.299018][ T8557]  ? page_cache_prev_miss+0x500/0x500
[  278.300662][ T8557]  ? count_memcg_event_mm+0x337/0x380
[  278.302346][ T8557]  ? filemap_map_pages+0xf9c/0x1100
[  278.303951][ T8557]  ? __down_read_common+0x156/0x2a0
[  278.305570][ T8557]  filemap_fault+0x3ae/0xb70
[  278.307041][ T8557]  ? mapping_seek_hole_data+0xfa0/0xfa0
[  278.308765][ T8557]  __do_fault+0x136/0x4f0
[  278.310173][ T8557]  handle_mm_fault+0x2001/0x2870
[  278.311788][ T8557]  ? numa_migrate_prep+0x250/0x250
[  278.313332][ T8557]  ? __vma_adjust+0x21e0/0x21e0
[  278.314795][ T8557]  ? do_user_addr_fault+0x1cc/0xcb0
[  278.316426][ T8557]  do_user_addr_fault+0x69b/0xcb0
[  278.318025][ T8557]  exc_page_fault+0x7a/0x120
[  278.319491][ T8557]  asm_exc_page_fault+0x22/0x30
[  278.320963][ T8557] RIP: 0033:0x7f979837d1ea
[  278.322370][ T8557] Code: Unable to access opcode bytes at 0x7f979837d1c0.
[  278.324447][ T8557] RSP: 002b:00007ffd1a7b9500 EFLAGS: 00010246
[  278.326264][ T8557] RAX: 0000000000000000 RBX: fffffffffffffe98 RCX: 00007f979837d1ea
[  278.328644][ T8557] RDX: 00007ffd1a7b9540 RSI: 0000000000000000 RDI: 0000000000000000
[  278.331129][ T8557] RBP: 0000000000000002 R08: 0000000000000001 R09: 0000000000000002
[  278.333658][ T8557] R10: 00007ffd1a7b9540 R11: 0000000000000246 R12: 0000000000000000
[  278.337115][ T8557] R13: 0000000000000000 R14: 0000000000000000 R15: 0000000000000000
[  278.339561][ T8557]  </TASK>
[  278.801153][ T8557] Mem-Info:
[  278.802379][ T8557] active_anon:1372 inactive_anon:8227 isolated_anon:0
[  278.802379][ T8557]  active_file:547 inactive_file:47 isolated_file:0
[  278.802379][ T8557]  unevictable:768 dirty:0 writeback:0
[  278.802379][ T8557]  slab_reclaimable:16882 slab_unreclaimable:53753
[  278.802379][ T8557]  mapped:307 shmem:768 pagetables:424
[  278.802379][ T8557]  sec_pagetables:0 bounce:0
[  278.802379][ T8557]  kernel_misc_reclaimable:0
[  278.802379][ T8557]  free:25602 free_pcp:276 free_cma:0
[  278.979940][ T8557] Node 0 active_anon:0kB inactive_anon:4kB active_file:0kB inactive_file:16kB unevictable:1536kB isolated(anon):0kB isolated(file):0kB mapped:4kB dirty:0kB writeback:0kB shmem:1536kB shmem_thp: 0kB shmem_pmdmapped: 0kB anon_thp: 0kB writeback_tmp:0kB kernel_stack:5424kB pagetables:512kB sec_pagetables:0kB all_unreclaimable? no
[  278.986248][ T8557] Node 1 active_anon:5516kB inactive_anon:32364kB active_file:3164kB inactive_file:132kB unevictable:1536kB isolated(anon):0kB isolated(file):0kB mapped:2016kB dirty:4kB writeback:0kB shmem:1536kB shmem_thp: 0kB shmem_pmdmapped: 0kB anon_thp: 0kB writeback_tmp:0kB kernel_stack:5392kB pagetables:1184kB sec_pagetables:0kB all_unreclaimable? no
[  279.200054][ T8557] Node 0 DMA free:1952kB boost:0kB min:756kB low:944kB high:1132kB reserved_highatomic:0KB active_anon:0kB inactive_anon:4kB active_file:0kB inactive_file:0kB unevictable:0kB writepending:0kB present:15992kB managed:15360kB mlocked:0kB bounce:0kB free_pcp:8kB local_pcp:0kB free_cma:0kB
[  279.429981][ T8557] lowmem_reserve[]: 0 321 321 321 321
[  279.432156][ T8557] Node 0 DMA32 free:13288kB boost:0kB min:16296kB low:20368kB high:24440kB reserved_highatomic:2048KB active_anon:0kB inactive_anon:0kB active_file:0kB inactive_file:16kB unevictable:1536kB writepending:0kB present:1032192kB managed:333776kB mlocked:0kB bounce:0kB free_pcp:9800kB local_pcp:4192kB free_cma:0kB
[  279.621125][ T8557] lowmem_reserve[]: 0 0 0 0 0
[  279.623062][ T8557] Node 1 DMA32 free:120028kB boost:0kB min:50524kB low:63152kB high:75780kB reserved_highatomic:4096KB active_anon:6008kB inactive_anon:32104kB active_file:5656kB inactive_file:132kB unevictable:1536kB writepending:4kB present:1048448kB managed:1021360kB mlocked:0kB bounce:0kB free_pcp:33344kB local_pcp:2008kB free_cma:0kB
[  279.932303][ T8557] lowmem_reserve[]: 0 0 0 0 0
[  279.933828][ T8557] Node 0 DMA: 68*4kB (U) 22*8kB (U) 22*16kB (U) 19*32kB (UM) 7*64kB (UM) 3*128kB (UM) 1*256kB (M) 1*512kB (M) 0*1024kB 0*2048kB 0*4096kB = 3008kB
[  279.937355][ T8557] Node 0 DMA32: 141*4kB (UEH) 132*8kB (UMEH) 93*16kB (UME) 186*32kB (UMEH) 61*64kB (UME) 25*128kB (U) 4*256kB (UM) 0*512kB 0*1024kB 0*2048kB 0*4096kB = 17188kB
[  279.999101][ T8557] Node 1 DMA32: 230*4kB (UMEH) 391*8kB (UMEH) 293*16kB (UE) 633*32kB (UEH) 504*64kB (UMEH) 387*128kB (UMEH) 138*256kB (UME) 44*512kB (UME) 0*1024kB 0*2048kB 0*4096kB = 168640kB
[  280.104632][ T8557] Node 0 hugepages_total=0 hugepages_free=0 hugepages_surp=0 hugepages_size=1048576kB
[  280.106617][ T8557] Node 0 hugepages_total=2 hugepages_free=2 hugepages_surp=0 hugepages_size=2048kB
[  280.108654][ T8557] Node 1 hugepages_total=0 hugepages_free=0 hugepages_surp=0 hugepages_size=1048576kB
[  280.589984][ T8557] Node 1 hugepages_total=2 hugepages_free=2 hugepages_surp=0 hugepages_size=2048kB
[  280.593355][ T8557] 3228 total pagecache pages
[  280.595008][ T8557] 66 pages in swap cache
[  280.596550][ T8557] Free swap  = 21344kB
[  280.598009][ T8557] Total swap = 124996kB
[  280.599540][ T8557] 524158 pages RAM
[  280.862768][ T8557] 0 pages HighMem/MovableOnly
[  280.864619][ T8557] 181534 pages reserved
[  280.866139][ T8557] 0 pages cma reserved
[  280.867704][ T8557] Unreclaimable slab info:
[  280.869377][ T8557] Name                      Used          Total
[  281.189985][ T8557] pid_2                     11KB         11KB
[  281.192351][ T8557] bio-400                    8KB          8KB
[  281.194621][ T8557] bio-232                    3KB          3KB
[  281.196836][ T8557] zswap_entry             2991KB       2992KB
[  281.199114][ T8557] batadv_tt_change_cache          8KB          8KB
[  281.254238][ T1283] ieee802154 phy0 wpan0: encryption failed: -22
[  281.256575][ T1283] ieee802154 phy1 wpan1: encryption failed: -22
[  281.510612][ T8557] batadv_tl_cache            8KB          8KB
[  281.512024][ T8557] TIPC                      60KB         60KB
[  281.513350][ T8557] SCTPv6                    63KB         63KB
[  281.514686][ T8557] DCCPv6                    59KB         59KB
[  281.515986][ T8557] DCCP                      61KB         61KB
[  281.517362][ T8557] RXRPC                     61KB         61KB
[  281.518723][ T8557] rxrpc_call_jar           121KB        243KB
[  281.655822][ T8557] bridge_fdb_cache           7KB          7KB
[  281.657552][ T8557] MPTCPv6                   30KB         30KB
[  281.658843][ T8557] fib6_nodes               128KB        128KB
[  281.760054][ T8557] ip6_dst_cache            127KB        195KB
[  281.761479][ T8557] RAWv6                    154KB        154KB
[  282.125240][ T8557] UDPv6                     64KB         64KB
[  282.126838][ T8557] TCPv6                     63KB         63KB
[  282.128387][ T8557] nf_conntrack              23KB         23KB
[  282.129782][ T8557] wg_peer                   91KB         91KB
[  282.357279][ T8557] allowedips_node           11KB         11KB
[  282.358705][ T8557] t10_alua_lu_gp_cache          3KB          3KB
[  282.470078][ T8557] scsi_sense_cache           8KB          8KB
[  282.471558][ T8557] virtio_scsi_cmd           16KB         16KB
[  282.472869][ T8557] bio-136                   40KB         40KB
[  282.474216][ T8557] mqueue_inode_cache         60KB         60KB
[  282.475555][ T8557] f2fs_bio_post_read_ctx         23KB         23KB
[  282.477107][ T8557] jfs_mp                     7KB          7KB
[  282.737813][ T8557] cifs_small_rq             16KB         16KB
[  282.739323][ T8557] cifs_request              67KB         67KB
[  282.860137][ T8557] cifs_mpx_ids               4KB          4KB
[  282.861688][ T8557] nfs_commit_data           15KB         15KB
[  282.863059][ T8557] nfs_write_data            47KB         47KB
[  282.864526][ T8557] jbd2_inode                 7KB          7KB
[  282.865929][ T8557] ext4_system_zone          12KB         27KB
[  282.867276][ T8557] ext4_io_end_vec            7KB          7KB
[  282.868777][ T8557] pid_namespace              7KB          7KB
[  283.161686][ T8557] rpc_buffers               31KB         31KB
[  283.163077][ T8557] rpc_tasks                  3KB          3KB
[  283.164380][ T8557] UNIX-STREAM              148KB        320KB
[  283.165700][ T8557] UNIX                     226KB        416KB
[  283.167751][ T8557] MPTCP                     31KB         31KB
[  283.169573][ T8557] request_sock_subflow_v4          7KB          7KB
[  283.372254][ T5058] Bluetooth: hci1: unexpected cc 0x1003 length: 249 > 9
[  283.376186][ T8557] tcp_bind2_bucket           8KB          8KB
[  283.401086][ T8557] tcp_bind_bucket            8KB          8KB
[  283.402607][ T8557] ip_fib_trie               20KB         20KB
[  283.404051][ T8557] ip_fib_alias              67KB         67KB
[  283.405391][ T8557] ip_dst_cache              28KB         28KB
[  283.406839][ T8557] RAW                       30KB         30KB
[  283.408323][ T8557] UDP                       92KB         92KB
[  283.410221][ T5058] Bluetooth: hci1: unexpected cc 0x1001 length: 249 > 9
[  283.436430][ T5058] Bluetooth: hci1: unexpected cc 0x0c23 length: 249 > 4
[  283.444803][ T5058] Bluetooth: hci1: unexpected cc 0x0c25 length: 249 > 3
[  283.448431][ T5058] Bluetooth: hci1: unexpected cc 0x0c38 length: 249 > 2
[  283.690145][ T8557] request_sock_TCP           7KB          7KB
[  283.691672][ T8557] TCP                       61KB         61KB
[  283.693052][ T8557] hugetlbfs_inode_cache         61KB         61KB
[  283.694082][ T9299] Bluetooth: hci4: unexpected cc 0x0c03 length: 249 > 1
[  283.694474][ T8557] bio-264                   23KB         23KB
[  283.694502][ T8557] ep_head                   16KB         16KB
[  283.694523][ T8557] eventpoll_pwq             35KB         35KB
[  283.704015][ T9299] Bluetooth: hci4: unexpected cc 0x1003 length: 249 > 9
[  283.741790][ T9299] Bluetooth: hci4: unexpected cc 0x1001 length: 249 > 9
[  283.800074][ T9299] Bluetooth: hci4: unexpected cc 0x0c23 length: 249 > 4
[  283.811348][T11519] Bluetooth: hci4: unexpected cc 0x0c25 length: 249 > 3
[  283.816360][T11519] Bluetooth: hci4: unexpected cc 0x0c38 length: 249 > 2
[  283.949629][ T5058] Bluetooth: hci5: unexpected cc 0x1003 length: 249 > 9
[  283.957272][ T5058] Bluetooth: hci5: unexpected cc 0x1001 length: 249 > 9
[  283.966648][ T5058] Bluetooth: hci5: unexpected cc 0x0c23 length: 249 > 4
[  283.973814][ T5058] Bluetooth: hci5: unexpected cc 0x0c25 length: 249 > 3
[  283.981432][ T5058] Bluetooth: hci5: unexpected cc 0x0c38 length: 249 > 2
[  284.058857][ T5058] Bluetooth: hci2: unexpected cc 0x0c03 length: 249 > 1
[  284.065156][ T5058] Bluetooth: hci2: unexpected cc 0x1003 length: 249 > 9
[  284.068353][ T8557] eventpoll_epi             66KB         66KB
[  284.071252][ T5058] Bluetooth: hci2: unexpected cc 0x1001 length: 249 > 9
[  284.073696][ T8557] inotify_inode_mark         27KB         27KB
[  284.076298][ T8557] sgpool-128                59KB         59KB
[  284.078946][ T8557] sgpool-64                 63KB         63KB
[  284.081684][ T5058] Bluetooth: hci2: unexpected cc 0x0c23 length: 249 > 4
[  284.083990][ T8557] sgpool-32                 78KB         78KB
[  284.086477][ T8557] sgpool-16                 30KB         30KB
[  284.088857][ T5058] Bluetooth: hci2: unexpected cc 0x0c25 length: 249 > 3
[  284.091431][ T8557] sgpool-8                  45KB         45KB
[  284.093912][ T5058] Bluetooth: hci2: unexpected cc 0x0c38 length: 249 > 2
[  284.096262][ T8557] bio_crypt_ctx              7KB          7KB
[  284.098898][ T8557] request_queue            180KB        180KB
[  284.101831][ T8557] blkdev_ioc                 3KB          3KB
[  284.104420][ T8557] bio-200                   30KB         30KB
[  284.116345][ T8557] biovec-max               340KB        595KB
[  284.161867][ T8557] biovec-64                173KB        173KB
[  284.163811][ T8557] biovec-16                 26KB         26KB
[  284.165680][ T8557] bio_integrity_payload          3KB          3KB
[  284.167632][ T8557] user_namespace            15KB         15KB
[  284.169443][ T8557] uid_cache                  7KB          7KB
[  284.235866][ T8557] dmaengine-unmap-256         30KB         30KB
[  284.330947][ T8557] dmaengine-unmap-128         15KB         15KB
[  284.333249][ T8557] dmaengine-unmap-16          4KB          4KB
[  284.335411][ T8557] dmaengine-unmap-2          4KB          4KB
[  284.337502][ T8557] QIPCRTR                   31KB         31KB
[  284.339595][ T8557] audit_buffer               3KB          3KB
[  284.446522][ T8557] skbuff_ext_cache          32KB         32KB
[  284.539453][   T33] oom_reaper: reaped process 9267 (syz-execprog), now anon-rss:16kB, file-rss:128kB, shmem-rss:0kB
[  284.568265][ T8557] skbuff_fclone_cache         82KB        112KB
[  284.624709][ T8557] skbuff_head_cache       1663KB       1788KB
[  284.626155][ T8557] configfs_dir_cache          8KB          8KB
[  284.627528][ T8557] file_lock_cache           67KB         94KB
[  284.640712][   T33] oom_reaper: reaped process 11455 (syz.1.18), now anon-rss:48kB, file-rss:128kB, shmem-rss:0kB
[  284.685636][ T8557] file_lock_ctx             19KB         19KB
[  284.687127][ T8557] fsnotify_mark_connector         16KB         16KB
[  284.688640][ T8557] taskstats                 15KB         15KB
[  284.809973][ T8557] proc_dir_entry           663KB        663KB
[  284.811408][ T8557] pde_opener                 7KB          7KB
[  284.812903][ T8557] seq_file                  48KB         60KB
[  284.814236][ T8557] sigqueue                  39KB         59KB
[  284.815832][ T8557] shmem_inode_cache       9161KB       9202KB
[  284.817285][ T8557] kernfs_iattrs_cache         15KB         15KB
[  284.818692][ T8557] kernfs_node_cache      23633KB      23633KB
[  285.012473][ T8557] mnt_cache                133KB        149KB
[  285.023140][ T8557] filp                     483KB        907KB
[  285.024837][ T8557] names_cache             1640KB       1640KB
[  285.026158][ T8557] net_namespace            143KB        143KB
[  285.027456][ T8557] iint_cache                59KB         86KB
[  285.028777][ T8557] lsm_inode_cache         1758KB       2071KB
[  285.093238][ T9124] netdevsim netdevsim0 netdevsim3 (unregistering): unset [1, 0] type 2 family 0 port 6081 - 0
[  285.123843][ T8557] lsm_file_cache            97KB        219KB
[  285.125463][ T8557] key_jar                   39KB         39KB
[  285.126861][ T8557] uts_namespace             15KB         15KB
[  285.128145][ T8557] nsproxy                    7KB          7KB
[  285.129439][ T8557] vm_area_struct           433KB        756KB
[  285.156298][ T8557] fs_cache                  49KB         88KB
[  285.279915][ T8557] files_cache              217KB        334KB
[  285.281295][ T8557] signal_cache             717KB       1731KB
[  285.282571][ T8557] sighand_cache            793KB        871KB
[  285.283910][ T8557] task_struct             3688KB       4431KB
[  285.285218][ T8557] cred_jar                 153KB        372KB
[  285.286518][ T8557] anon_vma_chain           136KB        228KB
[  285.287816][ T8557] anon_vma                 117KB        175KB
[  285.289121][ T8557] pid                      150KB        288KB
[  285.335082][ T9124] netdevsim netdevsim0 netdevsim2 (unregistering): unset [1, 0] type 2 family 0 port 6081 - 0
[  285.490110][T10067] Bluetooth: hci1: command 0x0409 tx timeout
[  285.626593][ T8557] Acpi-Operand              87KB        166KB
[  285.627981][ T8557] Acpi-ParseExt             11KB         39KB
[  285.629342][ T8557] Acpi-Parse                55KB         94KB
[  285.690238][ T8557] Acpi-State                47KB         82KB
[  285.691618][ T8557] Acpi-Namespace            28KB         28KB
[  285.692939][ T8557] numa_policy                3KB          3KB
[  285.694232][ T8557] perf_event                31KB         31KB
[  285.695519][ T8557] trace_event_file         430KB        430KB
[  285.696825][ T8557] ftrace_event_field        830KB        830KB
[  285.698125][ T8557] pool_workqueue           296KB        304KB
[  285.699407][ T8557] maple_node               552KB        776KB
[  285.761201][ T9124] netdevsim netdevsim0 netdevsim1 (unregistering): unset [1, 0] type 2 family 0 port 6081 - 0
[  285.880889][ T8557] task_group                30KB         30KB
[  285.882251][ T8557] mm_struct                260KB        612KB
[  285.883564][ T8557] vmap_area                312KB        409KB
[  285.884892][ T8557] debug_objects_cache       1483KB       1533KB
[  285.886227][ T8557] page->ptl                 84KB        122KB
[  285.887514][ T8557] kmalloc-cg-8k            976KB       1152KB
[  285.970419][T10067] Bluetooth: hci4: command 0x0409 tx timeout
[  286.050096][T10067] Bluetooth: hci5: command 0x0409 tx timeout
[  286.052803][ T8557] kmalloc-cg-4k          11672KB      11968KB
[  286.054157][ T8557] kmalloc-cg-2k           7792KB       8448KB
[  286.069215][ T8557] kmalloc-cg-1k           1946KB       2048KB
[  286.070746][ T8557] kmalloc-cg-512          1045KB       1056KB
[  286.072050][ T8557] kmalloc-cg-256            96KB         96KB
[  286.073377][ T8557] kmalloc-cg-192           112KB        116KB
[  286.074695][ T8557] kmalloc-cg-128           200KB        200KB
[  286.075993][ T8557] kmalloc-cg-96             40KB         40KB
[  286.077288][ T8557] kmalloc-cg-64             21KB         44KB
[  286.078579][ T8557] kmalloc-cg-32             24KB         24KB
[  286.080137][ T8557] kmalloc-cg-16             26KB         96KB
[  286.081449][ T8557] kmalloc-cg-8              19KB         19KB
[  286.082816][ T8557] kmalloc-8k              4640KB       4640KB
[  286.084472][ T8557] kmalloc-4k             30248KB      30304KB
[  286.085982][ T8557] kmalloc-2k             10820KB      12064KB
[  286.087284][ T8557] kmalloc-1k              9330KB      10016KB
[  286.088587][ T8557] kmalloc-512             9826KB      10512KB
[  286.090000][ T8557] kmalloc-256             4120KB       4120KB
[  286.091325][ T8557] kmalloc-192             1161KB       1540KB
[  286.092622][ T8557] kmalloc-128             1033KB       1036KB
[  286.094354][ T8557] kmalloc-96               588KB        748KB
[  286.095683][ T8557] kmalloc-64              3103KB       3284KB
[  286.096981][ T8557] kmalloc-32              1005KB       1008KB
[  286.098289][ T8557] kmalloc-16               247KB        392KB
[  286.099575][ T8557] kmalloc-8                422KB        438KB
[  286.104948][ T8557] kmem_cache_node          210KB        212KB
[  286.106315][ T8557] kmem_cache               176KB        176KB
[  286.107605][ T8557] oom-kill:constraint=CONSTRAINT_NONE,nodemask=(null),cpuset=/,mems_allowed=0-1,global_oom,task_memcg=/system.slice/cron.service,task=cron,pid=8557,uid=0
[  286.111962][ T8557] Out of memory (oom_kill_allocating_task): Killed process 8557 (cron) total-vm:5636kB, anon-rss:0kB, file-rss:128kB, shmem-rss:0kB, UID:0 pgtables:48kB oom_score_adj:0
[  286.130353][T10067] Bluetooth: hci2: command 0x0409 tx timeout
[  286.211150][ T9124] netdevsim netdevsim0 netdevsim0 (unregistering): unset [1, 0] type 2 family 0 port 6081 - 0
[  287.570672][T10067] Bluetooth: hci1: command 0x041b tx timeout
[  288.070008][T10067] Bluetooth: hci4: command 0x041b tx timeout
[  288.143733][T10067] Bluetooth: hci5: command 0x041b tx timeout
[  288.214678][T10067] Bluetooth: hci2: command 0x041b tx timeout
[  289.650174][T10067] Bluetooth: hci1: command 0x040f tx timeout
[  290.130404][T10067] Bluetooth: hci4: command 0x040f tx timeout
[  290.220203][T10067] Bluetooth: hci5: command 0x040f tx timeout
[  290.300095][ T5058] Bluetooth: hci2: command 0x040f tx timeout
[  291.730421][ T5058] Bluetooth: hci1: command 0x0419 tx timeout
[  292.220102][T10067] Bluetooth: hci4: command 0x0419 tx timeout
[  292.290474][ T5058] Bluetooth: hci5: command 0x0419 tx timeout
[  292.359661][ T9124] device hsr_slave_0 left promiscuous mode
[  292.370189][T10067] Bluetooth: hci2: command 0x0419 tx timeout
[  292.473855][ T9124] device hsr_slave_1 left promiscuous mode
[  292.533965][ T9124] batman_adv: batadv0: Interface deactivated: batadv_slave_0
[  292.535696][ T9124] batman_adv: batadv0: Removing interface: batadv_slave_0
[  292.571684][ T9124] batman_adv: batadv0: Interface deactivated: batadv_slave_1
[  292.573372][ T9124] batman_adv: batadv0: Removing interface: batadv_slave_1
[  292.614271][ T9124] device bridge_slave_1 left promiscuous mode
[  292.615882][ T9124] bridge0: port 2(bridge_slave_1) entered disabled state
[  292.670795][ T9124] device bridge_slave_0 left promiscuous mode
[  292.672490][ T9124] bridge0: port 1(bridge_slave_0) entered disabled state
[  292.760589][ T9124] device veth1_macvtap left promiscuous mode
[  292.762053][ T9124] device veth0_macvtap left promiscuous mode
[  292.763506][ T9124] device veth1_vlan left promiscuous mode
[  292.764880][ T9124] device veth0_vlan left promiscuous mode
[  294.842225][ T9124] team0 (unregistering): Port device team_slave_1 removed
[  294.913518][ T9124] team0 (unregistering): Port device team_slave_0 removed
[  294.973726][ T9124] bond0 (unregistering): (slave bond_slave_1): Releasing backup interface
[  295.079385][ T9124] bond0 (unregistering): (slave bond_slave_0): Releasing backup interface
[  295.600848][ T9124] bond0 (unregistering): Released all slaves
[  299.532008][ T9124] netdevsim netdevsim1 netdevsim3 (unregistering): unset [1, 0] type 2 family 0 port 6081 - 0
[  299.622319][ T9124] netdevsim netdevsim1 netdevsim2 (unregistering): unset [1, 0] type 2 family 0 port 6081 - 0
[  299.737592][ T9124] netdevsim netdevsim1 netdevsim1 (unregistering): unset [1, 0] type 2 family 0 port 6081 - 0
[  299.827688][ T9124] netdevsim netdevsim1 netdevsim0 (unregistering): unset [1, 0] type 2 family 0 port 6081 - 0
[  300.196877][ T9124] netdevsim netdevsim2 netdevsim3 (unregistering): unset [1, 0] type 2 family 0 port 6081 - 0
[  300.303021][ T9124] netdevsim netdevsim2 netdevsim2 (unregistering): unset [1, 0] type 2 family 0 port 6081 - 0
[  300.384058][ T9124] netdevsim netdevsim2 netdevsim1 (unregistering): unset [1, 0] type 2 family 0 port 6081 - 0
[  300.511559][ T9124] netdevsim netdevsim2 netdevsim0 (unregistering): unset [1, 0] type 2 family 0 port 6081 - 0
[  300.991764][ T9124] netdevsim netdevsim3 netdevsim3 (unregistering): unset [1, 0] type 2 family 0 port 6081 - 0
[  301.572760][ T9124] netdevsim netdevsim3 netdevsim2 (unregistering): unset [1, 0] type 2 family 0 port 6081 - 0
[  301.704714][ T9124] netdevsim netdevsim3 netdevsim1 (unregistering): unset [1, 0] type 2 family 0 port 6081 - 0
[  301.851464][ T9124] netdevsim netdevsim3 netdevsim0 (unregistering): unset [1, 0] type 2 family 0 port 6081 - 0

VM DIAGNOSIS:
12:51:31  Registers:
info registers vcpu 0
RAX=f2f2f200f1f1f1f1 RBX=ffffffff97f38ee0 RCX=1ffffffff2fe71dc RDX=0000000000000000
RSI=0000000000000126 RDI=ffffffff8c5da610 RBP=ffffc90005f5fab0 RSP=ffffc90005f5f9a0
R8 =dffffc0000000000 R9 =fffffbfff1dfffde R10=fffffbfff1dfffde R11=1ffffffff1dfffdd
R12=0000000000000000 R13=ffff88804a30de68 R14=dffffc0000000000 R15=1ffff92000bebf3c
RIP=ffffffff81601e81 RFL=00000a06 [-O---P-] CPL=0 II=0 A20=1 SMM=0 HLT=0
ES =0000 0000000000000000 ffffffff 00c00000
CS =0010 0000000000000000 ffffffff 00a09b00 DPL=0 CS64 [-RA]
SS =0018 0000000000000000 ffffffff 00c09300 DPL=0 DS   [-WA]
DS =0000 0000000000000000 ffffffff 00c00000
FS =0000 0000555556d3b500 ffffffff 00c00000
GS =0000 ffff88802be00000 ffffffff 00c00000
LDT=0000 0000000000000000 ffffffff 00c00000
TR =0040 fffffe64a7599000 00004087 00008b00 DPL=0 TSS64-busy
GDT=     fffffe64a7597000 0000007f
IDT=     fffffe0000000000 00000fff
CR0=80050033 CR2=00007f6359555000 CR3=00000000659be000 CR4=00750ef0
DR0=0000000000000000 DR1=0000000000000000 DR2=0000000000000000 DR3=0000000000000000 
DR6=00000000fffe0ff0 DR7=0000000000000400
EFER=0000000000000d01
FCW=037f FSW=0000 [ST=0] FTW=00 MXCSR=00001f80
FPR0=0000000000000000 0000 FPR1=0000000000000000 0000
FPR2=0000000000000000 0000 FPR3=0000000000000000 0000
FPR4=0000000000000000 0000 FPR5=0000000000000000 0000
FPR6=0000000000000000 0000 FPR7=0000000000000000 0000
Opmask00=00000000ffffff00 Opmask01=0000000000000111 Opmask02=000000000000ffff Opmask03=0000000000000000
Opmask04=0000000000000000 Opmask05=0000000000000000 Opmask06=0000000000000000 Opmask07=0000000000000000
ZMM00=0000000000000000 0000000000000000 0000000000000000 0000000000000000 0000000000000000 0000000000000000 00000000a60ce07b 00000000cec3662e
ZMM01=0000000000000000 0000000000000000 0000000000000000 0000000000000000 0000000000000000 0000000000000000 0000000000000000 3707879558721c08
ZMM02=0000000000000000 0000000000000000 0000000000000000 0000000000000000 0000000000000000 0000000000000000 0000000000000000 0000000000000000
ZMM03=0000000000000000 0000000000000000 0000000000000000 0000000000000000 0000000000000000 0000000000000000 0000000000000000 0000000000000000
ZMM04=0000000000000000 0000000000000000 0000000000000000 0000000000000000 0000000000000000 0000000000000000 0000000000000000 0000000000000000
ZMM05=0000000000000000 0000000000000000 0000000000000000 0000000000000000 0000000000000000 0000000000000000 0000000000000000 0000000000000000
ZMM06=0000000000000000 0000000000000000 0000000000000000 0000000000000000 0000000000000000 0000000000000000 0000000000000000 0000000000000000
ZMM07=0000000000000000 0000000000000000 0000000000000000 0000000000000000 0000000000000000 0000000000000000 0000000000000000 0000000000000000
ZMM08=0000000000000000 0000000000000000 0000000000000000 0000000000000000 0000000000000000 0000000000000000 0000000000000020 0000000000002000
ZMM09=0000000000000000 0000000000000000 0000000000000000 0000000000000000 0000000000000000 0000000000000000 0000ffffffffffff ffffffffffffff00
ZMM10=0000000000000000 0000000000000000 0000000000000000 0000000000000000 0000000000000000 0000000000000000 0000000000000000 0000000000000000
ZMM11=0000000000000000 0000000000000000 0000000000000000 0000000000000000 0000000000000000 0000000000000000 0000000000000000 0000000000000000
ZMM12=0000000000000000 0000000000000000 0000000000000000 0000000000000000 0000000000000000 0000000000000000 0000000000000000 0000000000000000
ZMM13=0000000000000000 0000000000000000 0000000000000000 0000000000000000 0000000000000000 0000000000000000 0000000000000000 0000000000000000
ZMM14=0000000000000000 0000000000000000 0000000000000000 0000000000000000 0000000000000000 0000000000000000 0000000000000000 0000000000000000
ZMM15=0000000000000000 0000000000000000 0000000000000000 0000000000000000 0000000000000000 0000000000000000 0000000000000000 0000000000000000
ZMM16=0000000000000000 0000000000000000 0000000000000000 0000000000000000 6c656e72656b2072 656c6c616b7a7973 2031333a31353a34 3020382020706553
ZMM17=0000000000000000 0000000000000000 0000000000000000 0000000000000000 282030646e6f6220 5d3432313954205b 5d3834383030362e 35393220205b203a
ZMM18=0000000000000000 0000000000000000 0000000000000000 0000000000000000 0a736576616c7320 6c6c612064657361 656c6552203a2967 6e69726574736967
ZMM19=0000000000000000 0000000000000000 0000000000000000 0000000000000000 65726e7528203064 6e6f62205d343231 3954205b5d383438 3030362e35393220
ZMM20=0000000000000000 0000000000000000 0000000000000000 0000000000000000 0a65636166726574 6e692070756b6361 6220676e69736165 6c6552203a29305f
ZMM21=0000000000000000 0000000000000000 0000000000000000 0000000000000000 6576616c735f646e 6f62206576616c73 28203a29676e6972 657473696765726e
ZMM22=0000000000000000 0000000000000000 0000000000000000 0000000000000000 75282030646e6f62 205d343231395420 5b5d353833393730 2e35393220205b20
ZMM23=0000000000000000 0000000000000000 0000000000000000 0000000000000000 3a6c656e72656b20 72656c6c616b7a79 732030333a31353a 3430203820207065
ZMM24=0000000000000000 0000000000000000 0000000000000000 0000000000000000 30313a746e657365 727020426b343a67 6e69646e65706574 69727720426b3633
ZMM25=0000000000000000 0000000000000000 0000000000000000 0000000000000000 0000000000000000 0000000000000000 0000000000000000 0000000000000000
ZMM26=0000000000000000 0000000000000000 0000000000000000 0000000000000000 0000000000000000 0000000000000000 0000000000000000 0000000000000000
ZMM27=0000000000000000 0000000000000000 0000000000000000 0000000000000000 0000000000000000 0000000000000000 0000000000000000 0000000000000000
ZMM28=0000000000000000 0000000000000000 0000000000000000 0000000000000000 0000000000000000 0000000000000000 0000000000000000 0000000000000000
ZMM29=0000000000000000 0000000000000000 0000000000000000 0000000000000000 0000000000000000 0000000000000000 0000000000000000 0000000000000000
ZMM30=0000000000000000 0000000000000000 0000000000000000 0000000000000000 0000000000000000 0000000000000000 0000000000000000 0000000000000000
ZMM31=0000000000000000 0000000000000000 0000000000000000 0000000000000000 0000000000000000 0000000000000000 0000000000000000 0000000000000000
info registers vcpu 1
RAX=0000000000000001 RBX=0000000000000001 RCX=1ffffffff2fe71dc RDX=0000000000000000
RSI=ffffffff8d92a4e0 RDI=ffff888018fcae78 RBP=ffff888018fcaea0 RSP=ffffc9000213f958
R8 =dffffc0000000000 R9 =fffffbfff1dfffde R10=fffffbfff1dfffde R11=1ffffffff1dfffdd
R12=0000000000000246 R13=ffff888018fca440 R14=00000000ffffffff R15=ffffffff8d92a4e0
RIP=ffffffff8adc15d3 RFL=00000096 [--S-AP-] CPL=0 II=0 A20=1 SMM=0 HLT=0
ES =0000 0000000000000000 ffffffff 00c00000
CS =0010 0000000000000000 ffffffff 00a09b00 DPL=0 CS64 [-RA]
SS =0018 0000000000000000 ffffffff 00c09300 DPL=0 DS   [-WA]
DS =0000 0000000000000000 ffffffff 00c00000
FS =0000 0000555555973500 ffffffff 00c00000
GS =0000 ffff88807ec00000 ffffffff 00c00000
LDT=0000 0000000000000000 00000000 00000000
TR =0040 fffffe53099a1000 00004087 00008b00 DPL=0 TSS64-busy
GDT=     fffffe530999f000 0000007f
IDT=     fffffe0000000000 00000fff
CR0=80050033 CR2=00007f133623c950 CR3=000000002ac10000 CR4=00750ee0
DR0=0000000000000000 DR1=0000000000000000 DR2=0000000000000000 DR3=0000000000000000 
DR6=00000000fffe0ff0 DR7=0000000000000400
EFER=0000000000000d01
FCW=037f FSW=0000 [ST=0] FTW=00 MXCSR=00001f80
FPR0=0000000000000000 0000 FPR1=0000000000000000 0000
FPR2=0000000000000000 0000 FPR3=0000000000000000 0000
FPR4=0000000000000000 0000 FPR5=0000000000000000 0000
FPR6=0000000000000000 0000 FPR7=0000000000000000 0000
Opmask00=0000000008000000 Opmask01=00000000ffffffff Opmask02=000000000000ffff Opmask03=0000000000000000
Opmask04=00000000ffffffff Opmask05=00000000ffffffff Opmask06=00000000ffffffff Opmask07=0000000000000000
ZMM00=0000000000000000 0000000000000000 0000000000000000 0000000000000000 0000000000000000 0000000000000000 a9b68369cb005382 f2a65a75a3f5689e
ZMM01=0000000000000000 0000000000000000 0000000000000000 0000000000000000 0000000000000000 0000000000000000 3216ff726b5e7448 66dd4333aff4f96b
ZMM02=0000000000000000 0000000000000000 0000000000000000 0000000000000000 0000000000000000 0000000000000000 c61f560511ad4404 2df591066fcaed89
ZMM03=0000000000000000 0000000000000000 0000000000000000 0000000000000000 0000000000000000 0000000000000000 80f614ba3e8c3462 b8e80db9e7b2930d
ZMM04=0000000000000000 0000000000000000 0000000000000000 0000000000000000 0000000000000000 0000000000000000 0000000000000000 0000000000002a00
ZMM05=0000000000000000 0000000000000000 0000000000000000 0000000000000000 0000000000000000 0000000000000000 0000000000000000 0000000000000040
ZMM06=0000000000000000 0000000000000000 0000000000000000 0000000000000000 0000000000000000 0000000000000000 00a0c8bf1217f280 000000a112318dbc
ZMM07=0000000000000000 0000000000000000 0000000000000000 0000000000000000 0000000000000000 0000000000000000 7dca1e0f00800100 00800100123fd146
ZMM08=0000000000000000 0000000000000000 0000000000000000 0000000000000000 0000000000000000 0000000000000000 000000a100800100 11edbea4e5320000
ZMM09=0000000000000000 0000000000000000 0000000000000000 0000000000000000 0000000000000000 0000000000000000 00800100000000a1 000000a10708221f
ZMM10=0000000000000000 0000000000000000 0000000000000000 0000000000000000 0000000000000000 0000000000000000 50f2a53a1daa071c a0fc521640d29049
ZMM11=0000000000000000 0000000000000000 0000000000000000 0000000000000000 0000000000000000 0000000000000000 464c89314b7a9419 52939386921d9e66
ZMM12=0000000000000000 0000000000000000 0000000000000000 0000000000000000 0000000000000000 0000000000000000 0000000000000000 0000000000000000
ZMM13=0000000000000000 0000000000000000 0000000000000000 0000000000000000 0000000000000000 0000000000000000 0000000000000000 0000000000000000
ZMM14=0000000000000000 0000000000000000 0000000000000000 0000000000000000 0000000000000000 0000000000000000 a54ff53a3c6ef372 bb67ae856a09e667
ZMM15=0000000000000000 0000000000000000 0000000000000000 0000000000000000 0000000000000000 0000000000000000 5be0cd191f83d9ab 9b05688c510e527f
ZMM16=0000000000000000 0000000000000000 0000000000000000 0000000000000000 a1fcdcf819d7e1e5 000000000038fb28 5837fe9dc1c91f32 000000000038fa18
ZMM17=0000000000000000 0000000000000000 0000000000000000 0000000000000000 4eb6e3cb166d4350 000000000038fde8 8ca0b852b1c7c8e1 000000000038fbb8
ZMM18=0000000000000000 0000000000000000 0000000000000000 0000000000000000 d3fdd5f48436fbd7 000000000038ff30 daff4ed27e47cb58 000000000038fe88
ZMM19=0000000000000000 0000000000000000 0000000000000000 0000000000000000 55365fe7f0a72f1a 000000000052a4d8 80f09f19808d26a3 00000000003900c8
ZMM20=0000000000000000 0000000000000000 0000000000000000 0000000000000000 405d8a710e81ac26 00000000005f5398 55365fe7f0a72f1a 000000000052a4d8
ZMM21=0000000000000000 0000000000000000 0000000000000000 0000000000000000 80f09f19808d26a3 00000000003900c8 d3fdd5f48436fbd7 000000000038ff30
ZMM22=0000000000000000 0000000000000000 0000000000000000 0000000000000000 daff4ed27e47cb58 000000000038fe88 4eb6e3cb166d4350 000000000038fde8
ZMM23=0000000000000000 0000000000000000 0000000000000000 0000000000000000 8ca0b852b1c7c8e1 000000000038fbb8 a1fcdcf819d7e1e5 000000000038fb28
ZMM24=0000000000000000 0000000000000000 0000000000000000 0000000000000000 e2de77aa903facfa 00000000004f6038 ee7587d5db12e8e3 00000000004d44b0
