last executing test programs:

20.745007969s ago: executing program 2 (id=1311):
r0 = openat$nci(0xffffffffffffff9c, &(0x7f0000000080), 0x2, 0x0)
ioctl$IOCTL_GET_NCIDEV_IDX(r0, 0x0, &(0x7f00000000c0))
r1 = syz_init_net_socket$nl_generic(0x10, 0x3, 0x10)
syz_genetlink_get_family_id$nfc(&(0x7f0000000100), r1)
read$nci(r0, &(0x7f0000000200)=""/100, 0x64)

19.715829704s ago: executing program 2 (id=1322):
r0 = openat$nci(0xffffffffffffff9c, &(0x7f0000000080), 0x2, 0x0)
ioctl$IOCTL_GET_NCIDEV_IDX(r0, 0x0, &(0x7f00000000c0)=<r1=>0x0)
r2 = syz_init_net_socket$nl_generic(0x10, 0x3, 0x10)
r3 = syz_genetlink_get_family_id$nfc(&(0x7f0000000100), r2)
sendmsg$NFC_CMD_DEV_UP(r2, &(0x7f0000000140)={0x0, 0x0, &(0x7f0000000180)={&(0x7f00000001c0)={0x1c, r3, 0x1, 0x123, 0x234, {}, [@NFC_ATTR_DEVICE_INDEX={0x8, 0x1, r1}]}, 0x1c}}, 0x0)
read$nci(r0, &(0x7f0000000200)=""/100, 0x64)
write$nci(r0, &(0x7f0000000280)=@NCI_OP_CORE_RESET_RSP, 0x6)
read$nci(r0, &(0x7f00000002c0)=""/100, 0x64)
write$nci(r0, &(0x7f0000000340)=@NCI_OP_CORE_INIT_RSP, 0x14)
read$nci(r0, &(0x7f0000000380)=""/100, 0x64)
write$nci(r0, &(0x7f0000000400)=@NCI_OP_RF_DISCOVER_MAP_RSP, 0x4)
sendmsg$NFC_CMD_START_POLL(r2, &(0x7f0000000440)={0x0, 0x0, &(0x7f0000000480)={&(0x7f00000004c0)={0x24, r3, 0x1, 0x123, 0x234, {}, [@NFC_ATTR_DEVICE_INDEX={0x8, 0x1, r1}, @NFC_ATTR_PROTOCOLS={0x8, 0x3, 0xffffffff}]}, 0x24}}, 0x0)
read$nci(r0, &(0x7f0000000500)=""/100, 0x64)

18.875034864s ago: executing program 1 (id=1330):
mkdirat(0xffffffffffffff9c, &(0x7f0000000040)='./file0\x00', 0x1c0)
mkdirat(0xffffffffffffff9c, &(0x7f0000000080)='./file1\x00', 0x1c0)
mknodat(0xffffffffffffff9c, 0x0, 0x81c0, 0x0)
r0 = landlock_create_ruleset(&(0x7f00000002c0)={0x2001}, 0x18, 0x0)
r1 = openat$dir(0xffffffffffffff9c, &(0x7f0000000300)='./file1\x00', 0x200000, 0x0)
landlock_add_rule$LANDLOCK_RULE_PATH_BENEATH(r0, 0x1, &(0x7f0000000340)={0x2000, r1}, 0x0)
landlock_restrict_self(r0, 0x0)
renameat2(0xffffffffffffff9c, &(0x7f0000000480)='./file1/file2\x00', 0xffffffffffffff9c, &(0x7f00000004c0)='./file0\x00', 0x2)

18.57615658s ago: executing program 1 (id=1331):
mkdirat(0xffffffffffffff9c, &(0x7f0000000080)='./file1\x00', 0x1c0)
mkdirat(0xffffffffffffff9c, 0x0, 0x1c0)
mount$tmpfs(0x0, &(0x7f0000000180)='./file1/file4\x00', &(0x7f00000001c0), 0x0, 0x0)
mknodat(0xffffffffffffff9c, &(0x7f0000000200)='./file1/file4/file5\x00', 0x81c0, 0x0)
mkdirat(0xffffffffffffff9c, &(0x7f0000000280)='./file1/file4/file7\x00', 0x1c0)
r0 = landlock_create_ruleset(&(0x7f00000002c0)={0x2001}, 0x18, 0x0)
r1 = openat$dir(0xffffffffffffff9c, &(0x7f0000000300)='./file1\x00', 0x200000, 0x0)
landlock_add_rule$LANDLOCK_RULE_PATH_BENEATH(r0, 0x1, &(0x7f0000000340)={0x2000, r1}, 0x0)
landlock_restrict_self(r0, 0x0)
linkat(0xffffffffffffff9c, &(0x7f0000000500)='./file1/file4/file5\x00', 0xffffffffffffff9c, &(0x7f0000000540)='./file1/file4/file7/file5\x00', 0x0)

18.361516485s ago: executing program 1 (id=1334):
mkdirat(0xffffffffffffff9c, &(0x7f0000000040)='./file0\x00', 0x1c0)
mkdirat(0xffffffffffffff9c, &(0x7f0000000080)='./file1\x00', 0x1c0)
mkdirat(0xffffffffffffff9c, &(0x7f0000000100)='./file1/file3\x00', 0x1c0)
r0 = landlock_create_ruleset(0x0, 0x0, 0x0)
landlock_restrict_self(r0, 0x0)
renameat2(0xffffffffffffff9c, &(0x7f0000000400)='./file1/file3\x00', 0xffffffffffffff9c, &(0x7f0000000440)='./file0/file3\x00', 0x0)

18.220354766s ago: executing program 1 (id=1337):
mkdirat(0xffffffffffffff9c, &(0x7f0000000080)='./file1\x00', 0x1c0)
mkdirat(0xffffffffffffff9c, 0x0, 0x1c0)
mount$tmpfs(0x0, &(0x7f0000000180)='./file1/file4\x00', &(0x7f00000001c0), 0x0, 0x0)
mkdirat(0xffffffffffffff9c, &(0x7f0000000240)='./file1/file4/file6\x00', 0x1c0)
mkdirat(0xffffffffffffff9c, &(0x7f0000000280)='./file1/file4/file7\x00', 0x1c0)
r0 = landlock_create_ruleset(&(0x7f00000002c0)={0x2001}, 0x18, 0x0)
r1 = openat$dir(0xffffffffffffff9c, &(0x7f0000000300)='./file1\x00', 0x200000, 0x0)
landlock_add_rule$LANDLOCK_RULE_PATH_BENEATH(r0, 0x1, &(0x7f0000000340)={0x2000, r1}, 0x0)
landlock_restrict_self(r0, 0x0)
renameat2(0xffffffffffffff9c, &(0x7f0000000580)='./file1/file4/file6\x00', 0xffffffffffffff9c, &(0x7f00000005c0)='./file1/file4/file7/file6\x00', 0x0)

17.941852055s ago: executing program 1 (id=1339):
mkdirat(0xffffffffffffff9c, &(0x7f0000000040)='./file0\x00', 0x1c0)
mkdirat(0xffffffffffffff9c, &(0x7f0000000080)='./file1\x00', 0x1c0)
mknodat(0xffffffffffffff9c, 0x0, 0x81c0, 0x0)
r0 = landlock_create_ruleset(&(0x7f00000002c0)={0x2001}, 0x18, 0x0)
r1 = openat$dir(0xffffffffffffff9c, &(0x7f0000000300)='./file1\x00', 0x200000, 0x0)
landlock_add_rule$LANDLOCK_RULE_PATH_BENEATH(r0, 0x1, &(0x7f0000000340)={0x2000, r1}, 0x0)
landlock_restrict_self(r0, 0x0)
renameat2(0xffffffffffffff9c, &(0x7f0000000480)='./file1/file2\x00', 0xffffffffffffff9c, &(0x7f00000004c0)='./file0\x00', 0x2)

17.941344098s ago: executing program 0 (id=1340):
r0 = openat$nci(0xffffffffffffff9c, &(0x7f0000000080), 0x2, 0x0)
ioctl$IOCTL_GET_NCIDEV_IDX(r0, 0x0, &(0x7f00000000c0))
r1 = syz_init_net_socket$nl_generic(0x10, 0x3, 0x10)
syz_genetlink_get_family_id$nfc(&(0x7f0000000100), r1)
read$nci(r0, &(0x7f0000000200)=""/100, 0x64)

17.731966463s ago: executing program 1 (id=1341):
r0 = openat$nci(0xffffffffffffff9c, &(0x7f0000000080), 0x2, 0x0)
ioctl$IOCTL_GET_NCIDEV_IDX(r0, 0x0, &(0x7f00000000c0)=<r1=>0x0)
r2 = syz_init_net_socket$nl_generic(0x10, 0x3, 0x10)
r3 = syz_genetlink_get_family_id$nfc(&(0x7f0000000100), r2)
sendmsg$NFC_CMD_DEV_UP(r2, &(0x7f0000000140)={0x0, 0x0, &(0x7f0000000180)={&(0x7f00000001c0)={0x1c, r3, 0x1, 0x123, 0x234, {}, [@NFC_ATTR_DEVICE_INDEX={0x8, 0x1, r1}]}, 0x1c}}, 0x0)
read$nci(r0, &(0x7f0000000200)=""/100, 0x64)
write$nci(r0, &(0x7f0000000280)=@NCI_OP_CORE_RESET_RSP, 0x6)
read$nci(r0, &(0x7f00000002c0)=""/100, 0x64)
write$nci(r0, &(0x7f0000000340)=@NCI_OP_CORE_INIT_RSP, 0x14)
read$nci(r0, &(0x7f0000000380)=""/100, 0x64)
write$nci(r0, &(0x7f0000000400)=@NCI_OP_RF_DISCOVER_MAP_RSP, 0x4)
sendmsg$NFC_CMD_START_POLL(r2, &(0x7f0000000440)={0x0, 0x0, &(0x7f0000000480)={&(0x7f00000004c0)={0x24, r3, 0x1, 0x123, 0x234, {}, [@NFC_ATTR_DEVICE_INDEX={0x8, 0x1, r1}, @NFC_ATTR_PROTOCOLS={0x8, 0x3, 0xffffffff}]}, 0x24}}, 0x0)
read$nci(r0, &(0x7f0000000500)=""/100, 0x64)
write$nci(r0, &(0x7f0000000580)=@NCI_OP_CORE_SET_CONFIG_RSP, 0x5)
read$nci(r0, &(0x7f00000005c0)=""/100, 0x64)
write$nci(r0, &(0x7f0000000640)=@NCI_OP_CORE_SET_CONFIG_RSP, 0x5)
sendmsg$NFC_CMD_ACTIVATE_TARGET(r2, &(0x7f0000000780)={0x0, 0x0, &(0x7f00000007c0)={&(0x7f0000000800)={0x2c, r3, 0x1, 0x123, 0x234, {}, [@NFC_ATTR_DEVICE_INDEX={0x8, 0x1, r1}, @NFC_ATTR_TARGET_INDEX={0x8}, @NFC_ATTR_PROTOCOLS={0x8, 0x3, 0x1}]}, 0x2c}}, 0x0)

17.556523645s ago: executing program 3 (id=1342):
mkdirat(0xffffffffffffff9c, &(0x7f0000000080)='./file1\x00', 0x1c0)
mkdirat(0xffffffffffffff9c, &(0x7f0000000140)='./file1/file4\x00', 0x1c0)
mount$tmpfs(0x0, 0x0, &(0x7f00000001c0), 0x0, 0x0)
mknodat(0xffffffffffffff9c, &(0x7f0000000200)='./file1/file4/file5\x00', 0x81c0, 0x0)
mkdirat(0xffffffffffffff9c, &(0x7f0000000280)='./file1/file4/file7\x00', 0x1c0)
r0 = landlock_create_ruleset(&(0x7f00000002c0)={0x2001}, 0x18, 0x0)
r1 = openat$dir(0xffffffffffffff9c, &(0x7f0000000300)='./file1\x00', 0x200000, 0x0)
landlock_add_rule$LANDLOCK_RULE_PATH_BENEATH(r0, 0x1, &(0x7f0000000340)={0x2000, r1}, 0x0)
landlock_restrict_self(r0, 0x0)
linkat(0xffffffffffffff9c, &(0x7f0000000500)='./file1/file4/file5\x00', 0xffffffffffffff9c, &(0x7f0000000540)='./file1/file4/file7/file5\x00', 0x0)

17.410726846s ago: executing program 3 (id=1343):
r0 = openat$nci(0xffffffffffffff9c, &(0x7f0000000080), 0x2, 0x0)
ioctl$IOCTL_GET_NCIDEV_IDX(r0, 0x0, &(0x7f00000000c0)=<r1=>0x0)
r2 = syz_init_net_socket$nl_generic(0x10, 0x3, 0x10)
r3 = syz_genetlink_get_family_id$nfc(&(0x7f0000000100), r2)
sendmsg$NFC_CMD_DEV_UP(r2, &(0x7f0000000140)={0x0, 0x0, &(0x7f0000000180)={&(0x7f00000001c0)={0x1c, r3, 0x1, 0x123, 0x234, {}, [@NFC_ATTR_DEVICE_INDEX={0x8, 0x1, r1}]}, 0x1c}}, 0x0)
read$nci(r0, &(0x7f0000000200)=""/100, 0x64)
write$nci(r0, &(0x7f0000000280)=@NCI_OP_CORE_RESET_RSP, 0x6)
read$nci(r0, &(0x7f00000002c0)=""/100, 0x64)
write$nci(r0, &(0x7f0000000340)=@NCI_OP_CORE_INIT_RSP, 0x14)
read$nci(r0, &(0x7f0000000380)=""/100, 0x64)
write$nci(r0, &(0x7f0000000400)=@NCI_OP_RF_DISCOVER_MAP_RSP, 0x4)
sendmsg$NFC_CMD_START_POLL(r2, &(0x7f0000000440)={0x0, 0x0, &(0x7f0000000480)={&(0x7f00000004c0)={0x24, r3, 0x1, 0x123, 0x234, {}, [@NFC_ATTR_DEVICE_INDEX={0x8, 0x1, r1}, @NFC_ATTR_PROTOCOLS={0x8, 0x3, 0xffffffff}]}, 0x24}}, 0x0)
read$nci(r0, &(0x7f0000000500)=""/100, 0x64)
write$nci(r0, &(0x7f0000000580)=@NCI_OP_CORE_SET_CONFIG_RSP, 0x5)
read$nci(r0, &(0x7f00000005c0)=""/100, 0x64)
write$nci(r0, &(0x7f0000000640)=@NCI_OP_CORE_SET_CONFIG_RSP, 0x5)
read$nci(r0, &(0x7f0000000680)=""/100, 0x64)
write$nci(r0, &(0x7f0000000700)=@NCI_OP_RF_DISCOVER_RSP, 0x4)
write$nci(r0, &(0x7f0000000740)=@NCI_OP_RF_DISCOVER_NTF={0x1, 0x0, 0x3, 0x3, 0x0, @b={0x0, 0x1, 0x1, 0x1, {0x1, "aa"}}}, 0xa)
sendmsg$NFC_CMD_ACTIVATE_TARGET(r2, &(0x7f0000000780)={0x0, 0x0, &(0x7f00000007c0)={&(0x7f0000000800)={0x2c, r3, 0x1, 0x123, 0x234, {}, [@NFC_ATTR_DEVICE_INDEX={0x8, 0x1, r1}, @NFC_ATTR_TARGET_INDEX={0x8}, @NFC_ATTR_PROTOCOLS={0x8, 0x3, 0x1}]}, 0x2c}}, 0x0)
write$nci(r0, &(0x7f00000008c0)=@NCI_OP_CORE_CONN_CREATE_RSP={0x0, 0x0, 0x2, 0x4, 0x0, {0x0, 0x0, 0x0, 0x1}}, 0x7)

16.800437737s ago: executing program 0 (id=1344):
mkdirat(0xffffffffffffff9c, &(0x7f0000000040)='./file0\x00', 0x1c0)
mkdirat(0xffffffffffffff9c, &(0x7f0000000080)='./file1\x00', 0x1c0)
mkdirat(0xffffffffffffff9c, &(0x7f0000000140)='./file1/file4\x00', 0x1c0)
mknodat(0xffffffffffffff9c, &(0x7f0000000200)='./file1/file4/file5\x00', 0x81c0, 0x0)
mkdirat(0xffffffffffffff9c, &(0x7f0000000240)='./file1/file4/file6\x00', 0x1c0)
mkdirat(0xffffffffffffff9c, &(0x7f0000000280)='./file1/file4/file7\x00', 0x1c0)
r0 = landlock_create_ruleset(&(0x7f00000002c0)={0x2001}, 0x18, 0x0)
r1 = openat$dir(0xffffffffffffff9c, &(0x7f0000000300)='./file1\x00', 0x200000, 0x0)
landlock_add_rule$LANDLOCK_RULE_PATH_BENEATH(r0, 0x1, &(0x7f0000000340)={0x2000, r1}, 0x0)
landlock_restrict_self(r0, 0x0)
renameat2(0xffffffffffffff9c, &(0x7f0000000580)='./file1/file4/file6\x00', 0xffffffffffffff9c, &(0x7f00000005c0)='./file1/file4/file7/file6\x00', 0x0)
renameat2(0xffffffffffffff9c, &(0x7f0000000600)='./file1/file4/file5\x00', 0xffffffffffffff9c, &(0x7f0000000640)='./file1/file4/file7/file6\x00', 0x2)

16.645928909s ago: executing program 0 (id=1345):
mkdirat(0xffffffffffffff9c, &(0x7f0000000040)='./file0\x00', 0x1c0)
mkdirat(0xffffffffffffff9c, &(0x7f0000000080)='./file1\x00', 0x1c0)
mknodat(0xffffffffffffff9c, 0x0, 0x81c0, 0x0)
r0 = landlock_create_ruleset(&(0x7f00000002c0)={0x2001}, 0x18, 0x0)
r1 = openat$dir(0xffffffffffffff9c, &(0x7f0000000300)='./file1\x00', 0x200000, 0x0)
landlock_add_rule$LANDLOCK_RULE_PATH_BENEATH(r0, 0x1, &(0x7f0000000340)={0x2000, r1}, 0x0)
landlock_restrict_self(r0, 0x0)
linkat(0xffffffffffffff9c, &(0x7f0000000380)='./file1/file2\x00', 0xffffffffffffff9c, &(0x7f00000003c0)='./file0/file2\x00', 0x0)

16.417460846s ago: executing program 2 (id=1346):
mkdirat(0xffffffffffffff9c, &(0x7f0000000040)='./file0\x00', 0x1c0)
mkdirat(0xffffffffffffff9c, &(0x7f0000000100)='./file0/file0\x00', 0x1c0)
mkdirat(0xffffffffffffff9c, &(0x7f0000000140)='./file1\x00', 0x1c0)
r0 = landlock_create_ruleset(&(0x7f0000000180)={0x100}, 0x18, 0x0)
r1 = openat$dir(0xffffffffffffff9c, &(0x7f00000001c0)='./file0\x00', 0x200000, 0x0)
landlock_add_rule$LANDLOCK_RULE_PATH_BENEATH(r0, 0x1, &(0x7f0000000200)={0x100, r1}, 0x0)
r2 = openat$dir(0xffffffffffffff9c, &(0x7f0000000240)='./file0/file0\x00', 0x200000, 0x0)
landlock_add_rule$LANDLOCK_RULE_PATH_BENEATH(r0, 0x1, &(0x7f0000000280)={0x100, r2}, 0x0)
openat$dir(0xffffffffffffff9c, &(0x7f0000000300)='./file1\x00', 0x200000, 0x0)
landlock_add_rule$LANDLOCK_RULE_PATH_BENEATH(r0, 0x1, 0x0, 0x0)

16.416243404s ago: executing program 3 (id=1347):
mkdirat(0xffffffffffffff9c, &(0x7f0000000040)='./file0\x00', 0x1c0)
mkdirat(0xffffffffffffff9c, &(0x7f0000000080)='./file1\x00', 0x1c0)
mkdirat(0xffffffffffffff9c, &(0x7f0000000100)='./file1/file3\x00', 0x1c0)
r0 = landlock_create_ruleset(0x0, 0x0, 0x0)
landlock_restrict_self(r0, 0x0)
renameat2(0xffffffffffffff9c, &(0x7f0000000400)='./file1/file3\x00', 0xffffffffffffff9c, &(0x7f0000000440)='./file0/file3\x00', 0x0)

16.415521078s ago: executing program 0 (id=1348):
mkdirat(0xffffffffffffff9c, &(0x7f0000000080)='./file1\x00', 0x1c0)
mkdirat(0xffffffffffffff9c, &(0x7f0000000140)='./file1/file4\x00', 0x1c0)
mount$tmpfs(0x0, 0x0, &(0x7f00000001c0), 0x0, 0x0)
mkdirat(0xffffffffffffff9c, &(0x7f0000000240)='./file1/file4/file6\x00', 0x1c0)
mkdirat(0xffffffffffffff9c, &(0x7f0000000280)='./file1/file4/file7\x00', 0x1c0)
r0 = landlock_create_ruleset(&(0x7f00000002c0)={0x2001}, 0x18, 0x0)
r1 = openat$dir(0xffffffffffffff9c, &(0x7f0000000300)='./file1\x00', 0x200000, 0x0)
landlock_add_rule$LANDLOCK_RULE_PATH_BENEATH(r0, 0x1, &(0x7f0000000340)={0x2000, r1}, 0x0)
landlock_restrict_self(r0, 0x0)
renameat2(0xffffffffffffff9c, &(0x7f0000000580)='./file1/file4/file6\x00', 0xffffffffffffff9c, &(0x7f00000005c0)='./file1/file4/file7/file6\x00', 0x0)

16.243234448s ago: executing program 2 (id=1349):
mkdirat(0xffffffffffffff9c, &(0x7f0000000040)='./file0\x00', 0x1c0)
mount$tmpfs(0x0, 0x0, &(0x7f00000000c0), 0x0, 0x0)
mkdirat(0xffffffffffffff9c, &(0x7f0000000100)='./file0/file0\x00', 0x1c0)
mkdirat(0xffffffffffffff9c, &(0x7f0000000140)='./file1\x00', 0x1c0)
r0 = landlock_create_ruleset(&(0x7f0000000180)={0x100}, 0x18, 0x0)
r1 = openat$dir(0xffffffffffffff9c, &(0x7f00000001c0)='./file0\x00', 0x200000, 0x0)
landlock_add_rule$LANDLOCK_RULE_PATH_BENEATH(r0, 0x1, &(0x7f0000000200)={0x100, r1}, 0x0)
r2 = openat$dir(0xffffffffffffff9c, &(0x7f0000000240)='./file0/file0\x00', 0x200000, 0x0)
landlock_add_rule$LANDLOCK_RULE_PATH_BENEATH(r0, 0x1, &(0x7f0000000280)={0x100, r2}, 0x0)
close(r2)
close(r1)
umount2(&(0x7f00000002c0)='./file0\x00', 0x0)
openat$dir(0xffffffffffffff9c, &(0x7f0000000300)='./file1\x00', 0x200000, 0x0)
landlock_restrict_self(r0, 0x0)

16.242171855s ago: executing program 0 (id=1350):
mkdirat(0xffffffffffffff9c, &(0x7f0000000040)='./file0\x00', 0x1c0)
mkdirat(0xffffffffffffff9c, &(0x7f0000000080)='./file1\x00', 0x1c0)
mknodat(0xffffffffffffff9c, 0x0, 0x81c0, 0x0)
r0 = landlock_create_ruleset(&(0x7f00000002c0)={0x2001}, 0x18, 0x0)
r1 = openat$dir(0xffffffffffffff9c, &(0x7f0000000300)='./file1\x00', 0x200000, 0x0)
landlock_add_rule$LANDLOCK_RULE_PATH_BENEATH(r0, 0x1, &(0x7f0000000340)={0x2000, r1}, 0x0)
landlock_restrict_self(r0, 0x0)
renameat2(0xffffffffffffff9c, &(0x7f0000000480)='./file1/file2\x00', 0xffffffffffffff9c, &(0x7f00000004c0)='./file0\x00', 0x2)

16.236798628s ago: executing program 3 (id=1351):
mkdirat(0xffffffffffffff9c, &(0x7f0000000080)='./file1\x00', 0x1c0)
mkdirat(0xffffffffffffff9c, &(0x7f0000000140)='./file1/file4\x00', 0x1c0)
mount$tmpfs(0x0, 0x0, &(0x7f00000001c0), 0x0, 0x0)
mknodat(0xffffffffffffff9c, &(0x7f0000000200)='./file1/file4/file5\x00', 0x81c0, 0x0)
mkdirat(0xffffffffffffff9c, &(0x7f0000000280)='./file1/file4/file7\x00', 0x1c0)
r0 = landlock_create_ruleset(&(0x7f00000002c0)={0x2001}, 0x18, 0x0)
r1 = openat$dir(0xffffffffffffff9c, &(0x7f0000000300)='./file1\x00', 0x200000, 0x0)
landlock_add_rule$LANDLOCK_RULE_PATH_BENEATH(r0, 0x1, &(0x7f0000000340)={0x2000, r1}, 0x0)
landlock_restrict_self(r0, 0x0)
linkat(0xffffffffffffff9c, &(0x7f0000000500)='./file1/file4/file5\x00', 0xffffffffffffff9c, &(0x7f0000000540)='./file1/file4/file7/file5\x00', 0x0)

16.105798262s ago: executing program 2 (id=1352):
r0 = openat$nci(0xffffffffffffff9c, &(0x7f0000000080), 0x2, 0x0)
ioctl$IOCTL_GET_NCIDEV_IDX(r0, 0x0, &(0x7f00000000c0)=<r1=>0x0)
r2 = syz_init_net_socket$nl_generic(0x10, 0x3, 0x10)
sendmsg$NFC_CMD_DEV_UP(r2, &(0x7f0000000140)={0x0, 0x0, &(0x7f0000000180)={&(0x7f00000001c0)={0x1c, 0x0, 0x1, 0x123, 0x234, {}, [@NFC_ATTR_DEVICE_INDEX={0x8, 0x1, r1}]}, 0x1c}}, 0x0)
write$nci(r0, &(0x7f0000000280)=@NCI_OP_CORE_RESET_RSP, 0x6)

16.023183279s ago: executing program 3 (id=1353):
mkdirat(0xffffffffffffff9c, &(0x7f0000000040)='./file0\x00', 0x1c0)
mkdirat(0xffffffffffffff9c, &(0x7f0000000140)='./file1/file4\x00', 0x1c0)
mknodat(0xffffffffffffff9c, &(0x7f0000000200)='./file1/file4/file5\x00', 0x81c0, 0x0)
mkdirat(0xffffffffffffff9c, &(0x7f0000000240)='./file1/file4/file6\x00', 0x1c0)
mkdirat(0xffffffffffffff9c, &(0x7f0000000280)='./file1/file4/file7\x00', 0x1c0)
r0 = landlock_create_ruleset(&(0x7f00000002c0)={0x2001}, 0x18, 0x0)
r1 = openat$dir(0xffffffffffffff9c, &(0x7f0000000300)='./file1\x00', 0x200000, 0x0)
landlock_add_rule$LANDLOCK_RULE_PATH_BENEATH(r0, 0x1, &(0x7f0000000340)={0x2000, r1}, 0x0)
landlock_restrict_self(r0, 0x0)
renameat2(0xffffffffffffff9c, &(0x7f0000000580)='./file1/file4/file6\x00', 0xffffffffffffff9c, &(0x7f00000005c0)='./file1/file4/file7/file6\x00', 0x0)
renameat2(0xffffffffffffff9c, &(0x7f0000000600)='./file1/file4/file5\x00', 0xffffffffffffff9c, &(0x7f0000000640)='./file1/file4/file7/file6\x00', 0x2)

16.022457184s ago: executing program 0 (id=1354):
r0 = openat$nci(0xffffffffffffff9c, &(0x7f0000000080), 0x2, 0x0)
ioctl$IOCTL_GET_NCIDEV_IDX(r0, 0x0, &(0x7f00000000c0)=<r1=>0x0)
r2 = syz_init_net_socket$nl_generic(0x10, 0x3, 0x10)
r3 = syz_genetlink_get_family_id$nfc(&(0x7f0000000100), r2)
sendmsg$NFC_CMD_DEV_UP(r2, &(0x7f0000000140)={0x0, 0x0, &(0x7f0000000180)={&(0x7f00000001c0)={0x1c, r3, 0x1, 0x123, 0x234, {}, [@NFC_ATTR_DEVICE_INDEX={0x8, 0x1, r1}]}, 0x1c}}, 0x0)
read$nci(r0, &(0x7f0000000200)=""/100, 0x64)
write$nci(r0, &(0x7f0000000280)=@NCI_OP_CORE_RESET_RSP, 0x6)
read$nci(r0, &(0x7f00000002c0)=""/100, 0x64)
write$nci(r0, &(0x7f0000000340)=@NCI_OP_CORE_INIT_RSP, 0x14)
read$nci(r0, &(0x7f0000000380)=""/100, 0x64)
write$nci(r0, &(0x7f0000000400)=@NCI_OP_RF_DISCOVER_MAP_RSP, 0x4)
sendmsg$NFC_CMD_START_POLL(r2, &(0x7f0000000440)={0x0, 0x0, &(0x7f0000000480)={&(0x7f00000004c0)={0x24, r3, 0x1, 0x123, 0x234, {}, [@NFC_ATTR_DEVICE_INDEX={0x8, 0x1, r1}, @NFC_ATTR_PROTOCOLS={0x8, 0x3, 0xffffffff}]}, 0x24}}, 0x0)
read$nci(r0, &(0x7f0000000500)=""/100, 0x64)
write$nci(r0, &(0x7f0000000580)=@NCI_OP_CORE_SET_CONFIG_RSP, 0x5)
read$nci(r0, &(0x7f00000005c0)=""/100, 0x64)
write$nci(r0, &(0x7f0000000640)=@NCI_OP_CORE_SET_CONFIG_RSP, 0x5)
read$nci(r0, &(0x7f0000000680)=""/100, 0x64)
write$nci(r0, &(0x7f0000000700)=@NCI_OP_RF_DISCOVER_RSP, 0x4)
write$nci(r0, &(0x7f0000000740)=@NCI_OP_RF_DISCOVER_NTF={0x1, 0x0, 0x3, 0x3, 0x0, @b={0x0, 0x1, 0x1, 0x1, {0x1, "aa"}}}, 0xa)
sendmsg$NFC_CMD_ACTIVATE_TARGET(r2, &(0x7f0000000780)={0x0, 0x0, &(0x7f00000007c0)={&(0x7f0000000800)={0x2c, r3, 0x1, 0x123, 0x234, {}, [@NFC_ATTR_DEVICE_INDEX={0x8, 0x1, r1}, @NFC_ATTR_TARGET_INDEX={0x8}, @NFC_ATTR_PROTOCOLS={0x8, 0x3, 0x1}]}, 0x2c}}, 0x0)

15.787063723s ago: executing program 2 (id=1355):
r0 = openat$nci(0xffffffffffffff9c, &(0x7f0000000080), 0x2, 0x0)
ioctl$IOCTL_GET_NCIDEV_IDX(r0, 0x0, &(0x7f00000000c0)=<r1=>0x0)
r2 = syz_init_net_socket$nl_generic(0x10, 0x3, 0x10)
r3 = syz_genetlink_get_family_id$nfc(&(0x7f0000000100), r2)
sendmsg$NFC_CMD_DEV_UP(r2, &(0x7f0000000140)={0x0, 0x0, &(0x7f0000000180)={&(0x7f00000001c0)={0x1c, r3, 0x1, 0x123, 0x234, {}, [@NFC_ATTR_DEVICE_INDEX={0x8, 0x1, r1}]}, 0x1c}}, 0x0)
read$nci(r0, &(0x7f0000000200)=""/100, 0x64)
write$nci(r0, &(0x7f0000000280)=@NCI_OP_CORE_RESET_RSP, 0x6)
read$nci(r0, &(0x7f00000002c0)=""/100, 0x64)
write$nci(r0, &(0x7f0000000340)=@NCI_OP_CORE_INIT_RSP, 0x14)
read$nci(r0, &(0x7f0000000380)=""/100, 0x64)
write$nci(r0, &(0x7f0000000400)=@NCI_OP_RF_DISCOVER_MAP_RSP, 0x4)
read$nci(r0, &(0x7f0000000500)=""/100, 0x64)

15.786209192s ago: executing program 3 (id=1356):
r0 = openat$nci(0xffffffffffffff9c, &(0x7f0000000080), 0x2, 0x0)
ioctl$IOCTL_GET_NCIDEV_IDX(r0, 0x0, &(0x7f00000000c0)=<r1=>0x0)
r2 = syz_init_net_socket$nl_generic(0x10, 0x3, 0x10)
r3 = syz_genetlink_get_family_id$nfc(&(0x7f0000000100), r2)
sendmsg$NFC_CMD_DEV_UP(r2, &(0x7f0000000140)={0x0, 0x0, &(0x7f0000000180)={&(0x7f00000001c0)={0x1c, r3, 0x1, 0x123, 0x234, {}, [@NFC_ATTR_DEVICE_INDEX={0x8, 0x1, r1}]}, 0x1c}}, 0x0)
read$nci(r0, &(0x7f0000000200)=""/100, 0x64)
write$nci(r0, &(0x7f0000000280)=@NCI_OP_CORE_RESET_RSP, 0x6)
read$nci(r0, &(0x7f00000002c0)=""/100, 0x64)
write$nci(r0, &(0x7f0000000340)=@NCI_OP_CORE_INIT_RSP, 0x14)
read$nci(r0, &(0x7f0000000380)=""/100, 0x64)
write$nci(r0, &(0x7f0000000400)=@NCI_OP_RF_DISCOVER_MAP_RSP, 0x4)
sendmsg$NFC_CMD_START_POLL(r2, &(0x7f0000000440)={0x0, 0x0, &(0x7f0000000480)={&(0x7f00000004c0)={0x24, r3, 0x1, 0x123, 0x234, {}, [@NFC_ATTR_DEVICE_INDEX={0x8, 0x1, r1}, @NFC_ATTR_PROTOCOLS={0x8, 0x3, 0xffffffff}]}, 0x24}}, 0x0)

2.333811218s ago: executing program 32 (id=1341):
r0 = openat$nci(0xffffffffffffff9c, &(0x7f0000000080), 0x2, 0x0)
ioctl$IOCTL_GET_NCIDEV_IDX(r0, 0x0, &(0x7f00000000c0)=<r1=>0x0)
r2 = syz_init_net_socket$nl_generic(0x10, 0x3, 0x10)
r3 = syz_genetlink_get_family_id$nfc(&(0x7f0000000100), r2)
sendmsg$NFC_CMD_DEV_UP(r2, &(0x7f0000000140)={0x0, 0x0, &(0x7f0000000180)={&(0x7f00000001c0)={0x1c, r3, 0x1, 0x123, 0x234, {}, [@NFC_ATTR_DEVICE_INDEX={0x8, 0x1, r1}]}, 0x1c}}, 0x0)
read$nci(r0, &(0x7f0000000200)=""/100, 0x64)
write$nci(r0, &(0x7f0000000280)=@NCI_OP_CORE_RESET_RSP, 0x6)
read$nci(r0, &(0x7f00000002c0)=""/100, 0x64)
write$nci(r0, &(0x7f0000000340)=@NCI_OP_CORE_INIT_RSP, 0x14)
read$nci(r0, &(0x7f0000000380)=""/100, 0x64)
write$nci(r0, &(0x7f0000000400)=@NCI_OP_RF_DISCOVER_MAP_RSP, 0x4)
sendmsg$NFC_CMD_START_POLL(r2, &(0x7f0000000440)={0x0, 0x0, &(0x7f0000000480)={&(0x7f00000004c0)={0x24, r3, 0x1, 0x123, 0x234, {}, [@NFC_ATTR_DEVICE_INDEX={0x8, 0x1, r1}, @NFC_ATTR_PROTOCOLS={0x8, 0x3, 0xffffffff}]}, 0x24}}, 0x0)
read$nci(r0, &(0x7f0000000500)=""/100, 0x64)
write$nci(r0, &(0x7f0000000580)=@NCI_OP_CORE_SET_CONFIG_RSP, 0x5)
read$nci(r0, &(0x7f00000005c0)=""/100, 0x64)
write$nci(r0, &(0x7f0000000640)=@NCI_OP_CORE_SET_CONFIG_RSP, 0x5)
sendmsg$NFC_CMD_ACTIVATE_TARGET(r2, &(0x7f0000000780)={0x0, 0x0, &(0x7f00000007c0)={&(0x7f0000000800)={0x2c, r3, 0x1, 0x123, 0x234, {}, [@NFC_ATTR_DEVICE_INDEX={0x8, 0x1, r1}, @NFC_ATTR_TARGET_INDEX={0x8}, @NFC_ATTR_PROTOCOLS={0x8, 0x3, 0x1}]}, 0x2c}}, 0x0)

276.019525ms ago: executing program 33 (id=1354):
r0 = openat$nci(0xffffffffffffff9c, &(0x7f0000000080), 0x2, 0x0)
ioctl$IOCTL_GET_NCIDEV_IDX(r0, 0x0, &(0x7f00000000c0)=<r1=>0x0)
r2 = syz_init_net_socket$nl_generic(0x10, 0x3, 0x10)
r3 = syz_genetlink_get_family_id$nfc(&(0x7f0000000100), r2)
sendmsg$NFC_CMD_DEV_UP(r2, &(0x7f0000000140)={0x0, 0x0, &(0x7f0000000180)={&(0x7f00000001c0)={0x1c, r3, 0x1, 0x123, 0x234, {}, [@NFC_ATTR_DEVICE_INDEX={0x8, 0x1, r1}]}, 0x1c}}, 0x0)
read$nci(r0, &(0x7f0000000200)=""/100, 0x64)
write$nci(r0, &(0x7f0000000280)=@NCI_OP_CORE_RESET_RSP, 0x6)
read$nci(r0, &(0x7f00000002c0)=""/100, 0x64)
write$nci(r0, &(0x7f0000000340)=@NCI_OP_CORE_INIT_RSP, 0x14)
read$nci(r0, &(0x7f0000000380)=""/100, 0x64)
write$nci(r0, &(0x7f0000000400)=@NCI_OP_RF_DISCOVER_MAP_RSP, 0x4)
sendmsg$NFC_CMD_START_POLL(r2, &(0x7f0000000440)={0x0, 0x0, &(0x7f0000000480)={&(0x7f00000004c0)={0x24, r3, 0x1, 0x123, 0x234, {}, [@NFC_ATTR_DEVICE_INDEX={0x8, 0x1, r1}, @NFC_ATTR_PROTOCOLS={0x8, 0x3, 0xffffffff}]}, 0x24}}, 0x0)
read$nci(r0, &(0x7f0000000500)=""/100, 0x64)
write$nci(r0, &(0x7f0000000580)=@NCI_OP_CORE_SET_CONFIG_RSP, 0x5)
read$nci(r0, &(0x7f00000005c0)=""/100, 0x64)
write$nci(r0, &(0x7f0000000640)=@NCI_OP_CORE_SET_CONFIG_RSP, 0x5)
read$nci(r0, &(0x7f0000000680)=""/100, 0x64)
write$nci(r0, &(0x7f0000000700)=@NCI_OP_RF_DISCOVER_RSP, 0x4)
write$nci(r0, &(0x7f0000000740)=@NCI_OP_RF_DISCOVER_NTF={0x1, 0x0, 0x3, 0x3, 0x0, @b={0x0, 0x1, 0x1, 0x1, {0x1, "aa"}}}, 0xa)
sendmsg$NFC_CMD_ACTIVATE_TARGET(r2, &(0x7f0000000780)={0x0, 0x0, &(0x7f00000007c0)={&(0x7f0000000800)={0x2c, r3, 0x1, 0x123, 0x234, {}, [@NFC_ATTR_DEVICE_INDEX={0x8, 0x1, r1}, @NFC_ATTR_TARGET_INDEX={0x8}, @NFC_ATTR_PROTOCOLS={0x8, 0x3, 0x1}]}, 0x2c}}, 0x0)

167.259919ms ago: executing program 34 (id=1355):
r0 = openat$nci(0xffffffffffffff9c, &(0x7f0000000080), 0x2, 0x0)
ioctl$IOCTL_GET_NCIDEV_IDX(r0, 0x0, &(0x7f00000000c0)=<r1=>0x0)
r2 = syz_init_net_socket$nl_generic(0x10, 0x3, 0x10)
r3 = syz_genetlink_get_family_id$nfc(&(0x7f0000000100), r2)
sendmsg$NFC_CMD_DEV_UP(r2, &(0x7f0000000140)={0x0, 0x0, &(0x7f0000000180)={&(0x7f00000001c0)={0x1c, r3, 0x1, 0x123, 0x234, {}, [@NFC_ATTR_DEVICE_INDEX={0x8, 0x1, r1}]}, 0x1c}}, 0x0)
read$nci(r0, &(0x7f0000000200)=""/100, 0x64)
write$nci(r0, &(0x7f0000000280)=@NCI_OP_CORE_RESET_RSP, 0x6)
read$nci(r0, &(0x7f00000002c0)=""/100, 0x64)
write$nci(r0, &(0x7f0000000340)=@NCI_OP_CORE_INIT_RSP, 0x14)
read$nci(r0, &(0x7f0000000380)=""/100, 0x64)
write$nci(r0, &(0x7f0000000400)=@NCI_OP_RF_DISCOVER_MAP_RSP, 0x4)
read$nci(r0, &(0x7f0000000500)=""/100, 0x64)

0s ago: executing program 35 (id=1356):
r0 = openat$nci(0xffffffffffffff9c, &(0x7f0000000080), 0x2, 0x0)
ioctl$IOCTL_GET_NCIDEV_IDX(r0, 0x0, &(0x7f00000000c0)=<r1=>0x0)
r2 = syz_init_net_socket$nl_generic(0x10, 0x3, 0x10)
r3 = syz_genetlink_get_family_id$nfc(&(0x7f0000000100), r2)
sendmsg$NFC_CMD_DEV_UP(r2, &(0x7f0000000140)={0x0, 0x0, &(0x7f0000000180)={&(0x7f00000001c0)={0x1c, r3, 0x1, 0x123, 0x234, {}, [@NFC_ATTR_DEVICE_INDEX={0x8, 0x1, r1}]}, 0x1c}}, 0x0)
read$nci(r0, &(0x7f0000000200)=""/100, 0x64)
write$nci(r0, &(0x7f0000000280)=@NCI_OP_CORE_RESET_RSP, 0x6)
read$nci(r0, &(0x7f00000002c0)=""/100, 0x64)
write$nci(r0, &(0x7f0000000340)=@NCI_OP_CORE_INIT_RSP, 0x14)
read$nci(r0, &(0x7f0000000380)=""/100, 0x64)
write$nci(r0, &(0x7f0000000400)=@NCI_OP_RF_DISCOVER_MAP_RSP, 0x4)
sendmsg$NFC_CMD_START_POLL(r2, &(0x7f0000000440)={0x0, 0x0, &(0x7f0000000480)={&(0x7f00000004c0)={0x24, r3, 0x1, 0x123, 0x234, {}, [@NFC_ATTR_DEVICE_INDEX={0x8, 0x1, r1}, @NFC_ATTR_PROTOCOLS={0x8, 0x3, 0xffffffff}]}, 0x24}}, 0x0)

kernel console output (not intermixed with test programs):

01] EXT4-fs (loop0): mounted filesystem 76b65be2-f6da-4727-8c75-0525a5b65a09 r/w without journal. Quota mode: none.
[  207.264112][T12001] ext4 filesystem being mounted at /38/mnt supports timestamps until 2038-01-19 (0x7fffffff)
[  207.539724][ T9355] EXT4-fs (loop0): unmounting filesystem 76b65be2-f6da-4727-8c75-0525a5b65a09.
[  208.229593][T12031] mac80211_hwsim: wmediumd released netlink socket, switching to perfect channel medium
[  208.317571][T12035] mac80211_hwsim: wmediumd released netlink socket, switching to perfect channel medium
[  208.409087][T12031] mac80211_hwsim: wmediumd released netlink socket, switching to perfect channel medium
[  209.052335][T12049] iommufd_mock iommufd_mock1: Adding to iommu group 0
[  209.300579][T12054] mac80211_hwsim: wmediumd released netlink socket, switching to perfect channel medium
[  209.382106][T12054] mac80211_hwsim: wmediumd released netlink socket, switching to perfect channel medium
[  209.464128][T12061] mac80211_hwsim: wmediumd released netlink socket, switching to perfect channel medium
[  211.368514][   T30] usb 1-1: new high-speed USB device number 9 using dummy_hcd
[  211.887918][   T30] usb 1-1: New USB device found, idVendor=0424, idProduct=7850, bcdDevice= 0.00
[  211.890010][   T30] usb 1-1: New USB device strings: Mfr=1, Product=2, SerialNumber=3
[  211.891721][   T30] usb 1-1: Product: syz
[  211.892665][   T30] usb 1-1: Manufacturer: syz
[  211.893695][   T30] usb 1-1: SerialNumber: syz
[  212.607940][   T30] lan78xx 1-1:1.0 (unnamed net_device) (uninitialized): Failed to read register index 0x00000010. ret = -32
[  212.610407][   T30] lan78xx 1-1:1.0 (unnamed net_device) (uninitialized): Registers INIT FAILED....
[  212.615403][   T30] lan78xx 1-1:1.0 (unnamed net_device) (uninitialized): Bind routine FAILED
[  212.651930][   T30] lan78xx: probe of 1-1:1.0 failed with error -32
[  214.167644][  T962] usb 1-1: USB disconnect, device number 9
[  220.141654][ T1307] ieee802154 phy0 wpan0: encryption failed: -22
[  220.143203][ T1307] ieee802154 phy1 wpan1: encryption failed: -22
[  238.710340][T10250] nci: nci_add_new_protocol: the target found does not have the desired protocol
[  239.186620][T13384] nci: __nci_request: wait_for_completion_interruptible_timeout failed -512
[  257.146867][T10107] nci: nci_add_new_protocol: the target found does not have the desired protocol
[  257.649677][T14217] nci: __nci_request: wait_for_completion_interruptible_timeout failed -512
[  257.734838][   T30] usb 3-1: new high-speed USB device number 11 using dummy_hcd
[  258.247716][   T30] usb 3-1: New USB device found, idVendor=0424, idProduct=7850, bcdDevice= 0.00
[  258.249647][   T30] usb 3-1: New USB device strings: Mfr=1, Product=2, SerialNumber=3
[  258.251584][   T30] usb 3-1: Product: syz
[  258.252499][   T30] usb 3-1: Manufacturer: syz
[  258.253532][   T30] usb 3-1: SerialNumber: syz
[  258.987707][   T30] lan78xx 3-1:1.0 (unnamed net_device) (uninitialized): Failed to read register index 0x00000010. ret = -32
[  258.990293][   T30] lan78xx 3-1:1.0 (unnamed net_device) (uninitialized): Registers INIT FAILED....
[  259.018472][   T30] lan78xx 3-1:1.0 (unnamed net_device) (uninitialized): Bind routine FAILED
[  259.028293][   T30] lan78xx: probe of 3-1:1.0 failed with error -32
[  260.506634][   T30] usb 3-1: USB disconnect, device number 11
[  261.987615][ T1223] usb 2-1: new high-speed USB device number 8 using dummy_hcd
[  262.508548][ T1223] usb 2-1: New USB device found, idVendor=0424, idProduct=7850, bcdDevice= 0.00
[  262.510566][ T1223] usb 2-1: New USB device strings: Mfr=1, Product=2, SerialNumber=3
[  262.512283][ T1223] usb 2-1: Product: syz
[  262.513209][ T1223] usb 2-1: Manufacturer: syz
[  262.514230][ T1223] usb 2-1: SerialNumber: syz
[  263.269368][ T1223] lan78xx 2-1:1.0 (unnamed net_device) (uninitialized): Failed to read register index 0x00000010. ret = -32
[  263.272014][ T1223] lan78xx 2-1:1.0 (unnamed net_device) (uninitialized): Registers INIT FAILED....
[  263.274999][ T1223] lan78xx 2-1:1.0 (unnamed net_device) (uninitialized): Bind routine FAILED
[  263.312281][ T1223] lan78xx: probe of 2-1:1.0 failed with error -32
[  263.769165][T10107] nci: nci_add_new_protocol: the target found does not have the desired protocol
[  264.391437][T14454] nci: __nci_request: wait_for_completion_interruptible_timeout failed -512
[  264.757218][   T23] usb 2-1: USB disconnect, device number 8
[  266.334463][T14544] nci: nci_start_poll: failed to set local general bytes
[  268.482339][T14533] nci: __nci_request: wait_for_completion_interruptible_timeout failed -512
[  271.083242][T14632] nci: __nci_request: wait_for_completion_interruptible_timeout failed -512
[  276.279012][T14986] nci: __nci_request: wait_for_completion_interruptible_timeout failed -512
[  278.537778][T15018] Bluetooth: hci1: command 0x0406 tx timeout
[  278.539161][T15018] Bluetooth: hci2: command 0x0406 tx timeout
[  278.540431][T15018] Bluetooth: hci0: command 0x0406 tx timeout
[  278.541721][T15018] Bluetooth: hci3: command 0x0406 tx timeout
[  280.107186][T15042] nci: __nci_request: wait_for_completion_interruptible_timeout failed -512
[  280.217144][   T13] nci: nci_add_new_protocol: the target found does not have the desired protocol
[  280.821995][T15189] nci: __nci_request: wait_for_completion_interruptible_timeout failed -512
[  281.591599][ T1307] ieee802154 phy0 wpan0: encryption failed: -22
[  281.593110][ T1307] ieee802154 phy1 wpan1: encryption failed: -22
[  281.800343][T15135] nci: __nci_request: wait_for_completion_interruptible_timeout failed -512
[  284.271917][T15232] nci: __nci_request: wait_for_completion_interruptible_timeout failed -512
[  285.611969][T15402] nci: nci_start_poll: failed to set local general bytes
[  287.673029][T15494] nci: nci_start_poll: failed to set local general bytes
[  287.788722][T15388] nci: __nci_request: wait_for_completion_interruptible_timeout failed -512
[  289.838310][T15475] nci: __nci_request: wait_for_completion_interruptible_timeout failed -512
[  290.662297][T10107] nci: nci_add_new_protocol: the target found does not have the desired protocol
[  291.464226][T15644] nci: __nci_request: wait_for_completion_interruptible_timeout failed -512
[  291.688519][T15562] nci: __nci_request: wait_for_completion_interruptible_timeout failed -512
[  343.022000][ T1307] ieee802154 phy0 wpan0: encryption failed: -22
[  343.023627][ T1307] ieee802154 phy1 wpan1: encryption failed: -22
[  404.469891][ T1307] ieee802154 phy0 wpan0: encryption failed: -22
[  404.471482][ T1307] ieee802154 phy1 wpan1: encryption failed: -22
[  430.251862][T15666] syz-executor invoked oom-killer: gfp_mask=0x140cca(GFP_HIGHUSER_MOVABLE|__GFP_COMP), order=0, oom_score_adj=0
[  430.254915][T15666] CPU: 0 PID: 15666 Comm: syz-executor Not tainted 6.6.0 #1
[  430.256441][T15666] Hardware name: QEMU Standard PC (i440FX + PIIX, 1996), BIOS 1.15.0-1 04/01/2014
[  430.258323][T15666] Call Trace:
[  430.259043][T15666]  <TASK>
[  430.259686][T15666]  dump_stack_lvl+0x1e3/0x2d0
[  430.260794][T15666]  ? nf_tcp_handle_invalid+0x650/0x650
[  430.261954][T15666]  ? panic+0x760/0x760
[  430.262844][T15666]  ? ___ratelimit+0x4b9/0x660
[  430.263879][T15666]  ? radix_tree_cpu_dead+0x190/0x190
[  430.265011][T15666]  dump_header+0xdd/0xb00
[  430.265955][T15666]  oom_kill_process+0x1fb/0x720
[  430.266994][T15666]  out_of_memory+0x992/0xb80
[  430.267981][T15666]  ? unregister_oom_notifier+0x20/0x20
[  430.269148][T15666]  __alloc_pages_slowpath+0x1834/0x2110
[  430.270362][T15666]  ? get_page_from_freelist+0x7a0/0x7a0
[  430.271519][T15666]  ? zone_watermark_fast+0x12d/0x1f0
[  430.272652][T15666]  ? get_page_from_freelist+0x54e/0x7a0
[  430.273853][T15666]  __alloc_pages+0x3d4/0x560
[  430.274851][T15666]  ? zone_statistics+0x160/0x160
[  430.275912][T15666]  ? __lock_acquire+0x2050/0x2050
[  430.276998][T15666]  __folio_alloc+0xf/0x30
[  430.277930][T15666]  vma_alloc_folio+0x660/0xb60
[  430.278974][T15666]  __read_swap_cache_async+0x225/0x8c0
[  430.280135][T15666]  ? mark_lock+0x9a/0x350
[  430.281087][T15666]  ? put_swap_device+0x230/0x230
[  430.282161][T15666]  ? blk_start_plug+0x6c/0x1a0
[  430.283198][T15666]  swap_cluster_readahead+0x3f0/0x7c0
[  430.284372][T15666]  ? read_swap_cache_async+0x170/0x170
[  430.285554][T15666]  ? xas_load+0x135/0x150
[  430.286486][T15666]  swapin_readahead+0x113/0xc20
[  430.287539][T15666]  ? filemap_get_entry+0x11d/0x4b0
[  430.288632][T15666]  ? page_cache_prev_miss+0x520/0x520
[  430.289808][T15666]  ? exit_swap_address_space+0x290/0x290
[  430.291000][T15666]  ? __lock_acquire+0x2050/0x2050
[  430.292091][T15666]  ? __filemap_get_folio+0xd7b/0x1290
[  430.293244][T15666]  ? swap_cache_get_folio+0x9b/0x580
[  430.294379][T15666]  do_swap_page+0x855/0x3800
[  430.295384][T15666]  ? __pte_offset_map+0x2b9/0x370
[  430.296467][T15666]  ? do_swap_page+0x146/0x3800
[  430.297501][T15666]  ? mark_lock+0x9a/0x350
[  430.298442][T15666]  ? unmap_mapping_range+0x2a0/0x2a0
[  430.299579][T15666]  ? pte_offset_map_nolock+0x114/0x1d0
[  430.300757][T15666]  ? rcu_read_unlock+0xa0/0xa0
[  430.301797][T15666]  handle_pte_fault+0x47d/0xce0
[  430.302834][T15666]  ? lock_vma_under_rcu+0x2f7/0x700
[  430.303950][T15666]  ? wp_huge_pmd+0x250/0x250
[  430.304951][T15666]  ? print_unlock_imbalance_bug+0x2d0/0x2d0
[  430.306215][T15666]  __handle_mm_fault+0xb2e/0xf20
[  430.307297][T15666]  ? handle_mm_fault+0x860/0x860
[  430.308376][T15666]  ? lock_vma_under_rcu+0x183/0x700
[  430.309481][T15666]  ? mmap_write_unlock+0x150/0x150
[  430.310561][T15666]  ? lockdep_hardirqs_on_prepare+0x448/0x7b0
[  430.311847][T15666]  handle_mm_fault+0x3b9/0x860
[  430.312886][T15666]  do_user_addr_fault+0xa73/0x11b0
[  430.314010][T15666]  exc_page_fault+0x7a/0x120
[  430.315017][T15666]  asm_exc_page_fault+0x22/0x30
[  430.316072][T15666] RIP: 0033:0x7fcb2b64d4aa
[  430.317088][T15666] Code: Unable to access opcode bytes at 0x7fcb2b64d480.
[  430.318527][T15666] RSP: 002b:00007ffd5fd02b10 EFLAGS: 00010246
[  430.319849][T15666] RAX: 0000000000000000 RBX: 0000000000000008 RCX: 0000000000000000
[  430.321468][T15666] RDX: 0000000000000001 RSI: 0000000000000000 RDI: 00007fcb2b9f5f40
[  430.323104][T15666] RBP: 00007fcb2b9f5f40 R08: 0000000000000000 R09: 0000000080000000
[  430.324761][T15666] R10: 000000000000000f R11: 0000000000000203 R12: 0000000000000008
[  430.326375][T15666] R13: 0000000000000003 R14: 00007fcb2b848aee R15: 0000000000000002
[  430.328041][T15666]  </TASK>
[  430.538085][T15666] Mem-Info:
[  430.538943][T15666] active_anon:0 inactive_anon:0 isolated_anon:0
[  430.538943][T15666]  active_file:8 inactive_file:45 isolated_file:0
[  430.538943][T15666]  unevictable:768 dirty:24 writeback:0
[  430.538943][T15666]  slab_reclaimable:10978 slab_unreclaimable:52033
[  430.538943][T15666]  mapped:77846 shmem:768 pagetables:564
[  430.538943][T15666]  sec_pagetables:0 bounce:0
[  430.538943][T15666]  kernel_misc_reclaimable:0
[  430.538943][T15666]  free:16976 free_pcp:217 free_cma:0
[  430.607360][T15666] Node 0 active_anon:0kB inactive_anon:0kB active_file:64kB inactive_file:4kB unevictable:1536kB isolated(anon):0kB isolated(file):0kB mapped:46628kB dirty:0kB writeback:0kB shmem:1536kB shmem_thp:0kB shmem_pmdmapped:0kB anon_thp:0kB writeback_tmp:0kB kernel_stack:4432kB pagetables:860kB sec_pagetables:0kB all_unreclaimable? no
[  430.614050][T15666] Node 1 active_anon:0kB inactive_anon:0kB active_file:0kB inactive_file:164kB unevictable:1536kB isolated(anon):0kB isolated(file):0kB mapped:264756kB dirty:96kB writeback:0kB shmem:1536kB shmem_thp:0kB shmem_pmdmapped:0kB anon_thp:0kB writeback_tmp:0kB kernel_stack:6512kB pagetables:1396kB sec_pagetables:0kB all_unreclaimable? no
[  430.726475][T15666] Node 0 DMA free:1936kB boost:0kB min:760kB low:948kB high:1136kB reserved_highatomic:0KB active_anon:0kB inactive_anon:0kB active_file:0kB inactive_file:0kB unevictable:0kB writepending:0kB present:15992kB managed:15360kB mlocked:0kB bounce:0kB free_pcp:0kB local_pcp:0kB free_cma:0kB
[  430.787594][T15666] lowmem_reserve[]: 0 317 317 317 317
[  430.788967][T15666] Node 0 DMA32 free:15316kB boost:0kB min:16124kB low:20152kB high:24180kB reserved_highatomic:0KB active_anon:0kB inactive_anon:0kB active_file:68kB inactive_file:0kB unevictable:1536kB writepending:0kB present:1032192kB managed:328440kB mlocked:0kB bounce:0kB free_pcp:128kB local_pcp:128kB free_cma:0kB
[  430.795095][T15666] lowmem_reserve[]: 0 0 0 0 0
[  430.796226][T15666] Node 1 DMA32 free:50652kB boost:0kB min:50692kB low:63364kB high:76036kB reserved_highatomic:0KB active_anon:0kB inactive_anon:0kB active_file:0kB inactive_file:176kB unevictable:1536kB writepending:96kB present:1048448kB managed:1021064kB mlocked:0kB bounce:0kB free_pcp:924kB local_pcp:416kB free_cma:0kB
[  430.876796][T15666] lowmem_reserve[]: 0 0 0 0 0
[  430.886818][T15666] Node 0 DMA: 2*4kB (UM) 1*8kB (M) 0*16kB 0*32kB 0*64kB 1*128kB (U) 1*256kB (U) 1*512kB (U) 1*1024kB (U) 0*2048kB 0*4096kB = 1936kB
[  430.906619][T15666] Node 0 DMA32: 27*4kB (UME) 27*8kB (ME) 18*16kB (UME) 27*32kB (UME) 16*64kB (UME) 8*128kB (UME) 7*256kB (UM) 7*512kB (M) 4*1024kB (M) 1*2048kB (M) 0*4096kB = 15044kB
[  430.962436][T15666] Node 1 DMA32: 7*4kB (ME) 48*8kB (UME) 62*16kB (UME) 59*32kB (ME) 47*64kB (UME) 37*128kB (UME) 27*256kB (UM) 17*512kB (M) 11*1024kB (UM) 2*2048kB (M) 2*4096kB (M) = 50204kB
[  430.966605][T15666] Node 0 hugepages_total=0 hugepages_free=0 hugepages_surp=0 hugepages_size=1048576kB
[  431.016073][T15666] Node 0 hugepages_total=2 hugepages_free=2 hugepages_surp=0 hugepages_size=2048kB
[  431.028391][T15666] Node 1 hugepages_total=0 hugepages_free=0 hugepages_surp=0 hugepages_size=1048576kB
[  431.030499][T15666] Node 1 hugepages_total=2 hugepages_free=2 hugepages_surp=0 hugepages_size=2048kB
[  431.032506][T15666] 821 total pagecache pages
[  431.033484][T15666] 0 pages in swap cache
[  431.034416][T15666] Free swap  = 85076kB
[  431.035322][T15666] Total swap = 124996kB
[  431.036245][T15666] 524158 pages RAM
[  431.037086][T15666] 0 pages HighMem/MovableOnly
[  431.128605][T15666] 182942 pages reserved
[  431.129643][T15666] 0 pages cma reserved
[  431.130563][T15666] Unreclaimable slab info:
[  431.132214][T15666] Name                      Used          Total
[  431.133745][T15666] pid_2                     38KB         52KB
[  431.135138][T15666] bio-352                    7KB          7KB
[  431.136471][T15666] bio-416                    8KB          8KB
[  431.209871][T15666] bio-432                    8KB          8KB
[  431.211315][T15666] bio-528                   15KB         15KB
[  431.212665][T15666] zswap_entry             1090KB       1090KB
[  431.214051][T15666] batadv_tt_change_cache          8KB          8KB
[  431.215490][T15666] batadv_tl_cache            8KB          8KB
[  431.216874][T15666] TIPC                      60KB         60KB
[  431.253445][T15666] SCTPv6                    63KB         63KB
[  431.259125][T15666] DCCPv6                    59KB         59KB
[  431.260528][T15666] DCCP                      61KB         61KB
[  431.261959][T15666] RXRPC                     61KB         61KB
[  431.263303][T15666] rxrpc_call_jar           121KB        121KB
[  431.264644][T15666] can_receiver               7KB          7KB
[  431.266039][T15666] bridge_fdb_cache           7KB          7KB
[  431.336063][T15666] fib6_nodes               128KB        128KB
[  431.360734][T15666] ip6_dst_cache             73KB        217KB
[  431.362175][T15666] RAWv6                     61KB         61KB
[  431.363548][T15666] UDPv6                     64KB         64KB
[  431.364930][T15666] TCPv6                     63KB         63KB
[  431.366315][T15666] nf_conntrack              31KB         31KB
[  431.402529][T15666] wg_peer                   60KB         60KB
[  431.403990][T15666] allowedips_node            7KB          7KB
[  431.405374][T15666] t10_alua_lu_gp_cache          3KB          3KB
[  431.406809][T15666] scsi_sense_cache           8KB          8KB
[  431.500455][T15666] virtio_scsi_cmd           16KB         16KB
[  431.501955][T15666] bio-136                   40KB         40KB
[  431.503455][T15666] mqueue_inode_cache         60KB         60KB
[  431.504844][T15666] f2fs_bio_post_read_ctx         23KB         23KB
[  431.506417][T15666] jfs_mp                     7KB          7KB
[  431.585742][T15666] fuse_request               7KB          7KB
[  431.589363][T15666] cifs_small_rq             16KB         16KB
[  431.590742][T15666] cifs_request              67KB         67KB
[  431.592066][T15666] cifs_mpx_ids               4KB          4KB
[  431.593365][T15666] nfs_commit_data           15KB         15KB
[  431.594618][T15666] nfs_write_data            47KB         47KB
[  431.595957][T15666] jbd2_inode                 7KB          7KB
[  431.626131][T15666] ext4_system_zone          16KB         31KB
[  431.637498][T15666] ext4_io_end_vec            7KB          7KB
[  431.638909][T15666] pid_namespace              7KB          7KB
[  431.640191][T15666] kvm_vcpu                  61KB         61KB
[  431.641463][T15666] kvm_mmu_page_header         23KB         23KB
[  431.642800][T15666] pte_list_desc             19KB         19KB
[  431.644088][T15666] x86_emulator              59KB         59KB
[  431.645360][T15666] rpc_buffers               31KB         31KB
[  431.646624][T15666] rpc_tasks                  3KB          3KB
[  431.704009][T15666] UNIX-STREAM              146KB        320KB
[  431.705399][T15666] UNIX                     170KB        288KB
[  431.706695][T15666] tcp_bind2_bucket           8KB          8KB
[  431.733503][T15666] tcp_bind_bucket            8KB          8KB
[  431.734893][T15666] ip_fib_trie               24KB         24KB
[  431.736164][T15666] ip_fib_alias              67KB         67KB
[  431.772261][T15666] ip_dst_cache              20KB         20KB
[  431.773632][T15666] PING                      61KB         61KB
[  431.774937][T15666] RAW                       30KB         30KB
[  431.776203][T15666] UDP                       92KB         92KB
[  431.805273][T15666] request_sock_TCP          15KB         15KB
[  431.806628][T15666] TCP                       61KB         61KB
[  431.814729][T15666] hugetlbfs_inode_cache         61KB         61KB
[  431.816110][T15666] bio-264                   15KB         15KB
[  431.836289][T15666] ep_head                   12KB         12KB
[  431.839247][T15666] eventpoll_pwq             35KB         35KB
[  431.840573][T15666] eventpoll_epi             54KB         82KB
[  431.841867][T15666] inotify_inode_mark         39KB         39KB
[  431.843140][T15666] sgpool-128                59KB         59KB
[  431.844407][T15666] sgpool-64                 63KB         63KB
[  431.845673][T15666] sgpool-32                 94KB         94KB
[  431.846973][T15666] sgpool-16                 15KB         15KB
[  431.909749][T15666] sgpool-8                  45KB         45KB
[  431.911095][T15666] bio_crypt_ctx              7KB          7KB
[  431.912368][T15666] request_queue            181KB        181KB
[  431.913636][T15666] blkdev_ioc                 3KB          3KB
[  431.914916][T15666] bio-200                   33KB         33KB
[  431.916183][T15666] biovec-max               416KB        654KB
[  431.955479][T15666] biovec-64                 94KB        173KB
[  431.956866][T15666] biovec-16                 22KB         22KB
[  431.962113][T15666] bio_integrity_payload          3KB          3KB
[  431.963521][T15666] uid_cache                  7KB          7KB
[  431.964814][T15666] dmaengine-unmap-256         30KB         30KB
[  431.966120][T15666] dmaengine-unmap-128         15KB         15KB
[  432.006191][T15666] dmaengine-unmap-16          4KB          4KB
[  432.026179][T15666] dmaengine-unmap-2          4KB          4KB
[  432.028408][T15666] QIPCRTR                   31KB         31KB
[  432.029748][T15666] audit_buffer               3KB          3KB
[  432.031025][T15666] skbuff_ext_cache          28KB         28KB
[  432.032297][T15666] skbuff_small_head        214KB        299KB
[  432.033571][T15666] skbuff_fclone_cache         90KB        127KB
[  432.034898][T15666] skbuff_head_cache       1420KB       1522KB
[  432.036158][T15666] configfs_dir_cache          8KB          8KB
[  432.117252][T15666] file_lock_cache           43KB         63KB
[  432.118646][T15666] file_lock_ctx             15KB         15KB
[  432.119942][T15666] fsnotify_mark_connector         24KB         24KB
[  432.121317][T15666] taskstats                 46KB         46KB
[  432.122589][T15666] proc_dir_entry           551KB        551KB
[  432.123866][T15666] pde_opener                 7KB          7KB
[  432.125123][T15666] seq_file                  48KB         48KB
[  432.126382][T15666] sigqueue                   7KB          7KB
[  432.177312][T15666] shmem_inode_cache       9802KB      10021KB
[  432.178762][T15666] kernfs_iattrs_cache         19KB         19KB
[  432.180113][T15666] kernfs_node_cache      23706KB      23783KB
[  432.181504][T15666] mnt_cache                 94KB        110KB
[  432.182803][T15666] filp                     413KB        892KB
[  432.184070][T15666] names_cache              340KB        446KB
[  432.185364][T15666] net_namespace             58KB         58KB
[  432.186635][T15666] iint_cache                99KB        110KB
[  432.236984][T15666] lsm_inode_cache         1111KB       1239KB
[  432.249998][T15666] lsm_file_cache            95KB        235KB
[  432.251352][T15666] key_jar                   31KB         31KB
[  432.252628][T15666] uts_namespace             15KB         15KB
[  432.253916][T15666] nsproxy                    7KB          7KB
[  432.255202][T15666] vma_lock                 429KB        774KB
[  432.256502][T15666] vm_area_struct           493KB        860KB
[  432.293543][T15666] fs_cache                  41KB         56KB
[  432.294907][T15666] files_cache              192KB        239KB
[  432.296182][T15666] signal_cache             624KB       1640KB
[  432.342229][T15666] sighand_cache            781KB        901KB
[  432.343594][T15666] task_struct             3243KB       4851KB
[  432.345170][T15666] cred_jar                 131KB        376KB
[  432.346886][T15666] anon_vma_chain           101KB        259KB
[  432.382988][T15666] anon_vma                 164KB        247KB
[  432.384347][T15666] pid                      133KB        300KB
[  432.385613][T15666] Acpi-Operand              88KB        146KB
[  432.386910][T15666] Acpi-ParseExt             43KB         43KB
[  432.408592][T15666] Acpi-Parse                27KB         67KB
[  432.409949][T15666] Acpi-State                31KB         63KB
[  432.411208][T15666] Acpi-Namespace            28KB         28KB
[  432.412481][T15666] numa_policy                3KB          3KB
[  432.413770][T15666] perf_event                31KB         31KB
[  432.415032][T15666] trace_event_file         450KB        450KB
[  432.416282][T15666] ftrace_event_field        861KB        861KB
[  432.498071][T15666] pool_workqueue           587KB        624KB
[  432.499567][T15666] maple_node               214KB        536KB
[  432.500916][T15666] task_group                30KB         30KB
[  432.502235][T15666] mm_struct                327KB        555KB
[  432.503547][T15666] vmap_area                357KB        526KB
[  432.504922][T15666] debug_objects_cache       1467KB       1505KB
[  432.506286][T15666] page->ptl                 81KB        129KB
[  432.533111][T15666] kmalloc-cg-8k           1024KB       1024KB
[  432.534536][T15666] kmalloc-cg-4k          10616KB      11168KB
[  432.535896][T15666] kmalloc-cg-2k           7528KB       7712KB
[  432.599076][T15666] kmalloc-cg-1k           1806KB       1920KB
[  432.600525][T15666] kmalloc-cg-512          1063KB       1072KB
[  432.601902][T15666] kmalloc-cg-256            48KB         48KB
[  432.603260][T15666] kmalloc-cg-192           122KB        124KB
[  432.604618][T15666] kmalloc-cg-128           188KB        196KB
[  432.605989][T15666] kmalloc-cg-96             27KB         40KB
[  432.652342][T15666] kmalloc-cg-64             40KB         40KB
[  432.653793][T15666] kmalloc-cg-32             29KB         40KB
[  432.655120][T15666] kmalloc-cg-16             33KB         96KB
[  432.656455][T15666] kmalloc-cg-8              11KB         11KB
[  432.670228][T15666] kmalloc-8k              4176KB       4416KB
[  432.671655][T15666] kmalloc-4k             37568KB      37568KB
[  432.673039][T15666] kmalloc-2k             10512KB      12064KB
[  432.674394][T15666] kmalloc-1k              6314KB       7616KB
[  432.675787][T15666] kmalloc-512             8204KB       8448KB
[  432.677128][T15666] kmalloc-256             4416KB       4416KB
[  432.735024][T15666] kmalloc-192             1242KB       1484KB
[  432.736380][T15666] kmalloc-128             1081KB       1172KB
[  432.747577][T15666] kmalloc-96              4031KB       4160KB
[  432.749061][T15666] kmalloc-64              3149KB       3340KB
[  432.750446][T15666] kmalloc-32              1224KB       1308KB
[  432.751832][T15666] kmalloc-16               411KB        528KB
[  432.753176][T15666] kmalloc-8               1336KB       1354KB
[  432.754544][T15666] kmem_cache_node          215KB        216KB
[  432.755918][T15666] kmem_cache               176KB        176KB
[  432.807582][T15666] oom-kill:constraint=CONSTRAINT_NONE,nodemask=(null),cpuset=/,mems_allowed=0-1,global_oom,task_memcg=/system.slice/ssh.service,task=syz-executor,pid=15666,uid=0
[  432.815246][T15666] Out of memory (oom_kill_allocating_task): Killed process 15666 (syz-executor) total-vm:89800kB, anon-rss:0kB, file-rss:20480kB, shmem-rss:0kB, UID:0 pgtables:84kB oom_score_adj:0
[  432.902988][ T8680] in:imklog invoked oom-killer: gfp_mask=0x140cca(GFP_HIGHUSER_MOVABLE|__GFP_COMP), order=0, oom_score_adj=0
[  432.905611][ T8680] CPU: 1 PID: 8680 Comm: in:imklog Not tainted 6.6.0 #1
[  432.907162][ T8680] Hardware name: QEMU Standard PC (i440FX + PIIX, 1996), BIOS 1.15.0-1 04/01/2014
[  432.909163][ T8680] Call Trace:
[  432.909921][ T8680]  <TASK>
[  432.910583][ T8680]  dump_stack_lvl+0x1e3/0x2d0
[  432.911665][ T8680]  ? nf_tcp_handle_invalid+0x650/0x650
[  432.912900][ T8680]  ? panic+0x760/0x760
[  432.913834][ T8680]  ? ___ratelimit+0x4b9/0x660
[  432.914899][ T8680]  ? radix_tree_cpu_dead+0x190/0x190
[  432.916080][ T8680]  dump_header+0xdd/0xb00
[  432.917080][ T8680]  oom_kill_process+0x1fb/0x720
[  432.918172][ T8680]  out_of_memory+0x992/0xb80
[  432.919204][ T8680]  ? unregister_oom_notifier+0x20/0x20
[  432.920438][ T8680]  __alloc_pages_slowpath+0x1834/0x2110
[  432.921755][ T8680]  ? get_page_from_freelist+0x7a0/0x7a0
[  432.922980][ T8680]  ? zone_watermark_fast+0x12d/0x1f0
[  432.924183][ T8680]  ? get_page_from_freelist+0x54e/0x7a0
[  432.925436][ T8680]  __alloc_pages+0x3d4/0x560
[  432.926476][ T8680]  ? zone_statistics+0x160/0x160
[  432.927591][ T8680]  ? __lock_acquire+0x2050/0x2050
[  432.928749][ T8680]  __folio_alloc+0xf/0x30
[  432.929724][ T8680]  vma_alloc_folio+0x660/0xb60
[  432.930814][ T8680]  __read_swap_cache_async+0x225/0x8c0
[  432.932021][ T8680]  ? mark_lock+0x9a/0x350
[  432.933017][ T8680]  ? put_swap_device+0x230/0x230
[  432.934158][ T8680]  swap_cluster_readahead+0x611/0x7c0
[  432.935365][ T8680]  ? read_swap_cache_async+0x170/0x170
[  432.936597][ T8680]  ? xas_load+0x135/0x150
[  432.937582][ T8680]  swapin_readahead+0x113/0xc20
[  432.938667][ T8680]  ? filemap_get_entry+0x11d/0x4b0
[  432.939846][ T8680]  ? page_cache_prev_miss+0x520/0x520
[  432.941064][ T8680]  ? exit_swap_address_space+0x290/0x290
[  432.942318][ T8680]  ? __lock_acquire+0x2050/0x2050
[  432.943442][ T8680]  ? __filemap_get_folio+0xd7b/0x1290
[  432.944658][ T8680]  ? swap_cache_get_folio+0x9b/0x580
[  432.945880][ T8680]  do_swap_page+0x855/0x3800
[  432.946933][ T8680]  ? __pte_offset_map+0x2b9/0x370
[  432.948087][ T8680]  ? do_swap_page+0x146/0x3800
[  432.949169][ T8680]  ? mark_lock+0x9a/0x350
[  432.950155][ T8680]  ? unmap_mapping_range+0x2a0/0x2a0
[  432.951355][ T8680]  ? pte_offset_map_nolock+0x114/0x1d0
[  432.952574][ T8680]  ? rcu_read_unlock+0xa0/0xa0
[  432.953667][ T8680]  handle_pte_fault+0x47d/0xce0
[  432.954769][ T8680]  ? lock_vma_under_rcu+0x2f7/0x700
[  432.955936][ T8680]  ? wp_huge_pmd+0x250/0x250
[  432.956988][ T8680]  ? print_unlock_imbalance_bug+0x2d0/0x2d0
[  432.958323][ T8680]  __handle_mm_fault+0xb2e/0xf20
[  432.959448][ T8680]  ? handle_mm_fault+0x860/0x860
[  432.960586][ T8680]  ? lock_vma_under_rcu+0x183/0x700
[  432.961744][ T8680]  ? mmap_write_unlock+0x150/0x150
[  432.962882][ T8680]  ? lockdep_hardirqs_on_prepare+0x448/0x7b0
[  432.964212][ T8680]  handle_mm_fault+0x3b9/0x860
[  432.965311][ T8680]  do_user_addr_fault+0xa73/0x11b0
[  432.966495][ T8680]  exc_page_fault+0x7a/0x120
[  432.967542][ T8680]  asm_exc_page_fault+0x22/0x30
[  432.968661][ T8680] RIP: 0033:0x7f4c9af5d097
[  432.969717][ T8680] Code: Unable to access opcode bytes at 0x7f4c9af5d06d.
[  432.971231][ T8680] RSP: 002b:00007f4c9a4ec4d0 EFLAGS: 00010207
[  432.972568][ T8680] RAX: 0000000000001f87 RBX: 0000000000000000 RCX: 00007f4c9af5d08c
[  432.974286][ T8680] RDX: 0000000000001fa0 RSI: 00007f4c9a4ecd00 RDI: 0000000000000000
[  432.976019][ T8680] RBP: 000055d71afbf500 R08: 0000000000000000 R09: 000055d71afbbec8
[  432.977810][ T8680] R10: a3d70a3d70a3d70b R11: 0000000000000246 R12: 00007f4c9a4ecd00
[  432.979531][ T8680] R13: 0000000000001fa0 R14: 00007f4c9a4ecd00 R15: 00007f4c9a4ecd90
[  432.981276][ T8680]  </TASK>
[  433.058638][ T8680] Mem-Info:
[  433.059483][ T8680] active_anon:0 inactive_anon:0 isolated_anon:0
[  433.059483][ T8680]  active_file:4 inactive_file:49 isolated_file:0
[  433.059483][ T8680]  unevictable:768 dirty:44 writeback:0
[  433.059483][ T8680]  slab_reclaimable:10964 slab_unreclaimable:52115
[  433.059483][ T8680]  mapped:75449 shmem:768 pagetables:564
[  433.059483][ T8680]  sec_pagetables:0 bounce:0
[  433.059483][ T8680]  kernel_misc_reclaimable:0
[  433.059483][ T8680]  free:16651 free_pcp:444 free_cma:0
[  433.147386][ T8680] Node 0 active_anon:0kB inactive_anon:8kB active_file:16kB inactive_file:44kB unevictable:1536kB isolated(anon):0kB isolated(file):0kB mapped:46628kB dirty:52kB writeback:0kB shmem:1536kB shmem_thp:0kB shmem_pmdmapped:0kB anon_thp:0kB writeback_tmp:0kB kernel_stack:4432kB pagetables:860kB sec_pagetables:0kB all_unreclaimable? no
[  433.154134][ T8680] Node 1 active_anon:0kB inactive_anon:0kB active_file:0kB inactive_file:180kB unevictable:1536kB isolated(anon):0kB isolated(file):0kB mapped:250816kB dirty:124kB writeback:0kB shmem:1536kB shmem_thp:0kB shmem_pmdmapped:0kB anon_thp:0kB writeback_tmp:0kB kernel_stack:6512kB pagetables:1396kB sec_pagetables:0kB all_unreclaimable? no
[  433.257416][ T8680] Node 0 DMA free:1936kB boost:0kB min:760kB low:948kB high:1136kB reserved_highatomic:0KB active_anon:0kB inactive_anon:0kB active_file:0kB inactive_file:0kB unevictable:0kB writepending:0kB present:15992kB managed:15360kB mlocked:0kB bounce:0kB free_pcp:0kB local_pcp:0kB free_cma:0kB
[  433.263334][ T8680] lowmem_reserve[]: 0 317 317 317 317
[  433.264605][ T8680] Node 0 DMA32 free:14404kB boost:0kB min:16124kB low:20152kB high:24180kB reserved_highatomic:0KB active_anon:0kB inactive_anon:4kB active_file:0kB inactive_file:72kB unevictable:1536kB writepending:52kB present:1032192kB managed:328440kB mlocked:0kB bounce:0kB free_pcp:164kB local_pcp:156kB free_cma:0kB
[  433.380118][ T8680] lowmem_reserve[]: 0 0 0 0 0
[  433.381318][ T8680] Node 1 DMA32 free:49940kB boost:0kB min:50692kB low:63364kB high:76036kB reserved_highatomic:0KB active_anon:0kB inactive_anon:0kB active_file:4kB inactive_file:184kB unevictable:1536kB writepending:124kB present:1048448kB managed:1021064kB mlocked:0kB bounce:0kB free_pcp:1232kB local_pcp:480kB free_cma:0kB
[  433.497288][ T8680] lowmem_reserve[]: 0 0 0 0 0
[  433.498537][ T8680] Node 0 DMA: 2*4kB (UM) 1*8kB (M) 0*16kB 0*32kB 0*64kB 1*128kB (U) 1*256kB (U) 1*512kB (U) 1*1024kB (U) 0*2048kB 0*4096kB = 1936kB
[  433.501719][ T8680] Node 0 DMA32: 24*4kB (UME) 28*8kB (ME) 23*16kB (UME) 26*32kB (UME) 13*64kB (ME) 7*128kB (ME) 6*256kB (M) 7*512kB (M) 4*1024kB (M) 1*2048kB (M) 0*4096kB = 14512kB
[  433.505334][ T8680] Node 1 DMA32: 21*4kB (UME) 30*8kB (UME) 70*16kB (UME) 68*32kB (UME) 50*64kB (UME) 39*128kB (UME) 28*256kB (UM) 18*512kB (UM) 10*1024kB (M) 2*2048kB (M) 2*4096kB (M) = 50724kB
[  433.670952][ T8680] Node 0 hugepages_total=0 hugepages_free=0 hugepages_surp=0 hugepages_size=1048576kB
[  433.687409][ T8680] Node 0 hugepages_total=2 hugepages_free=2 hugepages_surp=0 hugepages_size=2048kB
[  433.808155][ T8680] Node 1 hugepages_total=0 hugepages_free=0 hugepages_surp=0 hugepages_size=1048576kB
[  433.811313][ T8680] Node 1 hugepages_total=2 hugepages_free=2 hugepages_surp=0 hugepages_size=2048kB
[  433.814530][ T8680] 865 total pagecache pages
[  433.815968][ T8680] 1 pages in swap cache
[  434.036513][ T8680] Free swap  = 86100kB
[  434.037855][ T8680] Total swap = 124996kB
[  434.038757][ T8680] 524158 pages RAM
[  434.039536][ T8680] 0 pages HighMem/MovableOnly
[  434.040508][ T8680] 182942 pages reserved
[  434.041384][ T8680] 0 pages cma reserved
[  434.042241][ T8680] Unreclaimable slab info:
[  434.043167][ T8680] Name                      Used          Total
[  434.044460][ T8680] pid_2                     38KB         52KB
[  434.045767][ T8680] bio-352                    7KB          7KB
[  434.047024][ T8680] bio-416                    8KB          8KB
[  434.240295][ T8680] bio-432                    8KB          8KB
[  434.241980][ T8680] bio-528                   15KB         15KB
[  434.243266][ T8680] zswap_entry             1098KB       1098KB
[  434.244538][ T8680] batadv_tt_change_cache          8KB          8KB
[  434.245888][ T8680] batadv_tl_cache            8KB          8KB
[  434.357345][ T8680] TIPC                      60KB         60KB
[  434.358742][ T8680] SCTPv6                    63KB         63KB
[  434.360022][ T8680] DCCPv6                    59KB         59KB
[  434.361289][ T8680] DCCP                      61KB         61KB
[  434.362619][ T8680] RXRPC                     61KB         61KB
[  434.363890][ T8680] rxrpc_call_jar           121KB        121KB
[  434.365139][ T8680] can_receiver               7KB          7KB
[  434.366385][ T8680] bridge_fdb_cache           7KB          7KB
[  434.459872][ T8680] fib6_nodes               128KB        128KB
[  434.461524][ T8680] ip6_dst_cache             72KB        217KB
[  434.462833][ T8680] RAWv6                     61KB         61KB
[  434.464160][ T8680] UDPv6                     64KB         64KB
[  434.465476][ T8680] TCPv6                     63KB         63KB
[  434.466827][ T8680] nf_conntrack              31KB         31KB
[  434.515604][ T8680] wg_peer                   60KB         60KB
[  434.517004][ T8680] allowedips_node            7KB          7KB
[  434.577971][ T8680] t10_alua_lu_gp_cache          3KB          3KB
[  434.587663][ T8680] scsi_sense_cache           8KB          8KB
[  434.589062][ T8680] virtio_scsi_cmd           16KB         16KB
[  434.590676][ T8680] bio-136                   40KB         40KB
[  434.592074][ T8680] mqueue_inode_cache         60KB         60KB
[  434.593432][ T8680] f2fs_bio_post_read_ctx         23KB         23KB
[  434.595292][ T8680] jfs_mp                     7KB          7KB
[  434.596816][ T8680] fuse_request               7KB          7KB
[  434.727879][ T8680] cifs_small_rq             16KB         16KB
[  434.747837][ T8680] cifs_request              67KB         67KB
[  434.749205][ T8680] cifs_mpx_ids               4KB          4KB
[  434.750587][ T8680] nfs_commit_data           15KB         15KB
[  434.752237][ T8680] nfs_write_data            47KB         47KB
[  434.753874][ T8680] jbd2_inode                 7KB          7KB
[  434.755131][ T8680] ext4_system_zone          16KB         31KB
[  434.756390][ T8680] ext4_io_end_vec            7KB          7KB
[  434.941017][ T8680] pid_namespace              7KB          7KB
[  434.942381][ T8680] kvm_vcpu                  61KB         61KB
[  434.943651][ T8680] kvm_mmu_page_header         23KB         23KB
[  434.944960][ T8680] pte_list_desc             19KB         19KB
[  434.946215][ T8680] x86_emulator              59KB         59KB
[  435.007471][ T8680] rpc_buffers               31KB         31KB
[  435.008893][ T8680] rpc_tasks                  3KB          3KB
[  435.010233][ T8680] UNIX-STREAM              146KB        320KB
[  435.011576][ T8680] UNIX                     170KB        288KB
[  435.012935][ T8680] tcp_bind2_bucket           8KB          8KB
[  435.014252][ T8680] tcp_bind_bucket            8KB          8KB
[  435.015585][ T8680] ip_fib_trie               24KB         24KB
[  435.016932][ T8680] ip_fib_alias              67KB         67KB
[  435.099418][ T8680] ip_dst_cache              20KB         20KB
[  435.100823][ T8680] PING                      61KB         61KB
[  435.102545][ T8680] RAW                       30KB         30KB
[  435.104196][ T8680] UDP                       92KB         92KB
[  435.105539][ T8680] request_sock_TCP          15KB         15KB
[  435.106883][ T8680] TCP                       61KB         61KB
[  435.228557][ T8680] hugetlbfs_inode_cache         61KB         61KB
[  435.258506][ T8680] bio-264                   15KB         15KB
[  435.259896][ T8680] ep_head                   12KB         12KB
[  435.261218][ T8680] eventpoll_pwq             35KB         35KB
[  435.262536][ T8680] eventpoll_epi             54KB         82KB
[  435.263863][ T8680] inotify_inode_mark         39KB         39KB
[  435.265203][ T8680] sgpool-128                59KB         59KB
[  435.266530][ T8680] sgpool-64                 63KB         63KB
[  435.389810][ T8680] sgpool-32                141KB        141KB
[  435.391588][ T8680] sgpool-16                 67KB         67KB
[  435.457431][ T8680] sgpool-8                  56KB         56KB
[  435.458851][ T8680] bio_crypt_ctx              7KB          7KB
[  435.460176][ T8680] request_queue            181KB        181KB
[  435.461441][ T8680] blkdev_ioc                 3KB          3KB
[  435.463182][ T8680] bio-200                   33KB         33KB
[  435.464529][ T8680] biovec-max               416KB        654KB
[  435.465880][ T8680] biovec-64                283KB        283KB
[  435.597354][ T8680] biovec-16                 37KB         37KB
[  435.599134][ T8680] bio_integrity_payload          3KB          3KB
[  435.600882][ T8680] uid_cache                  7KB          7KB
[  435.602570][ T8680] dmaengine-unmap-256         30KB         30KB
[  435.604301][ T8680] dmaengine-unmap-128         15KB         15KB
[  435.606016][ T8680] dmaengine-unmap-16          4KB          4KB
[  435.689312][ T8680] dmaengine-unmap-2          4KB          4KB
[  435.690749][ T8680] QIPCRTR                   31KB         31KB
[  435.692100][ T8680] audit_buffer               3KB          3KB
[  435.693447][ T8680] skbuff_ext_cache          28KB         28KB
[  435.694795][ T8680] skbuff_small_head        252KB        299KB
[  435.696121][ T8680] skbuff_fclone_cache         90KB        127KB
[  435.714624][ T8680] skbuff_head_cache       1506KB       1560KB
[  435.718917][ T8680] configfs_dir_cache          8KB          8KB
[  435.724666][ T8680] file_lock_cache           43KB         63KB
[  435.737701][ T8680] file_lock_ctx             15KB         15KB
[  435.762237][ T8680] fsnotify_mark_connector         24KB         24KB
[  435.763816][ T8680] taskstats                 46KB         46KB
[  435.765150][ T8680] proc_dir_entry           551KB        551KB
[  435.766480][ T8680] pde_opener                 7KB          7KB
[  435.817874][ T8680] seq_file                  48KB         48KB
[  435.819285][ T8680] sigqueue                   7KB          7KB
[  435.820636][ T8680] shmem_inode_cache       9802KB      10021KB
[  435.821997][ T8680] kernfs_iattrs_cache         19KB         19KB
[  435.823387][ T8680] kernfs_node_cache      23674KB      23706KB
[  435.824738][ T8680] mnt_cache                 94KB        110KB
[  435.826115][ T8680] filp                     413KB        892KB
[  435.880977][ T8680] names_cache              178KB        416KB
[  435.882361][ T8680] net_namespace             58KB         58KB
[  435.883721][ T8680] iint_cache                80KB        102KB
[  435.885433][ T8680] lsm_inode_cache         1071KB       1231KB
[  435.886900][ T8680] lsm_file_cache            95KB        235KB
[  435.921484][ T8680] key_jar                   31KB         31KB
[  435.931885][ T8680] uts_namespace             15KB         15KB
[  435.933259][ T8680] nsproxy                    7KB          7KB
[  435.934620][ T8680] vma_lock                 415KB        770KB
[  435.935991][ T8680] vm_area_struct           482KB        856KB
[  435.955756][ T8680] fs_cache                  41KB         56KB
[  435.960012][ T8680] files_cache              192KB        239KB
[  435.964970][ T8680] signal_cache             624KB       1640KB
[  435.966355][ T8680] sighand_cache            841KB        901KB
[  435.977519][ T8680] task_struct             3243KB       4851KB
[  435.978989][ T8680] cred_jar                 131KB        376KB
[  435.980330][ T8680] anon_vma_chain           101KB        259KB
[  435.981697][ T8680] anon_vma                 164KB        247KB
[  435.983330][ T8680] pid                      133KB        300KB
[  435.984662][ T8680] Acpi-Operand              88KB        146KB
[  435.986021][ T8680] Acpi-ParseExt             43KB         43KB
[  436.025320][ T8680] Acpi-Parse                27KB         67KB
[  436.037484][ T8680] Acpi-State                31KB         63KB
[  436.038873][ T8680] Acpi-Namespace            28KB         28KB
[  436.040208][ T8680] numa_policy                3KB          3KB
[  436.041542][ T8680] perf_event                31KB         31KB
[  436.042890][ T8680] trace_event_file         450KB        450KB
[  436.044214][ T8680] ftrace_event_field        861KB        861KB
[  436.045558][ T8680] pool_workqueue           587KB        624KB
[  436.046929][ T8680] maple_node               160KB        536KB
[  436.101184][ T8680] task_group                30KB         30KB
[  436.107583][ T8680] mm_struct                327KB        555KB
[  436.109026][ T8680] vmap_area                357KB        526KB
[  436.110403][ T8680] debug_objects_cache       1444KB       1505KB
[  436.111784][ T8680] page->ptl                 81KB        129KB
[  436.113137][ T8680] kmalloc-cg-8k           1024KB       1024KB
[  436.114502][ T8680] kmalloc-cg-4k          10616KB      11168KB
[  436.115853][ T8680] kmalloc-cg-2k           7536KB       7712KB
[  436.161433][ T8680] kmalloc-cg-1k           1806KB       1920KB
[  436.174414][ T8680] kmalloc-cg-512          1063KB       1072KB
[  436.175806][ T8680] kmalloc-cg-256            48KB         48KB
[  436.177131][ T8680] kmalloc-cg-192           122KB        124KB
[  436.191490][ T8680] kmalloc-cg-128           188KB        196KB
[  436.192901][ T8680] kmalloc-cg-96             27KB         40KB
[  436.194230][ T8680] kmalloc-cg-64             40KB         40KB
[  436.195545][ T8680] kmalloc-cg-32             28KB         40KB
[  436.196885][ T8680] kmalloc-cg-16             33KB         96KB
[  436.226569][ T8680] kmalloc-cg-8              11KB         11KB
[  436.234865][ T8680] kmalloc-8k              4176KB       4416KB
[  436.236239][ T8680] kmalloc-4k             39136KB      39136KB
[  436.246502][ T8680] kmalloc-2k             10424KB      12064KB
[  436.260473][ T8680] kmalloc-1k              6380KB       7648KB
[  436.261865][ T8680] kmalloc-512             8199KB       8448KB
[  436.263180][ T8680] kmalloc-256             4592KB       4592KB
[  436.264540][ T8680] kmalloc-192             1239KB       1484KB
[  436.265891][ T8680] kmalloc-128             1081KB       1172KB
[  436.307450][ T8680] kmalloc-96              4044KB       4160KB
[  436.309241][ T8680] kmalloc-64              3134KB       3340KB
[  436.310619][ T8680] kmalloc-32              1231KB       1308KB
[  436.311983][ T8680] kmalloc-16               411KB        524KB
[  436.313326][ T8680] kmalloc-8               1334KB       1350KB
[  436.314988][ T8680] kmem_cache_node          215KB        216KB
[  436.316608][ T8680] kmem_cache               176KB        176KB
[  436.343254][ T8680] oom-kill:constraint=CONSTRAINT_NONE,nodemask=(null),cpuset=/,mems_allowed=0-1,global_oom,task_memcg=/system.slice/rsyslog.service,task=in:imklog,pid=8680,uid=0
[  436.383081][ T8680] Out of memory (oom_kill_allocating_task): Killed process 8642 (rsyslogd) total-vm:220932kB, anon-rss:0kB, file-rss:128kB, shmem-rss:0kB, UID:0 pgtables:72kB oom_score_adj:0
[  436.709609][ T8680] in:imklog (8680) used greatest stack depth: 19728 bytes left
[  439.222535][ T5158] systemd-journal invoked oom-killer: gfp_mask=0x140cca(GFP_HIGHUSER_MOVABLE|__GFP_COMP), order=0, oom_score_adj=-250
[  439.225264][ T5158] CPU: 1 PID: 5158 Comm: systemd-journal Not tainted 6.6.0 #1
[  439.226904][ T5158] Hardware name: QEMU Standard PC (i440FX + PIIX, 1996), BIOS 1.15.0-1 04/01/2014
[  439.228875][ T5158] Call Trace:
[  439.229602][ T5158]  <TASK>
[  439.230269][ T5158]  dump_stack_lvl+0x1e3/0x2d0
[  439.231342][ T5158]  ? nf_tcp_handle_invalid+0x650/0x650
[  439.232558][ T5158]  ? panic+0x760/0x760
[  439.233482][ T5158]  ? ___ratelimit+0x4b9/0x660
[  439.234548][ T5158]  ? radix_tree_cpu_dead+0x190/0x190
[  439.235743][ T5158]  dump_header+0xdd/0xb00
[  439.236711][ T5158]  oom_kill_process+0x1fb/0x720
[  439.237814][ T5158]  out_of_memory+0x992/0xb80
[  439.238854][ T5158]  ? unregister_oom_notifier+0x20/0x20
[  439.240073][ T5158]  __alloc_pages_slowpath+0x1834/0x2110
[  439.241357][ T5158]  ? get_page_from_freelist+0x7a0/0x7a0
[  439.242596][ T5158]  ? zone_watermark_fast+0x12d/0x1f0
[  439.243801][ T5158]  ? get_page_from_freelist+0x54e/0x7a0
[  439.245057][ T5158]  __alloc_pages+0x3d4/0x560
[  439.246090][ T5158]  ? zone_statistics+0x160/0x160
[  439.247206][ T5158]  ? __lock_acquire+0x2050/0x2050
[  439.248346][ T5158]  __folio_alloc+0xf/0x30
[  439.249315][ T5158]  vma_alloc_folio+0x660/0xb60
[  439.250402][ T5158]  __read_swap_cache_async+0x225/0x8c0
[  439.251634][ T5158]  ? mark_lock+0x9a/0x350
[  439.252630][ T5158]  ? put_swap_device+0x230/0x230
[  439.253772][ T5158]  swap_cluster_readahead+0x611/0x7c0
[  439.254959][ T5158]  ? read_swap_cache_async+0x170/0x170
[  439.256209][ T5158]  ? xas_load+0x135/0x150
[  439.257195][ T5158]  swapin_readahead+0x113/0xc20
[  439.258300][ T5158]  ? filemap_get_entry+0x11d/0x4b0
[  439.259454][ T5158]  ? page_cache_prev_miss+0x520/0x520
[  439.260690][ T5158]  ? exit_swap_address_space+0x290/0x290
[  439.261960][ T5158]  ? __lock_acquire+0x2050/0x2050
[  439.263102][ T5158]  ? __filemap_get_folio+0xd7b/0x1290
[  439.264315][ T5158]  ? swap_cache_get_folio+0x9b/0x580
[  439.265504][ T5158]  do_swap_page+0x855/0x3800
[  439.266556][ T5158]  ? __pte_offset_map+0x2b9/0x370
[  439.267732][ T5158]  ? do_swap_page+0x146/0x3800
[  439.268843][ T5158]  ? mark_lock+0x9a/0x350
[  439.269849][ T5158]  ? unmap_mapping_range+0x2a0/0x2a0
[  439.271074][ T5158]  ? pte_offset_map_nolock+0x114/0x1d0
[  439.272314][ T5158]  ? rcu_read_unlock+0xa0/0xa0
[  439.273382][ T5158]  handle_pte_fault+0x47d/0xce0
[  439.274504][ T5158]  ? lock_vma_under_rcu+0x2f7/0x700
[  439.275706][ T5158]  ? wp_huge_pmd+0x250/0x250
[  439.276759][ T5158]  ? print_unlock_imbalance_bug+0x2d0/0x2d0
[  439.278111][ T5158]  __handle_mm_fault+0xb2e/0xf20
[  439.279262][ T5158]  ? handle_mm_fault+0x860/0x860
[  439.280406][ T5158]  ? lock_vma_under_rcu+0x183/0x700
[  439.281592][ T5158]  ? mmap_write_unlock+0x150/0x150
[  439.282772][ T5158]  ? lockdep_hardirqs_on_prepare+0x448/0x7b0
[  439.284134][ T5158]  handle_mm_fault+0x3b9/0x860
[  439.285243][ T5158]  do_user_addr_fault+0xa73/0x11b0
[  439.286420][ T5158]  exc_page_fault+0x7a/0x120
[  439.287477][ T5158]  asm_exc_page_fault+0x22/0x30
[  439.288571][ T5158] RIP: 0033:0x7f9f67bc5970
[  439.289592][ T5158] Code: Unable to access opcode bytes at 0x7f9f67bc5946.
[  439.291110][ T5158] RSP: 002b:00007ffd106957b8 EFLAGS: 00010202
[  439.292443][ T5158] RAX: 00007f9f67cc2000 RBX: 884560c237b105c0 RCX: 884560c237b105c0
[  439.294182][ T5158] RDX: 0000000000000007 RSI: 000055a26cac8130 RDI: 000055a26ca96aa0
[  439.295892][ T5158] RBP: 0000000000000007 R08: 00007ffd10695878 R09: 00007ffd10695870
[  439.297615][ T5158] R10: 00007f9f67c36ef4 R11: 0000000000014f58 R12: 000055a26cac8130
[  439.299324][ T5158] R13: 884560c237b105c0 R14: 000055a26ca96aa0 R15: 00007ffd10695878
[  439.301086][ T5158]  </TASK>
[  439.443044][ T5158] Mem-Info:
[  439.443875][ T5158] active_anon:0 inactive_anon:0 isolated_anon:0
[  439.443875][ T5158]  active_file:46 inactive_file:19 isolated_file:0
[  439.443875][ T5158]  unevictable:768 dirty:0 writeback:0
[  439.443875][ T5158]  slab_reclaimable:9948 slab_unreclaimable:52644
[  439.443875][ T5158]  mapped:79873 shmem:768 pagetables:593
[  439.443875][ T5158]  sec_pagetables:0 bounce:0
[  439.443875][ T5158]  kernel_misc_reclaimable:0
[  439.443875][ T5158]  free:17551 free_pcp:329 free_cma:0
[  439.498240][ T5158] Node 0 active_anon:0kB inactive_anon:0kB active_file:16kB inactive_file:60kB unevictable:1536kB isolated(anon):0kB isolated(file):0kB mapped:49020kB dirty:0kB writeback:0kB shmem:1536kB shmem_thp:0kB shmem_pmdmapped:0kB anon_thp:0kB writeback_tmp:0kB kernel_stack:4400kB pagetables:784kB sec_pagetables:0kB all_unreclaimable? no
[  439.504906][ T5158] Node 1 active_anon:0kB inactive_anon:0kB active_file:140kB inactive_file:28kB unevictable:1536kB isolated(anon):0kB isolated(file):0kB mapped:270472kB dirty:0kB writeback:0kB shmem:1536kB shmem_thp:0kB shmem_pmdmapped:0kB anon_thp:0kB writeback_tmp:0kB kernel_stack:6512kB pagetables:1588kB sec_pagetables:0kB all_unreclaimable? no
[  439.607239][ T5158] Node 0 DMA free:1936kB boost:0kB min:760kB low:948kB high:1136kB reserved_highatomic:0KB active_anon:0kB inactive_anon:0kB active_file:0kB inactive_file:0kB unevictable:0kB writepending:0kB present:15992kB managed:15360kB mlocked:0kB bounce:0kB free_pcp:0kB local_pcp:0kB free_cma:0kB
[  439.613082][ T5158] lowmem_reserve[]: 0 317 317 317 317
[  439.614345][ T5158] Node 0 DMA32 free:15712kB boost:0kB min:16124kB low:20152kB high:24180kB reserved_highatomic:0KB active_anon:0kB inactive_anon:0kB active_file:192kB inactive_file:0kB unevictable:1536kB writepending:0kB present:1032192kB managed:328440kB mlocked:0kB bounce:0kB free_pcp:0kB local_pcp:0kB free_cma:0kB
[  439.697813][ T5158] lowmem_reserve[]: 0 0 0 0 0
[  439.699020][ T5158] Node 1 DMA32 free:52508kB boost:0kB min:50692kB low:63364kB high:76036kB reserved_highatomic:2048KB active_anon:0kB inactive_anon:0kB active_file:120kB inactive_file:44kB unevictable:1536kB writepending:0kB present:1048448kB managed:1021064kB mlocked:0kB bounce:0kB free_pcp:504kB local_pcp:504kB free_cma:0kB
[  439.705234][ T5158] lowmem_reserve[]: 0 0 0 0 0
[  439.706352][ T5158] Node 0 DMA: 2*4kB (UM) 1*8kB (M) 0*16kB 0*32kB 0*64kB 1*128kB (U) 1*256kB (U) 1*512kB (U) 1*1024kB (U) 0*2048kB 0*4096kB = 1936kB
[  439.789173][ T5158] Node 0 DMA32: 24*4kB (UME) 25*8kB (ME) 41*16kB (ME) 32*32kB (UME) 20*64kB (UME) 11*128kB (UME) 8*256kB (ME) 7*512kB (M) 5*1024kB (UM) 0*2048kB 0*4096kB = 15416kB
[  439.793083][ T5158] Node 1 DMA32: 27*4kB (E) 34*8kB (ME) 40*16kB (ME) 48*32kB (ME) 29*64kB (UMEH) 20*128kB (ME) 15*256kB (ME) 9*512kB (UM) 8*1024kB (UM) 6*2048kB (M) 4*4096kB (M) = 52284kB
[  439.797032][ T5158] Node 0 hugepages_total=0 hugepages_free=0 hugepages_surp=0 hugepages_size=1048576kB
[  439.874922][ T5158] Node 0 hugepages_total=2 hugepages_free=2 hugepages_surp=0 hugepages_size=2048kB
[  439.877011][ T5158] Node 1 hugepages_total=0 hugepages_free=0 hugepages_surp=0 hugepages_size=1048576kB
[  439.906741][ T5158] Node 1 hugepages_total=2 hugepages_free=2 hugepages_surp=0 hugepages_size=2048kB
[  439.937248][ T5158] 825 total pagecache pages
[  439.938316][ T5158] 0 pages in swap cache
[  439.939235][ T5158] Free swap  = 86868kB
[  439.940134][ T5158] Total swap = 124996kB
[  439.941047][ T5158] 524158 pages RAM
[  439.941866][ T5158] 0 pages HighMem/MovableOnly
[  439.942890][ T5158] 182942 pages reserved
[  439.943783][ T5158] 0 pages cma reserved
[  439.944688][ T5158] Unreclaimable slab info:
[  439.945649][ T5158] Name                      Used          Total
[  439.946999][ T5158] pid_2                     38KB         52KB
[  440.005850][ T5158] bio-352                    7KB          7KB
[  440.032648][ T5158] bio-416                    8KB          8KB
[  440.034063][ T5158] bio-432                    8KB          8KB
[  440.035379][ T5158] bio-528                   15KB         15KB
[  440.036716][ T5158] zswap_entry             1153KB       1169KB
[  440.095832][ T5158] batadv_tt_change_cache          8KB          8KB
[  440.117316][ T5158] batadv_tl_cache            8KB          8KB
[  440.118775][ T5158] TIPC                      60KB         60KB
[  440.120133][ T5158] SCTPv6                    63KB         63KB
[  440.121487][ T5158] DCCPv6                    59KB         59KB
[  440.122825][ T5158] DCCP                      61KB         61KB
[  440.124204][ T5158] RXRPC                     61KB         61KB
[  440.125520][ T5158] rxrpc_call_jar           121KB        121KB
[  440.126861][ T5158] can_receiver               7KB          7KB
[  440.228681][ T5158] bridge_fdb_cache           7KB          7KB
[  440.230112][ T5158] fib6_nodes               128KB        128KB
[  440.231456][ T5158] ip6_dst_cache             72KB        217KB
[  440.232815][ T5158] RAWv6                     61KB         61KB
[  440.234145][ T5158] UDPv6                     64KB         64KB
[  440.235471][ T5158] TCPv6                     63KB         63KB
[  440.236844][ T5158] nf_conntrack              31KB         31KB
[  440.360322][ T5158] wg_peer                   60KB         60KB
[  440.361797][ T5158] allowedips_node            7KB          7KB
[  440.363150][ T5158] t10_alua_lu_gp_cache          3KB          3KB
[  440.364544][ T5158] scsi_sense_cache           8KB          8KB
[  440.365884][ T5158] virtio_scsi_cmd           16KB         16KB
[  440.409545][ T5158] bio-136                   40KB         40KB
[  440.411026][ T5158] mqueue_inode_cache         60KB         60KB
[  440.412395][ T5158] f2fs_bio_post_read_ctx         23KB         23KB
[  440.413998][ T5158] jfs_mp                     7KB          7KB
[  440.415354][ T5158] fuse_request               7KB          7KB
[  440.416761][ T5158] cifs_small_rq             16KB         16KB
[  440.490230][ T5158] cifs_request              67KB         67KB
[  440.492371][ T5158] cifs_mpx_ids               4KB          4KB
[  440.494498][ T5158] nfs_commit_data           15KB         15KB
[  440.496577][ T5158] nfs_write_data            47KB         47KB
[  440.597514][ T5158] jbd2_inode                 7KB          7KB
[  440.598956][ T5158] ext4_system_zone          16KB         31KB
[  440.600299][ T5158] ext4_io_end_vec            7KB          7KB
[  440.601724][ T5158] pid_namespace              7KB          7KB
[  440.603071][ T5158] kvm_vcpu                  61KB         61KB
[  440.604409][ T5158] kvm_mmu_page_header         23KB         23KB
[  440.605785][ T5158] pte_list_desc             19KB         19KB
[  440.607105][ T5158] x86_emulator              59KB         59KB
[  440.688698][ T5158] rpc_buffers               31KB         31KB
[  440.690113][ T5158] rpc_tasks                  3KB          3KB
[  440.691431][ T5158] UNIX-STREAM              146KB        320KB
[  440.692784][ T5158] UNIX                     170KB        288KB
[  440.694125][ T5158] tcp_bind2_bucket           8KB          8KB
[  440.695459][ T5158] tcp_bind_bucket            8KB          8KB
[  440.696835][ T5158] ip_fib_trie               24KB         24KB
[  440.787335][ T5158] ip_fib_alias              67KB         67KB
[  440.789528][ T5158] ip_dst_cache              20KB         20KB
[  440.791194][ T5158] PING                      61KB         61KB
[  440.792518][ T5158] RAW                       30KB         30KB
[  440.793839][ T5158] UDP                       92KB         92KB
[  440.795152][ T5158] request_sock_TCP          15KB         15KB
[  440.796448][ T5158] TCP                       61KB         61KB
[  440.849722][ T5158] hugetlbfs_inode_cache         61KB         61KB
[  440.851211][ T5158] bio-264                   15KB         15KB
[  440.852533][ T5158] ep_head                   12KB         12KB
[  440.853859][ T5158] eventpoll_pwq             35KB         35KB
[  440.855169][ T5158] eventpoll_epi             54KB         82KB
[  440.856491][ T5158] inotify_inode_mark         39KB         39KB
[  440.913355][ T5158] sgpool-128                59KB         59KB
[  440.914779][ T5158] sgpool-64                 63KB         63KB
[  440.916083][ T5158] sgpool-32                204KB        204KB
[  440.975814][ T5158] sgpool-16                142KB        142KB
[  440.987432][ T5158] sgpool-8                 150KB        150KB
[  440.988813][ T5158] bio_crypt_ctx              7KB          7KB
[  440.990136][ T5158] request_queue            181KB        181KB
[  440.991459][ T5158] blkdev_ioc                 3KB          3KB
[  440.992721][ T5158] bio-200                   33KB         33KB
[  440.993970][ T5158] biovec-max               807KB        862KB
[  440.995230][ T5158] biovec-64                537KB        614KB
[  440.996482][ T5158] biovec-16                105KB        105KB
[  441.092143][ T5158] bio_integrity_payload          3KB          3KB
[  441.093588][ T5158] uid_cache                  7KB          7KB
[  441.094870][ T5158] dmaengine-unmap-256         30KB         30KB
[  441.096158][ T5158] dmaengine-unmap-128         15KB         15KB
[  441.153225][ T5158] dmaengine-unmap-16          4KB          4KB
[  441.154589][ T5158] dmaengine-unmap-2          4KB          4KB
[  441.155875][ T5158] QIPCRTR                   31KB         31KB
[  441.157128][ T5158] audit_buffer               3KB          3KB
[  441.167510][ T5158] skbuff_ext_cache          28KB         28KB
[  441.168839][ T5158] skbuff_small_head        228KB        299KB
[  441.170149][ T5158] skbuff_fclone_cache         90KB        127KB
[  441.171458][ T5158] skbuff_head_cache       1362KB       1432KB
[  441.172728][ T5158] configfs_dir_cache          8KB          8KB
[  441.173998][ T5158] file_lock_cache           43KB         63KB
[  441.175256][ T5158] file_lock_ctx             15KB         15KB
[  441.176524][ T5158] fsnotify_mark_connector         24KB         24KB
[  441.288737][ T5158] taskstats                 46KB         46KB
[  441.290328][ T5158] proc_dir_entry           551KB        551KB
[  441.291593][ T5158] pde_opener                 7KB          7KB
[  441.292867][ T5158] seq_file                  48KB         48KB
[  441.294119][ T5158] sigqueue                   7KB          7KB
[  441.295370][ T5158] shmem_inode_cache       9802KB      10021KB
[  441.296625][ T5158] kernfs_iattrs_cache         19KB         19KB
[  441.340605][ T5158] kernfs_node_cache      23695KB      23710KB
[  441.341965][ T5158] mnt_cache                 94KB        110KB
[  441.343244][ T5158] filp                     542KB        892KB
[  441.344518][ T5158] names_cache             1636KB       1636KB
[  441.345785][ T5158] net_namespace             58KB         58KB
[  441.347041][ T5158] iint_cache                78KB        102KB
[  441.416929][ T5158] lsm_inode_cache         1024KB       1211KB
[  441.449078][ T5158] lsm_file_cache           110KB        235KB
[  441.450450][ T5158] key_jar                   31KB         31KB
[  441.451728][ T5158] uts_namespace             15KB         15KB
[  441.452999][ T5158] nsproxy                    7KB          7KB
[  441.454271][ T5158] vma_lock                 488KB        770KB
[  441.455555][ T5158] vm_area_struct           572KB        856KB
[  441.456850][ T5158] fs_cache                  41KB         56KB
[  441.539405][ T5158] files_cache              192KB        239KB
[  441.540837][ T5158] signal_cache             624KB       1640KB
[  441.542186][ T5158] sighand_cache            841KB        901KB
[  441.543536][ T5158] task_struct             3243KB       4851KB
[  441.544892][ T5158] cred_jar                 131KB        376KB
[  441.546220][ T5158] anon_vma_chain           133KB        259KB
[  441.657578][ T5158] anon_vma                 149KB        219KB
[  441.659049][ T5158] pid                      133KB        300KB
[  441.660401][ T5158] Acpi-Operand              88KB        146KB
[  441.661757][ T5158] Acpi-ParseExt             43KB         43KB
[  441.663095][ T5158] Acpi-Parse                27KB         67KB
[  441.664411][ T5158] Acpi-State                31KB         63KB
[  441.665724][ T5158] Acpi-Namespace            28KB         28KB
[  441.667086][ T5158] numa_policy                3KB          3KB
[  441.760543][ T5158] perf_event                31KB         31KB
[  441.761995][ T5158] trace_event_file         450KB        450KB
[  441.763347][ T5158] ftrace_event_field        861KB        861KB
[  441.764726][ T5158] pool_workqueue           587KB        624KB
[  441.766083][ T5158] maple_node               261KB        536KB
[  441.785814][ T5158] task_group                30KB         30KB
[  441.787279][ T5158] mm_struct                327KB        555KB
[  441.788704][ T5158] vmap_area                357KB        526KB
[  441.790075][ T5158] debug_objects_cache       1417KB       1505KB
[  441.791457][ T5158] page->ptl                 81KB        129KB
[  441.792810][ T5158] kmalloc-cg-8k           1024KB       1024KB
[  441.794144][ T5158] kmalloc-cg-4k          11104KB      11168KB
[  441.795481][ T5158] kmalloc-cg-2k           7536KB       7712KB
[  441.796858][ T5158] kmalloc-cg-1k           1956KB       1984KB
[  441.927525][ T5158] kmalloc-cg-512          1063KB       1072KB
[  441.928987][ T5158] kmalloc-cg-256            48KB         48KB
[  441.930330][ T5158] kmalloc-cg-192           122KB        124KB
[  441.931695][ T5158] kmalloc-cg-128           188KB        196KB
[  441.933029][ T5158] kmalloc-cg-96             27KB         40KB
[  441.934375][ T5158] kmalloc-cg-64             40KB         40KB
[  441.935719][ T5158] kmalloc-cg-32             28KB         40KB
[  441.937054][ T5158] kmalloc-cg-16             33KB         96KB
[  442.029213][ T5158] kmalloc-cg-8              11KB         11KB
[  442.030729][ T5158] kmalloc-8k              4176KB       4416KB
[  442.032080][ T5158] kmalloc-4k             37472KB      37472KB
[  442.033455][ T5158] kmalloc-2k             10444KB      12064KB
[  442.034844][ T5158] kmalloc-1k              6298KB       7648KB
[  442.036214][ T5158] kmalloc-512             8248KB       8448KB
[  442.141418][ T5158] kmalloc-256             4704KB       4704KB
[  442.142900][ T5158] kmalloc-192             1315KB       1484KB
[  442.144250][ T5158] kmalloc-128             1098KB       1172KB
[  442.145614][ T5158] kmalloc-96              4062KB       4176KB
[  442.147066][ T5158] kmalloc-64              3154KB       3340KB
[  442.197333][ T5158] kmalloc-32              1236KB       1308KB
[  442.198792][ T5158] kmalloc-16               411KB        524KB
[  442.200136][ T5158] kmalloc-8               1334KB       1350KB
[  442.201490][ T5158] kmem_cache_node          215KB        216KB
[  442.202846][ T5158] kmem_cache               176KB        176KB
[  442.204185][ T5158] oom-kill:constraint=CONSTRAINT_NONE,nodemask=(null),cpuset=/,mems_allowed=0-1,global_oom,task_memcg=/system.slice/systemd-journald.service,task=systemd-journal,pid=5158,uid=0
[  442.273054][ T5158] Out of memory (oom_kill_allocating_task): Killed process 5158 (systemd-journal) total-vm:43632kB, anon-rss:128kB, file-rss:128kB, shmem-rss:88kB, UID:0 pgtables:88kB oom_score_adj:-250
[  442.474467][T15672] rsyslogd invoked oom-killer: gfp_mask=0x140cca(GFP_HIGHUSER_MOVABLE|__GFP_COMP), order=0, oom_score_adj=0
[  442.477095][T15672] CPU: 1 PID: 15672 Comm: rsyslogd Not tainted 6.6.0 #1
[  442.478670][T15672] Hardware name: QEMU Standard PC (i440FX + PIIX, 1996), BIOS 1.15.0-1 04/01/2014
[  442.480664][T15672] Call Trace:
[  442.481411][T15672]  <TASK>
[  442.482086][T15672]  dump_stack_lvl+0x1e3/0x2d0
[  442.483170][T15672]  ? nf_tcp_handle_invalid+0x650/0x650
[  442.484391][T15672]  ? panic+0x760/0x760
[  442.485329][T15672]  ? ___ratelimit+0x4b9/0x660
[  442.486405][T15672]  ? radix_tree_cpu_dead+0x190/0x190
[  442.487605][T15672]  dump_header+0xdd/0xb00
[  442.488597][T15672]  oom_kill_process+0x1fb/0x720
[  442.489698][T15672]  out_of_memory+0x992/0xb80
[  442.490734][T15672]  ? unregister_oom_notifier+0x20/0x20
[  442.491962][T15672]  __alloc_pages_slowpath+0x1834/0x2110
[  442.493249][T15672]  ? get_page_from_freelist+0x7a0/0x7a0
[  442.494466][T15672]  ? zone_watermark_fast+0x12d/0x1f0
[  442.495668][T15672]  ? get_page_from_freelist+0x54e/0x7a0
[  442.496906][T15672]  __alloc_pages+0x3d4/0x560
[  442.497961][T15672]  ? zone_statistics+0x160/0x160
[  442.499084][T15672]  ? __lock_acquire+0x2050/0x2050
[  442.500243][T15672]  __folio_alloc+0xf/0x30
[  442.501227][T15672]  vma_alloc_folio+0x660/0xb60
[  442.502306][T15672]  __read_swap_cache_async+0x225/0x8c0
[  442.503538][T15672]  ? mark_lock+0x9a/0x350
[  442.504544][T15672]  ? put_swap_device+0x230/0x230
[  442.505683][T15672]  swap_cluster_readahead+0x611/0x7c0
[  442.506906][T15672]  ? read_swap_cache_async+0x170/0x170
[  442.508152][T15672]  ? xas_load+0x135/0x150
[  442.509142][T15672]  swapin_readahead+0x113/0xc20
[  442.510234][T15672]  ? filemap_get_entry+0x11d/0x4b0
[  442.511376][T15672]  ? page_cache_prev_miss+0x520/0x520
[  442.512568][T15672]  ? exit_swap_address_space+0x290/0x290
[  442.513836][T15672]  ? __lock_acquire+0x2050/0x2050
[  442.514983][T15672]  ? __filemap_get_folio+0xd7b/0x1290
[  442.516205][T15672]  ? swap_cache_get_folio+0x9b/0x580
[  442.517402][T15672]  do_swap_page+0x855/0x3800
[  442.518444][T15672]  ? __pte_offset_map+0x2b9/0x370
[  442.519577][T15672]  ? do_swap_page+0x146/0x3800
[  442.520682][T15672]  ? mark_lock+0x9a/0x350
[  442.521676][T15672]  ? unmap_mapping_range+0x2a0/0x2a0
[  442.522849][T15672]  ? pte_offset_map_nolock+0x114/0x1d0
[  442.524067][T15672]  ? rcu_read_unlock+0xa0/0xa0
[  442.525155][T15672]  handle_pte_fault+0x47d/0xce0
[  442.526235][T15672]  ? lock_vma_under_rcu+0x2f7/0x700
[  442.527402][T15672]  ? wp_huge_pmd+0x250/0x250
[  442.528460][T15672]  ? print_unlock_imbalance_bug+0x2d0/0x2d0
[  442.529798][T15672]  __handle_mm_fault+0xb2e/0xf20
[  442.530941][T15672]  ? handle_mm_fault+0x860/0x860
[  442.532080][T15672]  ? lock_vma_under_rcu+0x183/0x700
[  442.533232][T15672]  ? mmap_write_unlock+0x150/0x150
[  442.534371][T15672]  ? lockdep_hardirqs_on_prepare+0x448/0x7b0
[  442.535709][T15672]  handle_mm_fault+0x3b9/0x860
[  442.536798][T15672]  do_user_addr_fault+0xa73/0x11b0
[  442.538063][T15672]  exc_page_fault+0x7a/0x120
[  442.539116][T15672]  asm_exc_page_fault+0x22/0x30
[  442.540212][T15672] RIP: 0033:0x7f1d423b7bf6
[  442.541214][T15672] Code: Unable to access opcode bytes at 0x7f1d423b7bcc.
[  442.542739][T15672] RSP: 002b:00007fffcc2cbfa0 EFLAGS: 00010202
[  442.544094][T15672] RAX: 00007f1d42397a10 RBX: 0000000000000000 RCX: 0000000000000007
[  442.545835][T15672] RDX: 00007f1d42397500 RSI: 0000000000000000 RDI: 00007f1d423c8990
[  442.547532][T15672] RBP: 00007fffcc2cc650 R08: 00007f1d42352290 R09: 00000000effffef5
[  442.549235][T15672] R10: 0000000070000022 R11: 0000000000000246 R12: 0000000000000000
[  442.550955][T15672] R13: 0000000000000000 R14: 00007f1d423c9180 R15: 000055726a3fe05f
[  442.552700][T15672]  </TASK>
[  442.737004][T15672] Mem-Info:
[  442.738341][T15672] active_anon:0 inactive_anon:0 isolated_anon:0
[  442.738341][T15672]  active_file:35 inactive_file:21 isolated_file:0
[  442.738341][T15672]  unevictable:768 dirty:0 writeback:0
[  442.738341][T15672]  slab_reclaimable:9935 slab_unreclaimable:52639
[  442.738341][T15672]  mapped:79873 shmem:768 pagetables:593
[  442.738341][T15672]  sec_pagetables:0 bounce:0
[  442.738341][T15672]  kernel_misc_reclaimable:0
[  442.738341][T15672]  free:17204 free_pcp:393 free_cma:0
[  442.887408][T15672] Node 0 active_anon:0kB inactive_anon:0kB active_file:0kB inactive_file:60kB unevictable:1536kB isolated(anon):0kB isolated(file):0kB mapped:49020kB dirty:0kB writeback:0kB shmem:1536kB shmem_thp:0kB shmem_pmdmapped:0kB anon_thp:0kB writeback_tmp:0kB kernel_stack:4400kB pagetables:784kB sec_pagetables:0kB all_unreclaimable? no
[  442.894004][T15672] Node 1 active_anon:0kB inactive_anon:0kB active_file:100kB inactive_file:64kB unevictable:1536kB isolated(anon):0kB isolated(file):0kB mapped:270472kB dirty:0kB writeback:0kB shmem:1536kB shmem_thp:0kB shmem_pmdmapped:0kB anon_thp:0kB writeback_tmp:0kB kernel_stack:6512kB pagetables:1520kB sec_pagetables:0kB all_unreclaimable? no
[  443.037884][T15672] Node 0 DMA free:1936kB boost:0kB min:760kB low:948kB high:1136kB reserved_highatomic:0KB active_anon:0kB inactive_anon:0kB active_file:0kB inactive_file:0kB unevictable:0kB writepending:0kB present:15992kB managed:15360kB mlocked:0kB bounce:0kB free_pcp:0kB local_pcp:0kB free_cma:0kB
[  443.044123][T15672] lowmem_reserve[]: 0 317 317 317 317
[  443.045517][T15672] Node 0 DMA32 free:14444kB boost:0kB min:16124kB low:20152kB high:24180kB reserved_highatomic:0KB active_anon:0kB inactive_anon:0kB active_file:84kB inactive_file:0kB unevictable:1536kB writepending:0kB present:1032192kB managed:328440kB mlocked:0kB bounce:0kB free_pcp:0kB local_pcp:0kB free_cma:0kB
[  443.217432][T15672] lowmem_reserve[]: 0 0 0 0 0
[  443.218663][T15672] Node 1 DMA32 free:52376kB boost:0kB min:50692kB low:63364kB high:76036kB reserved_highatomic:2048KB active_anon:40kB inactive_anon:12kB active_file:0kB inactive_file:492kB unevictable:1536kB writepending:24kB present:1048448kB managed:1021064kB mlocked:0kB bounce:0kB free_pcp:1648kB local_pcp:972kB free_cma:0kB
[  443.224964][T15672] lowmem_reserve[]: 0 0 0 0 0
[  443.226088][T15672] Node 0 DMA: 2*4kB (UM) 1*8kB (M) 0*16kB 0*32kB 0*64kB 1*128kB (U) 1*256kB (U) 1*512kB (U) 1*1024kB (U) 0*2048kB 0*4096kB = 1936kB
[  443.346190][T15672] Node 0 DMA32: 54*4kB (UME) 31*8kB (UME) 44*16kB (UME) 30*32kB (UME) 15*64kB (ME) 8*128kB (ME) 7*256kB (ME) 5*512kB (M) 4*1024kB (M) 1*2048kB (M) 0*4096kB = 14608kB
[  443.388480][T15672] Node 1 DMA32: 26*4kB (E) 31*8kB (ME) 38*16kB (UME) 73*32kB (UMEH) 29*64kB (UMEH) 18*128kB (UME) 13*256kB (ME) 9*512kB (M) 8*1024kB (M) 6*2048kB (M) 4*4096kB (M) = 52256kB
[  443.392687][T15672] Node 0 hugepages_total=0 hugepages_free=0 hugepages_surp=0 hugepages_size=1048576kB
[  443.394754][T15672] Node 0 hugepages_total=2 hugepages_free=2 hugepages_surp=0 hugepages_size=2048kB
[  443.396723][T15672] Node 1 hugepages_total=0 hugepages_free=0 hugepages_surp=0 hugepages_size=1048576kB
[  443.468311][T15672] Node 1 hugepages_total=2 hugepages_free=2 hugepages_surp=0 hugepages_size=2048kB
[  443.470427][T15672] 844 total pagecache pages
[  443.471429][T15672] 0 pages in swap cache
[  443.472340][T15672] Free swap  = 91220kB
[  443.473247][T15672] Total swap = 124996kB
[  443.474127][T15672] 524158 pages RAM
[  443.474968][T15672] 0 pages HighMem/MovableOnly
[  443.475955][T15672] 182942 pages reserved
[  443.476833][T15672] 0 pages cma reserved
[  443.528031][T15672] Unreclaimable slab info:
[  443.529113][T15672] Name                      Used          Total
[  443.530415][T15672] pid_2                     38KB         52KB
[  443.531724][T15672] bio-352                    7KB          7KB
[  443.532988][T15672] bio-416                    8KB          8KB
[  443.534281][T15672] bio-432                    8KB          8KB
[  443.535555][T15672] bio-528                   15KB         15KB
[  443.536853][T15672] zswap_entry             1098KB       1153KB
[  443.579449][T15672] batadv_tt_change_cache          8KB          8KB
[  443.580938][T15672] batadv_tl_cache            8KB          8KB
[  443.582248][T15672] TIPC                      60KB         60KB
[  443.583537][T15672] SCTPv6                    63KB         63KB
[  443.584855][T15672] DCCPv6                    59KB         59KB
[  443.586135][T15672] DCCP                      61KB         61KB
[  443.608088][T15672] RXRPC                     61KB         61KB
[  443.609440][T15672] rxrpc_call_jar           121KB        121KB
[  443.610728][T15672] can_receiver               7KB          7KB
[  443.611981][T15672] bridge_fdb_cache           7KB          7KB
[  443.613251][T15672] fib6_nodes               128KB        128KB
[  443.614508][T15672] ip6_dst_cache             72KB        217KB
[  443.615784][T15672] RAWv6                     61KB         61KB
[  443.617049][T15672] UDPv6                     64KB         64KB
[  443.669748][T15672] TCPv6                     63KB         63KB
[  443.671126][T15672] nf_conntrack              31KB         31KB
[  443.672464][T15672] wg_peer                   60KB         60KB
[  443.673740][T15672] allowedips_node            7KB          7KB
[  443.675013][T15672] t10_alua_lu_gp_cache          3KB          3KB
[  443.676326][T15672] scsi_sense_cache           8KB          8KB
[  443.698782][T15672] virtio_scsi_cmd           16KB         16KB
[  443.700134][T15672] bio-136                   40KB         40KB
[  443.701453][T15672] mqueue_inode_cache         60KB         60KB
[  443.702763][T15672] f2fs_bio_post_read_ctx         23KB         23KB
[  443.704254][T15672] jfs_mp                     7KB          7KB
