failed to run ["ssh" "-p" "47529" "-F" "/dev/null" "-o" "UserKnownHostsFile=/dev/null" "-o" "IdentitiesOnly=yes" "-o" "BatchMode=yes" "-o" "StrictHostKeyChecking=no" "-o" "ConnectTimeout=10" "-i" "/home/jiakai/62_66_amd_0901/images-62/bullseye.id_rsa" "root@localhost" "pwd"]: exit status 255
Connection timed out during banner exchange
Connection to 127.0.0.1 port 47529 timed out
[    0.000000][    T0] Linux version 6.2.0 (jiakai@userid-07) (clang version 13.0.0 (https://github.com/llvm/llvm-project/ 24c8eaec9467b2aaf70b0db33a4e4dd415139a50), LLD 13.0.0 (https://github.com/llvm/llvm-project/ 24c8eaec9467b2aaf70b0db33a4e4dd415139a50)) #1 SMP PREEMPT_DYNAMIC Tue Sep  2 16:54:36 CST 2025
[    0.000000][    T0] Command line: root=/dev/sda console=ttyS0 
[    0.000000][    T0] KERNEL supported cpus:
[    0.000000][    T0]   Intel GenuineIntel
[    0.000000][    T0]   AMD AuthenticAMD
[    0.000000][    T0] x86/fpu: Supporting XSAVE feature 0x001: 'x87 floating point registers'
[    0.000000][    T0] x86/fpu: Supporting XSAVE feature 0x002: 'SSE registers'
[    0.000000][    T0] x86/fpu: Supporting XSAVE feature 0x004: 'AVX registers'
[    0.000000][    T0] x86/fpu: Supporting XSAVE feature 0x008: 'MPX bounds registers'
[    0.000000][    T0] x86/fpu: Supporting XSAVE feature 0x010: 'MPX CSR'
[    0.000000][    T0] x86/fpu: Supporting XSAVE feature 0x020: 'AVX-512 opmask'
[    0.000000][    T0] x86/fpu: Supporting XSAVE feature 0x040: 'AVX-512 Hi256'
[    0.000000][    T0] x86/fpu: Supporting XSAVE feature 0x080: 'AVX-512 ZMM_Hi256'
[    0.000000][    T0] x86/fpu: Supporting XSAVE feature 0x200: 'Protection Keys User registers'
[    0.000000][    T0] x86/fpu: xstate_offset[2]:  576, xstate_sizes[2]:  256
[    0.000000][    T0] x86/fpu: xstate_offset[3]:  832, xstate_sizes[3]:   64
[    0.000000][    T0] x86/fpu: xstate_offset[4]:  896, xstate_sizes[4]:   64
[    0.000000][    T0] x86/fpu: xstate_offset[5]:  960, xstate_sizes[5]:   64
[    0.000000][    T0] x86/fpu: xstate_offset[6]: 1024, xstate_sizes[6]:  512
[    0.000000][    T0] x86/fpu: xstate_offset[7]: 1536, xstate_sizes[7]: 1024
[    0.000000][    T0] x86/fpu: xstate_offset[9]: 2560, xstate_sizes[9]:    8
[    0.000000][    T0] x86/fpu: Enabled xstate features 0x2ff, context size is 2568 bytes, using 'compacted' format.
[    0.000000][    T0] signal: max sigframe size: 3632
[    0.000000][    T0] BIOS-provided physical RAM map:
[    0.000000][    T0] BIOS-e820: [mem 0x0000000000000000-0x000000000009fbff] usable
[    0.000000][    T0] BIOS-e820: [mem 0x000000000009fc00-0x000000000009ffff] reserved
[    0.000000][    T0] BIOS-e820: [mem 0x00000000000f0000-0x00000000000fffff] reserved
[    0.000000][    T0] BIOS-e820: [mem 0x0000000000100000-0x000000007ffdffff] usable
[    0.000000][    T0] BIOS-e820: [mem 0x000000007ffe0000-0x000000007fffffff] reserved
[    0.000000][    T0] BIOS-e820: [mem 0x00000000feffc000-0x00000000feffffff] reserved
[    0.000000][    T0] BIOS-e820: [mem 0x00000000fffc0000-0x00000000ffffffff] reserved
[    0.000000][    T0] printk: bootconsole [earlyser0] enabled
[    0.000000][    T0] ERROR: earlyprintk= earlyser already used
[    0.000000][    T0] ERROR: earlyprintk= earlyser already used
[    0.000000][    T0] **********************************************************
[    0.000000][    T0] **   NOTICE NOTICE NOTICE NOTICE NOTICE NOTICE NOTICE   **
[    0.000000][    T0] **                                                      **
[    0.000000][    T0] ** This system shows unhashed kernel memory addresses   **
[    0.000000][    T0] ** via the console, logs, and other interfaces. This    **
[    0.000000][    T0] ** might reduce the security of your system.            **
[    0.000000][    T0] **                                                      **
[    0.000000][    T0] ** If you see this message and you are not debugging    **
[    0.000000][    T0] ** the kernel, report this immediately to your system   **
[    0.000000][    T0] ** administrator!                                       **
[    0.000000][    T0] **                                                      **
[    0.000000][    T0] **   NOTICE NOTICE NOTICE NOTICE NOTICE NOTICE NOTICE   **
[    0.000000][    T0] **********************************************************
[    0.000000][    T0] Malformed early option 'vsyscall'
[    0.000000][    T0] nopcid: PCID feature disabled
[    0.000000][    T0] NX (Execute Disable) protection: active
[    0.000000][    T0] SMBIOS 2.8 present.
[    0.000000][    T0] DMI: QEMU Standard PC (i440FX + PIIX, 1996), BIOS 1.15.0-1 04/01/2014
[    0.000000][    T0] Hypervisor detected: KVM
[    0.000000][    T0] kvm-clock: Using msrs 4b564d01 and 4b564d00
[    0.000009][    T0] kvm-clock: using sched offset of 2522754738 cycles
[    0.002038][    T0] clocksource: kvm-clock: mask: 0xffffffffffffffff max_cycles: 0x1cd42e4dffb, max_idle_ns: 881590591483 ns
[    0.008025][    T0] tsc: Detected 2294.608 MHz processor
[    0.022199][    T0] last_pfn = 0x7ffe0 max_arch_pfn = 0x400000000
[    0.024400][    T0] x86/PAT: Configuration [0-7]: WB  WC  UC- UC  WB  WP  UC- WT  
[    0.056554][    T0] found SMP MP-table at [mem 0x000f5b90-0x000f5b9f]
[    0.058899][    T0] Using GB pages for direct mapping
[    0.061771][    T0] ACPI: Early table checksum verification disabled
[    0.063932][    T0] ACPI: RSDP 0x00000000000F59D0 000014 (v00 BOCHS )
[    0.066125][    T0] ACPI: RSDT 0x000000007FFE1967 000034 (v01 BOCHS  BXPC     00000001 BXPC 00000001)
[    0.069311][    T0] ACPI: FACP 0x000000007FFE1813 000074 (v01 BOCHS  BXPC     00000001 BXPC 00000001)
[    0.072470][    T0] ACPI: DSDT 0x000000007FFE0040 0017D3 (v01 BOCHS  BXPC     00000001 BXPC 00000001)
[    0.075606][    T0] ACPI: FACS 0x000000007FFE0000 000040
[    0.077431][    T0] ACPI: APIC 0x000000007FFE1887 000080 (v01 BOCHS  BXPC     00000001 BXPC 00000001)
[    0.080552][    T0] ACPI: HPET 0x000000007FFE1907 000038 (v01 BOCHS  BXPC     00000001 BXPC 00000001)
[    0.083672][    T0] ACPI: WAET 0x000000007FFE193F 000028 (v01 BOCHS  BXPC     00000001 BXPC 00000001)
[    0.086757][    T0] ACPI: Reserving FACP table memory at [mem 0x7ffe1813-0x7ffe1886]
[    0.089363][    T0] ACPI: Reserving DSDT table memory at [mem 0x7ffe0040-0x7ffe1812]
[    0.091946][    T0] ACPI: Reserving FACS table memory at [mem 0x7ffe0000-0x7ffe003f]
[    0.094571][    T0] ACPI: Reserving APIC table memory at [mem 0x7ffe1887-0x7ffe1906]
[    0.097166][    T0] ACPI: Reserving HPET table memory at [mem 0x7ffe1907-0x7ffe193e]
[    0.099788][    T0] ACPI: Reserving WAET table memory at [mem 0x7ffe193f-0x7ffe1966]
[    0.103237][    T0] No NUMA configuration found
[    0.104802][    T0] Faking a node at [mem 0x0000000000000000-0x000000007ffdffff]
[    0.107419][    T0] Faking node 0 at [mem 0x0000000000000000-0x000000003fffffff] (1024MB)
[    0.110344][    T0] Faking node 1 at [mem 0x0000000040000000-0x000000007ffdffff] (1023MB)
[    0.113943][    T0] NODE_DATA(0) allocated [mem 0x3fffa000-0x3fffffff]
[    0.117438][    T0] NODE_DATA(1) allocated [mem 0x7ffd9000-0x7ffdefff]
[    0.145063][    T0] Zone ranges:
[    0.146240][    T0]   DMA      [mem 0x0000000000001000-0x0000000000ffffff]
[    0.148602][    T0]   DMA32    [mem 0x0000000001000000-0x000000007ffdffff]
[    0.150909][    T0]   Normal   empty
[    0.152110][    T0]   Device   empty
[    0.153351][    T0] Movable zone start for each node
[    0.155026][    T0] Early memory node ranges
[    0.156472][    T0]   node   0: [mem 0x0000000000001000-0x000000000009efff]
[    0.158865][    T0]   node   0: [mem 0x0000000000100000-0x000000003fffffff]
[    0.161228][    T0]   node   1: [mem 0x0000000040000000-0x000000007ffdffff]
[    0.163586][    T0] Initmem setup node 0 [mem 0x0000000000001000-0x000000003fffffff]
[    0.166203][    T0] Initmem setup node 1 [mem 0x0000000040000000-0x000000007ffdffff]
[    0.168840][    T0] On node 0, zone DMA: 1 pages in unavailable ranges
[    0.168945][    T0] On node 0, zone DMA: 97 pages in unavailable ranges
[    0.182459][    T0] On node 1, zone DMA32: 32 pages in unavailable ranges
[    0.185768][    T0] ACPI: PM-Timer IO Port: 0x608
[    0.189666][    T0] ACPI: LAPIC_NMI (acpi_id[0xff] dfl dfl lint[0x1])
[    0.191959][    T0] IOAPIC[0]: apic_id 0, version 17, address 0xfec00000, GSI 0-23
[    0.194531][    T0] ACPI: INT_SRC_OVR (bus 0 bus_irq 0 global_irq 2 dfl dfl)
[    0.196890][    T0] ACPI: INT_SRC_OVR (bus 0 bus_irq 5 global_irq 5 high level)
[    0.199372][    T0] ACPI: INT_SRC_OVR (bus 0 bus_irq 9 global_irq 9 high level)
[    0.201861][    T0] ACPI: INT_SRC_OVR (bus 0 bus_irq 10 global_irq 10 high level)
[    0.204400][    T0] ACPI: INT_SRC_OVR (bus 0 bus_irq 11 global_irq 11 high level)
[    0.206926][    T0] ACPI: Using ACPI (MADT) for SMP configuration information
[    0.209360][    T0] ACPI: HPET id: 0x8086a201 base: 0xfed00000
[    0.211338][    T0] TSC deadline timer available
[    0.212887][    T0] smpboot: Allowing 2 CPUs, 0 hotplug CPUs
[    0.214916][    T0] kvm-guest: KVM setup pv remote TLB flush
[    0.216846][    T0] kvm-guest: setup PV sched yield
[    0.218568][    T0] PM: hibernation: Registered nosave memory: [mem 0x00000000-0x00000fff]
[    0.221394][    T0] PM: hibernation: Registered nosave memory: [mem 0x0009f000-0x0009ffff]
[    0.224153][    T0] PM: hibernation: Registered nosave memory: [mem 0x000a0000-0x000effff]
[    0.226946][    T0] PM: hibernation: Registered nosave memory: [mem 0x000f0000-0x000fffff]
[    0.229731][    T0] [mem 0x80000000-0xfeffbfff] available for PCI devices
[    0.232015][    T0] Booting paravirtualized kernel on KVM
[    0.233860][    T0] clocksource: refined-jiffies: mask: 0xffffffff max_cycles: 0xffffffff, max_idle_ns: 19112604462750000 ns
[    0.317109][    T0] setup_percpu: NR_CPUS:8 nr_cpumask_bits:2 nr_cpu_ids:2 nr_node_ids:2
[    0.323257][    T0] percpu: Embedded 57 pages/cpu s194696 r8192 d30584 u2097152
[    0.326092][    T0] kvm-guest: PV spinlocks enabled
[    0.327778][    T0] PV qspinlock hash table entries: 256 (order: 0, 4096 bytes, linear)
[    0.330550][    T0] Fallback order for Node 0: 0 1 
[    0.332236][    T0] Fallback order for Node 1: 1 0 
[    0.333927][    T0] Built 2 zonelists, mobility grouping on.  Total pages: 515808
[    0.336484][    T0] Policy zone: DMA32
[    0.337764][    T0] Kernel command line: earlyprintk=serial net.ifnames=0 sysctl.kernel.hung_task_all_cpu_backtrace=1 ima_policy=tcb nf-conntrack-ftp.ports=20000 nf-conntrack-tftp.ports=20000 nf-conntrack-sip.ports=20000 nf-conntrack-irc.ports=20000 nf-conntrack-sane.ports=20000 binder.debug_mask=0 rcupdate.rcu_expedited=1 no_hash_pointers page_owner=on sysctl.vm.nr_hugepages=4 sysctl.vm.nr_overcommit_hugepages=4 secretmem.enable=1 sysctl.max_rcu_stall_to_panic=1 root=/dev/sda console=ttyS0 vsyscall=native numa=fake=2 kvm-intel.nested=1 spec_store_bypass_disable=prctl nopcid vivid.n_devs=16 vivid.multiplanar=1,2,1,2,1,2,1,2,1,2,1,2,1,2,1,2 netrom.nr_ndevs=16 rose.rose_ndevs=16 dummy_hcd.num=8 watchdog_thresh=55 workqueue.watchdog_thresh=140 sysctl.net.core.netdev_unregister_timeout_secs=140 panic_on_warn=1 root=/dev/sda console=ttyS0 
[    0.367493][    T0] Unknown kernel command line parameters "spec_store_bypass_disable=prctl", will be passed to user space.
[    0.371374][    T0] random: crng init done
[    0.374649][    T0] mem auto-init: stack:off, heap alloc:on, heap free:off
[    0.378356][    T0] stackdepot hash table entries: 131072 (order: 8, 1048576 bytes, linear)
[    0.612469][    T0] Memory: 1920020K/2096632K available (67584K kernel code, 8295K rwdata, 16448K rodata, 2032K init, 23836K bss, 176356K reserved, 0K cma-reserved)
[    0.619093][    T0] SLUB: HWalign=64, Order=0-3, MinObjects=0, CPUs=2, Nodes=2
[    0.622393][    T0] Dynamic Preempt: full
[    0.625214][    T0] Running RCU self tests
[    0.626580][    T0] rcu: Preemptible hierarchical RCU implementation.
[    0.628652][    T0] rcu: 	RCU lockdep checking is enabled.
[    0.630419][    T0] rcu: 	RCU restricting CPUs from NR_CPUS=8 to nr_cpu_ids=2.
[    0.632750][    T0] rcu: 	RCU callback double-/use-after-free debug is enabled.
[    0.635095][    T0] rcu: 	RCU debug extended QS entry/exit.
[    0.636882][    T0] 	All grace periods are expedited (rcu_expedited).
[    0.638965][    T0] 	Trampoline variant of Tasks RCU enabled.
[    0.640808][    T0] 	Tracing variant of Tasks RCU enabled.
[    0.642620][    T0] rcu: RCU calculated value of scheduler-enlistment delay is 10 jiffies.
[    0.645263][    T0] rcu: Adjusting geometry for rcu_fanout_leaf=16, nr_cpu_ids=2
[    0.682291][    T0] NR_IRQS: 4352, nr_irqs: 440, preallocated irqs: 16
[    0.685028][    T0] rcu: srcu_init: Setting srcu_struct sizes based on contention.
[    0.688083][    T0] kfence: initialized - using 2097152 bytes for 255 objects at 0xffff88807ea00000-0xffff88807ec00000
[    0.710044][    T0] Console: colour VGA+ 80x25
[    0.711645][    T0] printk: console [ttyS0] enabled
[    0.711645][    T0] printk: console [ttyS0] enabled
[    0.714871][    T0] printk: bootconsole [earlyser0] disabled
[    0.714871][    T0] printk: bootconsole [earlyser0] disabled
[    0.718617][    T0] Lock dependency validator: Copyright (c) 2006 Red Hat, Inc., Ingo Molnar
[    0.721429][    T0] ... MAX_LOCKDEP_SUBCLASSES:  8
[    0.723024][    T0] ... MAX_LOCK_DEPTH:          48
[    0.724670][    T0] ... MAX_LOCKDEP_KEYS:        8192
[    0.726379][    T0] ... CLASSHASH_SIZE:          4096
[    0.728071][    T0] ... MAX_LOCKDEP_ENTRIES:     65536
[    0.729799][    T0] ... MAX_LOCKDEP_CHAINS:      131072
[    0.731564][    T0] ... CHAINHASH_SIZE:          65536
[    0.733301][    T0]  memory used by lock dependency info: 11129 kB
[    0.735392][    T0]  memory used for stack traces: 8320 kB
[    0.737217][    T0]  per task-struct memory footprint: 1920 bytes
[    0.739461][    T0] mempolicy: Enabling automatic NUMA balancing. Configure with numa_balancing= or the kernel.numa_balancing sysctl
[    0.743466][    T0] ACPI: Core revision 20221020
[    0.745771][    T0] clocksource: hpet: mask: 0xffffffff max_cycles: 0xffffffff, max_idle_ns: 19112604467 ns
[    0.749550][    T0] APIC: Switch to symmetric I/O mode setup
[    0.751459][    T0] kvm-guest: setup PV IPIs
[    0.756053][    T0] ..TIMER: vector=0x30 apic1=0 pin1=2 apic2=-1 pin2=-1
[    0.758367][    T0] clocksource: tsc-early: mask: 0xffffffffffffffff max_cycles: 0x21134f58f0d, max_idle_ns: 440795217993 ns
[    0.762252][    T0] Calibrating delay loop (skipped) preset value.. 4589.21 BogoMIPS (lpj=22946080)
[    0.765218][    T0] pid_max: default: 32768 minimum: 301
[    0.767240][    T0] LSM: initializing lsm=lockdown,capability,landlock,yama,safesetid,integrity,tomoyo,apparmor,bpf
[    0.772274][    T0] landlock: Up and running.
[    0.773732][    T0] Yama: becoming mindful.
[    0.775263][    T0] TOMOYO Linux initialized
[    0.776855][    T0] AppArmor: AppArmor initialized
[    0.778466][    T0] LSM support for eBPF active
[    0.782922][    T0] Dentry cache hash table entries: 262144 (order: 9, 2097152 bytes, vmalloc)
[    0.786257][    T0] Inode-cache hash table entries: 131072 (order: 8, 1048576 bytes, vmalloc)
[    0.790384][    T0] Mount-cache hash table entries: 4096 (order: 3, 32768 bytes, vmalloc)
[    0.792274][    T0] Mountpoint-cache hash table entries: 4096 (order: 3, 32768 bytes, vmalloc)
[    0.798007][    T0] x86/cpu: User Mode Instruction Prevention (UMIP) activated
[    0.802512][    T0] Last level iTLB entries: 4KB 0, 2MB 0, 4MB 0
[    0.804688][    T0] Last level dTLB entries: 4KB 0, 2MB 0, 4MB 0, 1GB 0
[    0.806951][    T0] Spectre V1 : Mitigation: usercopy/swapgs barriers and __user pointer sanitization
[    0.810073][    T0] Spectre V2 : WARNING: Unprivileged eBPF is enabled with eIBRS on, data leaks possible via Spectre v2 BHB attacks!
[    0.812255][    T0] Spectre V2 : Mitigation: Enhanced IBRS
[    0.813963][    T0] Spectre V2 : Spectre v2 / SpectreRSB mitigation: Filling RSB on context switch
[    0.816720][    T0] Spectre V2 : Spectre v2 / PBRSB-eIBRS: Retire a single CALL on VMEXIT
[    0.819260][    T0] RETBleed: Mitigation: Enhanced IBRS
[    0.822304][    T0] Spectre V2 : mitigation: Enabling conditional Indirect Branch Prediction Barrier
[    0.825262][    T0] Speculative Store Bypass: Mitigation: Speculative Store Bypass disabled via prctl
[    0.828164][    T0] TAA: Mitigation: Clear CPU buffers
[    0.829772][    T0] MMIO Stale Data: Mitigation: Clear CPU buffers
[    0.942441][    T0] Freeing SMP alternatives memory: 124K
[    0.945197][    T1] smpboot: CPU0: Intel(R) Xeon(R) Gold 5218 CPU @ 2.30GHz (family: 0x6, model: 0x55, stepping: 0x7)
[    0.951348][    T1] cblist_init_generic: Setting adjustable number of callback queues.
[    0.951426][    T1] 
[    0.951431][    T1] =============================
[    0.951439][    T1] [ BUG: Invalid wait context ]
[    0.951447][    T1] 6.2.0 #1 Not tainted
[    0.951462][    T1] -----------------------------
[    0.951470][    T1] swapper/0/1 is trying to lock:
[    0.951486][    T1] ffffffff896be068 (&port_lock_key){....}-{3:3}, at: serial8250_console_write+0xa8/0xaa0
[    0.951572][    T1] other info that might help us debug this:
[    0.951582][    T1] context-{5:5}
[    0.951596][    T1] 4 locks held by swapper/0/1:
[    0.951616][    T1]  #0: ffffffff86601f48 (rcu_tasks.cbs_gbl_lock){....}-{2:2}, at: cblist_init_generic+0x1d/0x270
[    0.951714][    T1]  #1: ffffffff8651fd08 (console_lock){+.+.}-{0:0}, at: vprintk_emit+0xc4/0x240
[    0.951810][    T1]  #2: ffffffff8651fad8 (console_srcu){....}-{0:0}, at: rcu_lock_acquire+0x9/0x30
[    0.951855][    T1]  #3: ffffffff865ffe30 (console_owner){....}-{0:0}, at: console_lock_spinning_enable+0x2d/0x60
[    0.951894][    T1] stack backtrace:
[    0.951899][    T1] CPU: 0 PID: 1 Comm: swapper/0 Not tainted 6.2.0 #1
[    0.951917][    T1] Hardware name: QEMU Standard PC (i440FX + PIIX, 1996), BIOS 1.15.0-1 04/01/2014
[    0.951926][    T1] Call Trace:
[    0.951930][    T1]  <TASK>
[    0.951937][    T1]  dump_stack_lvl+0xea/0x170
[    0.951960][    T1]  __lock_acquire+0xaad/0xbf0
[    0.951989][    T1]  lock_acquire+0xc8/0x1d0
[    0.952012][    T1]  ? serial8250_console_write+0xa8/0xaa0
[    0.952040][    T1]  _raw_spin_lock_irqsave+0x55/0x90
[    0.952077][    T1]  ? serial8250_console_write+0xa8/0xaa0
[    0.952100][    T1]  serial8250_console_write+0xa8/0xaa0
[    0.952126][    T1]  ? console_lock_spinning_enable+0x2d/0x60
[    0.952149][    T1]  console_emit_next_record+0x374/0x460
[    0.952178][    T1]  console_flush_all+0x20d/0x450
[    0.952198][    T1]  console_unlock+0x85/0x150
[    0.952226][    T1]  vprintk_emit+0xdd/0x240
[    0.952236][    T1]  _printk+0x62/0x80
[    0.952236][    T1]  cblist_init_generic+0x52/0x270
[    0.952236][    T1]  rcu_spawn_tasks_kthread+0xc/0x60
[    0.952236][    T1]  rcu_init_tasks_generic+0x23/0x110
[    0.952236][    T1]  ? proc_create_seq_private+0xf1/0x140
[    0.952236][    T1]  kernel_init_freeable+0x1de/0x2d0
[    0.952236][    T1]  ? rest_init+0x210/0x210
[    0.952236][    T1]  kernel_init+0x17/0x2a0
[    0.952236][    T1]  ? rest_init+0x210/0x210
[    0.952236][    T1]  ret_from_fork+0x1f/0x30
[    0.952236][    T1]  </TASK>
[    0.952257][    T1] cblist_init_generic: Setting shift to 1 and lim to 1.
[    0.955849][    T1] cblist_init_generic: Setting shift to 1 and lim to 1.
[    0.958102][    T1] Running RCU-tasks wait API self tests
[    1.062599][    T1] Performance Events: Skylake events, 32-deep LBR, full-width counters, Intel PMU driver.
[    1.075534][    T1] ... version:                2
[    1.076994][    T1] ... bit width:              48
[    1.078519][    T1] ... generic registers:      4
[    1.079987][    T1] ... value mask:             0000ffffffffffff
[    1.081876][    T1] ... max period:             00007fffffffffff
[    1.082288][   T14] Callback from call_rcu_tasks_trace() invoked.
[    1.084298][    T1] ... fixed-purpose events:   3
[    1.085785][    T1] ... event mask:             000000070000000f
[    1.088572][    T1] rcu: Hierarchical SRCU implementation.
[    1.090295][    T1] rcu: 	Max phase no-delay instances is 1000.
[    1.094103][    T1] smp: Bringing up secondary CPUs ...
[    1.096443][    T1] x86: Booting SMP configuration:
[    1.098006][    T1] .... node  #1, CPUs:      #1
[    0.064734][    T0] numa_add_cpu cpu 1 node 0: mask now 0-1
[    0.064734][    T0] numa_add_cpu cpu 1 node 1: mask now 0-1
[    1.104526][    T1] smp: Brought up 2 nodes, 2 CPUs
[    1.104526][    T1] smpboot: Max logical packages: 1
[    1.105471][    T1] smpboot: Total of 2 processors activated (9178.43 BogoMIPS)
[    1.132517][    T1] allocated 33554432 bytes of page_ext
[    1.134544][    T1] Node 0, zone      DMA: page owner found early allocated 0 pages
[    1.142004][    T1] Node 0, zone    DMA32: page owner found early allocated 6354 pages
[    1.145164][    T1] Node 1, zone    DMA32: page owner found early allocated 5021 pages
[    1.152457][    T1] devtmpfs: initialized
[    1.154072][    T1] x86/mm: Memory block size: 128MB
[    1.165578][    T1] clocksource: jiffies: mask: 0xffffffff max_cycles: 0xffffffff, max_idle_ns: 19112604462750000 ns
[    1.165664][    T1] futex hash table entries: 512 (order: 4, 65536 bytes, vmalloc)
[    1.172350][    T1] PM: RTC time: 10:49:29, date: 2025-09-02
[    1.185945][    T1] NET: Registered PF_NETLINK/PF_ROUTE protocol family
[    1.192870][    T1] audit: initializing netlink subsys (disabled)
[    1.194796][    T1] thermal_sys: Registered thermal governor 'step_wise'
[    1.194796][    T1] thermal_sys: Registered thermal governor 'user_space'
[    1.195217][    T1] cpuidle: using governor menu
[    1.202295][   T30] audit: type=2000 audit(1756810170.113:1): state=initialized audit_enabled=0 res=1
[    1.202262][    T1] NET: Registered PF_QIPCRTR protocol family
[    1.208932][    T1] PCI: Using configuration type 1 for base access
[    1.232583][    T1] HugeTLB: registered 1.00 GiB page size, pre-allocated 0 pages
[    1.234699][    T1] HugeTLB: 16380 KiB vmemmap can be freed for a 1.00 GiB page
[    1.236982][    T1] HugeTLB: registered 2.00 MiB page size, pre-allocated 0 pages
[    1.239269][    T1] HugeTLB: 28 KiB vmemmap can be freed for a 2.00 MiB page
[    1.250659][    T1] cryptd: max_cpu_qlen set to 1000
[    1.253001][    T1] raid6: skipped pq benchmark and selected avx512x4
[    1.254479][    T1] raid6: using avx512x2 recovery algorithm
[    1.256624][    T1] ACPI: Added _OSI(Module Device)
[    1.258184][    T1] ACPI: Added _OSI(Processor Device)
[    1.259811][    T1] ACPI: Added _OSI(3.0 _SCP Extensions)
[    1.262267][    T1] ACPI: Added _OSI(Processor Aggregator Device)
[    1.270792][    T1] ACPI: 1 ACPI AML tables successfully acquired and loaded
[    1.277715][    T1] ACPI: Interpreter enabled
[    1.279230][    T1] ACPI: PM: (supports S0 S3 S4 S5)
[    1.280793][    T1] ACPI: Using IOAPIC for interrupt routing
[    1.282326][   T13] Callback from call_rcu_tasks() invoked.
[    1.284187][    T1] PCI: Using host bridge windows from ACPI; if necessary, use "pci=nocrs" and report a bug
[    1.287246][    T1] PCI: Using E820 reservations for host bridge windows
[    1.290145][    T1] ACPI: Enabled 2 GPEs in block 00 to 0F
[    1.313606][    T1] ACPI: PCI Root Bridge [PCI0] (domain 0000 [bus 00-ff])
[    1.315820][    T1] acpi PNP0A03:00: _OSC: OS supports [ASPM ClockPM Segments MSI HPX-Type3]
[    1.318438][    T1] acpi PNP0A03:00: _OSC: not requesting OS control; OS requires [ExtendedConfig ASPM ClockPM MSI]
[    1.321725][    T1] acpi PNP0A03:00: fail to add MMCONFIG information, can't access extended configuration space under this bridge
[    1.323099][    T1] PCI host bridge to bus 0000:00
[    1.324643][    T1] pci_bus 0000:00: Unknown NUMA node; performance will be reduced
[    1.327003][    T1] pci_bus 0000:00: root bus resource [io  0x0000-0x0cf7 window]
[    1.329319][    T1] pci_bus 0000:00: root bus resource [io  0x0d00-0xffff window]
[    1.331673][    T1] pci_bus 0000:00: root bus resource [mem 0x000a0000-0x000bffff window]
[    1.332256][    T1] pci_bus 0000:00: root bus resource [mem 0x80000000-0xfebfffff window]
[    1.334803][    T1] pci_bus 0000:00: root bus resource [mem 0x100000000-0x17fffffff window]
[    1.337424][    T1] pci_bus 0000:00: root bus resource [bus 00-ff]
[    1.339543][    T1] pci 0000:00:00.0: [8086:1237] type 00 class 0x060000
[    1.345768][    T1] pci 0000:00:01.0: [8086:7000] type 00 class 0x060100
[    1.349702][    T1] pci 0000:00:01.1: [8086:7010] type 00 class 0x010180
[    1.357896][    T1] pci 0000:00:01.1: reg 0x20: [io  0xc060-0xc06f]
[    1.362880][    T1] pci 0000:00:01.1: legacy IDE quirk: reg 0x10: [io  0x01f0-0x01f7]
[    1.365435][    T1] pci 0000:00:01.1: legacy IDE quirk: reg 0x14: [io  0x03f6]
[    1.367704][    T1] pci 0000:00:01.1: legacy IDE quirk: reg 0x18: [io  0x0170-0x0177]
[    1.370128][    T1] pci 0000:00:01.1: legacy IDE quirk: reg 0x1c: [io  0x0376]
[    1.372916][    T1] pci 0000:00:01.3: [8086:7113] type 00 class 0x068000
[    1.376133][    T1] pci 0000:00:01.3: quirk: [io  0x0600-0x063f] claimed by PIIX4 ACPI
[    1.378671][    T1] pci 0000:00:01.3: quirk: [io  0x0700-0x070f] claimed by PIIX4 SMB
[    1.381811][    T1] pci 0000:00:02.0: [1234:1111] type 00 class 0x030000
[    1.387268][    T1] pci 0000:00:02.0: reg 0x10: [mem 0xfd000000-0xfdffffff pref]
[    1.395492][    T1] pci 0000:00:02.0: reg 0x18: [mem 0xfebb0000-0xfebb0fff]
[    1.408249][    T1] pci 0000:00:02.0: reg 0x30: [mem 0xfeba0000-0xfebaffff pref]
[    1.411661][    T1] pci 0000:00:02.0: Video device with shadowed ROM at [mem 0x000c0000-0x000dffff]
[    1.417590][    T1] pci 0000:00:03.0: [1af4:1005] type 00 class 0x00ff00
[    1.422258][    T1] pci 0000:00:03.0: reg 0x10: [io  0xc040-0xc05f]
[    1.432257][    T1] pci 0000:00:03.0: reg 0x20: [mem 0xfe000000-0xfe003fff 64bit pref]
[    1.440757][    T1] pci 0000:00:04.0: [8086:100e] type 00 class 0x020000
[    1.444583][    T1] pci 0000:00:04.0: reg 0x10: [mem 0xfeb80000-0xfeb9ffff]
[    1.448828][    T1] pci 0000:00:04.0: reg 0x14: [io  0xc000-0xc03f]
[    1.461767][    T1] pci 0000:00:04.0: reg 0x30: [mem 0xfeb00000-0xfeb7ffff pref]
[    1.468687][    T1] ACPI: PCI: Interrupt link LNKA configured for IRQ 10
[    1.471504][    T1] ACPI: PCI: Interrupt link LNKB configured for IRQ 10
[    1.472842][    T1] ACPI: PCI: Interrupt link LNKC configured for IRQ 11
[    1.475486][    T1] ACPI: PCI: Interrupt link LNKD configured for IRQ 11
[    1.477889][    T1] ACPI: PCI: Interrupt link LNKS configured for IRQ 9
[    1.482319][    T1] iommu: Default domain type: Translated 
[    1.484112][    T1] iommu: DMA domain TLB invalidation policy: lazy mode 
[    1.487571][    T1] SCSI subsystem initialized
[    1.489335][    T1] libata version 3.00 loaded.
[    1.491089][    T1] ACPI: bus type USB registered
[    1.492389][    T1] usbcore: registered new interface driver usbfs
[    1.494383][    T1] usbcore: registered new interface driver hub
[    1.496364][    T1] usbcore: registered new device driver usb
[    1.498595][    T1] mc: Linux media interface: v0.10
[    1.504559][    T1] videodev: Linux video capture interface: v2.00
[    1.507977][    T1] pps_core: LinuxPPS API ver. 1 registered
[    1.510761][    T1] pps_core: Software ver. 5.3.6 - Copyright 2005-2007 Rodolfo Giometti <giometti@linux.it>
[    1.512319][    T1] PTP clock support registered
[    1.517363][    T1] EDAC MC: Ver: 3.0.0
[    1.521373][    T1] Advanced Linux Sound Architecture Driver Initialized.
[    1.525223][    T1] Bluetooth: Core ver 2.22
[    1.527515][    T1] NET: Registered PF_BLUETOOTH protocol family
[    1.530475][    T1] Bluetooth: HCI device and connection manager initialized
[    1.532315][    T1] Bluetooth: HCI socket layer initialized
[    1.535091][    T1] Bluetooth: L2CAP socket layer initialized
[    1.537980][    T1] Bluetooth: SCO socket layer initialized
[    1.540762][    T1] NET: Registered PF_ATMPVC protocol family
[    1.542270][    T1] NET: Registered PF_ATMSVC protocol family
[    1.545254][    T1] NetLabel: Initializing
[    1.547291][    T1] NetLabel:  domain hash size = 128
[    1.549809][    T1] NetLabel:  protocols = UNLABELED CIPSOv4 CALIPSO
[    1.552468][    T1] NetLabel:  unlabeled traffic allowed by default
[    1.556666][    T1] nfc: nfc_init: NFC Core ver 0.1
[    1.559285][    T1] NET: Registered PF_NFC protocol family
[    1.562067][    T1] PCI: Using ACPI for IRQ routing
[    1.562259][    T1] PCI: pci_cache_line_size set to 64 bytes
[    1.565503][    T1] e820: reserve RAM buffer [mem 0x0009fc00-0x0009ffff]
[    1.568823][    T1] e820: reserve RAM buffer [mem 0x7ffe0000-0x7fffffff]
[    1.572445][    T1] pci 0000:00:02.0: vgaarb: setting as boot VGA device
[    1.575761][    T1] pci 0000:00:02.0: vgaarb: bridge control possible
[    1.578952][    T1] pci 0000:00:02.0: vgaarb: VGA device added: decodes=io+mem,owns=io+mem,locks=none
[    1.582257][    T1] vgaarb: loaded
[    1.588826][    T1] hpet0: at MMIO 0xfed00000, IRQs 2, 8, 0
[    1.590628][    T1] hpet0: 3 comparators, 64-bit 100.000000 MHz counter
[    1.595871][    T1] clocksource: Switched to clocksource kvm-clock
[    1.602236][    T1] VFS: Disk quotas dquot_6.6.0
[    1.602783][    T1] VFS: Dquot-cache hash table entries: 512 (order 0, 4096 bytes)
[    1.605381][    T1] FS-Cache: Loaded
[    1.606978][    T1] CacheFiles: Loaded
[    1.608406][    T1] TOMOYO: 2.6.0
[    1.609448][    T1] Mandatory Access Control activated.
[    1.611941][    T1] AppArmor: AppArmor Filesystem Enabled
[    1.613798][    T1] pnp: PnP ACPI init
[    1.615635][    T1] pnp 00:02: [dma 2]
[    1.618816][    T1] pnp: PnP ACPI: found 6 devices
[    1.637090][    T1] clocksource: acpi_pm: mask: 0xffffff max_cycles: 0xffffff, max_idle_ns: 2085701024 ns
[    1.640432][    T1] NET: Registered PF_INET protocol family
[    1.643100][    T1] IP idents hash table entries: 32768 (order: 6, 262144 bytes, vmalloc)
[    1.648126][    T1] tcp_listen_portaddr_hash hash table entries: 1024 (order: 4, 73728 bytes, vmalloc)
[    1.651548][    T1] Table-perturb hash table entries: 65536 (order: 6, 262144 bytes, vmalloc)
[    1.654845][    T1] TCP established hash table entries: 16384 (order: 5, 131072 bytes, vmalloc)
[    1.664288][    T1] TCP bind hash table entries: 16384 (order: 9, 2359296 bytes, vmalloc)
[    1.668291][    T1] TCP: Hash tables configured (established 16384 bind 16384)
[    1.671342][    T1] MPTCP token hash table entries: 2048 (order: 5, 180224 bytes, vmalloc)
[    1.674364][    T1] UDP hash table entries: 1024 (order: 5, 163840 bytes, vmalloc)
[    1.677061][    T1] UDP-Lite hash table entries: 1024 (order: 5, 163840 bytes, vmalloc)
[    1.679931][    T1] NET: Registered PF_UNIX/PF_LOCAL protocol family
[    1.682776][    T1] RPC: Registered named UNIX socket transport module.
[    1.684842][    T1] RPC: Registered udp transport module.
[    1.686513][    T1] RPC: Registered tcp transport module.
[    1.688152][    T1] RPC: Registered tcp NFSv4.1 backchannel transport module.
[    1.691443][    T1] NET: Registered PF_XDP protocol family
[    1.693281][    T1] pci_bus 0000:00: resource 4 [io  0x0000-0x0cf7 window]
[    1.695395][    T1] pci_bus 0000:00: resource 5 [io  0x0d00-0xffff window]
[    1.697557][    T1] pci_bus 0000:00: resource 6 [mem 0x000a0000-0x000bffff window]
[    1.699857][    T1] pci_bus 0000:00: resource 7 [mem 0x80000000-0xfebfffff window]
[    1.702184][    T1] pci_bus 0000:00: resource 8 [mem 0x100000000-0x17fffffff window]
[    1.704896][    T1] pci 0000:00:01.0: PIIX3: Enabling Passive Release
[    1.706893][    T1] pci 0000:00:00.0: Limiting direct PCI/PCI transfers
[    1.709173][    T1] PCI: CLS 0 bytes, default 64
[    1.713029][    T1] ACPI: bus type thunderbolt registered
[    1.720482][   T62] kworker/u5:1 (62) used greatest stack depth: 13960 bytes left
[    1.723280][    T1] RAPL PMU: API unit is 2^-32 Joules, 0 fixed counters, 10737418240 ms ovfl timer
[    1.750941][    T1] kvm: already loaded vendor module 'kvm_intel'
[    1.752979][    T1] clocksource: tsc: mask: 0xffffffffffffffff max_cycles: 0x21134f58f0d, max_idle_ns: 440795217993 ns
[    1.756802][    T1] clocksource: Switched to clocksource tsc
[    1.774418][   T80] kworker/u6:1 (80) used greatest stack depth: 13528 bytes left
[    7.214928][    T1] Initialise system trusted keyrings
[    7.220626][    T1] workingset: timestamp_bits=40 max_order=19 bucket_order=0
[    7.225303][    T1] DLM installed
[    7.232753][    T1] squashfs: version 4.0 (2009/01/31) Phillip Lougher
[    7.236894][    T1] NFS: Registering the id_resolver key type
[    7.238695][    T1] Key type id_resolver registered
[    7.240216][    T1] Key type id_legacy registered
[    7.241736][    T1] nfs4filelayout_init: NFSv4 File Layout Driver Registering...
[    7.244652][    T1] nfs4flexfilelayout_init: NFSv4 Flexfile Layout Driver Registering...
[    7.250753][    T1] Key type cifs.spnego registered
[    7.252430][    T1] Key type cifs.idmap registered
[    7.254422][    T1] ntfs: driver 2.1.32 [Flags: R/O].
[    7.256058][    T1] ntfs3: Max link count 4000
[    7.257507][    T1] efs: 1.0a - http://aeschi.ch.eu.org/efs/
[    7.259283][    T1] jffs2: version 2.2. (NAND) (SUMMARY)  Â© 2001-2006 Red Hat, Inc.
[    7.262551][    T1] romfs: ROMFS MTD (C) 2007 Red Hat, Inc.
[    7.264365][    T1] QNX4 filesystem 0.2.3 registered.
[    7.265928][    T1] qnx6: QNX6 filesystem 1.0.0 registered.
[    7.268033][    T1] fuse: init (API version 7.38)
[    7.270585][    T1] orangefs_debugfs_init: called with debug mask: :none: :0:
[    7.275033][    T1] orangefs_init: module version upstream loaded
[    7.277071][    T1] JFS: nTxBlock = 8192, nTxLock = 65536
[    7.298177][    T1] SGI XFS with ACLs, security attributes, realtime, quota, fatal assert, debug enabled
[    7.303134][    T1] 9p: Installing v9fs 9p2000 file system support
[    7.305228][    T1] NILFS version 2 loaded
[    7.306498][    T1] befs: version: 0.9.3
[    7.307904][    T1] ocfs2: Registered cluster interface o2cb
[    7.310722][    T1] ocfs2: Registered cluster interface user
[    7.312805][    T1] OCFS2 User DLM kernel interface loaded
[    7.318839][    T1] gfs2: GFS2 installed
[    7.327095][    T1] ceph: loaded (mds proto 32)
[    7.353234][    T1] NET: Registered PF_ALG protocol family
[    7.355019][    T1] xor: automatically using best checksumming function   avx       
[    7.357405][    T1] async_tx: api initialized (async)
[    7.358963][    T1] Key type asymmetric registered
[    7.360456][    T1] Asymmetric key parser 'x509' registered
[    7.362158][    T1] Asymmetric key parser 'pkcs8' registered
[    7.363981][    T1] Key type pkcs7_test registered
[    7.365694][    T1] Block layer SCSI generic (bsg) driver version 0.4 loaded (major 240)
[    7.368760][    T1] io scheduler mq-deadline registered
[    7.370385][    T1] io scheduler kyber registered
[    7.371866][    T1] io scheduler bfq registered
[    7.377408][    T1] input: Power Button as /devices/LNXSYSTM:00/LNXPWRBN:00/input/input0
[    7.392534][    T1] ACPI: button: Power Button [PWRF]
[    7.650707][    T1] ACPI: \_SB_.LNKC: Enabled at IRQ 11
[    7.701956][  T255] kworker/u5:1 (255) used greatest stack depth: 13504 bytes left
[    7.882101][    T1] N_HDLC line discipline registered with maxframe=4096
[    7.891445][    T1] Serial: 8250/16550 driver, 4 ports, IRQ sharing enabled
[    7.894226][    T1] 00:04: ttyS0 at I/O 0x3f8 (irq = 4, base_baud = 115200) is a 16550A
[    7.903822][    T1] Non-volatile memory driver v1.3
[    7.919864][    T1] Linux agpgart interface v0.103
[    7.925228][    T1] ACPI: bus type drm_connector registered
[    7.928257][    T1] [drm] Initialized vgem 1.0.0 20120112 for vgem on minor 0
[    7.936029][    T1] [drm] Initialized vkms 1.0.0 20180514 for vkms on minor 1
[    8.010147][    T1] Console: switching to colour frame buffer device 128x48
[    8.029342][    T1] platform vkms: [drm] fb0: vkmsdrmfb frame buffer device
[    8.032022][    T1] usbcore: registered new interface driver udl
[    8.034122][    T1] bochs-drm 0000:00:02.0: vgaarb: deactivate vga console
[    8.036684][    T1] [drm] Found bochs VGA, ID 0xb0c5.
[    8.038247][    T1] [drm] Framebuffer size 16384 kB @ 0xfd000000, mmio @ 0xfebb0000.
[    8.044469][    T1] [drm] Found EDID data blob.
[    8.046880][    T1] [drm] Initialized bochs-drm 1.0.0 20130925 for 0000:00:02.0 on minor 2
[    8.059651][    T1] fbcon: bochs-drmdrmfb (fb1) is primary device
[    8.059665][    T1] fbcon: Remapping primary device, fb1, to tty 1-63
[    8.525629][    T1] bochs-drm 0000:00:02.0: [drm] fb1: bochs-drmdrmfb frame buffer device
[    8.536522][   T26] Floppy drive(s): fd0 is 2.88M AMI BIOS
[    8.563854][   T26] FDC 0 is a S82078B
[    8.567531][    T1] brd: module loaded
[    8.603594][    T1] loop: module loaded
[    8.655316][    T1] zram: Added device: zram0
[    8.662847][    T1] null_blk: disk nullb0 created
[    8.664344][    T1] null_blk: module loaded
[    8.666044][    T1] Guest personality initialized and is inactive
[    8.668453][    T1] VMCI host device registered (name=vmci, major=10, minor=119)
[    8.670731][    T1] Initialized host personality
[    8.672713][    T1] usbcore: registered new interface driver rtsx_usb
[    8.675545][    T1] usbcore: registered new interface driver viperboard
[    8.678855][    T1] usbcore: registered new interface driver dln2
[    8.681362][    T1] usbcore: registered new interface driver pn533_usb
[    8.685620][    T1] nfcsim 0.2 initialized
[    8.687101][    T1] usbcore: registered new interface driver port100
[    8.690768][    T1] usbcore: registered new interface driver nfcmrvl
[    8.695833][    T1] Loading iSCSI transport class v2.0-870.
[    8.704485][    T1] st: Version 20160209, fixed bufsize 32768, s/g segs 256
[    8.719736][    T1] ata_piix 0000:00:01.1: version 2.13
[    8.728070][    T1] scsi host0: ata_piix
[    8.734103][    T1] scsi host1: ata_piix
[    8.735797][    T1] ata1: PATA max MWDMA2 cmd 0x1f0 ctl 0x3f6 bmdma 0xc060 irq 14
[    8.738088][    T1] ata2: PATA max MWDMA2 cmd 0x170 ctl 0x376 bmdma 0xc068 irq 15
[    8.744633][    T1] Rounding down aligned max_sectors from 4294967295 to 4294967288
[    8.748202][    T1] db_root: cannot open: /etc/target
[    8.750549][    T1] slram: not enough parameters.
[    8.754671][    T1] ftl_cs: FTL header not found.
[    8.767112][    T1] wireguard: WireGuard 1.0.0 loaded. See www.wireguard.com for information.
[    8.769752][    T1] wireguard: Copyright (C) 2015-2019 Jason A. Donenfeld <Jason@zx2c4.com>. All Rights Reserved.
[    8.784867][    T1] eql: Equalizer2002: Simon Janes (simon@ncm.com) and David S. Miller (davem@redhat.com)
[    8.790413][    T1] MACsec IEEE 802.1AE
[    8.798287][    T1] tun: Universal TUN/TAP device driver, 1.6
[    8.803101][    T1] vcan: Virtual CAN interface driver
[    8.804711][    T1] vxcan: Virtual CAN Tunnel driver
[    8.806253][    T1] slcan: serial line CAN interface driver
[    8.807969][    T1] CAN device driver interface
[    8.810674][    T1] usbcore: registered new interface driver usb_8dev
[    8.812807][    T1] usbcore: registered new interface driver ems_usb
[    8.814903][    T1] usbcore: registered new interface driver gs_usb
[    8.816989][    T1] usbcore: registered new interface driver kvaser_usb
[    8.819691][    T1] usbcore: registered new interface driver mcba_usb
[    8.822354][    T1] usbcore: registered new interface driver peak_usb
[    8.824960][    T1] e100: Intel(R) PRO/100 Network Driver
[    8.826647][    T1] e100: Copyright(c) 1999-2006 Intel Corporation
[    8.829425][    T1] e1000: Intel(R) PRO/1000 Network Driver
[    8.831129][    T1] e1000: Copyright (c) 1999-2006 Intel Corporation.
[    8.902790][  T977] ata2: found unknown device (class 0)
[    8.905264][  T972] ata1: found unknown device (class 0)
[    8.907943][  T972] ata1.00: ATA-7: QEMU HARDDISK, 2.5+, max UDMA/100
[    8.909912][  T972] ata1.00: 41924608 sectors, multi 16: LBA48 
[    8.922895][  T977] ata2.00: ATAPI: QEMU DVD-ROM, 2.5+, max UDMA/100
[    8.927308][   T66] scsi 0:0:0:0: Direct-Access     ATA      QEMU HARDDISK    2.5+ PQ: 0 ANSI: 5
[    8.932503][   T33] sd 0:0:0:0: [sda] 41924608 512-byte logical blocks: (21.5 GB/20.0 GiB)
[    8.935442][   T66] sd 0:0:0:0: Attached scsi generic sg0 type 0
[    8.937473][   T33] sd 0:0:0:0: [sda] Write Protect is off
[    8.939190][   T33] sd 0:0:0:0: [sda] Mode Sense: 00 3a 00 00
[    8.941891][   T26] scsi 1:0:0:0: CD-ROM            QEMU     QEMU DVD-ROM     2.5+ PQ: 0 ANSI: 5
[    8.948807][   T33] sd 0:0:0:0: [sda] Write cache: enabled, read cache: enabled, doesn't support DPO or FUA
[    8.952621][   T33] sd 0:0:0:0: [sda] Preferred minimum I/O size 512 bytes
[    9.028052][   T33] sd 0:0:0:0: [sda] Attached SCSI disk
[    9.083795][   T26] sr 1:0:0:0: [sr0] scsi3-mmc drive: 4x/4x cd/rw xa/form2 tray
[    9.086084][   T26] cdrom: Uniform CD-ROM driver Revision: 3.20
[    9.095108][    T1] ACPI: \_SB_.LNKD: Enabled at IRQ 10
[    9.125736][   T26] sr 1:0:0:0: Attached scsi CD-ROM sr0
[    9.128009][   T26] sr 1:0:0:0: Attached scsi generic sg1 type 5
[    9.552032][    T1] e1000 0000:00:04.0 eth0: (PCI:33MHz:32-bit) 52:54:00:12:34:56
[    9.554471][    T1] e1000 0000:00:04.0 eth0: Intel(R) PRO/1000 Network Connection
[    9.557412][    T1] e1000e: Intel(R) PRO/1000 Network Driver
[    9.559157][    T1] e1000e: Copyright(c) 1999 - 2015 Intel Corporation.
[    9.562769][    T1] mkiss: AX.25 Multikiss, Hans Albas PE1AYX
[    9.564565][    T1] AX.25: 6pack driver, Revision: 0.3.0
[    9.566234][    T1] AX.25: bpqether driver version 004
[    9.567804][    T1] PPP generic driver version 2.4.2
[    9.570114][    T1] PPP BSD Compression module registered
[    9.571789][    T1] PPP Deflate Compression module registered
[    9.573625][    T1] PPP MPPE Compression module registered
[    9.575307][    T1] NET: Registered PF_PPPOX protocol family
[    9.577071][    T1] PPTP driver version 0.8.5
[    9.579363][    T1] SLIP: version 0.8.4-NET3.019-NEWTTY (dynamic channels, max=256) (6 bit encapsulation enabled).
[    9.583086][    T1] CSLIP: code copyright 1989 Regents of the University of California.
[    9.585532][    T1] SLIP linefill/keepalive option.
[    9.587077][    T1] hdlc: HDLC support module revision 1.22
[    9.588832][    T1] LAPB Ethernet driver version 0.02
[    9.590905][    T1] usbcore: registered new interface driver ath9k_htc
[    9.593125][    T1] usbcore: registered new interface driver carl9170
[    9.596032][    T1] usbcore: registered new interface driver ath6kl_usb
[    9.598711][    T1] usbcore: registered new interface driver ar5523
[    9.601185][    T1] usbcore: registered new interface driver ath10k_usb
[    9.603752][    T1] mac80211_hwsim: initializing netlink
[    9.606952][    T1] ieee80211 phy0: Selected rate control algorithm 'minstrel_ht'
[    9.616935][    T1] ieee80211 phy1: Selected rate control algorithm 'minstrel_ht'
[    9.626657][    T1] usbcore: registered new interface driver atusb
[    9.634105][    T1] mac802154_hwsim mac802154_hwsim: Added 2 mac802154 hwsim hardware radios
[    9.637320][    T1] VMware vmxnet3 virtual NIC driver - version 1.7.0.0-k-NAPI
[    9.643387][    T1] usbcore: registered new interface driver catc
[    9.645421][    T1] usbcore: registered new interface driver kaweth
[    9.647347][    T1] pegasus: Pegasus/Pegasus II USB Ethernet driver
[    9.649942][    T1] usbcore: registered new interface driver pegasus
[    9.652978][    T1] usbcore: registered new interface driver rtl8150
[    9.655418][    T1] usbcore: registered new interface driver r8152
[    9.657327][    T1] hso: drivers/net/usb/hso.c: Option Wireless
[    9.659536][    T1] usbcore: registered new interface driver hso
[    9.661751][    T1] usbcore: registered new interface driver lan78xx
[    9.665246][    T1] usbcore: registered new interface driver asix
[    9.667508][    T1] usbcore: registered new interface driver ax88179_178a
[    9.670203][    T1] usbcore: registered new interface driver cdc_ether
[    9.672626][    T1] usbcore: registered new interface driver cdc_eem
[    9.674716][    T1] usbcore: registered new interface driver dm9601
[    9.676989][    T1] usbcore: registered new interface driver sr9700
[    9.679543][    T1] usbcore: registered new interface driver CoreChips
[    9.681894][    T1] usbcore: registered new interface driver smsc75xx
[    9.684267][    T1] usbcore: registered new interface driver smsc95xx
[    9.686606][    T1] usbcore: registered new interface driver gl620a
[    9.688898][    T1] usbcore: registered new interface driver net1080
[    9.691232][    T1] usbcore: registered new interface driver plusb
[    9.693804][    T1] usbcore: registered new interface driver rndis_host
[    9.696219][    T1] usbcore: registered new interface driver cdc_subset
[    9.698590][    T1] usbcore: registered new interface driver zaurus
[    9.700623][    T1] usbcore: registered new interface driver MOSCHIP usb-ethernet driver
[    9.703534][    T1] usbcore: registered new interface driver int51x1
[    9.706110][    T1] usbcore: registered new interface driver cdc_phonet
[    9.708524][    T1] usbcore: registered new interface driver kalmia
[    9.710821][    T1] usbcore: registered new interface driver ipheth
[    9.713275][    T1] usbcore: registered new interface driver sierra_net
[    9.715668][    T1] usbcore: registered new interface driver cx82310_eth
[    9.718345][    T1] usbcore: registered new interface driver cdc_ncm
[    9.720667][    T1] usbcore: registered new interface driver huawei_cdc_ncm
[    9.723025][    T1] usbcore: registered new interface driver lg-vl600
[    9.725333][    T1] usbcore: registered new interface driver qmi_wwan
[    9.727475][    T1] usbcore: registered new interface driver cdc_mbim
[    9.729950][    T1] usbcore: registered new interface driver ch9200
[    9.732354][    T1] usbcore: registered new interface driver r8153_ecm
[    9.737599][    T1] VFIO - User Level meta-driver version: 0.3
[    9.742671][    T1] aoe: AoE v85 initialised.
[    9.751273][    T1] SPI driver max3421-hcd has no spi_device_id for maxim,max3421
[    9.763752][    T1] usbcore: registered new interface driver cdc_acm
[    9.766760][    T1] cdc_acm: USB Abstract Control Model driver for USB modems and ISDN adapters
[    9.770550][    T1] usbcore: registered new interface driver usblp
[    9.774131][    T1] usbcore: registered new interface driver cdc_wdm
[    9.776212][    T1] usbcore: registered new interface driver usbtmc
[    9.778699][    T1] usbcore: registered new interface driver uas
[    9.781049][    T1] usbcore: registered new interface driver usb-storage
[    9.783829][    T1] usbcore: registered new interface driver ums-alauda
[    9.785976][    T1] usbcore: registered new interface driver ums-cypress
[    9.788438][    T1] usbcore: registered new interface driver ums-datafab
[    9.790895][    T1] usbcore: registered new interface driver ums_eneub6250
[    9.793682][    T1] usbcore: registered new interface driver ums-freecom
[    9.796116][    T1] usbcore: registered new interface driver ums-isd200
[    9.798546][    T1] usbcore: registered new interface driver ums-jumpshot
[    9.800994][    T1] usbcore: registered new interface driver ums-karma
[    9.803461][    T1] usbcore: registered new interface driver ums-onetouch
[    9.805903][    T1] usbcore: registered new interface driver ums-realtek
[    9.808597][    T1] usbcore: registered new interface driver ums-sddr09
[    9.810969][    T1] usbcore: registered new interface driver ums-sddr55
[    9.813191][    T1] usbcore: registered new interface driver ums-usbat
[    9.815602][    T1] usbcore: registered new interface driver mdc800
[    9.817504][    T1] mdc800: v0.7.5 (30/10/2000):USB Driver for Mustek MDC800 Digital Camera
[    9.820855][    T1] usbcore: registered new interface driver microtekX6
[    9.823580][    T1] usbcore: registered new interface driver usbserial_generic
[    9.825946][    T1] usbserial: USB Serial support registered for generic
[    9.828643][    T1] usbcore: registered new interface driver aircable
[    9.831254][    T1] usbserial: USB Serial support registered for aircable
[    9.833840][    T1] usbcore: registered new interface driver ark3116
[    9.836141][    T1] usbserial: USB Serial support registered for ark3116
[    9.838313][    T1] usbcore: registered new interface driver belkin_sa
[    9.840690][    T1] usbserial: USB Serial support registered for Belkin / Peracom / GoHubs USB Serial Adapter
[    9.844573][    T1] usbcore: registered new interface driver ch341
[    9.846853][    T1] usbserial: USB Serial support registered for ch341-uart
[    9.849380][    T1] usbcore: registered new interface driver cp210x
[    9.851418][    T1] usbserial: USB Serial support registered for cp210x
[    9.853662][    T1] usbcore: registered new interface driver cyberjack
[    9.855931][    T1] usbserial: USB Serial support registered for Reiner SCT Cyberjack USB card reader
[    9.858879][    T1] usbcore: registered new interface driver cypress_m8
[    9.861446][    T1] usbserial: USB Serial support registered for DeLorme Earthmate USB
[    9.864599][    T1] usbserial: USB Serial support registered for HID->COM RS232 Adapter
[    9.867136][    T1] usbserial: USB Serial support registered for Nokia CA-42 V2 Adapter
[    9.870009][    T1] usbcore: registered new interface driver usb_debug
[    9.872683][    T1] usbserial: USB Serial support registered for debug
[    9.875065][    T1] usbserial: USB Serial support registered for xhci_dbc
[    9.877534][    T1] usbcore: registered new interface driver digi_acceleport
[    9.879799][    T1] usbserial: USB Serial support registered for Digi 2 port USB adapter
[    9.883106][    T1] usbserial: USB Serial support registered for Digi 4 port USB adapter
[    9.885814][    T1] usbcore: registered new interface driver io_edgeport
[    9.888403][    T1] usbserial: USB Serial support registered for Edgeport 2 port adapter
[    9.891551][    T1] usbserial: USB Serial support registered for Edgeport 4 port adapter
[    9.894558][    T1] usbserial: USB Serial support registered for Edgeport 8 port adapter
[    9.897788][    T1] usbserial: USB Serial support registered for EPiC device
[    9.900447][    T1] usbcore: registered new interface driver io_ti
[    9.902928][    T1] usbserial: USB Serial support registered for Edgeport TI 1 port adapter
[    9.905714][    T1] usbserial: USB Serial support registered for Edgeport TI 2 port adapter
[    9.908366][    T1] usbcore: registered new interface driver empeg
[    9.910738][    T1] usbserial: USB Serial support registered for empeg
[    9.913480][    T1] usbcore: registered new interface driver f81534a_ctrl
[    9.915955][    T1] usbcore: registered new interface driver f81232
[    9.917996][    T1] usbserial: USB Serial support registered for f81232
[    9.920401][    T1] usbserial: USB Serial support registered for f81534a
[    9.922878][    T1] usbcore: registered new interface driver f81534
[    9.925706][    T1] usbserial: USB Serial support registered for Fintek F81532/F81534
[    9.928602][    T1] usbcore: registered new interface driver ftdi_sio
[    9.931220][    T1] usbserial: USB Serial support registered for FTDI USB Serial Device
[    9.934376][    T1] usbcore: registered new interface driver garmin_gps
[    9.936519][    T1] usbserial: USB Serial support registered for Garmin GPS usb/tty
[    9.939003][    T1] usbcore: registered new interface driver ipaq
[    9.941601][    T1] usbserial: USB Serial support registered for PocketPC PDA
[    9.944495][    T1] usbcore: registered new interface driver ipw
[    9.946453][    T1] usbserial: USB Serial support registered for IPWireless converter
[    9.949278][    T1] usbcore: registered new interface driver ir_usb
[    9.951573][    T1] usbserial: USB Serial support registered for IR Dongle
[    9.954623][    T1] usbcore: registered new interface driver iuu_phoenix
[    9.957206][    T1] usbserial: USB Serial support registered for iuu_phoenix
[    9.961347][    T1] usbcore: registered new interface driver keyspan
[    9.963894][    T1] usbserial: USB Serial support registered for Keyspan - (without firmware)
[    9.966602][    T1] usbserial: USB Serial support registered for Keyspan 1 port adapter
[    9.969452][    T1] usbserial: USB Serial support registered for Keyspan 2 port adapter
[    9.972613][    T1] usbserial: USB Serial support registered for Keyspan 4 port adapter
[    9.975488][    T1] usbcore: registered new interface driver keyspan_pda
[    9.977693][    T1] usbserial: USB Serial support registered for Keyspan PDA
[    9.980471][    T1] usbserial: USB Serial support registered for Keyspan PDA - (prerenumeration)
[    9.984069][    T1] usbcore: registered new interface driver kl5kusb105
[    9.986297][    T1] usbserial: USB Serial support registered for KL5KUSB105D / PalmConnect
[    9.989352][    T1] usbcore: registered new interface driver kobil_sct
[    9.992148][    T1] usbserial: USB Serial support registered for KOBIL USB smart card terminal
[    9.995800][    T1] usbcore: registered new interface driver mct_u232
[    9.997900][    T1] usbserial: USB Serial support registered for MCT U232
[   10.000322][    T1] usbcore: registered new interface driver metro_usb
[   10.002669][    T1] usbserial: USB Serial support registered for Metrologic USB to Serial
[   10.005362][    T1] usbcore: registered new interface driver mos7720
[   10.007462][    T1] usbserial: USB Serial support registered for Moschip 2 port adapter
[   10.010414][    T1] usbcore: registered new interface driver mos7840
[   10.013083][    T1] usbserial: USB Serial support registered for Moschip 7840/7820 USB Serial Driver
[   10.016286][    T1] usbcore: registered new interface driver mxuport
[   10.018621][    T1] usbserial: USB Serial support registered for MOXA UPort
[   10.021146][    T1] usbcore: registered new interface driver navman
[   10.023271][    T1] usbserial: USB Serial support registered for navman
[   10.025693][    T1] usbcore: registered new interface driver omninet
[   10.028329][    T1] usbserial: USB Serial support registered for ZyXEL - omni.net usb
[   10.031188][    T1] usbcore: registered new interface driver opticon
[   10.033300][    T1] usbserial: USB Serial support registered for opticon
[   10.035734][    T1] usbcore: registered new interface driver option
[   10.037784][    T1] usbserial: USB Serial support registered for GSM modem (1-port)
[   10.040743][    T1] usbcore: registered new interface driver oti6858
[   10.043807][    T1] usbserial: USB Serial support registered for oti6858
[   10.046030][    T1] usbcore: registered new interface driver pl2303
[   10.048656][    T1] usbserial: USB Serial support registered for pl2303
[   10.051594][    T1] usbcore: registered new interface driver qcaux
[   10.054055][    T1] usbserial: USB Serial support registered for qcaux
[   10.056323][    T1] usbcore: registered new interface driver qcserial
[   10.058862][    T1] usbserial: USB Serial support registered for Qualcomm USB modem
[   10.061855][    T1] usbcore: registered new interface driver quatech2
[   10.064504][    T1] usbserial: USB Serial support registered for Quatech 2nd gen USB to Serial Driver
[   10.067892][    T1] usbcore: registered new interface driver safe_serial
[   10.070449][    T1] usbserial: USB Serial support registered for safe_serial
[   10.072829][    T1] usbcore: registered new interface driver sierra
[   10.075334][    T1] usbserial: USB Serial support registered for Sierra USB modem
[   10.078412][    T1] usbcore: registered new interface driver usb_serial_simple
[   10.081076][    T1] usbserial: USB Serial support registered for carelink
[   10.084306][    T1] usbserial: USB Serial support registered for zio
[   10.086528][    T1] usbserial: USB Serial support registered for funsoft
[   10.088998][    T1] usbserial: USB Serial support registered for flashloader
[   10.091984][    T1] usbserial: USB Serial support registered for google
[   10.094557][    T1] usbserial: USB Serial support registered for libtransistor
[   10.097254][    T1] usbserial: USB Serial support registered for vivopay
[   10.099564][    T1] usbserial: USB Serial support registered for moto_modem
[   10.102092][    T1] usbserial: USB Serial support registered for motorola_tetra
[   10.105524][    T1] usbserial: USB Serial support registered for nokia
[   10.107840][    T1] usbserial: USB Serial support registered for novatel_gps
[   10.110551][    T1] usbserial: USB Serial support registered for hp4x
[   10.113428][    T1] usbserial: USB Serial support registered for suunto
[   10.116000][    T1] usbserial: USB Serial support registered for siemens_mpi
[   10.118667][    T1] usbcore: registered new interface driver spcp8x5
[   10.120763][    T1] usbserial: USB Serial support registered for SPCP8x5
[   10.123432][    T1] usbcore: registered new interface driver ssu100
[   10.125794][    T1] usbserial: USB Serial support registered for Quatech SSU-100 USB to Serial Driver
[   10.129392][    T1] usbcore: registered new interface driver symbolserial
[   10.132054][    T1] usbserial: USB Serial support registered for symbol
[   10.134995][    T1] usbcore: registered new interface driver ti_usb_3410_5052
[   10.137305][    T1] usbserial: USB Serial support registered for TI USB 3410 1 port adapter
[   10.140448][    T1] usbserial: USB Serial support registered for TI USB 5052 2 port adapter
[   10.143502][    T1] usbcore: registered new interface driver upd78f0730
[   10.145714][    T1] usbserial: USB Serial support registered for upd78f0730
[   10.148377][    T1] usbcore: registered new interface driver visor
[   10.150700][    T1] usbserial: USB Serial support registered for Handspring Visor / Palm OS
[   10.154269][    T1] usbserial: USB Serial support registered for Sony Clie 5.0
[   10.156591][    T1] usbserial: USB Serial support registered for Sony Clie 3.5
[   10.158928][    T1] usbcore: registered new interface driver wishbone_serial
[   10.161515][    T1] usbserial: USB Serial support registered for wishbone_serial
[   10.164527][    T1] usbcore: registered new interface driver whiteheat
[   10.166670][    T1] usbserial: USB Serial support registered for Connect Tech - WhiteHEAT - (prerenumeration)
[   10.170375][    T1] usbserial: USB Serial support registered for Connect Tech - WhiteHEAT
[   10.173361][    T1] usbcore: registered new interface driver xr_serial
[   10.175769][    T1] usbserial: USB Serial support registered for xr_serial
[   10.178023][    T1] usbcore: registered new interface driver xsens_mt
[   10.180398][    T1] usbserial: USB Serial support registered for xsens_mt
[   10.182923][    T1] usbcore: registered new interface driver adutux
[   10.185122][    T1] usbcore: registered new interface driver appledisplay
[   10.187638][    T1] usbcore: registered new interface driver cypress_cy7c63
[   10.190415][    T1] usbcore: registered new interface driver cytherm
[   10.193279][    T1] usbcore: registered new interface driver emi26 - firmware loader
[   10.196221][    T1] usbcore: registered new interface driver emi62 - firmware loader
[   10.199217][    T1] usbcore: registered new interface driver idmouse
[   10.201598][    T1] usbcore: registered new interface driver iowarrior
[   10.203901][    T1] usbcore: registered new interface driver isight_firmware
[   10.206612][    T1] usbcore: registered new interface driver usblcd
[   10.209243][    T1] usbcore: registered new interface driver ldusb
[   10.211652][    T1] usbcore: registered new interface driver legousbtower
[   10.214407][    T1] usbcore: registered new interface driver usbtest
[   10.216836][    T1] usbcore: registered new interface driver usb_ehset_test
[   10.219837][    T1] usbcore: registered new interface driver trancevibrator
[   10.222457][    T1] usbcore: registered new interface driver uss720
[   10.224484][    T1] uss720: USB Parport Cable driver for Cables using the Lucent Technologies USS720 Chip
[   10.227426][    T1] uss720: NOTE: this is a special purpose driver to allow nonstandard
[   10.229860][    T1] uss720: protocols (eg. bitbang) over USS720 usb to parallel cables
[   10.232346][    T1] uss720: If you just want to connect to a printer, use usblp instead
[   10.234958][    T1] usbcore: registered new interface driver usbsevseg
[   10.237117][    T1] usbcore: registered new interface driver yurex
[   10.240129][    T1] usbcore: registered new interface driver chaoskey
[   10.242357][    T1] usbcore: registered new interface driver sisusb
[   10.245477][    T1] usbcore: registered new interface driver lvs
[   10.248749][    T1] usbcore: registered new interface driver cxacru
[   10.250837][    T1] usbcore: registered new interface driver speedtch
[   10.252999][    T1] usbcore: registered new interface driver ueagle-atm
[   10.255078][    T1] xusbatm: malformed module parameters
[   10.259222][    T1] dummy_hcd dummy_hcd.0: USB Host+Gadget Emulator, driver 02 May 2005
[   10.261738][    T1] dummy_hcd dummy_hcd.0: Dummy host controller
[   10.266775][    T1] dummy_hcd dummy_hcd.0: new USB bus registered, assigned bus number 1
[   10.269595][    T1] usb usb1: New USB device found, idVendor=1d6b, idProduct=0002, bcdDevice= 6.02
[   10.272420][    T1] usb usb1: New USB device strings: Mfr=3, Product=2, SerialNumber=1
[   10.275097][    T1] usb usb1: Product: Dummy host controller
[   10.276873][    T1] usb usb1: Manufacturer: Linux 6.2.0 dummy_hcd
[   10.278884][    T1] usb usb1: SerialNumber: dummy_hcd.0
[   10.281711][    T1] hub 1-0:1.0: USB hub found
[   10.283339][    T1] hub 1-0:1.0: 1 port detected
[   10.286822][    T1] dummy_hcd dummy_hcd.1: USB Host+Gadget Emulator, driver 02 May 2005
[   10.289339][    T1] dummy_hcd dummy_hcd.1: Dummy host controller
[   10.291847][    T1] dummy_hcd dummy_hcd.1: new USB bus registered, assigned bus number 2
[   10.295144][    T1] usb usb2: New USB device found, idVendor=1d6b, idProduct=0002, bcdDevice= 6.02
[   10.297918][    T1] usb usb2: New USB device strings: Mfr=3, Product=2, SerialNumber=1
[   10.300325][    T1] usb usb2: Product: Dummy host controller
[   10.302063][    T1] usb usb2: Manufacturer: Linux 6.2.0 dummy_hcd
[   10.305016][    T1] usb usb2: SerialNumber: dummy_hcd.1
[   10.307548][    T1] hub 2-0:1.0: USB hub found
[   10.308999][    T1] hub 2-0:1.0: 1 port detected
[   10.312643][    T1] dummy_hcd dummy_hcd.2: USB Host+Gadget Emulator, driver 02 May 2005
[   10.315116][    T1] dummy_hcd dummy_hcd.2: Dummy host controller
[   10.318308][    T1] dummy_hcd dummy_hcd.2: new USB bus registered, assigned bus number 3
[   10.320982][    T1] usb usb3: New USB device found, idVendor=1d6b, idProduct=0002, bcdDevice= 6.02
[   10.323791][    T1] usb usb3: New USB device strings: Mfr=3, Product=2, SerialNumber=1
[   10.326256][    T1] usb usb3: Product: Dummy host controller
[   10.327985][    T1] usb usb3: Manufacturer: Linux 6.2.0 dummy_hcd
[   10.329874][    T1] usb usb3: SerialNumber: dummy_hcd.2
[   10.332900][    T1] hub 3-0:1.0: USB hub found
[   10.334483][    T1] hub 3-0:1.0: 1 port detected
[   10.337432][    T1] dummy_hcd dummy_hcd.3: USB Host+Gadget Emulator, driver 02 May 2005
[   10.340020][    T1] dummy_hcd dummy_hcd.3: Dummy host controller
[   10.342486][    T1] dummy_hcd dummy_hcd.3: new USB bus registered, assigned bus number 4
[   10.345224][    T1] usb usb4: New USB device found, idVendor=1d6b, idProduct=0002, bcdDevice= 6.02
[   10.347938][    T1] usb usb4: New USB device strings: Mfr=3, Product=2, SerialNumber=1
[   10.350353][    T1] usb usb4: Product: Dummy host controller
[   10.352079][    T1] usb usb4: Manufacturer: Linux 6.2.0 dummy_hcd
[   10.354382][    T1] usb usb4: SerialNumber: dummy_hcd.3
[   10.356859][    T1] hub 4-0:1.0: USB hub found
[   10.358374][    T1] hub 4-0:1.0: 1 port detected
[   10.361247][    T1] dummy_hcd dummy_hcd.4: USB Host+Gadget Emulator, driver 02 May 2005
[   10.363916][    T1] dummy_hcd dummy_hcd.4: Dummy host controller
[   10.366361][    T1] dummy_hcd dummy_hcd.4: new USB bus registered, assigned bus number 5
[   10.369044][    T1] usb usb5: New USB device found, idVendor=1d6b, idProduct=0002, bcdDevice= 6.02
[   10.371888][    T1] usb usb5: New USB device strings: Mfr=3, Product=2, SerialNumber=1
[   10.375118][    T1] usb usb5: Product: Dummy host controller
[   10.376896][    T1] usb usb5: Manufacturer: Linux 6.2.0 dummy_hcd
[   10.378900][    T1] usb usb5: SerialNumber: dummy_hcd.4
[   10.381528][    T1] hub 5-0:1.0: USB hub found
[   10.383177][    T1] hub 5-0:1.0: 1 port detected
[   10.386095][    T1] dummy_hcd dummy_hcd.5: USB Host+Gadget Emulator, driver 02 May 2005
[   10.388690][    T1] dummy_hcd dummy_hcd.5: Dummy host controller
[   10.391071][    T1] dummy_hcd dummy_hcd.5: new USB bus registered, assigned bus number 6
[   10.393860][    T1] usb usb6: New USB device found, idVendor=1d6b, idProduct=0002, bcdDevice= 6.02
[   10.396617][    T1] usb usb6: New USB device strings: Mfr=3, Product=2, SerialNumber=1
[   10.399036][    T1] usb usb6: Product: Dummy host controller
[   10.400774][    T1] usb usb6: Manufacturer: Linux 6.2.0 dummy_hcd
[   10.403354][    T1] usb usb6: SerialNumber: dummy_hcd.5
[   10.405825][    T1] hub 6-0:1.0: USB hub found
[   10.407313][    T1] hub 6-0:1.0: 1 port detected
[   10.410117][    T1] dummy_hcd dummy_hcd.6: USB Host+Gadget Emulator, driver 02 May 2005
[   10.413736][    T1] dummy_hcd dummy_hcd.6: Dummy host controller
[   10.416209][    T1] dummy_hcd dummy_hcd.6: new USB bus registered, assigned bus number 7
[   10.418877][    T1] usb usb7: New USB device found, idVendor=1d6b, idProduct=0002, bcdDevice= 6.02
[   10.421622][    T1] usb usb7: New USB device strings: Mfr=3, Product=2, SerialNumber=1
[   10.424378][    T1] usb usb7: Product: Dummy host controller
[   10.426133][    T1] usb usb7: Manufacturer: Linux 6.2.0 dummy_hcd
[   10.428009][    T1] usb usb7: SerialNumber: dummy_hcd.6
[   10.430435][    T1] hub 7-0:1.0: USB hub found
[   10.431873][    T1] hub 7-0:1.0: 1 port detected
[   10.434920][    T1] dummy_hcd dummy_hcd.7: USB Host+Gadget Emulator, driver 02 May 2005
[   10.437417][    T1] dummy_hcd dummy_hcd.7: Dummy host controller
[   10.439863][    T1] dummy_hcd dummy_hcd.7: new USB bus registered, assigned bus number 8
[   10.442910][    T1] usb usb8: New USB device found, idVendor=1d6b, idProduct=0002, bcdDevice= 6.02
[   10.445646][    T1] usb usb8: New USB device strings: Mfr=3, Product=2, SerialNumber=1
[   10.448057][    T1] usb usb8: Product: Dummy host controller
[   10.449796][    T1] usb usb8: Manufacturer: Linux 6.2.0 dummy_hcd
[   10.451654][    T1] usb usb8: SerialNumber: dummy_hcd.7
[   10.454511][    T1] hub 8-0:1.0: USB hub found
[   10.455959][    T1] hub 8-0:1.0: 1 port detected
[   10.466827][    T1] gadgetfs: USB Gadget filesystem, version 24 Aug 2004
[   10.469938][    T1] vhci_hcd vhci_hcd.0: USB/IP Virtual Host Controller
[   10.472502][    T1] vhci_hcd vhci_hcd.0: new USB bus registered, assigned bus number 9
[   10.475175][    T1] vhci_hcd: created sysfs vhci_hcd.0
[   10.477948][    T1] usb usb9: New USB device found, idVendor=1d6b, idProduct=0002, bcdDevice= 6.02
[   10.480710][    T1] usb usb9: New USB device strings: Mfr=3, Product=2, SerialNumber=1
[   10.483138][    T1] usb usb9: Product: USB/IP Virtual Host Controller
[   10.485109][    T1] usb usb9: Manufacturer: Linux 6.2.0 vhci_hcd
[   10.486947][    T1] usb usb9: SerialNumber: vhci_hcd.0
[   10.489379][    T1] hub 9-0:1.0: USB hub found
[   10.490838][    T1] hub 9-0:1.0: 8 ports detected
[   10.495993][    T1] vhci_hcd vhci_hcd.0: USB/IP Virtual Host Controller
[   10.498374][    T1] vhci_hcd vhci_hcd.0: new USB bus registered, assigned bus number 10
[   10.501711][    T1] usb usb10: We don't know the algorithms for LPM for this host, disabling LPM.
[   10.504594][    T1] usb usb10: New USB device found, idVendor=1d6b, idProduct=0003, bcdDevice= 6.02
[   10.507376][    T1] usb usb10: New USB device strings: Mfr=3, Product=2, SerialNumber=1
[   10.509847][    T1] usb usb10: Product: USB/IP Virtual Host Controller
[   10.511873][    T1] usb usb10: Manufacturer: Linux 6.2.0 vhci_hcd
[   10.513833][    T1] usb usb10: SerialNumber: vhci_hcd.0
[   10.516297][    T1] hub 10-0:1.0: USB hub found
[   10.517746][    T1] hub 10-0:1.0: 8 ports detected
[   10.522193][    T1] vhci_hcd vhci_hcd.1: USB/IP Virtual Host Controller
[   10.524865][    T1] vhci_hcd vhci_hcd.1: new USB bus registered, assigned bus number 11
[   10.528553][    T1] usb usb11: New USB device found, idVendor=1d6b, idProduct=0002, bcdDevice= 6.02
[   10.531343][    T1] usb usb11: New USB device strings: Mfr=3, Product=2, SerialNumber=1
[   10.533820][    T1] usb usb11: Product: USB/IP Virtual Host Controller
[   10.535804][    T1] usb usb11: Manufacturer: Linux 6.2.0 vhci_hcd
[   10.537668][    T1] usb usb11: SerialNumber: vhci_hcd.1
[   10.540117][    T1] hub 11-0:1.0: USB hub found
[   10.541582][    T1] hub 11-0:1.0: 8 ports detected
[   10.545716][    T1] vhci_hcd vhci_hcd.1: USB/IP Virtual Host Controller
[   10.548086][    T1] vhci_hcd vhci_hcd.1: new USB bus registered, assigned bus number 12
[   10.551449][    T1] usb usb12: We don't know the algorithms for LPM for this host, disabling LPM.
[   10.554375][    T1] usb usb12: New USB device found, idVendor=1d6b, idProduct=0003, bcdDevice= 6.02
[   10.557131][    T1] usb usb12: New USB device strings: Mfr=3, Product=2, SerialNumber=1
[   10.559586][    T1] usb usb12: Product: USB/IP Virtual Host Controller
[   10.561574][    T1] usb usb12: Manufacturer: Linux 6.2.0 vhci_hcd
[   10.563833][    T1] usb usb12: SerialNumber: vhci_hcd.1
[   10.566292][    T1] hub 12-0:1.0: USB hub found
[   10.567737][    T1] hub 12-0:1.0: 8 ports detected
[   10.572124][    T1] vhci_hcd vhci_hcd.2: USB/IP Virtual Host Controller
[   10.575019][    T1] vhci_hcd vhci_hcd.2: new USB bus registered, assigned bus number 13
[   10.578723][    T1] usb usb13: New USB device found, idVendor=1d6b, idProduct=0002, bcdDevice= 6.02
[   10.581492][    T1] usb usb13: New USB device strings: Mfr=3, Product=2, SerialNumber=1
[   10.583974][    T1] usb usb13: Product: USB/IP Virtual Host Controller
[   10.585969][    T1] usb usb13: Manufacturer: Linux 6.2.0 vhci_hcd
[   10.587852][    T1] usb usb13: SerialNumber: vhci_hcd.2
[   10.590321][    T1] hub 13-0:1.0: USB hub found
[   10.591785][    T1] hub 13-0:1.0: 8 ports detected
[   10.595511][    T1] vhci_hcd vhci_hcd.2: USB/IP Virtual Host Controller
[   10.597937][    T1] vhci_hcd vhci_hcd.2: new USB bus registered, assigned bus number 14
[   10.601719][    T1] usb usb14: We don't know the algorithms for LPM for this host, disabling LPM.
[   10.605804][    T1] usb usb14: New USB device found, idVendor=1d6b, idProduct=0003, bcdDevice= 6.02
[   10.609655][    T1] usb usb14: New USB device strings: Mfr=3, Product=2, SerialNumber=1
[   10.613880][    T1] usb usb14: Product: USB/IP Virtual Host Controller
[   10.616782][    T1] usb usb14: Manufacturer: Linux 6.2.0 vhci_hcd
[   10.619524][    T1] usb usb14: SerialNumber: vhci_hcd.2
[   10.623186][    T1] hub 14-0:1.0: USB hub found
[   10.625359][    T1] hub 14-0:1.0: 8 ports detected
[   10.631560][    T1] vhci_hcd vhci_hcd.3: USB/IP Virtual Host Controller
[   10.636407][    T1] vhci_hcd vhci_hcd.3: new USB bus registered, assigned bus number 15
[   10.639834][    T1] usb usb15: New USB device found, idVendor=1d6b, idProduct=0002, bcdDevice= 6.02
[   10.642661][    T1] usb usb15: New USB device strings: Mfr=3, Product=2, SerialNumber=1
[   10.645103][    T1] usb usb15: Product: USB/IP Virtual Host Controller
[   10.647110][    T1] usb usb15: Manufacturer: Linux 6.2.0 vhci_hcd
[   10.648996][    T1] usb usb15: SerialNumber: vhci_hcd.3
[   10.651799][    T1] hub 15-0:1.0: USB hub found
[   10.653371][    T1] hub 15-0:1.0: 8 ports detected
[   10.656883][    T1] vhci_hcd vhci_hcd.3: USB/IP Virtual Host Controller
[   10.659545][    T1] vhci_hcd vhci_hcd.3: new USB bus registered, assigned bus number 16
[   10.662816][    T1] usb usb16: We don't know the algorithms for LPM for this host, disabling LPM.
[   10.665768][    T1] usb usb16: New USB device found, idVendor=1d6b, idProduct=0003, bcdDevice= 6.02
[   10.668684][    T1] usb usb16: New USB device strings: Mfr=3, Product=2, SerialNumber=1
[   10.671280][    T1] usb usb16: Product: USB/IP Virtual Host Controller
[   10.673292][    T1] usb usb16: Manufacturer: Linux 6.2.0 vhci_hcd
[   10.675292][    T1] usb usb16: SerialNumber: vhci_hcd.3
[   10.677995][    T1] hub 16-0:1.0: USB hub found
[   10.679590][    T1] hub 16-0:1.0: 8 ports detected
[   10.684273][    T1] vhci_hcd vhci_hcd.4: USB/IP Virtual Host Controller
[   10.686865][    T1] vhci_hcd vhci_hcd.4: new USB bus registered, assigned bus number 17
[   10.689563][    T1] usb usb17: New USB device found, idVendor=1d6b, idProduct=0002, bcdDevice= 6.02
[   10.692593][    T1] usb usb17: New USB device strings: Mfr=3, Product=2, SerialNumber=1
[   10.695041][    T1] usb usb17: Product: USB/IP Virtual Host Controller
[   10.697044][    T1] usb usb17: Manufacturer: Linux 6.2.0 vhci_hcd
[   10.698915][    T1] usb usb17: SerialNumber: vhci_hcd.4
[   10.701734][    T1] hub 17-0:1.0: USB hub found
[   10.703277][    T1] hub 17-0:1.0: 8 ports detected
[   10.706782][    T1] vhci_hcd vhci_hcd.4: USB/IP Virtual Host Controller
[   10.709702][    T1] vhci_hcd vhci_hcd.4: new USB bus registered, assigned bus number 18
[   10.712669][    T1] usb usb18: We don't know the algorithms for LPM for this host, disabling LPM.
[   10.715809][    T1] usb usb18: New USB device found, idVendor=1d6b, idProduct=0003, bcdDevice= 6.02
[   10.718576][    T1] usb usb18: New USB device strings: Mfr=3, Product=2, SerialNumber=1
[   10.720995][    T1] usb usb18: Product: USB/IP Virtual Host Controller
[   10.723037][    T1] usb usb18: Manufacturer: Linux 6.2.0 vhci_hcd
[   10.724937][    T1] usb usb18: SerialNumber: vhci_hcd.4
[   10.727446][    T1] hub 18-0:1.0: USB hub found
[   10.728892][    T1] hub 18-0:1.0: 8 ports detected
[   10.733457][    T1] vhci_hcd vhci_hcd.5: USB/IP Virtual Host Controller
[   10.736127][    T1] vhci_hcd vhci_hcd.5: new USB bus registered, assigned bus number 19
[   10.738839][    T1] usb usb19: New USB device found, idVendor=1d6b, idProduct=0002, bcdDevice= 6.02
[   10.741608][    T1] usb usb19: New USB device strings: Mfr=3, Product=2, SerialNumber=1
[   10.744744][    T1] usb usb19: Product: USB/IP Virtual Host Controller
[   10.746773][    T1] usb usb19: Manufacturer: Linux 6.2.0 vhci_hcd
[   10.748648][    T1] usb usb19: SerialNumber: vhci_hcd.5
[   10.756761][    T1] hub 19-0:1.0: USB hub found
[   10.758304][    T1] hub 19-0:1.0: 8 ports detected
[   10.762863][    T1] vhci_hcd vhci_hcd.5: USB/IP Virtual Host Controller
[   10.765354][    T1] vhci_hcd vhci_hcd.5: new USB bus registered, assigned bus number 20
[   10.768773][    T1] usb usb20: We don't know the algorithms for LPM for this host, disabling LPM.
[   10.771635][    T1] usb usb20: New USB device found, idVendor=1d6b, idProduct=0003, bcdDevice= 6.02
[   10.774429][    T1] usb usb20: New USB device strings: Mfr=3, Product=2, SerialNumber=1
[   10.776857][    T1] usb usb20: Product: USB/IP Virtual Host Controller
[   10.778848][    T1] usb usb20: Manufacturer: Linux 6.2.0 vhci_hcd
[   10.780716][    T1] usb usb20: SerialNumber: vhci_hcd.5
[   10.783362][    T1] hub 20-0:1.0: USB hub found
[   10.784803][    T1] hub 20-0:1.0: 8 ports detected
[   10.789322][    T1] vhci_hcd vhci_hcd.6: USB/IP Virtual Host Controller
[   10.792206][    T1] vhci_hcd vhci_hcd.6: new USB bus registered, assigned bus number 21
[   10.795769][    T1] usb usb21: New USB device found, idVendor=1d6b, idProduct=0002, bcdDevice= 6.02
[   10.798564][    T1] usb usb21: New USB device strings: Mfr=3, Product=2, SerialNumber=1
[   10.801005][    T1] usb usb21: Product: USB/IP Virtual Host Controller
[   10.803056][    T1] usb usb21: Manufacturer: Linux 6.2.0 vhci_hcd
[   10.804916][    T1] usb usb21: SerialNumber: vhci_hcd.6
[   10.807394][    T1] hub 21-0:1.0: USB hub found
[   10.808870][    T1] hub 21-0:1.0: 8 ports detected
[   10.812848][    T1] vhci_hcd vhci_hcd.6: USB/IP Virtual Host Controller
[   10.815192][    T1] vhci_hcd vhci_hcd.6: new USB bus registered, assigned bus number 22
[   10.818588][    T1] usb usb22: We don't know the algorithms for LPM for this host, disabling LPM.
[   10.821457][    T1] usb usb22: New USB device found, idVendor=1d6b, idProduct=0003, bcdDevice= 6.02
[   10.824773][    T1] usb usb22: New USB device strings: Mfr=3, Product=2, SerialNumber=1
[   10.827217][    T1] usb usb22: Product: USB/IP Virtual Host Controller
[   10.829197][    T1] usb usb22: Manufacturer: Linux 6.2.0 vhci_hcd
[   10.831053][    T1] usb usb22: SerialNumber: vhci_hcd.6
[   10.833827][    T1] hub 22-0:1.0: USB hub found
[   10.835287][    T1] hub 22-0:1.0: 8 ports detected
[   10.839962][    T1] vhci_hcd vhci_hcd.7: USB/IP Virtual Host Controller
[   10.842879][    T1] vhci_hcd vhci_hcd.7: new USB bus registered, assigned bus number 23
[   10.846343][    T1] usb usb23: New USB device found, idVendor=1d6b, idProduct=0002, bcdDevice= 6.02
[   10.849108][    T1] usb usb23: New USB device strings: Mfr=3, Product=2, SerialNumber=1
[   10.851562][    T1] usb usb23: Product: USB/IP Virtual Host Controller
[   10.853597][    T1] usb usb23: Manufacturer: Linux 6.2.0 vhci_hcd
[   10.855490][    T1] usb usb23: SerialNumber: vhci_hcd.7
[   10.857961][    T1] hub 23-0:1.0: USB hub found
[   10.859505][    T1] hub 23-0:1.0: 8 ports detected
[   10.863311][    T1] vhci_hcd vhci_hcd.7: USB/IP Virtual Host Controller
[   10.867335][    T1] vhci_hcd vhci_hcd.7: new USB bus registered, assigned bus number 24
[   10.869914][    T1] usb usb24: We don't know the algorithms for LPM for this host, disabling LPM.
[   10.873175][    T1] usb usb24: New USB device found, idVendor=1d6b, idProduct=0003, bcdDevice= 6.02
[   10.875934][    T1] usb usb24: New USB device strings: Mfr=3, Product=2, SerialNumber=1
[   10.878370][    T1] usb usb24: Product: USB/IP Virtual Host Controller
[   10.880349][    T1] usb usb24: Manufacturer: Linux 6.2.0 vhci_hcd
[   10.882204][    T1] usb usb24: SerialNumber: vhci_hcd.7
[   10.884692][    T1] hub 24-0:1.0: USB hub found
[   10.886138][    T1] hub 24-0:1.0: 8 ports detected
[   10.890649][    T1] vhci_hcd vhci_hcd.8: USB/IP Virtual Host Controller
[   10.893533][    T1] vhci_hcd vhci_hcd.8: new USB bus registered, assigned bus number 25
[   10.896504][    T1] usb usb25: New USB device found, idVendor=1d6b, idProduct=0002, bcdDevice= 6.02
[   10.899462][    T1] usb usb25: New USB device strings: Mfr=3, Product=2, SerialNumber=1
[   10.901990][    T1] usb usb25: Product: USB/IP Virtual Host Controller
[   10.904970][    T1] usb usb25: Manufacturer: Linux 6.2.0 vhci_hcd
[   10.907045][    T1] usb usb25: SerialNumber: vhci_hcd.8
[   10.909526][    T1] hub 25-0:1.0: USB hub found
[   10.911180][    T1] hub 25-0:1.0: 8 ports detected
[   10.915090][    T1] vhci_hcd vhci_hcd.8: USB/IP Virtual Host Controller
[   10.917535][    T1] vhci_hcd vhci_hcd.8: new USB bus registered, assigned bus number 26
[   10.921090][    T1] usb usb26: We don't know the algorithms for LPM for this host, disabling LPM.
[   10.924248][    T1] usb usb26: New USB device found, idVendor=1d6b, idProduct=0003, bcdDevice= 6.02
[   10.927126][    T1] usb usb26: New USB device strings: Mfr=3, Product=2, SerialNumber=1
[   10.929577][    T1] usb usb26: Product: USB/IP Virtual Host Controller
[   10.931714][    T1] usb usb26: Manufacturer: Linux 6.2.0 vhci_hcd
[   10.933691][    T1] usb usb26: SerialNumber: vhci_hcd.8
[   10.936334][    T1] hub 26-0:1.0: USB hub found
[   10.937801][    T1] hub 26-0:1.0: 8 ports detected
[   10.942754][    T1] vhci_hcd vhci_hcd.9: USB/IP Virtual Host Controller
[   10.945771][    T1] vhci_hcd vhci_hcd.9: new USB bus registered, assigned bus number 27
[   10.949390][    T1] usb usb27: New USB device found, idVendor=1d6b, idProduct=0002, bcdDevice= 6.02
[   10.952502][    T1] usb usb27: New USB device strings: Mfr=3, Product=2, SerialNumber=1
[   10.955030][    T1] usb usb27: Product: USB/IP Virtual Host Controller
[   10.957104][    T1] usb usb27: Manufacturer: Linux 6.2.0 vhci_hcd
[   10.958973][    T1] usb usb27: SerialNumber: vhci_hcd.9
[   10.961580][    T1] hub 27-0:1.0: USB hub found
[   10.963126][    T1] hub 27-0:1.0: 8 ports detected
[   10.966864][    T1] vhci_hcd vhci_hcd.9: USB/IP Virtual Host Controller
[   10.969416][    T1] vhci_hcd vhci_hcd.9: new USB bus registered, assigned bus number 28
[   10.972718][    T1] usb usb28: We don't know the algorithms for LPM for this host, disabling LPM.
[   10.976045][    T1] usb usb28: New USB device found, idVendor=1d6b, idProduct=0003, bcdDevice= 6.02
[   10.978960][    T1] usb usb28: New USB device strings: Mfr=3, Product=2, SerialNumber=1
[   10.981408][    T1] usb usb28: Product: USB/IP Virtual Host Controller
[   10.984082][    T1] usb usb28: Manufacturer: Linux 6.2.0 vhci_hcd
[   10.985953][    T1] usb usb28: SerialNumber: vhci_hcd.9
[   10.988581][    T1] hub 28-0:1.0: USB hub found
[   10.990071][    T1] hub 28-0:1.0: 8 ports detected
[   10.994821][    T1] vhci_hcd vhci_hcd.10: USB/IP Virtual Host Controller
[   10.997821][    T1] vhci_hcd vhci_hcd.10: new USB bus registered, assigned bus number 29
[   11.001560][    T1] usb usb29: New USB device found, idVendor=1d6b, idProduct=0002, bcdDevice= 6.02
[   11.004490][    T1] usb usb29: New USB device strings: Mfr=3, Product=2, SerialNumber=1
[   11.007078][    T1] usb usb29: Product: USB/IP Virtual Host Controller
[   11.009064][    T1] usb usb29: Manufacturer: Linux 6.2.0 vhci_hcd
[   11.011081][    T1] usb usb29: SerialNumber: vhci_hcd.10
[   11.013931][    T1] hub 29-0:1.0: USB hub found
[   11.015587][    T1] hub 29-0:1.0: 8 ports detected
[   11.019511][    T1] vhci_hcd vhci_hcd.10: USB/IP Virtual Host Controller
[   11.021994][    T1] vhci_hcd vhci_hcd.10: new USB bus registered, assigned bus number 30
[   11.025578][    T1] usb usb30: We don't know the algorithms for LPM for this host, disabling LPM.
[   11.028556][    T1] usb usb30: New USB device found, idVendor=1d6b, idProduct=0003, bcdDevice= 6.02
[   11.031495][    T1] usb usb30: New USB device strings: Mfr=3, Product=2, SerialNumber=1
[   11.034259][    T1] usb usb30: Product: USB/IP Virtual Host Controller
[   11.036301][    T1] usb usb30: Manufacturer: Linux 6.2.0 vhci_hcd
[   11.038341][    T1] usb usb30: SerialNumber: vhci_hcd.10
[   11.040891][    T1] hub 30-0:1.0: USB hub found
[   11.042931][    T1] hub 30-0:1.0: 8 ports detected
[   11.047539][    T1] vhci_hcd vhci_hcd.11: USB/IP Virtual Host Controller
[   11.050522][    T1] vhci_hcd vhci_hcd.11: new USB bus registered, assigned bus number 31
[   11.054103][    T1] usb usb31: New USB device found, idVendor=1d6b, idProduct=0002, bcdDevice= 6.02
[   11.057073][    T1] usb usb31: New USB device strings: Mfr=3, Product=2, SerialNumber=1
[   11.059709][    T1] usb usb31: Product: USB/IP Virtual Host Controller
[   11.061763][    T1] usb usb31: Manufacturer: Linux 6.2.0 vhci_hcd
[   11.064004][    T1] usb usb31: SerialNumber: vhci_hcd.11
[   11.066613][    T1] hub 31-0:1.0: USB hub found
[   11.068090][    T1] hub 31-0:1.0: 8 ports detected
[   11.072042][    T1] vhci_hcd vhci_hcd.11: USB/IP Virtual Host Controller
[   11.074599][    T1] vhci_hcd vhci_hcd.11: new USB bus registered, assigned bus number 32
[   11.078125][    T1] usb usb32: We don't know the algorithms for LPM for this host, disabling LPM.
[   11.081088][    T1] usb usb32: New USB device found, idVendor=1d6b, idProduct=0003, bcdDevice= 6.02
[   11.084324][    T1] usb usb32: New USB device strings: Mfr=3, Product=2, SerialNumber=1
[   11.086945][    T1] usb usb32: Product: USB/IP Virtual Host Controller
[   11.088938][    T1] usb usb32: Manufacturer: Linux 6.2.0 vhci_hcd
[   11.090948][    T1] usb usb32: SerialNumber: vhci_hcd.11
[   11.093743][    T1] hub 32-0:1.0: USB hub found
[   11.095345][    T1] hub 32-0:1.0: 8 ports detected
[   11.099891][    T1] vhci_hcd vhci_hcd.12: USB/IP Virtual Host Controller
[   11.103011][    T1] vhci_hcd vhci_hcd.12: new USB bus registered, assigned bus number 33
[   11.106659][    T1] usb usb33: New USB device found, idVendor=1d6b, idProduct=0002, bcdDevice= 6.02
[   11.109464][    T1] usb usb33: New USB device strings: Mfr=3, Product=2, SerialNumber=1
[   11.112043][    T1] usb usb33: Product: USB/IP Virtual Host Controller
[   11.114370][    T1] usb usb33: Manufacturer: Linux 6.2.0 vhci_hcd
[   11.116314][    T1] usb usb33: SerialNumber: vhci_hcd.12
[   11.118940][    T1] hub 33-0:1.0: USB hub found
[   11.120419][    T1] hub 33-0:1.0: 8 ports detected
[   11.124574][    T1] vhci_hcd vhci_hcd.12: USB/IP Virtual Host Controller
[   11.127226][    T1] vhci_hcd vhci_hcd.12: new USB bus registered, assigned bus number 34
[   11.130794][    T1] usb usb34: We don't know the algorithms for LPM for this host, disabling LPM.
[   11.133747][    T1] usb usb34: New USB device found, idVendor=1d6b, idProduct=0003, bcdDevice= 6.02
[   11.136683][    T1] usb usb34: New USB device strings: Mfr=3, Product=2, SerialNumber=1
[   11.139303][    T1] usb usb34: Product: USB/IP Virtual Host Controller
[   11.141300][    T1] usb usb34: Manufacturer: Linux 6.2.0 vhci_hcd
[   11.143411][    T1] usb usb34: SerialNumber: vhci_hcd.12
[   11.145939][    T1] hub 34-0:1.0: USB hub found
[   11.147527][    T1] hub 34-0:1.0: 8 ports detected
[   11.152127][    T1] vhci_hcd vhci_hcd.13: USB/IP Virtual Host Controller
[   11.155305][    T1] vhci_hcd vhci_hcd.13: new USB bus registered, assigned bus number 35
[   11.159241][    T1] usb usb35: New USB device found, idVendor=1d6b, idProduct=0002, bcdDevice= 6.02
[   11.162122][    T1] usb usb35: New USB device strings: Mfr=3, Product=2, SerialNumber=1
[   11.164668][    T1] usb usb35: Product: USB/IP Virtual Host Controller
[   11.166823][    T1] usb usb35: Manufacturer: Linux 6.2.0 vhci_hcd
[   11.168681][    T1] usb usb35: SerialNumber: vhci_hcd.13
[   11.171303][    T1] hub 35-0:1.0: USB hub found
[   11.173034][    T1] hub 35-0:1.0: 8 ports detected
[   11.176926][    T1] vhci_hcd vhci_hcd.13: USB/IP Virtual Host Controller
[   11.179465][    T1] vhci_hcd vhci_hcd.13: new USB bus registered, assigned bus number 36
[   11.182436][    T1] usb usb36: We don't know the algorithms for LPM for this host, disabling LPM.
[   11.185410][    T1] usb usb36: New USB device found, idVendor=1d6b, idProduct=0003, bcdDevice= 6.02
[   11.188157][    T1] usb usb36: New USB device strings: Mfr=3, Product=2, SerialNumber=1
[   11.190666][    T1] usb usb36: Product: USB/IP Virtual Host Controller
[   11.192719][    T1] usb usb36: Manufacturer: Linux 6.2.0 vhci_hcd
[   11.194585][    T1] usb usb36: SerialNumber: vhci_hcd.13
[   11.197283][    T1] hub 36-0:1.0: USB hub found
[   11.198736][    T1] hub 36-0:1.0: 8 ports detected
[   11.203286][    T1] vhci_hcd vhci_hcd.14: USB/IP Virtual Host Controller
[   11.205790][    T1] vhci_hcd vhci_hcd.14: new USB bus registered, assigned bus number 37
[   11.208618][    T1] usb usb37: New USB device found, idVendor=1d6b, idProduct=0002, bcdDevice= 6.02
[   11.211501][    T1] usb usb37: New USB device strings: Mfr=3, Product=2, SerialNumber=1
[   11.214250][    T1] usb usb37: Product: USB/IP Virtual Host Controller
[   11.216364][    T1] usb usb37: Manufacturer: Linux 6.2.0 vhci_hcd
[   11.218316][    T1] usb usb37: SerialNumber: vhci_hcd.14
[   11.221157][    T1] hub 37-0:1.0: USB hub found
[   11.222862][    T1] hub 37-0:1.0: 8 ports detected
[   11.226803][    T1] vhci_hcd vhci_hcd.14: USB/IP Virtual Host Controller
[   11.229229][    T1] vhci_hcd vhci_hcd.14: new USB bus registered, assigned bus number 38
[   11.232638][    T1] usb usb38: We don't know the algorithms for LPM for this host, disabling LPM.
[   11.235574][    T1] usb usb38: New USB device found, idVendor=1d6b, idProduct=0003, bcdDevice= 6.02
[   11.238370][    T1] usb usb38: New USB device strings: Mfr=3, Product=2, SerialNumber=1
[   11.240842][    T1] usb usb38: Product: USB/IP Virtual Host Controller
[   11.243136][    T1] usb usb38: Manufacturer: Linux 6.2.0 vhci_hcd
[   11.245036][    T1] usb usb38: SerialNumber: vhci_hcd.14
[   11.247682][    T1] hub 38-0:1.0: USB hub found
[   11.249124][    T1] hub 38-0:1.0: 8 ports detected
[   11.253619][    T1] vhci_hcd vhci_hcd.15: USB/IP Virtual Host Controller
[   11.256071][    T1] vhci_hcd vhci_hcd.15: new USB bus registered, assigned bus number 39
[   11.259071][    T1] usb usb39: New USB device found, idVendor=1d6b, idProduct=0002, bcdDevice= 6.02
[   11.261891][    T1] usb usb39: New USB device strings: Mfr=3, Product=2, SerialNumber=1
[   11.264532][    T1] usb usb39: Product: USB/IP Virtual Host Controller
[   11.266715][    T1] usb usb39: Manufacturer: Linux 6.2.0 vhci_hcd
[   11.268577][    T1] usb usb39: SerialNumber: vhci_hcd.15
[   11.271526][    T1] hub 39-0:1.0: USB hub found
[   11.273158][    T1] hub 39-0:1.0: 8 ports detected
[   11.276960][    T1] vhci_hcd vhci_hcd.15: USB/IP Virtual Host Controller
[   11.279599][    T1] vhci_hcd vhci_hcd.15: new USB bus registered, assigned bus number 40
[   11.282492][    T1] usb usb40: We don't know the algorithms for LPM for this host, disabling LPM.
[   11.285392][    T1] usb usb40: New USB device found, idVendor=1d6b, idProduct=0003, bcdDevice= 6.02
[   11.288161][    T1] usb usb40: New USB device strings: Mfr=3, Product=2, SerialNumber=1
[   11.290739][    T1] usb usb40: Product: USB/IP Virtual Host Controller
[   11.293117][    T1] usb usb40: Manufacturer: Linux 6.2.0 vhci_hcd
[   11.294988][    T1] usb usb40: SerialNumber: vhci_hcd.15
[   11.297715][    T1] hub 40-0:1.0: USB hub found
[   11.299197][    T1] hub 40-0:1.0: 8 ports detected
[   11.303751][    T1] usbcore: registered new device driver usbip-host
[   11.309035][    T1] i8042: PNP: PS/2 Controller [PNP0303:KBD,PNP0f13:MOU] at 0x60,0x64 irq 1,12
[   11.314834][    T1] serio: i8042 KBD port at 0x60,0x64 irq 1
[   11.317004][    T1] serio: i8042 AUX port at 0x60,0x64 irq 12
[   11.320736][    T1] mousedev: PS/2 mouse device common for all mice
[   11.325617][    T1] usbcore: registered new interface driver appletouch
[   11.328718][ T1141] input: AT Translated Set 2 keyboard as /devices/platform/i8042/serio0/input/input1
[   11.333932][    T1] usbcore: registered new interface driver bcm5974
[   11.340584][    T1] usbcore: registered new interface driver synaptics_usb
[   11.346992][    T1] usbcore: registered new interface driver iforce
[   11.349389][    T1] usbcore: registered new interface driver xpad
[   11.351944][    T1] usbcore: registered new interface driver usb_acecad
[   11.354925][    T1] usbcore: registered new interface driver aiptek
[   11.357458][    T1] usbcore: registered new interface driver hanwang
[   11.359755][    T1] usbcore: registered new interface driver kbtab
[   11.362173][    T1] usbcore: registered new interface driver pegasus_notetaker
[   11.365439][    T1] usbcore: registered new interface driver usbtouchscreen
[   11.368240][    T1] usbcore: registered new interface driver sur40
[   11.370781][    T1] usbcore: registered new interface driver ati_remote2
[   11.372884][    T1] cm109: Keymap for Komunikate KIP1000 phone loaded
[   11.375513][    T1] usbcore: registered new interface driver cm109
[   11.377422][    T1] cm109: CM109 phone driver: 20080805 (C) Alfred E. Heggestad
[   11.380562][    T1] usbcore: registered new interface driver ims_pcu
[   11.384671][    T1] usbcore: registered new interface driver keyspan_remote
[   11.387191][    T1] usbcore: registered new interface driver powermate
[   11.389921][    T1] usbcore: registered new interface driver yealink
[   11.393544][    T1] rtc_cmos 00:05: RTC can wake from S4
[   11.401259][    T1] rtc_cmos 00:05: registered as rtc0
[   11.403431][    T1] rtc_cmos 00:05: alarms up to one day, y3k, 242 bytes nvram, hpet irqs
[   11.407956][    T1] i2c_dev: i2c /dev entries driver
[   11.410132][    T1] usbcore: registered new interface driver i2c-diolan-u2c
[   11.414690][    T1] usbcore: registered new interface driver RobotFuzz Open Source InterFace, OSIF
[   11.417663][    T1] usbcore: registered new interface driver i2c-tiny-usb
[   11.423286][    T1] usbcore: registered new interface driver igorplugusb
[   11.426485][    T1] usbcore: registered new interface driver iguanair
[   11.429631][    T1] usbcore: registered new interface driver imon
[   11.432162][    T1] usbcore: registered new interface driver mceusb
[   11.434561][    T1] usbcore: registered new interface driver redrat3
[   11.436726][    T1] usbcore: registered new interface driver streamzap
[   11.439178][    T1] usbcore: registered new interface driver ttusbir
[   11.441885][    T1] usbcore: registered new interface driver ati_remote
[   11.444537][    T1] b2c2-flexcop: B2C2 FlexcopII/II(b)/III digital TV receiver chip loaded successfully
[   11.447874][    T1] usbcore: registered new interface driver b2c2_flexcop_usb
[   11.450791][    T1] usbcore: registered new interface driver dvb_usb_vp7045
[   11.453602][    T1] usbcore: registered new interface driver dvb_usb_vp702x
[   11.456315][    T1] usbcore: registered new interface driver dvb_usb_gp8psk
[   11.458931][    T1] usbcore: registered new interface driver dvb_usb_dtt200u
[   11.461585][    T1] usbcore: registered new interface driver dvb_usb_a800
[   11.464675][    T1] usbcore: registered new interface driver dvb_usb_dibusb_mb
[   11.467419][    T1] usbcore: registered new interface driver dvb_usb_dibusb_mc
[   11.470334][    T1] usbcore: registered new interface driver dvb_usb_nova_t_usb2
[   11.473348][    T1] usbcore: registered new interface driver dvb_usb_umt_010
[   11.475984][    T1] usbcore: registered new interface driver dvb_usb_m920x
[   11.478641][    T1] usbcore: registered new interface driver dvb_usb_digitv
[   11.480975][    T1] usbcore: registered new interface driver dvb_usb_cxusb
[   11.483591][    T1] usbcore: registered new interface driver dvb_usb_ttusb2
[   11.486634][    T1] usbcore: registered new interface driver dvb_usb_dib0700
[   11.489297][    T1] usbcore: registered new interface driver opera1
[   11.491696][    T1] usbcore: registered new interface driver dvb_usb_af9005
[   11.494344][    T1] usbcore: registered new interface driver pctv452e
[   11.496570][    T1] usbcore: registered new interface driver dw2102
[   11.498949][    T1] usbcore: registered new interface driver dvb_usb_dtv5100
[   11.501782][    T1] usbcore: registered new interface driver cinergyT2
[   11.504331][    T1] usbcore: registered new interface driver dvb_usb_az6027
[   11.506927][    T1] usbcore: registered new interface driver dvb_usb_technisat_usb2
[   11.509551][    T1] usbcore: registered new interface driver dvb_usb_af9015
[   11.512202][    T1] usbcore: registered new interface driver dvb_usb_af9035
[   11.515333][    T1] usbcore: registered new interface driver dvb_usb_anysee
[   11.517891][    T1] usbcore: registered new interface driver dvb_usb_au6610
[   11.520479][    T1] usbcore: registered new interface driver dvb_usb_az6007
[   11.523081][    T1] usbcore: registered new interface driver dvb_usb_ce6230
[   11.525450][    T1] usbcore: registered new interface driver dvb_usb_ec168
[   11.527977][    T1] usbcore: registered new interface driver dvb_usb_lmedm04
[   11.530855][    T1] usbcore: registered new interface driver dvb_usb_gl861
[   11.533870][    T1] usbcore: registered new interface driver dvb_usb_mxl111sf
[   11.536606][    T1] usbcore: registered new interface driver dvb_usb_rtl28xxu
[   11.539265][    T1] usbcore: registered new interface driver dvb_usb_dvbsky
[   11.541607][    T1] usbcore: registered new interface driver zd1301
[   11.544693][    T1] usbcore: registered new interface driver s2255
[   11.547407][    T1] usbcore: registered new interface driver smsusb
[   11.549798][    T1] usbcore: registered new interface driver ttusb
[   11.551893][    T1] usbcore: registered new interface driver ttusb-dec
[   11.554701][    T1] usbcore: registered new interface driver Abilis Systems as10x usb driver
[   11.558024][    T1] usbcore: registered new interface driver airspy
[   11.559947][    T1] gspca_main: v2.14.0 registered
[   11.562169][    T1] usbcore: registered new interface driver benq
[   11.564344][    T1] usbcore: registered new interface driver conex
[   11.566428][    T1] usbcore: registered new interface driver cpia1
[   11.568800][    T1] usbcore: registered new interface driver dtcs033
[   11.571237][    T1] usbcore: registered new interface driver etoms
[   11.574297][    T1] usbcore: registered new interface driver finepix
[   11.576716][    T1] usbcore: registered new interface driver jeilinj
[   11.579110][    T1] usbcore: registered new interface driver jl2005bcd
[   11.581322][    T1] usbcore: registered new interface driver kinect
[   11.583727][    T1] usbcore: registered new interface driver konica
[   11.586403][    T1] usbcore: registered new interface driver mars
[   11.588725][    T1] usbcore: registered new interface driver mr97310a
[   11.591244][    T1] usbcore: registered new interface driver nw80x
[   11.593859][    T1] usbcore: registered new interface driver ov519
[   11.596219][    T1] usbcore: registered new interface driver ov534
[   11.598822][    T1] usbcore: registered new interface driver ov534_9
[   11.601281][    T1] usbcore: registered new interface driver pac207
[   11.603488][    T1] usbcore: registered new interface driver gspca_pac7302
[   11.606044][    T1] usbcore: registered new interface driver pac7311
[   11.608745][    T1] usbcore: registered new interface driver se401
[   11.611117][    T1] usbcore: registered new interface driver sn9c2028
[   11.613957][    T1] usbcore: registered new interface driver gspca_sn9c20x
[   11.616373][    T1] usbcore: registered new interface driver sonixb
[   11.618802][    T1] usbcore: registered new interface driver sonixj
[   11.621483][    T1] usbcore: registered new interface driver spca500
[   11.623959][    T1] usbcore: registered new interface driver spca501
[   11.626384][    T1] usbcore: registered new interface driver spca505
[   11.628517][    T1] usbcore: registered new interface driver spca506
[   11.630937][    T1] usbcore: registered new interface driver spca508
[   11.635181][    T1] usbcore: registered new interface driver spca561
[   11.638935][    T1] usbcore: registered new interface driver spca1528
[   11.642217][    T1] usbcore: registered new interface driver sq905
[   11.645339][    T1] usbcore: registered new interface driver sq905c
[   11.649128][    T1] usbcore: registered new interface driver sq930x
[   11.653330][    T1] usbcore: registered new interface driver sunplus
[   11.656587][    T1] usbcore: registered new interface driver stk014
[   11.659774][    T1] usbcore: registered new interface driver stk1135
[   11.663630][    T1] usbcore: registered new interface driver stv0680
[   11.667178][    T1] usbcore: registered new interface driver t613
[   11.670580][    T1] usbcore: registered new interface driver gspca_topro
[   11.674554][    T1] usbcore: registered new interface driver touptek
[   11.676813][    T1] usbcore: registered new interface driver tv8532
[   11.679526][    T1] usbcore: registered new interface driver vc032x
[   11.682534][    T1] usbcore: registered new interface driver vicam
[   11.685057][    T1] usbcore: registered new interface driver xirlink-cit
