failed to run ["ssh" "-p" "62700" "-F" "/dev/null" "-o" "UserKnownHostsFile=/dev/null" "-o" "IdentitiesOnly=yes" "-o" "BatchMode=yes" "-o" "StrictHostKeyChecking=no" "-o" "ConnectTimeout=10" "-i" "/home/jiakai/62_66_amd_0901/images-62/bullseye.id_rsa" "root@localhost" "pwd"]: exit status 255
Connection timed out during banner exchange
Connection to 127.0.0.1 port 62700 timed out
[    0.000000][    T0] Linux version 6.2.0 (jiakai@userid-07) (clang version 13.0.0 (https://github.com/llvm/llvm-project/ 24c8eaec9467b2aaf70b0db33a4e4dd415139a50), LLD 13.0.0 (https://github.com/llvm/llvm-project/ 24c8eaec9467b2aaf70b0db33a4e4dd415139a50)) #1 SMP PREEMPT_DYNAMIC Tue Sep  2 16:54:36 CST 2025
[    0.000000][    T0] Command line: root=/dev/sda console=ttyS0 
[    0.000000][    T0] KERNEL supported cpus:
[    0.000000][    T0]   Intel GenuineIntel
[    0.000000][    T0]   AMD AuthenticAMD
[    0.000000][    T0] x86/fpu: Supporting XSAVE feature 0x001: 'x87 floating point registers'
[    0.000000][    T0] x86/fpu: Supporting XSAVE feature 0x002: 'SSE registers'
[    0.000000][    T0] x86/fpu: Supporting XSAVE feature 0x004: 'AVX registers'
[    0.000000][    T0] x86/fpu: Supporting XSAVE feature 0x008: 'MPX bounds registers'
[    0.000000][    T0] x86/fpu: Supporting XSAVE feature 0x010: 'MPX CSR'
[    0.000000][    T0] x86/fpu: Supporting XSAVE feature 0x020: 'AVX-512 opmask'
[    0.000000][    T0] x86/fpu: Supporting XSAVE feature 0x040: 'AVX-512 Hi256'
[    0.000000][    T0] x86/fpu: Supporting XSAVE feature 0x080: 'AVX-512 ZMM_Hi256'
[    0.000000][    T0] x86/fpu: Supporting XSAVE feature 0x200: 'Protection Keys User registers'
[    0.000000][    T0] x86/fpu: xstate_offset[2]:  576, xstate_sizes[2]:  256
[    0.000000][    T0] x86/fpu: xstate_offset[3]:  832, xstate_sizes[3]:   64
[    0.000000][    T0] x86/fpu: xstate_offset[4]:  896, xstate_sizes[4]:   64
[    0.000000][    T0] x86/fpu: xstate_offset[5]:  960, xstate_sizes[5]:   64
[    0.000000][    T0] x86/fpu: xstate_offset[6]: 1024, xstate_sizes[6]:  512
[    0.000000][    T0] x86/fpu: xstate_offset[7]: 1536, xstate_sizes[7]: 1024
[    0.000000][    T0] x86/fpu: xstate_offset[9]: 2560, xstate_sizes[9]:    8
[    0.000000][    T0] x86/fpu: Enabled xstate features 0x2ff, context size is 2568 bytes, using 'compacted' format.
[    0.000000][    T0] signal: max sigframe size: 3632
[    0.000000][    T0] BIOS-provided physical RAM map:
[    0.000000][    T0] BIOS-e820: [mem 0x0000000000000000-0x000000000009fbff] usable
[    0.000000][    T0] BIOS-e820: [mem 0x000000000009fc00-0x000000000009ffff] reserved
[    0.000000][    T0] BIOS-e820: [mem 0x00000000000f0000-0x00000000000fffff] reserved
[    0.000000][    T0] BIOS-e820: [mem 0x0000000000100000-0x000000007ffdffff] usable
[    0.000000][    T0] BIOS-e820: [mem 0x000000007ffe0000-0x000000007fffffff] reserved
[    0.000000][    T0] BIOS-e820: [mem 0x00000000feffc000-0x00000000feffffff] reserved
[    0.000000][    T0] BIOS-e820: [mem 0x00000000fffc0000-0x00000000ffffffff] reserved
[    0.000000][    T0] printk: bootconsole [earlyser0] enabled
[    0.000000][    T0] ERROR: earlyprintk= earlyser already used
[    0.000000][    T0] ERROR: earlyprintk= earlyser already used
[    0.000000][    T0] **********************************************************
[    0.000000][    T0] **   NOTICE NOTICE NOTICE NOTICE NOTICE NOTICE NOTICE   **
[    0.000000][    T0] **                                                      **
[    0.000000][    T0] ** This system shows unhashed kernel memory addresses   **
[    0.000000][    T0] ** via the console, logs, and other interfaces. This    **
[    0.000000][    T0] ** might reduce the security of your system.            **
[    0.000000][    T0] **                                                      **
[    0.000000][    T0] ** If you see this message and you are not debugging    **
[    0.000000][    T0] ** the kernel, report this immediately to your system   **
[    0.000000][    T0] ** administrator!                                       **
[    0.000000][    T0] **                                                      **
[    0.000000][    T0] **   NOTICE NOTICE NOTICE NOTICE NOTICE NOTICE NOTICE   **
[    0.000000][    T0] **********************************************************
[    0.000000][    T0] Malformed early option 'vsyscall'
[    0.000000][    T0] nopcid: PCID feature disabled
[    0.000000][    T0] NX (Execute Disable) protection: active
[    0.000000][    T0] SMBIOS 2.8 present.
[    0.000000][    T0] DMI: QEMU Standard PC (i440FX + PIIX, 1996), BIOS 1.15.0-1 04/01/2014
[    0.000000][    T0] Hypervisor detected: KVM
[    0.000000][    T0] kvm-clock: Using msrs 4b564d01 and 4b564d00
[    0.000010][    T0] kvm-clock: using sched offset of 2508948683 cycles
[    0.001921][    T0] clocksource: kvm-clock: mask: 0xffffffffffffffff max_cycles: 0x1cd42e4dffb, max_idle_ns: 881590591483 ns
[    0.007614][    T0] tsc: Detected 2294.608 MHz processor
[    0.021634][    T0] last_pfn = 0x7ffe0 max_arch_pfn = 0x400000000
[    0.023720][    T0] x86/PAT: Configuration [0-7]: WB  WC  UC- UC  WB  WP  UC- WT  
[    0.050496][    T0] found SMP MP-table at [mem 0x000f5b90-0x000f5b9f]
[    0.052748][    T0] Using GB pages for direct mapping
[    0.055588][    T0] ACPI: Early table checksum verification disabled
[    0.057713][    T0] ACPI: RSDP 0x00000000000F59D0 000014 (v00 BOCHS )
[    0.059861][    T0] ACPI: RSDT 0x000000007FFE1967 000034 (v01 BOCHS  BXPC     00000001 BXPC 00000001)
[    0.062874][    T0] ACPI: FACP 0x000000007FFE1813 000074 (v01 BOCHS  BXPC     00000001 BXPC 00000001)
[    0.065913][    T0] ACPI: DSDT 0x000000007FFE0040 0017D3 (v01 BOCHS  BXPC     00000001 BXPC 00000001)
[    0.068946][    T0] ACPI: FACS 0x000000007FFE0000 000040
[    0.070723][    T0] ACPI: APIC 0x000000007FFE1887 000080 (v01 BOCHS  BXPC     00000001 BXPC 00000001)
[    0.073761][    T0] ACPI: HPET 0x000000007FFE1907 000038 (v01 BOCHS  BXPC     00000001 BXPC 00000001)
[    0.076785][    T0] ACPI: WAET 0x000000007FFE193F 000028 (v01 BOCHS  BXPC     00000001 BXPC 00000001)
[    0.079797][    T0] ACPI: Reserving FACP table memory at [mem 0x7ffe1813-0x7ffe1886]
[    0.082291][    T0] ACPI: Reserving DSDT table memory at [mem 0x7ffe0040-0x7ffe1812]
[    0.084743][    T0] ACPI: Reserving FACS table memory at [mem 0x7ffe0000-0x7ffe003f]
[    0.087235][    T0] ACPI: Reserving APIC table memory at [mem 0x7ffe1887-0x7ffe1906]
[    0.089719][    T0] ACPI: Reserving HPET table memory at [mem 0x7ffe1907-0x7ffe193e]
[    0.092221][    T0] ACPI: Reserving WAET table memory at [mem 0x7ffe193f-0x7ffe1966]
[    0.095496][    T0] No NUMA configuration found
[    0.096929][    T0] Faking a node at [mem 0x0000000000000000-0x000000007ffdffff]
[    0.099314][    T0] Faking node 0 at [mem 0x0000000000000000-0x000000003fffffff] (1024MB)
[    0.102012][    T0] Faking node 1 at [mem 0x0000000040000000-0x000000007ffdffff] (1023MB)
[    0.105519][    T0] NODE_DATA(0) allocated [mem 0x3fffa000-0x3fffffff]
[    0.108891][    T0] NODE_DATA(1) allocated [mem 0x7ffd9000-0x7ffdefff]
[    0.136695][    T0] Zone ranges:
[    0.137846][    T0]   DMA      [mem 0x0000000000001000-0x0000000000ffffff]
[    0.140038][    T0]   DMA32    [mem 0x0000000001000000-0x000000007ffdffff]
[    0.142269][    T0]   Normal   empty
[    0.143423][    T0]   Device   empty
[    0.144574][    T0] Movable zone start for each node
[    0.146150][    T0] Early memory node ranges
[    0.147537][    T0]   node   0: [mem 0x0000000000001000-0x000000000009efff]
[    0.149759][    T0]   node   0: [mem 0x0000000000100000-0x000000003fffffff]
[    0.151962][    T0]   node   1: [mem 0x0000000040000000-0x000000007ffdffff]
[    0.154198][    T0] Initmem setup node 0 [mem 0x0000000000001000-0x000000003fffffff]
[    0.156743][    T0] Initmem setup node 1 [mem 0x0000000040000000-0x000000007ffdffff]
[    0.159234][    T0] On node 0, zone DMA: 1 pages in unavailable ranges
[    0.159340][    T0] On node 0, zone DMA: 97 pages in unavailable ranges
[    0.172615][    T0] On node 1, zone DMA32: 32 pages in unavailable ranges
[    0.175809][    T0] ACPI: PM-Timer IO Port: 0x608
[    0.179520][    T0] ACPI: LAPIC_NMI (acpi_id[0xff] dfl dfl lint[0x1])
[    0.181740][    T0] IOAPIC[0]: apic_id 0, version 17, address 0xfec00000, GSI 0-23
[    0.184209][    T0] ACPI: INT_SRC_OVR (bus 0 bus_irq 0 global_irq 2 dfl dfl)
[    0.186486][    T0] ACPI: INT_SRC_OVR (bus 0 bus_irq 5 global_irq 5 high level)
[    0.188847][    T0] ACPI: INT_SRC_OVR (bus 0 bus_irq 9 global_irq 9 high level)
[    0.191251][    T0] ACPI: INT_SRC_OVR (bus 0 bus_irq 10 global_irq 10 high level)
[    0.193694][    T0] ACPI: INT_SRC_OVR (bus 0 bus_irq 11 global_irq 11 high level)
[    0.196160][    T0] ACPI: Using ACPI (MADT) for SMP configuration information
[    0.198460][    T0] ACPI: HPET id: 0x8086a201 base: 0xfed00000
[    0.200373][    T0] TSC deadline timer available
[    0.201865][    T0] smpboot: Allowing 2 CPUs, 0 hotplug CPUs
[    0.203869][    T0] kvm-guest: KVM setup pv remote TLB flush
[    0.205708][    T0] kvm-guest: setup PV sched yield
[    0.207344][    T0] PM: hibernation: Registered nosave memory: [mem 0x00000000-0x00000fff]
[    0.210002][    T0] PM: hibernation: Registered nosave memory: [mem 0x0009f000-0x0009ffff]
[    0.212649][    T0] PM: hibernation: Registered nosave memory: [mem 0x000a0000-0x000effff]
[    0.215316][    T0] PM: hibernation: Registered nosave memory: [mem 0x000f0000-0x000fffff]
[    0.217972][    T0] [mem 0x80000000-0xfeffbfff] available for PCI devices
[    0.220170][    T0] Booting paravirtualized kernel on KVM
[    0.221932][    T0] clocksource: refined-jiffies: mask: 0xffffffff max_cycles: 0xffffffff, max_idle_ns: 19112604462750000 ns
[    0.304946][    T0] setup_percpu: NR_CPUS:8 nr_cpumask_bits:2 nr_cpu_ids:2 nr_node_ids:2
[    0.310949][    T0] percpu: Embedded 57 pages/cpu s194696 r8192 d30584 u2097152
[    0.313659][    T0] kvm-guest: PV spinlocks enabled
[    0.315269][    T0] PV qspinlock hash table entries: 256 (order: 0, 4096 bytes, linear)
[    0.317896][    T0] Fallback order for Node 0: 0 1 
[    0.319521][    T0] Fallback order for Node 1: 1 0 
[    0.321114][    T0] Built 2 zonelists, mobility grouping on.  Total pages: 515808
[    0.323616][    T0] Policy zone: DMA32
[    0.324819][    T0] Kernel command line: earlyprintk=serial net.ifnames=0 sysctl.kernel.hung_task_all_cpu_backtrace=1 ima_policy=tcb nf-conntrack-ftp.ports=20000 nf-conntrack-tftp.ports=20000 nf-conntrack-sip.ports=20000 nf-conntrack-irc.ports=20000 nf-conntrack-sane.ports=20000 binder.debug_mask=0 rcupdate.rcu_expedited=1 no_hash_pointers page_owner=on sysctl.vm.nr_hugepages=4 sysctl.vm.nr_overcommit_hugepages=4 secretmem.enable=1 sysctl.max_rcu_stall_to_panic=1 root=/dev/sda console=ttyS0 vsyscall=native numa=fake=2 kvm-intel.nested=1 spec_store_bypass_disable=prctl nopcid vivid.n_devs=16 vivid.multiplanar=1,2,1,2,1,2,1,2,1,2,1,2,1,2,1,2 netrom.nr_ndevs=16 rose.rose_ndevs=16 dummy_hcd.num=8 watchdog_thresh=55 workqueue.watchdog_thresh=140 sysctl.net.core.netdev_unregister_timeout_secs=140 panic_on_warn=1 root=/dev/sda console=ttyS0 
[    0.353553][    T0] Unknown kernel command line parameters "spec_store_bypass_disable=prctl", will be passed to user space.
[    0.357436][    T0] random: crng init done
[    0.360624][    T0] mem auto-init: stack:off, heap alloc:on, heap free:off
[    0.364256][    T0] stackdepot hash table entries: 131072 (order: 8, 1048576 bytes, linear)
[    0.597998][    T0] Memory: 1920020K/2096632K available (67584K kernel code, 8295K rwdata, 16448K rodata, 2032K init, 23836K bss, 176356K reserved, 0K cma-reserved)
[    0.604512][    T0] SLUB: HWalign=64, Order=0-3, MinObjects=0, CPUs=2, Nodes=2
[    0.607716][    T0] Dynamic Preempt: full
[    0.610498][    T0] Running RCU self tests
[    0.611809][    T0] rcu: Preemptible hierarchical RCU implementation.
[    0.613824][    T0] rcu: 	RCU lockdep checking is enabled.
[    0.615522][    T0] rcu: 	RCU restricting CPUs from NR_CPUS=8 to nr_cpu_ids=2.
[    0.617737][    T0] rcu: 	RCU callback double-/use-after-free debug is enabled.
[    0.619986][    T0] rcu: 	RCU debug extended QS entry/exit.
[    0.621734][    T0] 	All grace periods are expedited (rcu_expedited).
[    0.623723][    T0] 	Trampoline variant of Tasks RCU enabled.
[    0.625507][    T0] 	Tracing variant of Tasks RCU enabled.
[    0.627212][    T0] rcu: RCU calculated value of scheduler-enlistment delay is 10 jiffies.
[    0.629736][    T0] rcu: Adjusting geometry for rcu_fanout_leaf=16, nr_cpu_ids=2
[    0.666676][    T0] NR_IRQS: 4352, nr_irqs: 440, preallocated irqs: 16
[    0.669329][    T0] rcu: srcu_init: Setting srcu_struct sizes based on contention.
[    0.672216][    T0] kfence: initialized - using 2097152 bytes for 255 objects at 0xffff88807ea00000-0xffff88807ec00000
[    0.694128][    T0] Console: colour VGA+ 80x25
[    0.695694][    T0] printk: console [ttyS0] enabled
[    0.695694][    T0] printk: console [ttyS0] enabled
[    0.698802][    T0] printk: bootconsole [earlyser0] disabled
[    0.698802][    T0] printk: bootconsole [earlyser0] disabled
[    0.702425][    T0] Lock dependency validator: Copyright (c) 2006 Red Hat, Inc., Ingo Molnar
[    0.705112][    T0] ... MAX_LOCKDEP_SUBCLASSES:  8
[    0.706685][    T0] ... MAX_LOCK_DEPTH:          48
[    0.708336][    T0] ... MAX_LOCKDEP_KEYS:        8192
[    0.709971][    T0] ... CLASSHASH_SIZE:          4096
[    0.711595][    T0] ... MAX_LOCKDEP_ENTRIES:     65536
[    0.713260][    T0] ... MAX_LOCKDEP_CHAINS:      131072
[    0.714914][    T0] ... CHAINHASH_SIZE:          65536
[    0.716564][    T0]  memory used by lock dependency info: 11129 kB
[    0.718508][    T0]  memory used for stack traces: 8320 kB
[    0.720268][    T0]  per task-struct memory footprint: 1920 bytes
[    0.722417][    T0] mempolicy: Enabling automatic NUMA balancing. Configure with numa_balancing= or the kernel.numa_balancing sysctl
[    0.726235][    T0] ACPI: Core revision 20221020
[    0.728357][    T0] clocksource: hpet: mask: 0xffffffff max_cycles: 0xffffffff, max_idle_ns: 19112604467 ns
[    0.732004][    T0] APIC: Switch to symmetric I/O mode setup
[    0.733870][    T0] kvm-guest: setup PV IPIs
[    0.738508][    T0] ..TIMER: vector=0x30 apic1=0 pin1=2 apic2=-1 pin2=-1
[    0.740729][    T0] clocksource: tsc-early: mask: 0xffffffffffffffff max_cycles: 0x21134f58f0d, max_idle_ns: 440795217993 ns
[    0.744489][    T0] Calibrating delay loop (skipped) preset value.. 4589.21 BogoMIPS (lpj=22946080)
[    0.747381][    T0] pid_max: default: 32768 minimum: 301
[    0.749322][    T0] LSM: initializing lsm=lockdown,capability,landlock,yama,safesetid,integrity,tomoyo,apparmor,bpf
[    0.754508][    T0] landlock: Up and running.
[    0.755883][    T0] Yama: becoming mindful.
[    0.757374][    T0] TOMOYO Linux initialized
[    0.758947][    T0] AppArmor: AppArmor initialized
[    0.760514][    T0] LSM support for eBPF active
[    0.765120][    T0] Dentry cache hash table entries: 262144 (order: 9, 2097152 bytes, vmalloc)
[    0.768319][    T0] Inode-cache hash table entries: 131072 (order: 8, 1048576 bytes, vmalloc)
[    0.772313][    T0] Mount-cache hash table entries: 4096 (order: 3, 32768 bytes, vmalloc)
[    0.774507][    T0] Mountpoint-cache hash table entries: 4096 (order: 3, 32768 bytes, vmalloc)
[    0.780070][    T0] x86/cpu: User Mode Instruction Prevention (UMIP) activated
[    0.782776][    T0] Last level iTLB entries: 4KB 0, 2MB 0, 4MB 0
[    0.784490][    T0] Last level dTLB entries: 4KB 0, 2MB 0, 4MB 0, 1GB 0
[    0.786681][    T0] Spectre V1 : Mitigation: usercopy/swapgs barriers and __user pointer sanitization
[    0.789661][    T0] Spectre V2 : WARNING: Unprivileged eBPF is enabled with eIBRS on, data leaks possible via Spectre v2 BHB attacks!
[    0.794489][    T0] Spectre V2 : Mitigation: Enhanced IBRS
[    0.796147][    T0] Spectre V2 : Spectre v2 / SpectreRSB mitigation: Filling RSB on context switch
[    0.798809][    T0] Spectre V2 : Spectre v2 / PBRSB-eIBRS: Retire a single CALL on VMEXIT
[    0.801218][    T0] RETBleed: Mitigation: Enhanced IBRS
[    0.802849][    T0] Spectre V2 : mitigation: Enabling conditional Indirect Branch Prediction Barrier
[    0.804596][    T0] Speculative Store Bypass: Mitigation: Speculative Store Bypass disabled via prctl
[    0.807412][    T0] TAA: Mitigation: Clear CPU buffers
[    0.808970][    T0] MMIO Stale Data: Mitigation: Clear CPU buffers
[    0.921809][    T0] Freeing SMP alternatives memory: 124K
[    0.924391][    T1] smpboot: CPU0: Intel(R) Xeon(R) Gold 5218 CPU @ 2.30GHz (family: 0x6, model: 0x55, stepping: 0x7)
[    0.924472][    T1] cblist_init_generic: Setting adjustable number of callback queues.
[    0.924472][    T1] 
[    0.924472][    T1] =============================
[    0.924472][    T1] [ BUG: Invalid wait context ]
[    0.924472][    T1] 6.2.0 #1 Not tainted
[    0.924472][    T1] -----------------------------
[    0.924472][    T1] swapper/0/1 is trying to lock:
[    0.924472][    T1] ffffffff896be068 (&port_lock_key){....}-{3:3}, at: serial8250_console_write+0xa8/0xaa0
[    0.924472][    T1] other info that might help us debug this:
[    0.924472][    T1] context-{5:5}
[    0.924472][    T1] 4 locks held by swapper/0/1:
[    0.924472][    T1]  #0: ffffffff86601f48 (rcu_tasks.cbs_gbl_lock){....}-{2:2}, at: cblist_init_generic+0x1d/0x270
[    0.924472][    T1]  #1: ffffffff8651fd08 (console_lock){+.+.}-{0:0}, at: vprintk_emit+0xc4/0x240
[    0.924472][    T1]  #2: ffffffff8651fad8 (console_srcu){....}-{0:0}, at: rcu_lock_acquire+0x9/0x30
[    0.924472][    T1]  #3: ffffffff865ffe30 (console_owner){....}-{0:0}, at: console_lock_spinning_enable+0x2d/0x60
[    0.924472][    T1] stack backtrace:
[    0.924472][    T1] CPU: 0 PID: 1 Comm: swapper/0 Not tainted 6.2.0 #1
[    0.924472][    T1] Hardware name: QEMU Standard PC (i440FX + PIIX, 1996), BIOS 1.15.0-1 04/01/2014
[    0.924472][    T1] Call Trace:
[    0.924472][    T1]  <TASK>
[    0.924472][    T1]  dump_stack_lvl+0xea/0x170
[    0.924472][    T1]  __lock_acquire+0xaad/0xbf0
[    0.924472][    T1]  lock_acquire+0xc8/0x1d0
[    0.924472][    T1]  ? serial8250_console_write+0xa8/0xaa0
[    0.924472][    T1]  _raw_spin_lock_irqsave+0x55/0x90
[    0.924472][    T1]  ? serial8250_console_write+0xa8/0xaa0
[    0.924472][    T1]  serial8250_console_write+0xa8/0xaa0
[    0.924472][    T1]  ? console_lock_spinning_enable+0x2d/0x60
[    0.924472][    T1]  console_emit_next_record+0x374/0x460
[    0.924472][    T1]  console_flush_all+0x20d/0x450
[    0.924472][    T1]  console_unlock+0x85/0x150
[    0.924472][    T1]  vprintk_emit+0xdd/0x240
[    0.924472][    T1]  _printk+0x62/0x80
[    0.924472][    T1]  cblist_init_generic+0x52/0x270
[    0.924472][    T1]  rcu_spawn_tasks_kthread+0xc/0x60
[    0.924472][    T1]  rcu_init_tasks_generic+0x23/0x110
[    0.924472][    T1]  ? proc_create_seq_private+0xf1/0x140
[    0.924472][    T1]  kernel_init_freeable+0x1de/0x2d0
[    0.924472][    T1]  ? rest_init+0x210/0x210
[    0.924472][    T1]  kernel_init+0x17/0x2a0
[    0.924472][    T1]  ? rest_init+0x210/0x210
[    0.924472][    T1]  ret_from_fork+0x1f/0x30
[    0.924472][    T1]  </TASK>
[    0.924491][    T1] cblist_init_generic: Setting shift to 1 and lim to 1.
[    0.927997][    T1] cblist_init_generic: Setting shift to 1 and lim to 1.
[    0.930155][    T1] Running RCU-tasks wait API self tests
[    1.034847][    T1] Performance Events: Skylake events, 32-deep LBR, full-width counters, Intel PMU driver.
[    1.038351][    T1] ... version:                2
[    1.039884][    T1] ... bit width:              48
[    1.041350][    T1] ... generic registers:      4
[    1.042826][    T1] ... value mask:             0000ffffffffffff
[    1.044490][    T1] ... max period:             00007fffffffffff
[    1.046298][    T1] ... fixed-purpose events:   3
[    1.047731][    T1] ... event mask:             000000070000000f
[    1.050374][    T1] rcu: Hierarchical SRCU implementation.
[    1.052054][    T1] rcu: 	Max phase no-delay instances is 1000.
[    1.055702][   T14] Callback from call_rcu_tasks_trace() invoked.
[    1.057872][    T1] smp: Bringing up secondary CPUs ...
[    1.060092][    T1] x86: Booting SMP configuration:
[    1.061592][    T1] .... node  #1, CPUs:      #1
[    0.062780][    T0] numa_add_cpu cpu 1 node 0: mask now 0-1
[    0.062780][    T0] numa_add_cpu cpu 1 node 1: mask now 0-1
[    1.067945][    T1] smp: Brought up 2 nodes, 2 CPUs
[    1.067945][    T1] smpboot: Max logical packages: 1
[    1.067945][    T1] smpboot: Total of 2 processors activated (9178.43 BogoMIPS)
[    1.094761][    T1] allocated 33554432 bytes of page_ext
[    1.096758][    T1] Node 0, zone      DMA: page owner found early allocated 0 pages
[    1.104128][    T1] Node 0, zone    DMA32: page owner found early allocated 6354 pages
[    1.107293][    T1] Node 1, zone    DMA32: page owner found early allocated 5021 pages
[    1.114694][    T1] devtmpfs: initialized
[    1.116295][    T1] x86/mm: Memory block size: 128MB
[    1.128801][    T1] clocksource: jiffies: mask: 0xffffffff max_cycles: 0xffffffff, max_idle_ns: 19112604462750000 ns
[    1.128801][    T1] futex hash table entries: 512 (order: 4, 65536 bytes, vmalloc)
[    1.134495][    T1] PM: RTC time: 11:06:30, date: 2025-09-02
[    1.146855][    T1] NET: Registered PF_NETLINK/PF_ROUTE protocol family
[    1.154618][    T1] audit: initializing netlink subsys (disabled)
[    1.155285][    T1] thermal_sys: Registered thermal governor 'step_wise'
[    1.155297][    T1] thermal_sys: Registered thermal governor 'user_space'
[    1.157366][    T1] cpuidle: using governor menu
[    1.164528][   T30] audit: type=2000 audit(1756811190.914:1): state=initialized audit_enabled=0 res=1
[    1.164497][    T1] NET: Registered PF_QIPCRTR protocol family
[    1.169434][    T1] PCI: Using configuration type 1 for base access
[    1.185238][    T1] HugeTLB: registered 1.00 GiB page size, pre-allocated 0 pages
[    1.187554][    T1] HugeTLB: 16380 KiB vmemmap can be freed for a 1.00 GiB page
[    1.189758][    T1] HugeTLB: registered 2.00 MiB page size, pre-allocated 0 pages
[    1.191981][    T1] HugeTLB: 28 KiB vmemmap can be freed for a 2.00 MiB page
[    1.202725][    T1] cryptd: max_cpu_qlen set to 1000
[    1.205216][    T1] raid6: skipped pq benchmark and selected avx512x4
[    1.206660][    T1] raid6: using avx512x2 recovery algorithm
[    1.208750][    T1] ACPI: Added _OSI(Module Device)
[    1.210268][    T1] ACPI: Added _OSI(Processor Device)
[    1.211832][    T1] ACPI: Added _OSI(3.0 _SCP Extensions)
[    1.214505][    T1] ACPI: Added _OSI(Processor Aggregator Device)
[    1.222923][    T1] ACPI: 1 ACPI AML tables successfully acquired and loaded
[    1.229961][    T1] ACPI: Interpreter enabled
[    1.231408][    T1] ACPI: PM: (supports S0 S3 S4 S5)
[    1.232930][    T1] ACPI: Using IOAPIC for interrupt routing
[    1.234564][    T1] PCI: Using host bridge windows from ACPI; if necessary, use "pci=nocrs" and report a bug
[    1.237497][    T1] PCI: Using E820 reservations for host bridge windows
[    1.240324][    T1] ACPI: Enabled 2 GPEs in block 00 to 0F
[    1.254562][   T13] Callback from call_rcu_tasks() invoked.
[    1.266531][    T1] ACPI: PCI Root Bridge [PCI0] (domain 0000 [bus 00-ff])
[    1.268641][    T1] acpi PNP0A03:00: _OSC: OS supports [ASPM ClockPM Segments MSI HPX-Type3]
[    1.271176][    T1] acpi PNP0A03:00: _OSC: not requesting OS control; OS requires [ExtendedConfig ASPM ClockPM MSI]
[    1.274514][    T1] acpi PNP0A03:00: fail to add MMCONFIG information, can't access extended configuration space under this bridge
[    1.278838][    T1] PCI host bridge to bus 0000:00
[    1.280325][    T1] pci_bus 0000:00: Unknown NUMA node; performance will be reduced
[    1.282639][    T1] pci_bus 0000:00: root bus resource [io  0x0000-0x0cf7 window]
[    1.284490][    T1] pci_bus 0000:00: root bus resource [io  0x0d00-0xffff window]
[    1.286776][    T1] pci_bus 0000:00: root bus resource [mem 0x000a0000-0x000bffff window]
[    1.289272][    T1] pci_bus 0000:00: root bus resource [mem 0x80000000-0xfebfffff window]
[    1.291721][    T1] pci_bus 0000:00: root bus resource [mem 0x100000000-0x17fffffff window]
[    1.294249][    T1] pci_bus 0000:00: root bus resource [bus 00-ff]
[    1.294655][    T1] pci 0000:00:00.0: [8086:1237] type 00 class 0x060000
[    1.300672][    T1] pci 0000:00:01.0: [8086:7000] type 00 class 0x060100
[    1.304467][    T1] pci 0000:00:01.1: [8086:7010] type 00 class 0x010180
[    1.312932][    T1] pci 0000:00:01.1: reg 0x20: [io  0xc060-0xc06f]
[    1.317846][    T1] pci 0000:00:01.1: legacy IDE quirk: reg 0x10: [io  0x01f0-0x01f7]
[    1.320216][    T1] pci 0000:00:01.1: legacy IDE quirk: reg 0x14: [io  0x03f6]
[    1.322394][    T1] pci 0000:00:01.1: legacy IDE quirk: reg 0x18: [io  0x0170-0x0177]
[    1.324489][    T1] pci 0000:00:01.1: legacy IDE quirk: reg 0x1c: [io  0x0376]
[    1.328624][    T1] pci 0000:00:01.3: [8086:7113] type 00 class 0x068000
[    1.331728][    T1] pci 0000:00:01.3: quirk: [io  0x0600-0x063f] claimed by PIIX4 ACPI
[    1.334411][    T1] pci 0000:00:01.3: quirk: [io  0x0700-0x070f] claimed by PIIX4 SMB
[    1.335190][    T1] pci 0000:00:02.0: [1234:1111] type 00 class 0x030000
[    1.341968][    T1] pci 0000:00:02.0: reg 0x10: [mem 0xfd000000-0xfdffffff pref]
[    1.348329][    T1] pci 0000:00:02.0: reg 0x18: [mem 0xfebb0000-0xfebb0fff]
[    1.360782][    T1] pci 0000:00:02.0: reg 0x30: [mem 0xfeba0000-0xfebaffff pref]
[    1.363536][    T1] pci 0000:00:02.0: Video device with shadowed ROM at [mem 0x000c0000-0x000dffff]
[    1.369132][    T1] pci 0000:00:03.0: [1af4:1005] type 00 class 0x00ff00
[    1.372935][    T1] pci 0000:00:03.0: reg 0x10: [io  0xc040-0xc05f]
[    1.381545][    T1] pci 0000:00:03.0: reg 0x20: [mem 0xfe000000-0xfe003fff 64bit pref]
[    1.390656][    T1] pci 0000:00:04.0: [8086:100e] type 00 class 0x020000
[    1.394502][    T1] pci 0000:00:04.0: reg 0x10: [mem 0xfeb80000-0xfeb9ffff]
[    1.398430][    T1] pci 0000:00:04.0: reg 0x14: [io  0xc000-0xc03f]
[    1.410139][    T1] pci 0000:00:04.0: reg 0x30: [mem 0xfeb00000-0xfeb7ffff pref]
[    1.419021][    T1] ACPI: PCI: Interrupt link LNKA configured for IRQ 10
[    1.421630][    T1] ACPI: PCI: Interrupt link LNKB configured for IRQ 10
[    1.424204][    T1] ACPI: PCI: Interrupt link LNKC configured for IRQ 11
[    1.425052][    T1] ACPI: PCI: Interrupt link LNKD configured for IRQ 11
[    1.427349][    T1] ACPI: PCI: Interrupt link LNKS configured for IRQ 9
[    1.431062][    T1] iommu: Default domain type: Translated 
[    1.431062][    T1] iommu: DMA domain TLB invalidation policy: lazy mode 
[    1.435801][    T1] SCSI subsystem initialized
[    1.437249][    T1] libata version 3.00 loaded.
[    1.437249][    T1] ACPI: bus type USB registered
[    1.437842][    T1] usbcore: registered new interface driver usbfs
[    1.439773][    T1] usbcore: registered new interface driver hub
[    1.444581][    T1] usbcore: registered new device driver usb
[    1.446742][    T1] mc: Linux media interface: v0.10
[    1.448314][    T1] videodev: Linux video capture interface: v2.00
[    1.450328][    T1] pps_core: LinuxPPS API ver. 1 registered
[    1.452043][    T1] pps_core: Software ver. 5.3.6 - Copyright 2005-2007 Rodolfo Giometti <giometti@linux.it>
[    1.454513][    T1] PTP clock support registered
[    1.456052][    T1] EDAC MC: Ver: 3.0.0
[    1.457304][    T1] Advanced Linux Sound Architecture Driver Initialized.
[    1.458752][    T1] Bluetooth: Core ver 2.22
[    1.460154][    T1] NET: Registered PF_BLUETOOTH protocol family
[    1.464515][    T1] Bluetooth: HCI device and connection manager initialized
[    1.466664][    T1] Bluetooth: HCI socket layer initialized
[    1.468355][    T1] Bluetooth: L2CAP socket layer initialized
[    1.470114][    T1] Bluetooth: SCO socket layer initialized
[    1.471814][    T1] NET: Registered PF_ATMPVC protocol family
[    1.473552][    T1] NET: Registered PF_ATMSVC protocol family
[    1.474594][    T1] NetLabel: Initializing
[    1.475846][    T1] NetLabel:  domain hash size = 128
[    1.477387][    T1] NetLabel:  protocols = UNLABELED CIPSOv4 CALIPSO
[    1.479412][    T1] NetLabel:  unlabeled traffic allowed by default
[    1.481455][    T1] nfc: nfc_init: NFC Core ver 0.1
[    1.481455][    T1] NET: Registered PF_NFC protocol family
[    1.484526][    T1] PCI: Using ACPI for IRQ routing
[    1.485991][    T1] PCI: pci_cache_line_size set to 64 bytes
[    1.487995][    T1] e820: reserve RAM buffer [mem 0x0009fc00-0x0009ffff]
[    1.490012][    T1] e820: reserve RAM buffer [mem 0x7ffe0000-0x7fffffff]
[    1.492107][    T1] pci 0000:00:02.0: vgaarb: setting as boot VGA device
[    1.492107][    T1] pci 0000:00:02.0: vgaarb: bridge control possible
[    1.492107][    T1] pci 0000:00:02.0: vgaarb: VGA device added: decodes=io+mem,owns=io+mem,locks=none
[    1.494596][    T1] vgaarb: loaded
[    1.500071][    T1] hpet0: at MMIO 0xfed00000, IRQs 2, 8, 0
[    1.501794][    T1] hpet0: 3 comparators, 64-bit 100.000000 MHz counter
[    1.506854][    T1] clocksource: Switched to clocksource kvm-clock
[    1.535540][    T1] VFS: Disk quotas dquot_6.6.0
[    1.537100][    T1] VFS: Dquot-cache hash table entries: 512 (order 0, 4096 bytes)
[    1.539619][    T1] FS-Cache: Loaded
[    1.542421][    T1] CacheFiles: Loaded
[    1.543782][    T1] TOMOYO: 2.6.0
[    1.544840][    T1] Mandatory Access Control activated.
[    1.547263][    T1] AppArmor: AppArmor Filesystem Enabled
[    1.549039][    T1] pnp: PnP ACPI init
[    1.550782][    T1] pnp 00:02: [dma 2]
[    1.553917][    T1] pnp: PnP ACPI: found 6 devices
[    1.600842][    T1] clocksource: acpi_pm: mask: 0xffffff max_cycles: 0xffffff, max_idle_ns: 2085701024 ns
[    1.604091][    T1] NET: Registered PF_INET protocol family
[    1.615248][    T1] IP idents hash table entries: 32768 (order: 6, 262144 bytes, vmalloc)
[    1.635675][    T1] tcp_listen_portaddr_hash hash table entries: 1024 (order: 4, 73728 bytes, vmalloc)
[    1.639041][    T1] Table-perturb hash table entries: 65536 (order: 6, 262144 bytes, vmalloc)
[    1.641818][    T1] TCP established hash table entries: 16384 (order: 5, 131072 bytes, vmalloc)
[    1.651057][    T1] TCP bind hash table entries: 16384 (order: 9, 2359296 bytes, vmalloc)
[    1.655197][    T1] TCP: Hash tables configured (established 16384 bind 16384)
[    1.658237][    T1] MPTCP token hash table entries: 2048 (order: 5, 180224 bytes, vmalloc)
[    1.661197][    T1] UDP hash table entries: 1024 (order: 5, 163840 bytes, vmalloc)
[    1.663839][    T1] UDP-Lite hash table entries: 1024 (order: 5, 163840 bytes, vmalloc)
[    1.666655][    T1] NET: Registered PF_UNIX/PF_LOCAL protocol family
[    1.669380][    T1] RPC: Registered named UNIX socket transport module.
[    1.671392][    T1] RPC: Registered udp transport module.
[    1.673013][    T1] RPC: Registered tcp transport module.
[    1.674675][    T1] RPC: Registered tcp NFSv4.1 backchannel transport module.
[    1.677828][    T1] NET: Registered PF_XDP protocol family
[    1.679585][    T1] pci_bus 0000:00: resource 4 [io  0x0000-0x0cf7 window]
[    1.681666][    T1] pci_bus 0000:00: resource 5 [io  0x0d00-0xffff window]
[    1.683745][    T1] pci_bus 0000:00: resource 6 [mem 0x000a0000-0x000bffff window]
[    1.686122][    T1] pci_bus 0000:00: resource 7 [mem 0x80000000-0xfebfffff window]
[    1.688428][    T1] pci_bus 0000:00: resource 8 [mem 0x100000000-0x17fffffff window]
[    1.691020][    T1] pci 0000:00:01.0: PIIX3: Enabling Passive Release
[    1.692992][    T1] pci 0000:00:00.0: Limiting direct PCI/PCI transfers
[    1.695296][    T1] PCI: CLS 0 bytes, default 64
[    1.698965][    T1] ACPI: bus type thunderbolt registered
[    1.705668][   T62] kworker/u5:2 (62) used greatest stack depth: 13720 bytes left
[    1.709052][    T1] RAPL PMU: API unit is 2^-32 Joules, 0 fixed counters, 10737418240 ms ovfl timer
[    1.732656][    T1] kvm: already loaded vendor module 'kvm_intel'
[    1.734626][    T1] clocksource: tsc: mask: 0xffffffffffffffff max_cycles: 0x21134f58f0d, max_idle_ns: 440795217993 ns
[    1.738258][    T1] clocksource: Switched to clocksource tsc
[    7.257166][    T1] Initialise system trusted keyrings
[    7.260385][    T1] workingset: timestamp_bits=40 max_order=19 bucket_order=0
[    7.265338][    T1] DLM installed
[    7.267972][    T1] squashfs: version 4.0 (2009/01/31) Phillip Lougher
[    7.272751][    T1] NFS: Registering the id_resolver key type
[    7.274603][    T1] Key type id_resolver registered
[    7.276078][    T1] Key type id_legacy registered
[    7.277590][    T1] nfs4filelayout_init: NFSv4 File Layout Driver Registering...
[    7.279845][    T1] nfs4flexfilelayout_init: NFSv4 Flexfile Layout Driver Registering...
[    7.286716][    T1] Key type cifs.spnego registered
[    7.288389][    T1] Key type cifs.idmap registered
[    7.290350][    T1] ntfs: driver 2.1.32 [Flags: R/O].
[    7.291960][    T1] ntfs3: Max link count 4000
[    7.293405][    T1] efs: 1.0a - http://aeschi.ch.eu.org/efs/
[    7.295189][    T1] jffs2: version 2.2. (NAND) (SUMMARY)  Â© 2001-2006 Red Hat, Inc.
[    7.298437][    T1] romfs: ROMFS MTD (C) 2007 Red Hat, Inc.
[    7.300201][    T1] QNX4 filesystem 0.2.3 registered.
[    7.301794][    T1] qnx6: QNX6 filesystem 1.0.0 registered.
[    7.303801][    T1] fuse: init (API version 7.38)
[    7.307887][    T1] orangefs_debugfs_init: called with debug mask: :none: :0:
[    7.310308][    T1] orangefs_init: module version upstream loaded
[    7.312269][    T1] JFS: nTxBlock = 8192, nTxLock = 65536
[    7.332208][    T1] SGI XFS with ACLs, security attributes, realtime, quota, fatal assert, debug enabled
[    7.336653][    T1] 9p: Installing v9fs 9p2000 file system support
[    7.338695][    T1] NILFS version 2 loaded
[    7.339945][    T1] befs: version: 0.9.3
[    7.341355][    T1] ocfs2: Registered cluster interface o2cb
[    7.343459][    T1] ocfs2: Registered cluster interface user
[    7.346340][    T1] OCFS2 User DLM kernel interface loaded
[    7.353920][    T1] gfs2: GFS2 installed
[    7.360454][    T1] ceph: loaded (mds proto 32)
[    7.385615][    T1] NET: Registered PF_ALG protocol family
[    7.387363][    T1] xor: automatically using best checksumming function   avx       
[    7.389693][    T1] async_tx: api initialized (async)
[    7.391322][    T1] Key type asymmetric registered
[    7.392779][    T1] Asymmetric key parser 'x509' registered
[    7.394590][    T1] Asymmetric key parser 'pkcs8' registered
[    7.396374][    T1] Key type pkcs7_test registered
[    7.398064][    T1] Block layer SCSI generic (bsg) driver version 0.4 loaded (major 240)
[    7.401078][    T1] io scheduler mq-deadline registered
[    7.402680][    T1] io scheduler kyber registered
[    7.404147][    T1] io scheduler bfq registered
[    7.409547][    T1] input: Power Button as /devices/LNXSYSTM:00/LNXPWRBN:00/input/input0
[    7.425448][  T128] kworker/u6:2 (128) used greatest stack depth: 13640 bytes left
[    7.435009][    T1] ACPI: button: Power Button [PWRF]
[    7.691975][    T1] ACPI: \_SB_.LNKC: Enabled at IRQ 11
[    7.712625][  T185] kworker/u6:0 (185) used greatest stack depth: 13528 bytes left
[    7.806055][  T365] kworker/u5:0 (365) used greatest stack depth: 12896 bytes left
[    7.933359][    T1] N_HDLC line discipline registered with maxframe=4096
[    7.945794][    T1] Serial: 8250/16550 driver, 4 ports, IRQ sharing enabled
[    7.949706][    T1] 00:04: ttyS0 at I/O 0x3f8 (irq = 4, base_baud = 115200) is a 16550A
[    7.959856][    T1] Non-volatile memory driver v1.3
[    7.968767][    T1] Linux agpgart interface v0.103
[    7.972112][    T1] ACPI: bus type drm_connector registered
[    7.977976][    T1] [drm] Initialized vgem 1.0.0 20120112 for vgem on minor 0
[    7.982260][    T1] [drm] Initialized vkms 1.0.0 20180514 for vkms on minor 1
[    8.059312][    T1] Console: switching to colour frame buffer device 128x48
[    8.078912][    T1] platform vkms: [drm] fb0: vkmsdrmfb frame buffer device
[    8.081660][    T1] usbcore: registered new interface driver udl
[    8.083728][    T1] bochs-drm 0000:00:02.0: vgaarb: deactivate vga console
[    8.086315][    T1] [drm] Found bochs VGA, ID 0xb0c5.
[    8.087849][    T1] [drm] Framebuffer size 16384 kB @ 0xfd000000, mmio @ 0xfebb0000.
[    8.093425][    T1] [drm] Found EDID data blob.
[    8.096457][    T1] [drm] Initialized bochs-drm 1.0.0 20130925 for 0000:00:02.0 on minor 2
[    8.108481][    T1] fbcon: bochs-drmdrmfb (fb1) is primary device
[    8.108495][    T1] fbcon: Remapping primary device, fb1, to tty 1-63
[    8.568591][    T1] bochs-drm 0000:00:02.0: [drm] fb1: bochs-drmdrmfb frame buffer device
[    8.578147][    T9] Floppy drive(s): fd0 is 2.88M AMI BIOS
[    8.605994][    T9] FDC 0 is a S82078B
[    8.612270][    T1] brd: module loaded
[    8.652668][    T1] loop: module loaded
[    8.703600][    T1] zram: Added device: zram0
[    8.711088][    T1] null_blk: disk nullb0 created
[    8.712589][    T1] null_blk: module loaded
[    8.714023][    T1] Guest personality initialized and is inactive
[    8.716237][    T1] VMCI host device registered (name=vmci, major=10, minor=119)
[    8.718476][    T1] Initialized host personality
[    8.720590][    T1] usbcore: registered new interface driver rtsx_usb
[    8.723272][    T1] usbcore: registered new interface driver viperboard
[    8.725690][    T1] usbcore: registered new interface driver dln2
[    8.729424][    T1] usbcore: registered new interface driver pn533_usb
[    8.732855][    T1] nfcsim 0.2 initialized
[    8.734272][    T1] usbcore: registered new interface driver port100
[    8.739382][    T1] usbcore: registered new interface driver nfcmrvl
[    8.743619][    T1] Loading iSCSI transport class v2.0-870.
[    8.752178][    T1] st: Version 20160209, fixed bufsize 32768, s/g segs 256
[    8.765294][    T1] ata_piix 0000:00:01.1: version 2.13
[    8.772194][    T1] scsi host0: ata_piix
[    8.776837][    T1] scsi host1: ata_piix
[    8.778533][    T1] ata1: PATA max MWDMA2 cmd 0x1f0 ctl 0x3f6 bmdma 0xc060 irq 14
[    8.780798][    T1] ata2: PATA max MWDMA2 cmd 0x170 ctl 0x376 bmdma 0xc068 irq 15
[    8.791969][    T1] Rounding down aligned max_sectors from 4294967295 to 4294967288
[    8.795585][    T1] db_root: cannot open: /etc/target
[    8.797844][    T1] slram: not enough parameters.
[    8.802070][    T1] ftl_cs: FTL header not found.
[    8.817494][    T1] wireguard: WireGuard 1.0.0 loaded. See www.wireguard.com for information.
[    8.820190][    T1] wireguard: Copyright (C) 2015-2019 Jason A. Donenfeld <Jason@zx2c4.com>. All Rights Reserved.
[    8.823250][    T1] eql: Equalizer2002: Simon Janes (simon@ncm.com) and David S. Miller (davem@redhat.com)
[    8.837951][    T1] MACsec IEEE 802.1AE
[    8.846861][    T1] tun: Universal TUN/TAP device driver, 1.6
[    8.855461][    T1] vcan: Virtual CAN interface driver
[    8.857138][    T1] vxcan: Virtual CAN Tunnel driver
[    8.858669][    T1] slcan: serial line CAN interface driver
[    8.860380][    T1] CAN device driver interface
[    8.863092][    T1] usbcore: registered new interface driver usb_8dev
[    8.865261][    T1] usbcore: registered new interface driver ems_usb
[    8.867391][    T1] usbcore: registered new interface driver gs_usb
[    8.869555][    T1] usbcore: registered new interface driver kvaser_usb
[    8.872293][    T1] usbcore: registered new interface driver mcba_usb
[    8.875634][    T1] usbcore: registered new interface driver peak_usb
[    8.878173][    T1] e100: Intel(R) PRO/100 Network Driver
[    8.879907][    T1] e100: Copyright(c) 1999-2006 Intel Corporation
[    8.882461][    T1] e1000: Intel(R) PRO/1000 Network Driver
[    8.884160][    T1] e1000: Copyright (c) 1999-2006 Intel Corporation.
[    8.944863][  T963] ata1: found unknown device (class 0)
[    8.947671][  T963] ata1.00: ATA-7: QEMU HARDDISK, 2.5+, max UDMA/100
[    8.949628][  T963] ata1.00: 41924608 sectors, multi 16: LBA48 
[    8.954825][  T977] ata2: found unknown device (class 0)
[    8.957533][  T977] ata2.00: ATAPI: QEMU DVD-ROM, 2.5+, max UDMA/100
[    8.961979][   T26] scsi 0:0:0:0: Direct-Access     ATA      QEMU HARDDISK    2.5+ PQ: 0 ANSI: 5
[    8.966858][   T32] sd 0:0:0:0: [sda] 41924608 512-byte logical blocks: (21.5 GB/20.0 GiB)
[    8.969445][   T32] sd 0:0:0:0: [sda] Write Protect is off
[    8.971128][   T32] sd 0:0:0:0: [sda] Mode Sense: 00 3a 00 00
[    8.973214][   T26] sd 0:0:0:0: Attached scsi generic sg0 type 0
[    8.976096][   T67] scsi 1:0:0:0: CD-ROM            QEMU     QEMU DVD-ROM     2.5+ PQ: 0 ANSI: 5
[    8.981768][   T32] sd 0:0:0:0: [sda] Write cache: enabled, read cache: enabled, doesn't support DPO or FUA
[    8.986297][   T32] sd 0:0:0:0: [sda] Preferred minimum I/O size 512 bytes
[    9.029958][   T32] sd 0:0:0:0: [sda] Attached SCSI disk
[    9.076000][   T67] sr 1:0:0:0: [sr0] scsi3-mmc drive: 4x/4x cd/rw xa/form2 tray
[    9.078287][   T67] cdrom: Uniform CD-ROM driver Revision: 3.20
[    9.137828][   T67] sr 1:0:0:0: Attached scsi CD-ROM sr0
[    9.140086][   T67] sr 1:0:0:0: Attached scsi generic sg1 type 5
[    9.157042][    T1] ACPI: \_SB_.LNKD: Enabled at IRQ 10
[    9.614971][    T1] e1000 0000:00:04.0 eth0: (PCI:33MHz:32-bit) 52:54:00:12:34:56
[    9.617295][    T1] e1000 0000:00:04.0 eth0: Intel(R) PRO/1000 Network Connection
[    9.621055][    T1] e1000e: Intel(R) PRO/1000 Network Driver
[    9.622837][    T1] e1000e: Copyright(c) 1999 - 2015 Intel Corporation.
[    9.625591][    T1] mkiss: AX.25 Multikiss, Hans Albas PE1AYX
[    9.627350][    T1] AX.25: 6pack driver, Revision: 0.3.0
[    9.629034][    T1] AX.25: bpqether driver version 004
[    9.630708][    T1] PPP generic driver version 2.4.2
[    9.633683][    T1] PPP BSD Compression module registered
[    9.635402][    T1] PPP Deflate Compression module registered
[    9.637176][    T1] PPP MPPE Compression module registered
[    9.638855][    T1] NET: Registered PF_PPPOX protocol family
[    9.640629][    T1] PPTP driver version 0.8.5
[    9.642890][    T1] SLIP: version 0.8.4-NET3.019-NEWTTY (dynamic channels, max=256) (6 bit encapsulation enabled).
[    9.646358][    T1] CSLIP: code copyright 1989 Regents of the University of California.
[    9.648756][    T1] SLIP linefill/keepalive option.
[    9.650255][    T1] hdlc: HDLC support module revision 1.22
[    9.651984][    T1] LAPB Ethernet driver version 0.02
[    9.654059][    T1] usbcore: registered new interface driver ath9k_htc
[    9.656261][    T1] usbcore: registered new interface driver carl9170
[    9.659499][    T1] usbcore: registered new interface driver ath6kl_usb
[    9.661920][    T1] usbcore: registered new interface driver ar5523
[    9.664385][    T1] usbcore: registered new interface driver ath10k_usb
[    9.667114][    T1] mac80211_hwsim: initializing netlink
[    9.670379][    T1] ieee80211 phy0: Selected rate control algorithm 'minstrel_ht'
[    9.680267][    T1] ieee80211 phy1: Selected rate control algorithm 'minstrel_ht'
[    9.690170][    T1] usbcore: registered new interface driver atusb
[    9.698184][    T1] mac802154_hwsim mac802154_hwsim: Added 2 mac802154 hwsim hardware radios
[    9.701410][    T1] VMware vmxnet3 virtual NIC driver - version 1.7.0.0-k-NAPI
[    9.707744][    T1] usbcore: registered new interface driver catc
[    9.709765][    T1] usbcore: registered new interface driver kaweth
[    9.711728][    T1] pegasus: Pegasus/Pegasus II USB Ethernet driver
[    9.714312][    T1] usbcore: registered new interface driver pegasus
[    9.717473][    T1] usbcore: registered new interface driver rtl8150
[    9.719539][    T1] usbcore: registered new interface driver r8152
[    9.721437][    T1] hso: drivers/net/usb/hso.c: Option Wireless
[    9.724022][    T1] usbcore: registered new interface driver hso
[    9.726304][    T1] usbcore: registered new interface driver lan78xx
[    9.728381][    T1] usbcore: registered new interface driver asix
[    9.730621][    T1] usbcore: registered new interface driver ax88179_178a
[    9.733347][    T1] usbcore: registered new interface driver cdc_ether
[    9.736645][    T1] usbcore: registered new interface driver cdc_eem
[    9.738718][    T1] usbcore: registered new interface driver dm9601
[    9.740815][    T1] usbcore: registered new interface driver sr9700
[    9.743429][    T1] usbcore: registered new interface driver CoreChips
[    9.746102][    T1] usbcore: registered new interface driver smsc75xx
[    9.748452][    T1] usbcore: registered new interface driver smsc95xx
[    9.750801][    T1] usbcore: registered new interface driver gl620a
[    9.752833][    T1] usbcore: registered new interface driver net1080
[    9.755901][    T1] usbcore: registered new interface driver plusb
[    9.758199][    T1] usbcore: registered new interface driver rndis_host
[    9.760837][    T1] usbcore: registered new interface driver cdc_subset
[    9.763238][    T1] usbcore: registered new interface driver zaurus
[    9.765398][    T1] usbcore: registered new interface driver MOSCHIP usb-ethernet driver
[    9.768118][    T1] usbcore: registered new interface driver int51x1
[    9.770220][    T1] usbcore: registered new interface driver cdc_phonet
[    9.772716][    T1] usbcore: registered new interface driver kalmia
[    9.775066][    T1] usbcore: registered new interface driver ipheth
[    9.777326][    T1] usbcore: registered new interface driver sierra_net
[    9.779944][    T1] usbcore: registered new interface driver cx82310_eth
[    9.782346][    T1] usbcore: registered new interface driver cdc_ncm
[    9.784407][    T1] usbcore: registered new interface driver huawei_cdc_ncm
[    9.786919][    T1] usbcore: registered new interface driver lg-vl600
[    9.788979][    T1] usbcore: registered new interface driver qmi_wwan
[    9.791362][    T1] usbcore: registered new interface driver cdc_mbim
[    9.794410][    T1] usbcore: registered new interface driver ch9200
[    9.796536][    T1] usbcore: registered new interface driver r8153_ecm
[    9.801511][    T1] VFIO - User Level meta-driver version: 0.3
[    9.807472][    T1] aoe: AoE v85 initialised.
[    9.815657][    T1] SPI driver max3421-hcd has no spi_device_id for maxim,max3421
[    9.824937][    T1] usbcore: registered new interface driver cdc_acm
[    9.826888][    T1] cdc_acm: USB Abstract Control Model driver for USB modems and ISDN adapters
[    9.830143][    T1] usbcore: registered new interface driver usblp
[    9.832408][    T1] usbcore: registered new interface driver cdc_wdm
[    9.834692][    T1] usbcore: registered new interface driver usbtmc
[    9.836942][    T1] usbcore: registered new interface driver uas
[    9.839218][    T1] usbcore: registered new interface driver usb-storage
[    9.841861][    T1] usbcore: registered new interface driver ums-alauda
[    9.844211][    T1] usbcore: registered new interface driver ums-cypress
[    9.847176][    T1] usbcore: registered new interface driver ums-datafab
[    9.849583][    T1] usbcore: registered new interface driver ums_eneub6250
[    9.852236][    T1] usbcore: registered new interface driver ums-freecom
[    9.854786][    T1] usbcore: registered new interface driver ums-isd200
[    9.856888][    T1] usbcore: registered new interface driver ums-jumpshot
[    9.859301][    T1] usbcore: registered new interface driver ums-karma
[    9.861903][    T1] usbcore: registered new interface driver ums-onetouch
[    9.864327][    T1] usbcore: registered new interface driver ums-realtek
[    9.866530][    T1] usbcore: registered new interface driver ums-sddr09
[    9.868891][    T1] usbcore: registered new interface driver ums-sddr55
[    9.870985][    T1] usbcore: registered new interface driver ums-usbat
[    9.873673][    T1] usbcore: registered new interface driver mdc800
[    9.877759][    T1] mdc800: v0.7.5 (30/10/2000):USB Driver for Mustek MDC800 Digital Camera
[    9.880390][    T1] usbcore: registered new interface driver microtekX6
[    9.882685][    T1] usbcore: registered new interface driver usbserial_generic
[    9.885326][    T1] usbserial: USB Serial support registered for generic
[    9.888020][    T1] usbcore: registered new interface driver aircable
[    9.890599][    T1] usbserial: USB Serial support registered for aircable
[    9.893009][    T1] usbcore: registered new interface driver ark3116
[    9.895936][    T1] usbserial: USB Serial support registered for ark3116
[    9.898097][    T1] usbcore: registered new interface driver belkin_sa
[    9.900194][    T1] usbserial: USB Serial support registered for Belkin / Peracom / GoHubs USB Serial Adapter
[    9.904404][    T1] usbcore: registered new interface driver ch341
[    9.906535][    T1] usbserial: USB Serial support registered for ch341-uart
[    9.908755][    T1] usbcore: registered new interface driver cp210x
[    9.910793][    T1] usbserial: USB Serial support registered for cp210x
[    9.913612][    T1] usbcore: registered new interface driver cyberjack
[    9.916657][    T1] usbserial: USB Serial support registered for Reiner SCT Cyberjack USB card reader
[    9.919540][    T1] usbcore: registered new interface driver cypress_m8
[    9.922005][    T1] usbserial: USB Serial support registered for DeLorme Earthmate USB
[    9.924672][    T1] usbserial: USB Serial support registered for HID->COM RS232 Adapter
[    9.927329][    T1] usbserial: USB Serial support registered for Nokia CA-42 V2 Adapter
[    9.929894][    T1] usbcore: registered new interface driver usb_debug
[    9.932381][    T1] usbserial: USB Serial support registered for debug
[    9.935062][    T1] usbserial: USB Serial support registered for xhci_dbc
[    9.937584][    T1] usbcore: registered new interface driver digi_acceleport
[    9.940146][    T1] usbserial: USB Serial support registered for Digi 2 port USB adapter
[    9.942725][    T1] usbserial: USB Serial support registered for Digi 4 port USB adapter
[    9.945912][    T1] usbcore: registered new interface driver io_edgeport
[    9.948328][    T1] usbserial: USB Serial support registered for Edgeport 2 port adapter
[    9.951438][    T1] usbserial: USB Serial support registered for Edgeport 4 port adapter
[    9.954247][    T1] usbserial: USB Serial support registered for Edgeport 8 port adapter
[    9.957115][    T1] usbserial: USB Serial support registered for EPiC device
[    9.959392][    T1] usbcore: registered new interface driver io_ti
[    9.961654][    T1] usbserial: USB Serial support registered for Edgeport TI 1 port adapter
[    9.964671][    T1] usbserial: USB Serial support registered for Edgeport TI 2 port adapter
[    9.967433][    T1] usbcore: registered new interface driver empeg
[    9.969429][    T1] usbserial: USB Serial support registered for empeg
[    9.971580][    T1] usbcore: registered new interface driver f81534a_ctrl
[    9.974739][    T1] usbcore: registered new interface driver f81232
[    9.977139][    T1] usbserial: USB Serial support registered for f81232
[    9.979539][    T1] usbserial: USB Serial support registered for f81534a
[    9.981944][    T1] usbcore: registered new interface driver f81534
[    9.983962][    T1] usbserial: USB Serial support registered for Fintek F81532/F81534
[    9.986761][    T1] usbcore: registered new interface driver ftdi_sio
[    9.988847][    T1] usbserial: USB Serial support registered for FTDI USB Serial Device
[    9.992463][    T1] usbcore: registered new interface driver garmin_gps
[    9.994638][    T1] usbserial: USB Serial support registered for Garmin GPS usb/tty
[    9.997067][    T1] usbcore: registered new interface driver ipaq
[    9.999323][    T1] usbserial: USB Serial support registered for PocketPC PDA
[   10.002087][    T1] usbcore: registered new interface driver ipw
[   10.004866][    T1] usbserial: USB Serial support registered for IPWireless converter
[   10.007509][    T1] usbcore: registered new interface driver ir_usb
[   10.009546][    T1] usbserial: USB Serial support registered for IR Dongle
[   10.012212][    T1] usbcore: registered new interface driver iuu_phoenix
[   10.014823][    T1] usbserial: USB Serial support registered for iuu_phoenix
[   10.017668][    T1] usbcore: registered new interface driver keyspan
[   10.020015][    T1] usbserial: USB Serial support registered for Keyspan - (without firmware)
[   10.023034][    T1] usbserial: USB Serial support registered for Keyspan 1 port adapter
[   10.025897][    T1] usbserial: USB Serial support registered for Keyspan 2 port adapter
[   10.028442][    T1] usbserial: USB Serial support registered for Keyspan 4 port adapter
[   10.031254][    T1] usbcore: registered new interface driver keyspan_pda
[   10.034867][    T1] usbserial: USB Serial support registered for Keyspan PDA
[   10.037199][    T1] usbserial: USB Serial support registered for Keyspan PDA - (prerenumeration)
[   10.039954][    T1] usbcore: registered new interface driver kl5kusb105
[   10.042463][    T1] usbserial: USB Serial support registered for KL5KUSB105D / PalmConnect
[   10.045794][    T1] usbcore: registered new interface driver kobil_sct
[   10.047889][    T1] usbserial: USB Serial support registered for KOBIL USB smart card terminal
[   10.051004][    T1] usbcore: registered new interface driver mct_u232
[   10.053604][    T1] usbserial: USB Serial support registered for MCT U232
[   10.056066][    T1] usbcore: registered new interface driver metro_usb
[   10.058417][    T1] usbserial: USB Serial support registered for Metrologic USB to Serial
[   10.061123][    T1] usbcore: registered new interface driver mos7720
[   10.063463][    T1] usbserial: USB Serial support registered for Moschip 2 port adapter
[   10.066244][    T1] usbcore: registered new interface driver mos7840
[   10.068420][    T1] usbserial: USB Serial support registered for Moschip 7840/7820 USB Serial Driver
[   10.071288][    T1] usbcore: registered new interface driver mxuport
[   10.073765][    T1] usbserial: USB Serial support registered for MOXA UPort
[   10.076582][    T1] usbcore: registered new interface driver navman
[   10.078897][    T1] usbserial: USB Serial support registered for navman
[   10.081042][    T1] usbcore: registered new interface driver omninet
[   10.083379][    T1] usbserial: USB Serial support registered for ZyXEL - omni.net usb
[   10.086502][    T1] usbcore: registered new interface driver opticon
[   10.088550][    T1] usbserial: USB Serial support registered for opticon
[   10.091044][    T1] usbcore: registered new interface driver option
[   10.093369][    T1] usbserial: USB Serial support registered for GSM modem (1-port)
[   10.096432][    T1] usbcore: registered new interface driver oti6858
[   10.098496][    T1] usbserial: USB Serial support registered for oti6858
[   10.100943][    T1] usbcore: registered new interface driver pl2303
[   10.103255][    T1] usbserial: USB Serial support registered for pl2303
[   10.106356][    T1] usbcore: registered new interface driver qcaux
[   10.108364][    T1] usbserial: USB Serial support registered for qcaux
[   10.110782][    T1] usbcore: registered new interface driver qcserial
[   10.113158][    T1] usbserial: USB Serial support registered for Qualcomm USB modem
[   10.116172][    T1] usbcore: registered new interface driver quatech2
[   10.118547][    T1] usbserial: USB Serial support registered for Quatech 2nd gen USB to Serial Driver
[   10.121743][    T1] usbcore: registered new interface driver safe_serial
[   10.124216][    T1] usbserial: USB Serial support registered for safe_serial
[   10.126533][    T1] usbcore: registered new interface driver sierra
[   10.128817][    T1] usbserial: USB Serial support registered for Sierra USB modem
[   10.131744][    T1] usbcore: registered new interface driver usb_serial_simple
[   10.134304][    T1] usbserial: USB Serial support registered for carelink
[   10.137038][    T1] usbserial: USB Serial support registered for zio
[   10.139098][    T1] usbserial: USB Serial support registered for funsoft
[   10.141599][    T1] usbserial: USB Serial support registered for flashloader
[   10.144106][    T1] usbserial: USB Serial support registered for google
[   10.146841][    T1] usbserial: USB Serial support registered for libtransistor
[   10.149152][    T1] usbserial: USB Serial support registered for vivopay
[   10.151634][    T1] usbserial: USB Serial support registered for moto_modem
[   10.154407][    T1] usbserial: USB Serial support registered for motorola_tetra
[   10.157527][    T1] usbserial: USB Serial support registered for nokia
[   10.159661][    T1] usbserial: USB Serial support registered for novatel_gps
[   10.162228][    T1] usbserial: USB Serial support registered for hp4x
[   10.164665][    T1] usbserial: USB Serial support registered for suunto
[   10.166872][    T1] usbserial: USB Serial support registered for siemens_mpi
[   10.169139][    T1] usbcore: registered new interface driver spcp8x5
[   10.171550][    T1] usbserial: USB Serial support registered for SPCP8x5
[   10.173966][    T1] usbcore: registered new interface driver ssu100
[   10.176755][    T1] usbserial: USB Serial support registered for Quatech SSU-100 USB to Serial Driver
[   10.179917][    T1] usbcore: registered new interface driver symbolserial
[   10.182330][    T1] usbserial: USB Serial support registered for symbol
[   10.184523][    T1] usbcore: registered new interface driver ti_usb_3410_5052
[   10.187043][    T1] usbserial: USB Serial support registered for TI USB 3410 1 port adapter
[   10.190178][    T1] usbserial: USB Serial support registered for TI USB 5052 2 port adapter
[   10.193194][    T1] usbcore: registered new interface driver upd78f0730
[   10.195654][    T1] usbserial: USB Serial support registered for upd78f0730
[   10.198145][    T1] usbcore: registered new interface driver visor
[   10.200143][    T1] usbserial: USB Serial support registered for Handspring Visor / Palm OS
[   10.203022][    T1] usbserial: USB Serial support registered for Sony Clie 5.0
[   10.206018][    T1] usbserial: USB Serial support registered for Sony Clie 3.5
[   10.208612][    T1] usbcore: registered new interface driver wishbone_serial
[   10.211091][    T1] usbserial: USB Serial support registered for wishbone_serial
[   10.214017][    T1] usbcore: registered new interface driver whiteheat
[   10.216437][    T1] usbserial: USB Serial support registered for Connect Tech - WhiteHEAT - (prerenumeration)
[   10.219812][    T1] usbserial: USB Serial support registered for Connect Tech - WhiteHEAT
[   10.222879][    T1] usbcore: registered new interface driver xr_serial
[   10.225428][    T1] usbserial: USB Serial support registered for xr_serial
[   10.227903][    T1] usbcore: registered new interface driver xsens_mt
[   10.230217][    T1] usbserial: USB Serial support registered for xsens_mt
[   10.232424][    T1] usbcore: registered new interface driver adutux
[   10.234732][    T1] usbcore: registered new interface driver appledisplay
[   10.237050][    T1] usbcore: registered new interface driver cypress_cy7c63
[   10.239318][    T1] usbcore: registered new interface driver cytherm
[   10.241846][    T1] usbcore: registered new interface driver emi26 - firmware loader
[   10.244981][    T1] usbcore: registered new interface driver emi62 - firmware loader
[   10.247758][    T1] usbcore: registered new interface driver idmouse
[   10.250096][    T1] usbcore: registered new interface driver iowarrior
[   10.252229][    T1] usbcore: registered new interface driver isight_firmware
[   10.254841][    T1] usbcore: registered new interface driver usblcd
[   10.257455][    T1] usbcore: registered new interface driver ldusb
[   10.259769][    T1] usbcore: registered new interface driver legousbtower
[   10.262249][    T1] usbcore: registered new interface driver usbtest
[   10.264330][    T1] usbcore: registered new interface driver usb_ehset_test
[   10.266930][    T1] usbcore: registered new interface driver trancevibrator
[   10.269191][    T1] usbcore: registered new interface driver uss720
[   10.271117][    T1] uss720: USB Parport Cable driver for Cables using the Lucent Technologies USS720 Chip
[   10.274035][    T1] uss720: NOTE: this is a special purpose driver to allow nonstandard
[   10.277391][    T1] uss720: protocols (eg. bitbang) over USS720 usb to parallel cables
[   10.279873][    T1] uss720: If you just want to connect to a printer, use usblp instead
[   10.282483][    T1] usbcore: registered new interface driver usbsevseg
[   10.285107][    T1] usbcore: registered new interface driver yurex
[   10.287812][    T1] usbcore: registered new interface driver chaoskey
[   10.289965][    T1] usbcore: registered new interface driver sisusb
[   10.293126][    T1] usbcore: registered new interface driver lvs
[   10.296276][    T1] usbcore: registered new interface driver cxacru
[   10.298336][    T1] usbcore: registered new interface driver speedtch
[   10.300731][    T1] usbcore: registered new interface driver ueagle-atm
[   10.302734][    T1] xusbatm: malformed module parameters
[   10.306951][    T1] dummy_hcd dummy_hcd.0: USB Host+Gadget Emulator, driver 02 May 2005
[   10.309446][    T1] dummy_hcd dummy_hcd.0: Dummy host controller
[   10.314051][    T1] dummy_hcd dummy_hcd.0: new USB bus registered, assigned bus number 1
[   10.317110][    T1] usb usb1: New USB device found, idVendor=1d6b, idProduct=0002, bcdDevice= 6.02
[   10.319824][    T1] usb usb1: New USB device strings: Mfr=3, Product=2, SerialNumber=1
[   10.322265][    T1] usb usb1: Product: Dummy host controller
[   10.324003][    T1] usb usb1: Manufacturer: Linux 6.2.0 dummy_hcd
[   10.325908][    T1] usb usb1: SerialNumber: dummy_hcd.0
[   10.328510][    T1] hub 1-0:1.0: USB hub found
[   10.329947][    T1] hub 1-0:1.0: 1 port detected
[   10.332999][    T1] dummy_hcd dummy_hcd.1: USB Host+Gadget Emulator, driver 02 May 2005
[   10.337835][    T1] dummy_hcd dummy_hcd.1: Dummy host controller
[   10.340241][    T1] dummy_hcd dummy_hcd.1: new USB bus registered, assigned bus number 2
[   10.342867][    T1] usb usb2: New USB device found, idVendor=1d6b, idProduct=0002, bcdDevice= 6.02
[   10.345689][    T1] usb usb2: New USB device strings: Mfr=3, Product=2, SerialNumber=1
[   10.348066][    T1] usb usb2: Product: Dummy host controller
[   10.349881][    T1] usb usb2: Manufacturer: Linux 6.2.0 dummy_hcd
[   10.351708][    T1] usb usb2: SerialNumber: dummy_hcd.1
[   10.354451][    T1] hub 2-0:1.0: USB hub found
[   10.355910][    T1] hub 2-0:1.0: 1 port detected
[   10.358736][    T1] dummy_hcd dummy_hcd.2: USB Host+Gadget Emulator, driver 02 May 2005
[   10.361267][    T1] dummy_hcd dummy_hcd.2: Dummy host controller
[   10.364830][    T1] dummy_hcd dummy_hcd.2: new USB bus registered, assigned bus number 3
[   10.367477][    T1] usb usb3: New USB device found, idVendor=1d6b, idProduct=0002, bcdDevice= 6.02
[   10.370381][    T1] usb usb3: New USB device strings: Mfr=3, Product=2, SerialNumber=1
[   10.372797][    T1] usb usb3: Product: Dummy host controller
[   10.374890][    T1] usb usb3: Manufacturer: Linux 6.2.0 dummy_hcd
[   10.376757][    T1] usb usb3: SerialNumber: dummy_hcd.2
[   10.379200][    T1] hub 3-0:1.0: USB hub found
[   10.380628][    T1] hub 3-0:1.0: 1 port detected
[   10.383492][    T1] dummy_hcd dummy_hcd.3: USB Host+Gadget Emulator, driver 02 May 2005
[   10.387255][    T1] dummy_hcd dummy_hcd.3: Dummy host controller
[   10.389373][    T1] dummy_hcd dummy_hcd.3: new USB bus registered, assigned bus number 4
[   10.391977][    T1] usb usb4: New USB device found, idVendor=1d6b, idProduct=0002, bcdDevice= 6.02
[   10.395061][    T1] usb usb4: New USB device strings: Mfr=3, Product=2, SerialNumber=1
[   10.397550][    T1] usb usb4: Product: Dummy host controller
[   10.399393][    T1] usb usb4: Manufacturer: Linux 6.2.0 dummy_hcd
[   10.401251][    T1] usb usb4: SerialNumber: dummy_hcd.3
[   10.403964][    T1] hub 4-0:1.0: USB hub found
[   10.405794][    T1] hub 4-0:1.0: 1 port detected
[   10.408837][    T1] dummy_hcd dummy_hcd.4: USB Host+Gadget Emulator, driver 02 May 2005
[   10.411298][    T1] dummy_hcd dummy_hcd.4: Dummy host controller
[   10.413647][    T1] dummy_hcd dummy_hcd.4: new USB bus registered, assigned bus number 5
[   10.416732][    T1] usb usb5: New USB device found, idVendor=1d6b, idProduct=0002, bcdDevice= 6.02
[   10.419433][    T1] usb usb5: New USB device strings: Mfr=3, Product=2, SerialNumber=1
[   10.421827][    T1] usb usb5: Product: Dummy host controller
[   10.423550][    T1] usb usb5: Manufacturer: Linux 6.2.0 dummy_hcd
[   10.425790][    T1] usb usb5: SerialNumber: dummy_hcd.4
[   10.428218][    T1] hub 5-0:1.0: USB hub found
[   10.429634][    T1] hub 5-0:1.0: 1 port detected
[   10.432446][    T1] dummy_hcd dummy_hcd.5: USB Host+Gadget Emulator, driver 02 May 2005
[   10.435026][    T1] dummy_hcd dummy_hcd.5: Dummy host controller
[   10.437389][    T1] dummy_hcd dummy_hcd.5: new USB bus registered, assigned bus number 6
[   10.440071][    T1] usb usb6: New USB device found, idVendor=1d6b, idProduct=0002, bcdDevice= 6.02
[   10.442796][    T1] usb usb6: New USB device strings: Mfr=3, Product=2, SerialNumber=1
[   10.445938][    T1] usb usb6: Product: Dummy host controller
[   10.447684][    T1] usb usb6: Manufacturer: Linux 6.2.0 dummy_hcd
[   10.449541][    T1] usb usb6: SerialNumber: dummy_hcd.5
[   10.452168][    T1] hub 6-0:1.0: USB hub found
[   10.453607][    T1] hub 6-0:1.0: 1 port detected
[   10.456576][    T1] dummy_hcd dummy_hcd.6: USB Host+Gadget Emulator, driver 02 May 2005
[   10.459062][    T1] dummy_hcd dummy_hcd.6: Dummy host controller
[   10.461401][    T1] dummy_hcd dummy_hcd.6: new USB bus registered, assigned bus number 7
[   10.465785][    T1] usb usb7: New USB device found, idVendor=1d6b, idProduct=0002, bcdDevice= 6.02
[   10.470036][    T1] usb usb7: New USB device strings: Mfr=3, Product=2, SerialNumber=1
[   10.473812][    T1] usb usb7: Product: Dummy host controller
[   10.477118][    T1] usb usb7: Manufacturer: Linux 6.2.0 dummy_hcd
[   10.480090][    T1] usb usb7: SerialNumber: dummy_hcd.6
[   10.484061][    T1] hub 7-0:1.0: USB hub found
[   10.486495][    T1] hub 7-0:1.0: 1 port detected
[   10.491377][    T1] dummy_hcd dummy_hcd.7: USB Host+Gadget Emulator, driver 02 May 2005
[   10.497062][    T1] dummy_hcd dummy_hcd.7: Dummy host controller
[   10.500438][    T1] dummy_hcd dummy_hcd.7: new USB bus registered, assigned bus number 8
[   10.504782][    T1] usb usb8: New USB device found, idVendor=1d6b, idProduct=0002, bcdDevice= 6.02
[   10.507573][    T1] usb usb8: New USB device strings: Mfr=3, Product=2, SerialNumber=1
[   10.509959][    T1] usb usb8: Product: Dummy host controller
[   10.511725][    T1] usb usb8: Manufacturer: Linux 6.2.0 dummy_hcd
[   10.513565][    T1] usb usb8: SerialNumber: dummy_hcd.7
[   10.516508][    T1] hub 8-0:1.0: USB hub found
[   10.517921][    T1] hub 8-0:1.0: 1 port detected
[   10.529046][    T1] gadgetfs: USB Gadget filesystem, version 24 Aug 2004
[   10.532627][    T1] vhci_hcd vhci_hcd.0: USB/IP Virtual Host Controller
[   10.536877][    T1] vhci_hcd vhci_hcd.0: new USB bus registered, assigned bus number 9
[   10.540891][    T1] vhci_hcd: created sysfs vhci_hcd.0
[   10.545604][    T1] usb usb9: New USB device found, idVendor=1d6b, idProduct=0002, bcdDevice= 6.02
[   10.549919][    T1] usb usb9: New USB device strings: Mfr=3, Product=2, SerialNumber=1
[   10.553655][    T1] usb usb9: Product: USB/IP Virtual Host Controller
[   10.556782][    T1] usb usb9: Manufacturer: Linux 6.2.0 vhci_hcd
[   10.559666][    T1] usb usb9: SerialNumber: vhci_hcd.0
[   10.563430][    T1] hub 9-0:1.0: USB hub found
[   10.565627][    T1] hub 9-0:1.0: 8 ports detected
[   10.569391][    T1] vhci_hcd vhci_hcd.0: USB/IP Virtual Host Controller
[   10.571723][    T1] vhci_hcd vhci_hcd.0: new USB bus registered, assigned bus number 10
[   10.575277][    T1] usb usb10: We don't know the algorithms for LPM for this host, disabling LPM.
[   10.578082][    T1] usb usb10: New USB device found, idVendor=1d6b, idProduct=0003, bcdDevice= 6.02
[   10.580783][    T1] usb usb10: New USB device strings: Mfr=3, Product=2, SerialNumber=1
[   10.583166][    T1] usb usb10: Product: USB/IP Virtual Host Controller
[   10.585183][    T1] usb usb10: Manufacturer: Linux 6.2.0 vhci_hcd
[   10.587026][    T1] usb usb10: SerialNumber: vhci_hcd.0
[   10.589425][    T1] hub 10-0:1.0: USB hub found
[   10.590837][    T1] hub 10-0:1.0: 8 ports detected
[   10.595405][    T1] vhci_hcd vhci_hcd.1: USB/IP Virtual Host Controller
[   10.598237][    T1] vhci_hcd vhci_hcd.1: new USB bus registered, assigned bus number 11
[   10.601671][    T1] usb usb11: New USB device found, idVendor=1d6b, idProduct=0002, bcdDevice= 6.02
[   10.604406][    T1] usb usb11: New USB device strings: Mfr=3, Product=2, SerialNumber=1
[   10.606965][    T1] usb usb11: Product: USB/IP Virtual Host Controller
[   10.608931][    T1] usb usb11: Manufacturer: Linux 6.2.0 vhci_hcd
[   10.610776][    T1] usb usb11: SerialNumber: vhci_hcd.1
[   10.613206][    T1] hub 11-0:1.0: USB hub found
[   10.614688][    T1] hub 11-0:1.0: 8 ports detected
[   10.618324][    T1] vhci_hcd vhci_hcd.1: USB/IP Virtual Host Controller
[   10.620941][    T1] vhci_hcd vhci_hcd.1: new USB bus registered, assigned bus number 12
[   10.623734][    T1] usb usb12: We don't know the algorithms for LPM for this host, disabling LPM.
[   10.626865][    T1] usb usb12: New USB device found, idVendor=1d6b, idProduct=0003, bcdDevice= 6.02
[   10.629687][    T1] usb usb12: New USB device strings: Mfr=3, Product=2, SerialNumber=1
[   10.632114][    T1] usb usb12: Product: USB/IP Virtual Host Controller
[   10.634086][    T1] usb usb12: Manufacturer: Linux 6.2.0 vhci_hcd
[   10.636161][    T1] usb usb12: SerialNumber: vhci_hcd.1
[   10.639014][    T1] hub 12-0:1.0: USB hub found
[   10.640517][    T1] hub 12-0:1.0: 8 ports detected
[   10.645050][    T1] vhci_hcd vhci_hcd.2: USB/IP Virtual Host Controller
[   10.647669][    T1] vhci_hcd vhci_hcd.2: new USB bus registered, assigned bus number 13
[   10.651413][    T1] usb usb13: New USB device found, idVendor=1d6b, idProduct=0002, bcdDevice= 6.02
[   10.654147][    T1] usb usb13: New USB device strings: Mfr=3, Product=2, SerialNumber=1
[   10.656641][    T1] usb usb13: Product: USB/IP Virtual Host Controller
[   10.658623][    T1] usb usb13: Manufacturer: Linux 6.2.0 vhci_hcd
[   10.660459][    T1] usb usb13: SerialNumber: vhci_hcd.2
[   10.663083][    T1] hub 13-0:1.0: USB hub found
[   10.664602][    T1] hub 13-0:1.0: 8 ports detected
[   10.668390][    T1] vhci_hcd vhci_hcd.2: USB/IP Virtual Host Controller
[   10.670989][    T1] vhci_hcd vhci_hcd.2: new USB bus registered, assigned bus number 14
[   10.673816][    T1] usb usb14: We don't know the algorithms for LPM for this host, disabling LPM.
[   10.677257][    T1] usb usb14: New USB device found, idVendor=1d6b, idProduct=0003, bcdDevice= 6.02
[   10.680015][    T1] usb usb14: New USB device strings: Mfr=3, Product=2, SerialNumber=1
[   10.682429][    T1] usb usb14: Product: USB/IP Virtual Host Controller
[   10.684407][    T1] usb usb14: Manufacturer: Linux 6.2.0 vhci_hcd
[   10.686300][    T1] usb usb14: SerialNumber: vhci_hcd.2
[   10.688994][    T1] hub 14-0:1.0: USB hub found
[   10.690490][    T1] hub 14-0:1.0: 8 ports detected
[   10.695030][    T1] vhci_hcd vhci_hcd.3: USB/IP Virtual Host Controller
[   10.697629][    T1] vhci_hcd vhci_hcd.3: new USB bus registered, assigned bus number 15
[   10.701378][    T1] usb usb15: New USB device found, idVendor=1d6b, idProduct=0002, bcdDevice= 6.02
[   10.704109][    T1] usb usb15: New USB device strings: Mfr=3, Product=2, SerialNumber=1
[   10.706597][    T1] usb usb15: Product: USB/IP Virtual Host Controller
[   10.708576][    T1] usb usb15: Manufacturer: Linux 6.2.0 vhci_hcd
[   10.710419][    T1] usb usb15: SerialNumber: vhci_hcd.3
[   10.713098][    T1] hub 15-0:1.0: USB hub found
[   10.714819][    T1] hub 15-0:1.0: 8 ports detected
[   10.718604][    T1] vhci_hcd vhci_hcd.3: USB/IP Virtual Host Controller
[   10.721202][    T1] vhci_hcd vhci_hcd.3: new USB bus registered, assigned bus number 16
[   10.724049][    T1] usb usb16: We don't know the algorithms for LPM for this host, disabling LPM.
[   10.727525][    T1] usb usb16: New USB device found, idVendor=1d6b, idProduct=0003, bcdDevice= 6.02
[   10.730255][    T1] usb usb16: New USB device strings: Mfr=3, Product=2, SerialNumber=1
[   10.732687][    T1] usb usb16: Product: USB/IP Virtual Host Controller
[   10.734717][    T1] usb usb16: Manufacturer: Linux 6.2.0 vhci_hcd
[   10.736576][    T1] usb usb16: SerialNumber: vhci_hcd.3
[   10.739209][    T1] hub 16-0:1.0: USB hub found
[   10.740697][    T1] hub 16-0:1.0: 8 ports detected
[   10.745234][    T1] vhci_hcd vhci_hcd.4: USB/IP Virtual Host Controller
[   10.747748][    T1] vhci_hcd vhci_hcd.4: new USB bus registered, assigned bus number 17
[   10.750419][    T1] usb usb17: New USB device found, idVendor=1d6b, idProduct=0002, bcdDevice= 6.02
[   10.753137][    T1] usb usb17: New USB device strings: Mfr=3, Product=2, SerialNumber=1
[   10.755617][    T1] usb usb17: Product: USB/IP Virtual Host Controller
[   10.757588][    T1] usb usb17: Manufacturer: Linux 6.2.0 vhci_hcd
[   10.759433][    T1] usb usb17: SerialNumber: vhci_hcd.4
[   10.762381][    T1] hub 17-0:1.0: USB hub found
[   10.763824][    T1] hub 17-0:1.0: 8 ports detected
[   10.767549][    T1] vhci_hcd vhci_hcd.4: USB/IP Virtual Host Controller
[   10.769905][    T1] vhci_hcd vhci_hcd.4: new USB bus registered, assigned bus number 18
[   10.773252][    T1] usb usb18: We don't know the algorithms for LPM for this host, disabling LPM.
[   10.776117][    T1] usb usb18: New USB device found, idVendor=1d6b, idProduct=0003, bcdDevice= 6.02
[   10.778852][    T1] usb usb18: New USB device strings: Mfr=3, Product=2, SerialNumber=1
[   10.781251][    T1] usb usb18: Product: USB/IP Virtual Host Controller
[   10.783224][    T1] usb usb18: Manufacturer: Linux 6.2.0 vhci_hcd
[   10.785105][    T1] usb usb18: SerialNumber: vhci_hcd.4
[   10.787573][    T1] hub 18-0:1.0: USB hub found
[   10.789012][    T1] hub 18-0:1.0: 8 ports detected
[   10.793309][    T1] vhci_hcd vhci_hcd.5: USB/IP Virtual Host Controller
[   10.796276][    T1] vhci_hcd vhci_hcd.5: new USB bus registered, assigned bus number 19
[   10.799742][    T1] usb usb19: New USB device found, idVendor=1d6b, idProduct=0002, bcdDevice= 6.02
[   10.802475][    T1] usb usb19: New USB device strings: Mfr=3, Product=2, SerialNumber=1
[   10.805240][    T1] usb usb19: Product: USB/IP Virtual Host Controller
[   10.807254][    T1] usb usb19: Manufacturer: Linux 6.2.0 vhci_hcd
[   10.809095][    T1] usb usb19: SerialNumber: vhci_hcd.5
[   10.811521][    T1] hub 19-0:1.0: USB hub found
[   10.813011][    T1] hub 19-0:1.0: 8 ports detected
[   10.816703][    T1] vhci_hcd vhci_hcd.5: USB/IP Virtual Host Controller
[   10.819069][    T1] vhci_hcd vhci_hcd.5: new USB bus registered, assigned bus number 20
[   10.822420][    T1] usb usb20: We don't know the algorithms for LPM for this host, disabling LPM.
[   10.825388][    T1] usb usb20: New USB device found, idVendor=1d6b, idProduct=0003, bcdDevice= 6.02
[   10.828098][    T1] usb usb20: New USB device strings: Mfr=3, Product=2, SerialNumber=1
[   10.830529][    T1] usb usb20: Product: USB/IP Virtual Host Controller
[   10.832501][    T1] usb usb20: Manufacturer: Linux 6.2.0 vhci_hcd
[   10.834332][    T1] usb usb20: SerialNumber: vhci_hcd.5
[   10.836773][    T1] hub 20-0:1.0: USB hub found
[   10.838215][    T1] hub 20-0:1.0: 8 ports detected
[   10.842633][    T1] vhci_hcd vhci_hcd.6: USB/IP Virtual Host Controller
[   10.846020][    T1] vhci_hcd vhci_hcd.6: new USB bus registered, assigned bus number 21
[   10.849151][    T1] usb usb21: New USB device found, idVendor=1d6b, idProduct=0002, bcdDevice= 6.02
[   10.851878][    T1] usb usb21: New USB device strings: Mfr=3, Product=2, SerialNumber=1
[   10.854275][    T1] usb usb21: Product: USB/IP Virtual Host Controller
[   10.856288][    T1] usb usb21: Manufacturer: Linux 6.2.0 vhci_hcd
[   10.858125][    T1] usb usb21: SerialNumber: vhci_hcd.6
[   10.860580][    T1] hub 21-0:1.0: USB hub found
[   10.862008][    T1] hub 21-0:1.0: 8 ports detected
[   10.866169][    T1] vhci_hcd vhci_hcd.6: USB/IP Virtual Host Controller
[   10.868522][    T1] vhci_hcd vhci_hcd.6: new USB bus registered, assigned bus number 22
[   10.871839][    T1] usb usb22: We don't know the algorithms for LPM for this host, disabling LPM.
[   10.874731][    T1] usb usb22: New USB device found, idVendor=1d6b, idProduct=0003, bcdDevice= 6.02
[   10.877450][    T1] usb usb22: New USB device strings: Mfr=3, Product=2, SerialNumber=1
[   10.879837][    T1] usb usb22: Product: USB/IP Virtual Host Controller
[   10.881782][    T1] usb usb22: Manufacturer: Linux 6.2.0 vhci_hcd
[   10.883618][    T1] usb usb22: SerialNumber: vhci_hcd.6
[   10.886452][    T1] hub 22-0:1.0: USB hub found
[   10.887873][    T1] hub 22-0:1.0: 8 ports detected
[   10.892185][    T1] vhci_hcd vhci_hcd.7: USB/IP Virtual Host Controller
[   10.894859][    T1] vhci_hcd vhci_hcd.7: new USB bus registered, assigned bus number 23
[   10.897556][    T1] usb usb23: New USB device found, idVendor=1d6b, idProduct=0002, bcdDevice= 6.02
[   10.900303][    T1] usb usb23: New USB device strings: Mfr=3, Product=2, SerialNumber=1
[   10.902726][    T1] usb usb23: Product: USB/IP Virtual Host Controller
[   10.905129][    T1] usb usb23: Manufacturer: Linux 6.2.0 vhci_hcd
[   10.907021][    T1] usb usb23: SerialNumber: vhci_hcd.7
[   10.909688][    T1] hub 23-0:1.0: USB hub found
[   10.911132][    T1] hub 23-0:1.0: 8 ports detected
[   10.915066][    T1] vhci_hcd vhci_hcd.7: USB/IP Virtual Host Controller
[   10.917568][    T1] vhci_hcd vhci_hcd.7: new USB bus registered, assigned bus number 24
[   10.920120][    T1] usb usb24: We don't know the algorithms for LPM for this host, disabling LPM.
[   10.923257][    T1] usb usb24: New USB device found, idVendor=1d6b, idProduct=0003, bcdDevice= 6.02
[   10.926384][    T1] usb usb24: New USB device strings: Mfr=3, Product=2, SerialNumber=1
[   10.928774][    T1] usb usb24: Product: USB/IP Virtual Host Controller
[   10.930749][    T1] usb usb24: Manufacturer: Linux 6.2.0 vhci_hcd
[   10.932586][    T1] usb usb24: SerialNumber: vhci_hcd.7
[   10.935021][    T1] hub 24-0:1.0: USB hub found
[   10.936461][    T1] hub 24-0:1.0: 8 ports detected
[   10.940836][    T1] vhci_hcd vhci_hcd.8: USB/IP Virtual Host Controller
[   10.943702][    T1] vhci_hcd vhci_hcd.8: new USB bus registered, assigned bus number 25
[   10.947133][    T1] usb usb25: New USB device found, idVendor=1d6b, idProduct=0002, bcdDevice= 6.02
[   10.949883][    T1] usb usb25: New USB device strings: Mfr=3, Product=2, SerialNumber=1
[   10.952286][    T1] usb usb25: Product: USB/IP Virtual Host Controller
[   10.954254][    T1] usb usb25: Manufacturer: Linux 6.2.0 vhci_hcd
[   10.956128][    T1] usb usb25: SerialNumber: vhci_hcd.8
[   10.958538][    T1] hub 25-0:1.0: USB hub found
[   10.959967][    T1] hub 25-0:1.0: 8 ports detected
[   10.963689][    T1] vhci_hcd vhci_hcd.8: USB/IP Virtual Host Controller
[   10.966414][    T1] vhci_hcd vhci_hcd.8: new USB bus registered, assigned bus number 26
[   10.969203][    T1] usb usb26: We don't know the algorithms for LPM for this host, disabling LPM.
[   10.972267][    T1] usb usb26: New USB device found, idVendor=1d6b, idProduct=0003, bcdDevice= 6.02
[   10.975024][    T1] usb usb26: New USB device strings: Mfr=3, Product=2, SerialNumber=1
[   10.977416][    T1] usb usb26: Product: USB/IP Virtual Host Controller
[   10.979374][    T1] usb usb26: Manufacturer: Linux 6.2.0 vhci_hcd
[   10.981177][    T1] usb usb26: SerialNumber: vhci_hcd.8
[   10.983581][    T1] hub 26-0:1.0: USB hub found
[   10.985450][    T1] hub 26-0:1.0: 8 ports detected
[   10.989778][    T1] vhci_hcd vhci_hcd.9: USB/IP Virtual Host Controller
[   10.992341][    T1] vhci_hcd vhci_hcd.9: new USB bus registered, assigned bus number 27
[   10.995095][    T1] usb usb27: New USB device found, idVendor=1d6b, idProduct=0002, bcdDevice= 6.02
[   10.997912][    T1] usb usb27: New USB device strings: Mfr=3, Product=2, SerialNumber=1
[   11.000333][    T1] usb usb27: Product: USB/IP Virtual Host Controller
[   11.002319][    T1] usb usb27: Manufacturer: Linux 6.2.0 vhci_hcd
[   11.004178][    T1] usb usb27: SerialNumber: vhci_hcd.9
[   11.006949][    T1] hub 27-0:1.0: USB hub found
[   11.008417][    T1] hub 27-0:1.0: 8 ports detected
[   11.012333][    T1] vhci_hcd vhci_hcd.9: USB/IP Virtual Host Controller
[   11.015084][    T1] vhci_hcd vhci_hcd.9: new USB bus registered, assigned bus number 28
[   11.017671][    T1] usb usb28: We don't know the algorithms for LPM for this host, disabling LPM.
[   11.020800][    T1] usb usb28: New USB device found, idVendor=1d6b, idProduct=0003, bcdDevice= 6.02
[   11.023524][    T1] usb usb28: New USB device strings: Mfr=3, Product=2, SerialNumber=1
[   11.026214][    T1] usb usb28: Product: USB/IP Virtual Host Controller
[   11.028202][    T1] usb usb28: Manufacturer: Linux 6.2.0 vhci_hcd
[   11.030039][    T1] usb usb28: SerialNumber: vhci_hcd.9
[   11.032476][    T1] hub 28-0:1.0: USB hub found
[   11.033906][    T1] hub 28-0:1.0: 8 ports detected
[   11.038299][    T1] vhci_hcd vhci_hcd.10: USB/IP Virtual Host Controller
[   11.041219][    T1] vhci_hcd vhci_hcd.10: new USB bus registered, assigned bus number 29
[   11.044762][    T1] usb usb29: New USB device found, idVendor=1d6b, idProduct=0002, bcdDevice= 6.02
[   11.047725][    T1] usb usb29: New USB device strings: Mfr=3, Product=2, SerialNumber=1
[   11.050124][    T1] usb usb29: Product: USB/IP Virtual Host Controller
[   11.052089][    T1] usb usb29: Manufacturer: Linux 6.2.0 vhci_hcd
[   11.053913][    T1] usb usb29: SerialNumber: vhci_hcd.10
[   11.056435][    T1] hub 29-0:1.0: USB hub found
[   11.057872][    T1] hub 29-0:1.0: 8 ports detected
[   11.061296][    T1] vhci_hcd vhci_hcd.10: USB/IP Virtual Host Controller
[   11.063930][    T1] vhci_hcd vhci_hcd.10: new USB bus registered, assigned bus number 30
[   11.067337][    T1] usb usb30: We don't know the algorithms for LPM for this host, disabling LPM.
[   11.070150][    T1] usb usb30: New USB device found, idVendor=1d6b, idProduct=0003, bcdDevice= 6.02
[   11.072860][    T1] usb usb30: New USB device strings: Mfr=3, Product=2, SerialNumber=1
[   11.075593][    T1] usb usb30: Product: USB/IP Virtual Host Controller
[   11.077562][    T1] usb usb30: Manufacturer: Linux 6.2.0 vhci_hcd
[   11.079411][    T1] usb usb30: SerialNumber: vhci_hcd.10
[   11.081818][    T1] hub 30-0:1.0: USB hub found
[   11.083240][    T1] hub 30-0:1.0: 8 ports detected
[   11.087620][    T1] vhci_hcd vhci_hcd.11: USB/IP Virtual Host Controller
[   11.090540][    T1] vhci_hcd vhci_hcd.11: new USB bus registered, assigned bus number 31
[   11.093989][    T1] usb usb31: New USB device found, idVendor=1d6b, idProduct=0002, bcdDevice= 6.02
[   11.096946][    T1] usb usb31: New USB device strings: Mfr=3, Product=2, SerialNumber=1
[   11.099343][    T1] usb usb31: Product: USB/IP Virtual Host Controller
[   11.101317][    T1] usb usb31: Manufacturer: Linux 6.2.0 vhci_hcd
[   11.103158][    T1] usb usb31: SerialNumber: vhci_hcd.11
[   11.105911][    T1] hub 31-0:1.0: USB hub found
[   11.107347][    T1] hub 31-0:1.0: 8 ports detected
[   11.111034][    T1] vhci_hcd vhci_hcd.11: USB/IP Virtual Host Controller
[   11.113468][    T1] vhci_hcd vhci_hcd.11: new USB bus registered, assigned bus number 32
[   11.116854][    T1] usb usb32: We don't know the algorithms for LPM for this host, disabling LPM.
[   11.119702][    T1] usb usb32: New USB device found, idVendor=1d6b, idProduct=0003, bcdDevice= 6.02
[   11.122423][    T1] usb usb32: New USB device strings: Mfr=3, Product=2, SerialNumber=1
[   11.125237][    T1] usb usb32: Product: USB/IP Virtual Host Controller
[   11.127211][    T1] usb usb32: Manufacturer: Linux 6.2.0 vhci_hcd
[   11.129062][    T1] usb usb32: SerialNumber: vhci_hcd.11
[   11.131488][    T1] hub 32-0:1.0: USB hub found
[   11.132921][    T1] hub 32-0:1.0: 8 ports detected
[   11.137268][    T1] vhci_hcd vhci_hcd.12: USB/IP Virtual Host Controller
[   11.139792][    T1] vhci_hcd vhci_hcd.12: new USB bus registered, assigned bus number 33
[   11.142997][    T1] usb usb33: New USB device found, idVendor=1d6b, idProduct=0002, bcdDevice= 6.02
[   11.145964][    T1] usb usb33: New USB device strings: Mfr=3, Product=2, SerialNumber=1
[   11.148427][    T1] usb usb33: Product: USB/IP Virtual Host Controller
[   11.150407][    T1] usb usb33: Manufacturer: Linux 6.2.0 vhci_hcd
[   11.152236][    T1] usb usb33: SerialNumber: vhci_hcd.12
[   11.155107][    T1] hub 33-0:1.0: USB hub found
[   11.156633][    T1] hub 33-0:1.0: 8 ports detected
[   11.160294][    T1] vhci_hcd vhci_hcd.12: USB/IP Virtual Host Controller
[   11.162665][    T1] vhci_hcd vhci_hcd.12: new USB bus registered, assigned bus number 34
[   11.166262][    T1] usb usb34: We don't know the algorithms for LPM for this host, disabling LPM.
[   11.169093][    T1] usb usb34: New USB device found, idVendor=1d6b, idProduct=0003, bcdDevice= 6.02
[   11.171824][    T1] usb usb34: New USB device strings: Mfr=3, Product=2, SerialNumber=1
[   11.174255][    T1] usb usb34: Product: USB/IP Virtual Host Controller
[   11.176304][    T1] usb usb34: Manufacturer: Linux 6.2.0 vhci_hcd
[   11.178182][    T1] usb usb34: SerialNumber: vhci_hcd.12
[   11.180648][    T1] hub 34-0:1.0: USB hub found
[   11.182090][    T1] hub 34-0:1.0: 8 ports detected
[   11.186910][    T1] vhci_hcd vhci_hcd.13: USB/IP Virtual Host Controller
[   11.189856][    T1] vhci_hcd vhci_hcd.13: new USB bus registered, assigned bus number 35
[   11.193306][    T1] usb usb35: New USB device found, idVendor=1d6b, idProduct=0002, bcdDevice= 6.02
[   11.196156][    T1] usb usb35: New USB device strings: Mfr=3, Product=2, SerialNumber=1
[   11.198622][    T1] usb usb35: Product: USB/IP Virtual Host Controller
[   11.200617][    T1] usb usb35: Manufacturer: Linux 6.2.0 vhci_hcd
[   11.202462][    T1] usb usb35: SerialNumber: vhci_hcd.13
[   11.205333][    T1] hub 35-0:1.0: USB hub found
[   11.206839][    T1] hub 35-0:1.0: 8 ports detected
[   11.210515][    T1] vhci_hcd vhci_hcd.13: USB/IP Virtual Host Controller
[   11.212941][    T1] vhci_hcd vhci_hcd.13: new USB bus registered, assigned bus number 36
[   11.216725][    T1] usb usb36: We don't know the algorithms for LPM for this host, disabling LPM.
[   11.219601][    T1] usb usb36: New USB device found, idVendor=1d6b, idProduct=0003, bcdDevice= 6.02
[   11.222306][    T1] usb usb36: New USB device strings: Mfr=3, Product=2, SerialNumber=1
[   11.224981][    T1] usb usb36: Product: USB/IP Virtual Host Controller
[   11.226980][    T1] usb usb36: Manufacturer: Linux 6.2.0 vhci_hcd
[   11.228831][    T1] usb usb36: SerialNumber: vhci_hcd.13
[   11.231473][    T1] hub 36-0:1.0: USB hub found
[   11.232937][    T1] hub 36-0:1.0: 8 ports detected
[   11.237478][    T1] vhci_hcd vhci_hcd.14: USB/IP Virtual Host Controller
[   11.240423][    T1] vhci_hcd vhci_hcd.14: new USB bus registered, assigned bus number 37
[   11.243874][    T1] usb usb37: New USB device found, idVendor=1d6b, idProduct=0002, bcdDevice= 6.02
[   11.246752][    T1] usb usb37: New USB device strings: Mfr=3, Product=2, SerialNumber=1
[   11.249223][    T1] usb usb37: Product: USB/IP Virtual Host Controller
[   11.251194][    T1] usb usb37: Manufacturer: Linux 6.2.0 vhci_hcd
[   11.253045][    T1] usb usb37: SerialNumber: vhci_hcd.14
[   11.255865][    T1] hub 37-0:1.0: USB hub found
[   11.257353][    T1] hub 37-0:1.0: 8 ports detected
[   11.261053][    T1] vhci_hcd vhci_hcd.14: USB/IP Virtual Host Controller
[   11.263530][    T1] vhci_hcd vhci_hcd.14: new USB bus registered, assigned bus number 38
[   11.267339][    T1] usb usb38: We don't know the algorithms for LPM for this host, disabling LPM.
[   11.270213][    T1] usb usb38: New USB device found, idVendor=1d6b, idProduct=0003, bcdDevice= 6.02
[   11.273026][    T1] usb usb38: New USB device strings: Mfr=3, Product=2, SerialNumber=1
[   11.275505][    T1] usb usb38: Product: USB/IP Virtual Host Controller
[   11.277539][    T1] usb usb38: Manufacturer: Linux 6.2.0 vhci_hcd
[   11.279420][    T1] usb usb38: SerialNumber: vhci_hcd.14
[   11.281951][    T1] hub 38-0:1.0: USB hub found
[   11.283422][    T1] hub 38-0:1.0: 8 ports detected
[   11.288027][    T1] vhci_hcd vhci_hcd.15: USB/IP Virtual Host Controller
[   11.291017][    T1] vhci_hcd vhci_hcd.15: new USB bus registered, assigned bus number 39
[   11.294739][    T1] usb usb39: New USB device found, idVendor=1d6b, idProduct=0002, bcdDevice= 6.02
[   11.299080][    T1] usb usb39: New USB device strings: Mfr=3, Product=2, SerialNumber=1
[   11.302898][    T1] usb usb39: Product: USB/IP Virtual Host Controller
[   11.306720][    T1] usb usb39: Manufacturer: Linux 6.2.0 vhci_hcd
[   11.309657][    T1] usb usb39: SerialNumber: vhci_hcd.15
[   11.313806][    T1] hub 39-0:1.0: USB hub found
[   11.316160][    T1] hub 39-0:1.0: 8 ports detected
[   11.323866][    T1] vhci_hcd vhci_hcd.15: USB/IP Virtual Host Controller
[   11.328558][    T1] vhci_hcd vhci_hcd.15: new USB bus registered, assigned bus number 40
[   11.333448][    T1] usb usb40: We don't know the algorithms for LPM for this host, disabling LPM.
[   11.337890][    T1] usb usb40: New USB device found, idVendor=1d6b, idProduct=0003, bcdDevice= 6.02
[   11.340805][    T1] usb usb40: New USB device strings: Mfr=3, Product=2, SerialNumber=1
[   11.343244][    T1] usb usb40: Product: USB/IP Virtual Host Controller
[   11.345556][    T1] usb usb40: Manufacturer: Linux 6.2.0 vhci_hcd
[   11.347460][    T1] usb usb40: SerialNumber: vhci_hcd.15
[   11.350527][    T1] hub 40-0:1.0: USB hub found
[   11.352073][    T1] hub 40-0:1.0: 8 ports detected
[   11.356834][    T1] usbcore: registered new device driver usbip-host
[   11.362410][    T1] i8042: PNP: PS/2 Controller [PNP0303:KBD,PNP0f13:MOU] at 0x60,0x64 irq 1,12
[   11.370927][    T1] serio: i8042 KBD port at 0x60,0x64 irq 1
[   11.374101][    T1] serio: i8042 AUX port at 0x60,0x64 irq 12
[   11.379197][    T1] mousedev: PS/2 mouse device common for all mice
[   11.384320][  T897] input: AT Translated Set 2 keyboard as /devices/platform/i8042/serio0/input/input1
[   11.391608][    T1] usbcore: registered new interface driver appletouch
[   11.401116][    T1] usbcore: registered new interface driver bcm5974
[   11.408561][    T1] usbcore: registered new interface driver synaptics_usb
[   11.410890][    T1] usbcore: registered new interface driver iforce
[   11.413567][    T1] usbcore: registered new interface driver xpad
[   11.417202][    T1] usbcore: registered new interface driver usb_acecad
[   11.419427][    T1] usbcore: registered new interface driver aiptek
[   11.421785][    T1] usbcore: registered new interface driver hanwang
[   11.424438][    T1] usbcore: registered new interface driver kbtab
[   11.426816][    T1] usbcore: registered new interface driver pegasus_notetaker
[   11.429246][    T1] usbcore: registered new interface driver usbtouchscreen
[   11.431850][    T1] usbcore: registered new interface driver sur40
[   11.434171][    T1] usbcore: registered new interface driver ati_remote2
[   11.436429][    T1] cm109: Keymap for Komunikate KIP1000 phone loaded
[   11.439327][    T1] usbcore: registered new interface driver cm109
[   11.441211][    T1] cm109: CM109 phone driver: 20080805 (C) Alfred E. Heggestad
[   11.443587][    T1] usbcore: registered new interface driver ims_pcu
[   11.445762][    T1] usbcore: registered new interface driver keyspan_remote
[   11.448754][    T1] usbcore: registered new interface driver powermate
[   11.451487][    T1] usbcore: registered new interface driver yealink
[   11.458668][    T1] rtc_cmos 00:05: RTC can wake from S4
[   11.466228][    T1] rtc_cmos 00:05: registered as rtc0
[   11.467946][    T1] rtc_cmos 00:05: alarms up to one day, y3k, 242 bytes nvram, hpet irqs
[   11.472499][    T1] i2c_dev: i2c /dev entries driver
[   11.474662][    T1] usbcore: registered new interface driver i2c-diolan-u2c
[   11.477139][    T1] usbcore: registered new interface driver RobotFuzz Open Source InterFace, OSIF
[   11.482587][    T1] usbcore: registered new interface driver i2c-tiny-usb
[   11.486859][    T1] usbcore: registered new interface driver igorplugusb
[   11.489186][    T1] usbcore: registered new interface driver iguanair
[   11.494644][    T1] usbcore: registered new interface driver imon
[   11.498286][    T1] usbcore: registered new interface driver mceusb
[   11.501684][    T1] usbcore: registered new interface driver redrat3
[   11.506470][    T1] usbcore: registered new interface driver streamzap
[   11.510013][    T1] usbcore: registered new interface driver ttusbir
[   11.513542][    T1] usbcore: registered new interface driver ati_remote
[   11.519129][    T1] b2c2-flexcop: B2C2 FlexcopII/II(b)/III digital TV receiver chip loaded successfully
[   11.524910][    T1] usbcore: registered new interface driver b2c2_flexcop_usb
[   11.529088][    T1] usbcore: registered new interface driver dvb_usb_vp7045
[   11.533541][    T1] usbcore: registered new interface driver dvb_usb_vp702x
[   11.537625][    T1] usbcore: registered new interface driver dvb_usb_gp8psk
[   11.541323][    T1] usbcore: registered new interface driver dvb_usb_dtt200u
[   11.545967][    T1] usbcore: registered new interface driver dvb_usb_a800
[   11.550022][    T1] usbcore: registered new interface driver dvb_usb_dibusb_mb
[   11.554679][    T1] usbcore: registered new interface driver dvb_usb_dibusb_mc
[   11.557159][    T1] usbcore: registered new interface driver dvb_usb_nova_t_usb2
[   11.559612][    T1] usbcore: registered new interface driver dvb_usb_umt_010
[   11.562274][    T1] usbcore: registered new interface driver dvb_usb_m920x
[   11.565079][    T1] usbcore: registered new interface driver dvb_usb_digitv
[   11.567680][    T1] usbcore: registered new interface driver dvb_usb_cxusb
[   11.570209][    T1] usbcore: registered new interface driver dvb_usb_ttusb2
[   11.572983][    T1] usbcore: registered new interface driver dvb_usb_dib0700
[   11.575749][    T1] usbcore: registered new interface driver opera1
[   11.579026][    T1] usbcore: registered new interface driver dvb_usb_af9005
[   11.583821][    T1] usbcore: registered new interface driver pctv452e
[   11.587794][    T1] usbcore: registered new interface driver dw2102
[   11.591131][    T1] usbcore: registered new interface driver dvb_usb_dtv5100
[   11.595698][    T1] usbcore: registered new interface driver cinergyT2
[   11.599601][    T1] usbcore: registered new interface driver dvb_usb_az6027
[   11.603646][    T1] usbcore: registered new interface driver dvb_usb_technisat_usb2
[   11.608189][    T1] usbcore: registered new interface driver dvb_usb_af9015
[   11.611640][    T1] usbcore: registered new interface driver dvb_usb_af9035
[   11.614244][    T1] usbcore: registered new interface driver dvb_usb_anysee
[   11.616556][    T1] usbcore: registered new interface driver dvb_usb_au6610
[   11.618944][    T1] usbcore: registered new interface driver dvb_usb_az6007
[   11.621212][    T1] usbcore: registered new interface driver dvb_usb_ce6230
[   11.624009][    T1] usbcore: registered new interface driver dvb_usb_ec168
[   11.628413][    T1] usbcore: registered new interface driver dvb_usb_lmedm04
[   11.630725][    T1] usbcore: registered new interface driver dvb_usb_gl861
[   11.633356][    T1] usbcore: registered new interface driver dvb_usb_mxl111sf
[   11.636339][    T1] usbcore: registered new interface driver dvb_usb_rtl28xxu
[   11.639001][    T1] usbcore: registered new interface driver dvb_usb_dvbsky
[   11.641580][    T1] usbcore: registered new interface driver zd1301
[   11.643686][    T1] usbcore: registered new interface driver s2255
[   11.646148][    T1] usbcore: registered new interface driver smsusb
[   11.648504][    T1] usbcore: registered new interface driver ttusb
[   11.651061][    T1] usbcore: registered new interface driver ttusb-dec
[   11.653502][    T1] usbcore: registered new interface driver Abilis Systems as10x usb driver
[   11.656607][    T1] usbcore: registered new interface driver airspy
[   11.658497][    T1] gspca_main: v2.14.0 registered
[   11.660112][    T1] usbcore: registered new interface driver benq
[   11.662454][    T1] usbcore: registered new interface driver conex
[   11.664682][    T1] usbcore: registered new interface driver cpia1
[   11.666874][    T1] usbcore: registered new interface driver dtcs033
[   11.669023][    T1] usbcore: registered new interface driver etoms
[   11.671510][    T1] usbcore: registered new interface driver finepix
[   11.673877][    T1] usbcore: registered new interface driver jeilinj
[   11.676573][    T1] usbcore: registered new interface driver jl2005bcd
[   11.678761][    T1] usbcore: registered new interface driver kinect
[   11.680868][    T1] usbcore: registered new interface driver konica
[   11.683500][    T1] usbcore: registered new interface driver mars
[   11.686103][    T1] usbcore: registered new interface driver mr97310a
[   11.688578][    T1] usbcore: registered new interface driver nw80x
[   11.690937][    T1] usbcore: registered new interface driver ov519
[   11.692979][    T1] usbcore: registered new interface driver ov534
[   11.695470][    T1] usbcore: registered new interface driver ov534_9
[   11.698106][    T1] usbcore: registered new interface driver pac207
[   11.700477][    T1] usbcore: registered new interface driver gspca_pac7302
[   11.702982][    T1] usbcore: registered new interface driver pac7311
[   11.705212][    T1] usbcore: registered new interface driver se401
[   11.707531][    T1] usbcore: registered new interface driver sn9c2028
[   11.710266][    T1] usbcore: registered new interface driver gspca_sn9c20x
[   11.712886][    T1] usbcore: registered new interface driver sonixb
[   11.715400][    T1] usbcore: registered new interface driver sonixj
[   11.717540][    T1] usbcore: registered new interface driver spca500
[   11.719895][    T1] usbcore: registered new interface driver spca501
[   11.722488][    T1] usbcore: registered new interface driver spca505
[   11.724963][    T1] usbcore: registered new interface driver spca506
[   11.727162][    T1] usbcore: registered new interface driver spca508
[   11.729692][    T1] usbcore: registered new interface driver spca561
[   11.732078][    T1] usbcore: registered new interface driver spca1528
[   11.734801][    T1] usbcore: registered new interface driver sq905
[   11.737152][    T1] usbcore: registered new interface driver sq905c
[   11.739568][    T1] usbcore: registered new interface driver sq930x
[   11.741797][    T1] usbcore: registered new interface driver sunplus
[   11.744137][    T1] usbcore: registered new interface driver stk014
[   11.746806][    T1] usbcore: registered new interface driver stk1135
[   11.748926][    T1] usbcore: registered new interface driver stv0680
[   11.751088][    T1] usbcore: registered new interface driver t613
[   11.753674][    T1] usbcore: registered new interface driver gspca_topro
[   11.756622][    T1] usbcore: registered new interface driver touptek
[   11.759001][    T1] usbcore: registered new interface driver tv8532
[   11.761363][    T1] usbcore: registered new interface driver vc032x
[   11.763453][    T1] usbcore: registered new interface driver vicam
