failed to run ["ssh" "-p" "4138" "-F" "/dev/null" "-o" "UserKnownHostsFile=/dev/null" "-o" "IdentitiesOnly=yes" "-o" "BatchMode=yes" "-o" "StrictHostKeyChecking=no" "-o" "ConnectTimeout=10" "-i" "/home/jiakai/62_66_amd_0901/images-62/bullseye.id_rsa" "root@localhost" "pwd"]: exit status 255
Connection timed out during banner exchange
Connection to 127.0.0.1 port 4138 timed out
[    0.000000][    T0] Linux version 6.2.0 (jiakai@userid-07) (clang version 13.0.0 (https://github.com/llvm/llvm-project/ 24c8eaec9467b2aaf70b0db33a4e4dd415139a50), LLD 13.0.0 (https://github.com/llvm/llvm-project/ 24c8eaec9467b2aaf70b0db33a4e4dd415139a50)) #1 SMP PREEMPT_DYNAMIC Tue Sep  2 16:54:36 CST 2025
[    0.000000][    T0] Command line: root=/dev/sda console=ttyS0 
[    0.000000][    T0] KERNEL supported cpus:
[    0.000000][    T0]   Intel GenuineIntel
[    0.000000][    T0]   AMD AuthenticAMD
[    0.000000][    T0] x86/fpu: Supporting XSAVE feature 0x001: 'x87 floating point registers'
[    0.000000][    T0] x86/fpu: Supporting XSAVE feature 0x002: 'SSE registers'
[    0.000000][    T0] x86/fpu: Supporting XSAVE feature 0x004: 'AVX registers'
[    0.000000][    T0] x86/fpu: Supporting XSAVE feature 0x008: 'MPX bounds registers'
[    0.000000][    T0] x86/fpu: Supporting XSAVE feature 0x010: 'MPX CSR'
[    0.000000][    T0] x86/fpu: Supporting XSAVE feature 0x020: 'AVX-512 opmask'
[    0.000000][    T0] x86/fpu: Supporting XSAVE feature 0x040: 'AVX-512 Hi256'
[    0.000000][    T0] x86/fpu: Supporting XSAVE feature 0x080: 'AVX-512 ZMM_Hi256'
[    0.000000][    T0] x86/fpu: Supporting XSAVE feature 0x200: 'Protection Keys User registers'
[    0.000000][    T0] x86/fpu: xstate_offset[2]:  576, xstate_sizes[2]:  256
[    0.000000][    T0] x86/fpu: xstate_offset[3]:  832, xstate_sizes[3]:   64
[    0.000000][    T0] x86/fpu: xstate_offset[4]:  896, xstate_sizes[4]:   64
[    0.000000][    T0] x86/fpu: xstate_offset[5]:  960, xstate_sizes[5]:   64
[    0.000000][    T0] x86/fpu: xstate_offset[6]: 1024, xstate_sizes[6]:  512
[    0.000000][    T0] x86/fpu: xstate_offset[7]: 1536, xstate_sizes[7]: 1024
[    0.000000][    T0] x86/fpu: xstate_offset[9]: 2560, xstate_sizes[9]:    8
[    0.000000][    T0] x86/fpu: Enabled xstate features 0x2ff, context size is 2568 bytes, using 'compacted' format.
[    0.000000][    T0] signal: max sigframe size: 3632
[    0.000000][    T0] BIOS-provided physical RAM map:
[    0.000000][    T0] BIOS-e820: [mem 0x0000000000000000-0x000000000009fbff] usable
[    0.000000][    T0] BIOS-e820: [mem 0x000000000009fc00-0x000000000009ffff] reserved
[    0.000000][    T0] BIOS-e820: [mem 0x00000000000f0000-0x00000000000fffff] reserved
[    0.000000][    T0] BIOS-e820: [mem 0x0000000000100000-0x000000007ffdffff] usable
[    0.000000][    T0] BIOS-e820: [mem 0x000000007ffe0000-0x000000007fffffff] reserved
[    0.000000][    T0] BIOS-e820: [mem 0x00000000feffc000-0x00000000feffffff] reserved
[    0.000000][    T0] BIOS-e820: [mem 0x00000000fffc0000-0x00000000ffffffff] reserved
[    0.000000][    T0] printk: bootconsole [earlyser0] enabled
[    0.000000][    T0] ERROR: earlyprintk= earlyser already used
[    0.000000][    T0] ERROR: earlyprintk= earlyser already used
[    0.000000][    T0] **********************************************************
[    0.000000][    T0] **   NOTICE NOTICE NOTICE NOTICE NOTICE NOTICE NOTICE   **
[    0.000000][    T0] **                                                      **
[    0.000000][    T0] ** This system shows unhashed kernel memory addresses   **
[    0.000000][    T0] ** via the console, logs, and other interfaces. This    **
[    0.000000][    T0] ** might reduce the security of your system.            **
[    0.000000][    T0] **                                                      **
[    0.000000][    T0] ** If you see this message and you are not debugging    **
[    0.000000][    T0] ** the kernel, report this immediately to your system   **
[    0.000000][    T0] ** administrator!                                       **
[    0.000000][    T0] **                                                      **
[    0.000000][    T0] **   NOTICE NOTICE NOTICE NOTICE NOTICE NOTICE NOTICE   **
[    0.000000][    T0] **********************************************************
[    0.000000][    T0] Malformed early option 'vsyscall'
[    0.000000][    T0] nopcid: PCID feature disabled
[    0.000000][    T0] NX (Execute Disable) protection: active
[    0.000000][    T0] SMBIOS 2.8 present.
[    0.000000][    T0] DMI: QEMU Standard PC (i440FX + PIIX, 1996), BIOS 1.15.0-1 04/01/2014
[    0.000000][    T0] Hypervisor detected: KVM
[    0.000000][    T0] kvm-clock: Using msrs 4b564d01 and 4b564d00
[    0.000010][    T0] kvm-clock: using sched offset of 2610742435 cycles
[    0.001893][    T0] clocksource: kvm-clock: mask: 0xffffffffffffffff max_cycles: 0x1cd42e4dffb, max_idle_ns: 881590591483 ns
[    0.007549][    T0] tsc: Detected 2294.608 MHz processor
[    0.021636][    T0] last_pfn = 0x7ffe0 max_arch_pfn = 0x400000000
[    0.023723][    T0] x86/PAT: Configuration [0-7]: WB  WC  UC- UC  WB  WP  UC- WT  
[    0.055780][    T0] found SMP MP-table at [mem 0x000f5b90-0x000f5b9f]
[    0.058042][    T0] Using GB pages for direct mapping
[    0.060833][    T0] ACPI: Early table checksum verification disabled
[    0.062859][    T0] ACPI: RSDP 0x00000000000F59D0 000014 (v00 BOCHS )
[    0.064981][    T0] ACPI: RSDT 0x000000007FFE1967 000034 (v01 BOCHS  BXPC     00000001 BXPC 00000001)
[    0.067955][    T0] ACPI: FACP 0x000000007FFE1813 000074 (v01 BOCHS  BXPC     00000001 BXPC 00000001)
[    0.070933][    T0] ACPI: DSDT 0x000000007FFE0040 0017D3 (v01 BOCHS  BXPC     00000001 BXPC 00000001)
[    0.073877][    T0] ACPI: FACS 0x000000007FFE0000 000040
[    0.075613][    T0] ACPI: APIC 0x000000007FFE1887 000080 (v01 BOCHS  BXPC     00000001 BXPC 00000001)
[    0.078583][    T0] ACPI: HPET 0x000000007FFE1907 000038 (v01 BOCHS  BXPC     00000001 BXPC 00000001)
[    0.081561][    T0] ACPI: WAET 0x000000007FFE193F 000028 (v01 BOCHS  BXPC     00000001 BXPC 00000001)
[    0.084501][    T0] ACPI: Reserving FACP table memory at [mem 0x7ffe1813-0x7ffe1886]
[    0.086980][    T0] ACPI: Reserving DSDT table memory at [mem 0x7ffe0040-0x7ffe1812]
[    0.089439][    T0] ACPI: Reserving FACS table memory at [mem 0x7ffe0000-0x7ffe003f]
[    0.091929][    T0] ACPI: Reserving APIC table memory at [mem 0x7ffe1887-0x7ffe1906]
[    0.094390][    T0] ACPI: Reserving HPET table memory at [mem 0x7ffe1907-0x7ffe193e]
[    0.096869][    T0] ACPI: Reserving WAET table memory at [mem 0x7ffe193f-0x7ffe1966]
[    0.100115][    T0] No NUMA configuration found
[    0.101556][    T0] Faking a node at [mem 0x0000000000000000-0x000000007ffdffff]
[    0.103945][    T0] Faking node 0 at [mem 0x0000000000000000-0x000000003fffffff] (1024MB)
[    0.106564][    T0] Faking node 1 at [mem 0x0000000040000000-0x000000007ffdffff] (1023MB)
[    0.110061][    T0] NODE_DATA(0) allocated [mem 0x3fffa000-0x3fffffff]
[    0.113435][    T0] NODE_DATA(1) allocated [mem 0x7ffd9000-0x7ffdefff]
[    0.140866][    T0] Zone ranges:
[    0.141989][    T0]   DMA      [mem 0x0000000000001000-0x0000000000ffffff]
[    0.144208][    T0]   DMA32    [mem 0x0000000001000000-0x000000007ffdffff]
[    0.146442][    T0]   Normal   empty
[    0.147603][    T0]   Device   empty
[    0.148761][    T0] Movable zone start for each node
[    0.150356][    T0] Early memory node ranges
[    0.151722][    T0]   node   0: [mem 0x0000000000001000-0x000000000009efff]
[    0.154010][    T0]   node   0: [mem 0x0000000000100000-0x000000003fffffff]
[    0.156225][    T0]   node   1: [mem 0x0000000040000000-0x000000007ffdffff]
[    0.158447][    T0] Initmem setup node 0 [mem 0x0000000000001000-0x000000003fffffff]
[    0.160971][    T0] Initmem setup node 1 [mem 0x0000000040000000-0x000000007ffdffff]
[    0.163467][    T0] On node 0, zone DMA: 1 pages in unavailable ranges
[    0.163571][    T0] On node 0, zone DMA: 97 pages in unavailable ranges
[    0.177026][    T0] On node 1, zone DMA32: 32 pages in unavailable ranges
[    0.180183][    T0] ACPI: PM-Timer IO Port: 0x608
[    0.183899][    T0] ACPI: LAPIC_NMI (acpi_id[0xff] dfl dfl lint[0x1])
[    0.186064][    T0] IOAPIC[0]: apic_id 0, version 17, address 0xfec00000, GSI 0-23
[    0.188510][    T0] ACPI: INT_SRC_OVR (bus 0 bus_irq 0 global_irq 2 dfl dfl)
[    0.190774][    T0] ACPI: INT_SRC_OVR (bus 0 bus_irq 5 global_irq 5 high level)
[    0.193079][    T0] ACPI: INT_SRC_OVR (bus 0 bus_irq 9 global_irq 9 high level)
[    0.195400][    T0] ACPI: INT_SRC_OVR (bus 0 bus_irq 10 global_irq 10 high level)
[    0.197769][    T0] ACPI: INT_SRC_OVR (bus 0 bus_irq 11 global_irq 11 high level)
[    0.200201][    T0] ACPI: Using ACPI (MADT) for SMP configuration information
[    0.202525][    T0] ACPI: HPET id: 0x8086a201 base: 0xfed00000
[    0.204418][    T0] TSC deadline timer available
[    0.205918][    T0] smpboot: Allowing 2 CPUs, 0 hotplug CPUs
[    0.207890][    T0] kvm-guest: KVM setup pv remote TLB flush
[    0.209698][    T0] kvm-guest: setup PV sched yield
[    0.211318][    T0] PM: hibernation: Registered nosave memory: [mem 0x00000000-0x00000fff]
[    0.213973][    T0] PM: hibernation: Registered nosave memory: [mem 0x0009f000-0x0009ffff]
[    0.216601][    T0] PM: hibernation: Registered nosave memory: [mem 0x000a0000-0x000effff]
[    0.219260][    T0] PM: hibernation: Registered nosave memory: [mem 0x000f0000-0x000fffff]
[    0.221904][    T0] [mem 0x80000000-0xfeffbfff] available for PCI devices
[    0.224059][    T0] Booting paravirtualized kernel on KVM
[    0.225794][    T0] clocksource: refined-jiffies: mask: 0xffffffff max_cycles: 0xffffffff, max_idle_ns: 19112604462750000 ns
[    0.309169][    T0] setup_percpu: NR_CPUS:8 nr_cpumask_bits:2 nr_cpu_ids:2 nr_node_ids:2
[    0.315153][    T0] percpu: Embedded 57 pages/cpu s194696 r8192 d30584 u2097152
[    0.317885][    T0] kvm-guest: PV spinlocks enabled
[    0.319482][    T0] PV qspinlock hash table entries: 256 (order: 0, 4096 bytes, linear)
[    0.322122][    T0] Fallback order for Node 0: 0 1 
[    0.323737][    T0] Fallback order for Node 1: 1 0 
[    0.325351][    T0] Built 2 zonelists, mobility grouping on.  Total pages: 515808
[    0.327760][    T0] Policy zone: DMA32
[    0.329013][    T0] Kernel command line: earlyprintk=serial net.ifnames=0 sysctl.kernel.hung_task_all_cpu_backtrace=1 ima_policy=tcb nf-conntrack-ftp.ports=20000 nf-conntrack-tftp.ports=20000 nf-conntrack-sip.ports=20000 nf-conntrack-irc.ports=20000 nf-conntrack-sane.ports=20000 binder.debug_mask=0 rcupdate.rcu_expedited=1 no_hash_pointers page_owner=on sysctl.vm.nr_hugepages=4 sysctl.vm.nr_overcommit_hugepages=4 secretmem.enable=1 sysctl.max_rcu_stall_to_panic=1 root=/dev/sda console=ttyS0 vsyscall=native numa=fake=2 kvm-intel.nested=1 spec_store_bypass_disable=prctl nopcid vivid.n_devs=16 vivid.multiplanar=1,2,1,2,1,2,1,2,1,2,1,2,1,2,1,2 netrom.nr_ndevs=16 rose.rose_ndevs=16 dummy_hcd.num=8 watchdog_thresh=55 workqueue.watchdog_thresh=140 sysctl.net.core.netdev_unregister_timeout_secs=140 panic_on_warn=1 root=/dev/sda console=ttyS0 
[    0.357613][    T0] Unknown kernel command line parameters "spec_store_bypass_disable=prctl", will be passed to user space.
[    0.361300][    T0] random: crng init done
[    0.364524][    T0] mem auto-init: stack:off, heap alloc:on, heap free:off
[    0.368192][    T0] stackdepot hash table entries: 131072 (order: 8, 1048576 bytes, linear)
[    0.603233][    T0] Memory: 1920020K/2096632K available (67584K kernel code, 8295K rwdata, 16448K rodata, 2032K init, 23836K bss, 176356K reserved, 0K cma-reserved)
[    0.609678][    T0] SLUB: HWalign=64, Order=0-3, MinObjects=0, CPUs=2, Nodes=2
[    0.612937][    T0] Dynamic Preempt: full
[    0.615733][    T0] Running RCU self tests
[    0.617057][    T0] rcu: Preemptible hierarchical RCU implementation.
[    0.619031][    T0] rcu: 	RCU lockdep checking is enabled.
[    0.620727][    T0] rcu: 	RCU restricting CPUs from NR_CPUS=8 to nr_cpu_ids=2.
[    0.622983][    T0] rcu: 	RCU callback double-/use-after-free debug is enabled.
[    0.625215][    T0] rcu: 	RCU debug extended QS entry/exit.
[    0.626945][    T0] 	All grace periods are expedited (rcu_expedited).
[    0.628915][    T0] 	Trampoline variant of Tasks RCU enabled.
[    0.630660][    T0] 	Tracing variant of Tasks RCU enabled.
[    0.632336][    T0] rcu: RCU calculated value of scheduler-enlistment delay is 10 jiffies.
[    0.634895][    T0] rcu: Adjusting geometry for rcu_fanout_leaf=16, nr_cpu_ids=2
[    0.671817][    T0] NR_IRQS: 4352, nr_irqs: 440, preallocated irqs: 16
[    0.674463][    T0] rcu: srcu_init: Setting srcu_struct sizes based on contention.
[    0.677409][    T0] kfence: initialized - using 2097152 bytes for 255 objects at 0xffff88807ea00000-0xffff88807ec00000
[    0.699113][    T0] Console: colour VGA+ 80x25
[    0.700635][    T0] printk: console [ttyS0] enabled
[    0.700635][    T0] printk: console [ttyS0] enabled
[    0.703706][    T0] printk: bootconsole [earlyser0] disabled
[    0.703706][    T0] printk: bootconsole [earlyser0] disabled
[    0.707290][    T0] Lock dependency validator: Copyright (c) 2006 Red Hat, Inc., Ingo Molnar
[    0.709972][    T0] ... MAX_LOCKDEP_SUBCLASSES:  8
[    0.711497][    T0] ... MAX_LOCK_DEPTH:          48
[    0.713069][    T0] ... MAX_LOCKDEP_KEYS:        8192
[    0.714686][    T0] ... CLASSHASH_SIZE:          4096
[    0.716314][    T0] ... MAX_LOCKDEP_ENTRIES:     65536
[    0.717943][    T0] ... MAX_LOCKDEP_CHAINS:      131072
[    0.719605][    T0] ... CHAINHASH_SIZE:          65536
[    0.721247][    T0]  memory used by lock dependency info: 11129 kB
[    0.723203][    T0]  memory used for stack traces: 8320 kB
[    0.724946][    T0]  per task-struct memory footprint: 1920 bytes
[    0.727077][    T0] mempolicy: Enabling automatic NUMA balancing. Configure with numa_balancing= or the kernel.numa_balancing sysctl
[    0.730874][    T0] ACPI: Core revision 20221020
[    0.732982][    T0] clocksource: hpet: mask: 0xffffffff max_cycles: 0xffffffff, max_idle_ns: 19112604467 ns
[    0.736571][    T0] APIC: Switch to symmetric I/O mode setup
[    0.738372][    T0] kvm-guest: setup PV IPIs
[    0.743100][    T0] ..TIMER: vector=0x30 apic1=0 pin1=2 apic2=-1 pin2=-1
[    0.745344][    T0] clocksource: tsc-early: mask: 0xffffffffffffffff max_cycles: 0x21134f58f0d, max_idle_ns: 440795217993 ns
[    0.749093][    T0] Calibrating delay loop (skipped) preset value.. 4589.21 BogoMIPS (lpj=22946080)
[    0.751945][    T0] pid_max: default: 32768 minimum: 301
[    0.753935][    T0] LSM: initializing lsm=lockdown,capability,landlock,yama,safesetid,integrity,tomoyo,apparmor,bpf
[    0.759116][    T0] landlock: Up and running.
[    0.760495][    T0] Yama: becoming mindful.
[    0.761963][    T0] TOMOYO Linux initialized
[    0.763478][    T0] AppArmor: AppArmor initialized
[    0.765043][    T0] LSM support for eBPF active
[    0.769772][    T0] Dentry cache hash table entries: 262144 (order: 9, 2097152 bytes, vmalloc)
[    0.772996][    T0] Inode-cache hash table entries: 131072 (order: 8, 1048576 bytes, vmalloc)
[    0.775777][    T0] Mount-cache hash table entries: 4096 (order: 3, 32768 bytes, vmalloc)
[    0.779100][    T0] Mountpoint-cache hash table entries: 4096 (order: 3, 32768 bytes, vmalloc)
[    0.784847][    T0] x86/cpu: User Mode Instruction Prevention (UMIP) activated
[    0.787572][    T0] Last level iTLB entries: 4KB 0, 2MB 0, 4MB 0
[    0.789096][    T0] Last level dTLB entries: 4KB 0, 2MB 0, 4MB 0, 1GB 0
[    0.791311][    T0] Spectre V1 : Mitigation: usercopy/swapgs barriers and __user pointer sanitization
[    0.794259][    T0] Spectre V2 : WARNING: Unprivileged eBPF is enabled with eIBRS on, data leaks possible via Spectre v2 BHB attacks!
[    0.799094][    T0] Spectre V2 : Mitigation: Enhanced IBRS
[    0.800753][    T0] Spectre V2 : Spectre v2 / SpectreRSB mitigation: Filling RSB on context switch
[    0.803402][    T0] Spectre V2 : Spectre v2 / PBRSB-eIBRS: Retire a single CALL on VMEXIT
[    0.805816][    T0] RETBleed: Mitigation: Enhanced IBRS
[    0.807438][    T0] Spectre V2 : mitigation: Enabling conditional Indirect Branch Prediction Barrier
[    0.809201][    T0] Speculative Store Bypass: Mitigation: Speculative Store Bypass disabled via prctl
[    0.812008][    T0] TAA: Mitigation: Clear CPU buffers
[    0.813566][    T0] MMIO Stale Data: Mitigation: Clear CPU buffers
[    0.927308][    T0] Freeing SMP alternatives memory: 124K
[    0.929972][    T1] smpboot: CPU0: Intel(R) Xeon(R) Gold 5218 CPU @ 2.30GHz (family: 0x6, model: 0x55, stepping: 0x7)
[    0.936102][    T1] cblist_init_generic: Setting adjustable number of callback queues.
[    0.936182][    T1] 
[    0.936187][    T1] =============================
[    0.936195][    T1] [ BUG: Invalid wait context ]
[    0.936203][    T1] 6.2.0 #1 Not tainted
[    0.936219][    T1] -----------------------------
[    0.936227][    T1] swapper/0/1 is trying to lock:
[    0.936242][    T1] ffffffff896be068 (&port_lock_key){....}-{3:3}, at: serial8250_console_write+0xa8/0xaa0
[    0.936328][    T1] other info that might help us debug this:
[    0.936338][    T1] context-{5:5}
[    0.936352][    T1] 4 locks held by swapper/0/1:
[    0.936372][    T1]  #0: ffffffff86601f48 (rcu_tasks.cbs_gbl_lock){....}-{2:2}, at: cblist_init_generic+0x1d/0x270
[    0.936457][    T1]  #1: ffffffff8651fd08 (console_lock){+.+.}-{0:0}, at: vprintk_emit+0xc4/0x240
[    0.936504][    T1]  #2: ffffffff8651fad8 (console_srcu){....}-{0:0}, at: rcu_lock_acquire+0x9/0x30
[    0.936542][    T1]  #3: ffffffff865ffe30 (console_owner){....}-{0:0}, at: console_lock_spinning_enable+0x2d/0x60
[    0.936581][    T1] stack backtrace:
[    0.936585][    T1] CPU: 0 PID: 1 Comm: swapper/0 Not tainted 6.2.0 #1
[    0.936603][    T1] Hardware name: QEMU Standard PC (i440FX + PIIX, 1996), BIOS 1.15.0-1 04/01/2014
[    0.936612][    T1] Call Trace:
[    0.936617][    T1]  <TASK>
[    0.936624][    T1]  dump_stack_lvl+0xea/0x170
[    0.936647][    T1]  __lock_acquire+0xaad/0xbf0
[    0.936677][    T1]  lock_acquire+0xc8/0x1d0
[    0.936700][    T1]  ? serial8250_console_write+0xa8/0xaa0
[    0.936728][    T1]  _raw_spin_lock_irqsave+0x55/0x90
[    0.936745][    T1]  ? serial8250_console_write+0xa8/0xaa0
[    0.936768][    T1]  serial8250_console_write+0xa8/0xaa0
[    0.936794][    T1]  ? console_lock_spinning_enable+0x2d/0x60
[    0.936817][    T1]  console_emit_next_record+0x374/0x460
[    0.936846][    T1]  console_flush_all+0x20d/0x450
[    0.936866][    T1]  console_unlock+0x85/0x150
[    0.936894][    T1]  vprintk_emit+0xdd/0x240
[    0.936922][    T1]  _printk+0x62/0x80
[    0.936949][    T1]  cblist_init_generic+0x52/0x270
[    0.936978][    T1]  rcu_spawn_tasks_kthread+0xc/0x60
[    0.937000][    T1]  rcu_init_tasks_generic+0x23/0x110
[    0.937024][    T1]  ? proc_create_seq_private+0xf1/0x140
[    0.937050][    T1]  kernel_init_freeable+0x1de/0x2d0
[    0.937078][    T1]  ? rest_init+0x210/0x210
[    0.937104][    T1]  kernel_init+0x17/0x2a0
[    0.937127][    T1]  ? rest_init+0x210/0x210
[    0.937151][    T1]  ret_from_fork+0x1f/0x30
[    0.937181][    T1]  </TASK>
[    0.939202][    T1] cblist_init_generic: Setting shift to 1 and lim to 1.
[    0.942624][    T1] cblist_init_generic: Setting shift to 1 and lim to 1.
[    0.944767][    T1] Running RCU-tasks wait API self tests
[    1.049407][    T1] Performance Events: Skylake events, 32-deep LBR, full-width counters, Intel PMU driver.
[    1.062145][    T1] ... version:                2
[    1.063577][    T1] ... bit width:              48
[    1.065025][    T1] ... generic registers:      4
[    1.066429][    T1] ... value mask:             0000ffffffffffff
[    1.068236][    T1] ... max period:             00007fffffffffff
[    1.069130][   T14] Callback from call_rcu_tasks_trace() invoked.
[    1.071061][    T1] ... fixed-purpose events:   3
[    1.072495][    T1] ... event mask:             000000070000000f
[    1.075210][    T1] rcu: Hierarchical SRCU implementation.
[    1.076872][    T1] rcu: 	Max phase no-delay instances is 1000.
[    1.080618][    T1] smp: Bringing up secondary CPUs ...
[    1.082907][    T1] x86: Booting SMP configuration:
[    1.084386][    T1] .... node  #1, CPUs:      #1
[    0.062281][    T0] numa_add_cpu cpu 1 node 0: mask now 0-1
[    0.062281][    T0] numa_add_cpu cpu 1 node 1: mask now 0-1
[    1.090895][    T1] smp: Brought up 2 nodes, 2 CPUs
[    1.090895][    T1] smpboot: Max logical packages: 1
[    1.092167][    T1] smpboot: Total of 2 processors activated (9178.43 BogoMIPS)
[    1.121250][    T1] allocated 33554432 bytes of page_ext
[    1.123592][    T1] Node 0, zone      DMA: page owner found early allocated 0 pages
[    1.131629][    T1] Node 0, zone    DMA32: page owner found early allocated 6354 pages
[    1.136945][    T1] Node 1, zone    DMA32: page owner found early allocated 5021 pages
[    1.140731][    T1] devtmpfs: initialized
[    1.140948][    T1] x86/mm: Memory block size: 128MB
[    1.153615][    T1] clocksource: jiffies: mask: 0xffffffff max_cycles: 0xffffffff, max_idle_ns: 19112604462750000 ns
[    1.159359][    T1] futex hash table entries: 512 (order: 4, 65536 bytes, vmalloc)
[    1.163000][    T1] PM: RTC time: 11:50:24, date: 2025-09-02
[    1.179230][    T1] NET: Registered PF_NETLINK/PF_ROUTE protocol family
[    1.183942][    T1] audit: initializing netlink subsys (disabled)
[    1.189954][    T1] thermal_sys: Registered thermal governor 'step_wise'
[    1.189966][    T1] thermal_sys: Registered thermal governor 'user_space'
[    1.192032][    T1] cpuidle: using governor menu
[    1.194136][    T1] NET: Registered PF_QIPCRTR protocol family
[    1.199137][   T30] audit: type=2000 audit(1756813825.694:1): state=initialized audit_enabled=0 res=1
[    1.199105][    T1] PCI: Using configuration type 1 for base access
[    1.219401][    T1] HugeTLB: registered 1.00 GiB page size, pre-allocated 0 pages
[    1.221435][    T1] HugeTLB: 16380 KiB vmemmap can be freed for a 1.00 GiB page
[    1.223647][    T1] HugeTLB: registered 2.00 MiB page size, pre-allocated 0 pages
[    1.225940][    T1] HugeTLB: 28 KiB vmemmap can be freed for a 2.00 MiB page
[    1.237575][    T1] cryptd: max_cpu_qlen set to 1000
[    1.239842][    T1] raid6: skipped pq benchmark and selected avx512x4
[    1.241279][    T1] raid6: using avx512x2 recovery algorithm
[    1.243360][    T1] ACPI: Added _OSI(Module Device)
[    1.244850][    T1] ACPI: Added _OSI(Processor Device)
[    1.246410][    T1] ACPI: Added _OSI(3.0 _SCP Extensions)
[    1.249112][    T1] ACPI: Added _OSI(Processor Aggregator Device)
[    1.257619][    T1] ACPI: 1 ACPI AML tables successfully acquired and loaded
[    1.264433][    T1] ACPI: Interpreter enabled
[    1.265900][    T1] ACPI: PM: (supports S0 S3 S4 S5)
[    1.267382][    T1] ACPI: Using IOAPIC for interrupt routing
[    1.269189][   T13] Callback from call_rcu_tasks() invoked.
[    1.270970][    T1] PCI: Using host bridge windows from ACPI; if necessary, use "pci=nocrs" and report a bug
[    1.273887][    T1] PCI: Using E820 reservations for host bridge windows
[    1.276700][    T1] ACPI: Enabled 2 GPEs in block 00 to 0F
[    1.300029][    T1] ACPI: PCI Root Bridge [PCI0] (domain 0000 [bus 00-ff])
[    1.302166][    T1] acpi PNP0A03:00: _OSC: OS supports [ASPM ClockPM Segments MSI HPX-Type3]
[    1.304726][    T1] acpi PNP0A03:00: _OSC: not requesting OS control; OS requires [ExtendedConfig ASPM ClockPM MSI]
[    1.307866][    T1] acpi PNP0A03:00: fail to add MMCONFIG information, can't access extended configuration space under this bridge
[    1.309945][    T1] PCI host bridge to bus 0000:00
[    1.311598][    T1] pci_bus 0000:00: Unknown NUMA node; performance will be reduced
[    1.313882][    T1] pci_bus 0000:00: root bus resource [io  0x0000-0x0cf7 window]
[    1.316156][    T1] pci_bus 0000:00: root bus resource [io  0x0d00-0xffff window]
[    1.318407][    T1] pci_bus 0000:00: root bus resource [mem 0x000a0000-0x000bffff window]
[    1.319098][    T1] pci_bus 0000:00: root bus resource [mem 0x80000000-0xfebfffff window]
[    1.321750][    T1] pci_bus 0000:00: root bus resource [mem 0x100000000-0x17fffffff window]
[    1.324245][    T1] pci_bus 0000:00: root bus resource [bus 00-ff]
[    1.326295][    T1] pci 0000:00:00.0: [8086:1237] type 00 class 0x060000
[    1.332402][    T1] pci 0000:00:01.0: [8086:7000] type 00 class 0x060100
[    1.336190][    T1] pci 0000:00:01.1: [8086:7010] type 00 class 0x010180
[    1.344502][    T1] pci 0000:00:01.1: reg 0x20: [io  0xc060-0xc06f]
[    1.349714][    T1] pci 0000:00:01.1: legacy IDE quirk: reg 0x10: [io  0x01f0-0x01f7]
[    1.352071][    T1] pci 0000:00:01.1: legacy IDE quirk: reg 0x14: [io  0x03f6]
[    1.354260][    T1] pci 0000:00:01.1: legacy IDE quirk: reg 0x18: [io  0x0170-0x0177]
[    1.356613][    T1] pci 0000:00:01.1: legacy IDE quirk: reg 0x1c: [io  0x0376]
[    1.359421][    T1] pci 0000:00:01.3: [8086:7113] type 00 class 0x068000
[    1.362594][    T1] pci 0000:00:01.3: quirk: [io  0x0600-0x063f] claimed by PIIX4 ACPI
[    1.364993][    T1] pci 0000:00:01.3: quirk: [io  0x0700-0x070f] claimed by PIIX4 SMB
[    1.368203][    T1] pci 0000:00:02.0: [1234:1111] type 00 class 0x030000
[    1.373948][    T1] pci 0000:00:02.0: reg 0x10: [mem 0xfd000000-0xfdffffff pref]
[    1.380747][    T1] pci 0000:00:02.0: reg 0x18: [mem 0xfebb0000-0xfebb0fff]
[    1.394277][    T1] pci 0000:00:02.0: reg 0x30: [mem 0xfeba0000-0xfebaffff pref]
[    1.397055][    T1] pci 0000:00:02.0: Video device with shadowed ROM at [mem 0x000c0000-0x000dffff]
[    1.407743][    T1] pci 0000:00:03.0: [1af4:1005] type 00 class 0x00ff00
[    1.411857][    T1] pci 0000:00:03.0: reg 0x10: [io  0xc040-0xc05f]
[    1.422998][    T1] pci 0000:00:03.0: reg 0x20: [mem 0xfe000000-0xfe003fff 64bit pref]
[    1.431926][    T1] pci 0000:00:04.0: [8086:100e] type 00 class 0x020000
[    1.436638][    T1] pci 0000:00:04.0: reg 0x10: [mem 0xfeb80000-0xfeb9ffff]
[    1.440245][    T1] pci 0000:00:04.0: reg 0x14: [io  0xc000-0xc03f]
[    1.456124][    T1] pci 0000:00:04.0: reg 0x30: [mem 0xfeb00000-0xfeb7ffff pref]
[    1.468319][    T1] ACPI: PCI: Interrupt link LNKA configured for IRQ 10
[    1.469879][    T1] ACPI: PCI: Interrupt link LNKB configured for IRQ 10
[    1.472718][    T1] ACPI: PCI: Interrupt link LNKC configured for IRQ 11
[    1.475325][    T1] ACPI: PCI: Interrupt link LNKD configured for IRQ 11
[    1.477622][    T1] ACPI: PCI: Interrupt link LNKS configured for IRQ 9
[    1.481728][    T1] iommu: Default domain type: Translated 
[    1.483931][    T1] iommu: DMA domain TLB invalidation policy: lazy mode 
[    1.488240][    T1] SCSI subsystem initialized
[    1.489589][    T1] libata version 3.00 loaded.
[    1.491640][    T1] ACPI: bus type USB registered
[    1.493644][    T1] usbcore: registered new interface driver usbfs
[    1.496068][    T1] usbcore: registered new interface driver hub
[    1.498319][    T1] usbcore: registered new device driver usb
[    1.499631][    T1] mc: Linux media interface: v0.10
[    1.501952][    T1] videodev: Linux video capture interface: v2.00
[    1.504756][    T1] pps_core: LinuxPPS API ver. 1 registered
[    1.507353][    T1] pps_core: Software ver. 5.3.6 - Copyright 2005-2007 Rodolfo Giometti <giometti@linux.it>
[    1.509561][    T1] PTP clock support registered
[    1.511858][    T1] EDAC MC: Ver: 3.0.0
[    1.515193][    T1] Advanced Linux Sound Architecture Driver Initialized.
[    1.519871][    T1] Bluetooth: Core ver 2.22
[    1.521444][    T1] NET: Registered PF_BLUETOOTH protocol family
[    1.523599][    T1] Bluetooth: HCI device and connection manager initialized
[    1.526131][    T1] Bluetooth: HCI socket layer initialized
[    1.528763][    T1] Bluetooth: L2CAP socket layer initialized
[    1.529147][    T1] Bluetooth: SCO socket layer initialized
[    1.531529][    T1] NET: Registered PF_ATMPVC protocol family
[    1.533854][    T1] NET: Registered PF_ATMSVC protocol family
[    1.536293][    T1] NetLabel: Initializing
[    1.538008][    T1] NetLabel:  domain hash size = 128
[    1.539100][    T1] NetLabel:  protocols = UNLABELED CIPSOv4 CALIPSO
[    1.541770][    T1] NetLabel:  unlabeled traffic allowed by default
[    1.545168][    T1] nfc: nfc_init: NFC Core ver 0.1
[    1.546880][    T1] NET: Registered PF_NFC protocol family
[    1.548684][    T1] PCI: Using ACPI for IRQ routing
[    1.549095][    T1] PCI: pci_cache_line_size set to 64 bytes
[    1.551717][    T1] e820: reserve RAM buffer [mem 0x0009fc00-0x0009ffff]
[    1.554451][    T1] e820: reserve RAM buffer [mem 0x7ffe0000-0x7fffffff]
[    1.557562][    T1] pci 0000:00:02.0: vgaarb: setting as boot VGA device
[    1.559076][    T1] pci 0000:00:02.0: vgaarb: bridge control possible
[    1.559076][    T1] pci 0000:00:02.0: vgaarb: VGA device added: decodes=io+mem,owns=io+mem,locks=none
[    1.559105][    T1] vgaarb: loaded
[    1.565513][    T1] hpet0: at MMIO 0xfed00000, IRQs 2, 8, 0
[    1.567377][    T1] hpet0: 3 comparators, 64-bit 100.000000 MHz counter
[    1.572809][    T1] clocksource: Switched to clocksource kvm-clock
[    1.590137][    T1] VFS: Disk quotas dquot_6.6.0
[    1.592702][    T1] VFS: Dquot-cache hash table entries: 512 (order 0, 4096 bytes)
[    1.595809][    T1] FS-Cache: Loaded
[    1.597872][    T1] CacheFiles: Loaded
[    1.599779][    T1] TOMOYO: 2.6.0
[    1.601177][    T1] Mandatory Access Control activated.
[    1.604224][    T1] AppArmor: AppArmor Filesystem Enabled
[    1.606713][    T1] pnp: PnP ACPI init
[    1.609492][    T1] pnp 00:02: [dma 2]
[    1.613153][    T1] pnp: PnP ACPI: found 6 devices
[    1.632798][    T1] clocksource: acpi_pm: mask: 0xffffff max_cycles: 0xffffff, max_idle_ns: 2085701024 ns
[    1.636438][    T1] NET: Registered PF_INET protocol family
[    1.640003][    T1] IP idents hash table entries: 32768 (order: 6, 262144 bytes, vmalloc)
[    1.647009][    T1] tcp_listen_portaddr_hash hash table entries: 1024 (order: 4, 73728 bytes, vmalloc)
[    1.651188][    T1] Table-perturb hash table entries: 65536 (order: 6, 262144 bytes, vmalloc)
[    1.654484][    T1] TCP established hash table entries: 16384 (order: 5, 131072 bytes, vmalloc)
[    1.664154][    T1] TCP bind hash table entries: 16384 (order: 9, 2359296 bytes, vmalloc)
[    1.668706][    T1] TCP: Hash tables configured (established 16384 bind 16384)
[    1.673742][    T1] MPTCP token hash table entries: 2048 (order: 5, 180224 bytes, vmalloc)
[    1.677066][    T1] UDP hash table entries: 1024 (order: 5, 163840 bytes, vmalloc)
[    1.680108][    T1] UDP-Lite hash table entries: 1024 (order: 5, 163840 bytes, vmalloc)
[    1.683238][    T1] NET: Registered PF_UNIX/PF_LOCAL protocol family
[    1.686265][    T1] RPC: Registered named UNIX socket transport module.
[    1.688420][    T1] RPC: Registered udp transport module.
[    1.690330][    T1] RPC: Registered tcp transport module.
[    1.692080][    T1] RPC: Registered tcp NFSv4.1 backchannel transport module.
[    1.695515][    T1] NET: Registered PF_XDP protocol family
[    1.697525][    T1] pci_bus 0000:00: resource 4 [io  0x0000-0x0cf7 window]
[    1.699791][    T1] pci_bus 0000:00: resource 5 [io  0x0d00-0xffff window]
[    1.702093][    T1] pci_bus 0000:00: resource 6 [mem 0x000a0000-0x000bffff window]
[    1.704566][    T1] pci_bus 0000:00: resource 7 [mem 0x80000000-0xfebfffff window]
[    1.706993][    T1] pci_bus 0000:00: resource 8 [mem 0x100000000-0x17fffffff window]
[    1.709896][    T1] pci 0000:00:01.0: PIIX3: Enabling Passive Release
[    1.712032][    T1] pci 0000:00:00.0: Limiting direct PCI/PCI transfers
[    1.714465][    T1] PCI: CLS 0 bytes, default 64
[    1.718388][    T1] ACPI: bus type thunderbolt registered
[    1.726177][   T62] kworker/u5:1 (62) used greatest stack depth: 13960 bytes left
[    1.729063][    T1] RAPL PMU: API unit is 2^-32 Joules, 0 fixed counters, 10737418240 ms ovfl timer
[    1.760080][    T1] kvm: already loaded vendor module 'kvm_intel'
[    1.762198][    T1] clocksource: tsc: mask: 0xffffffffffffffff max_cycles: 0x21134f58f0d, max_idle_ns: 440795217993 ns
[    1.767074][    T1] clocksource: Switched to clocksource tsc
[    1.782714][   T74] kworker/u5:2 (74) used greatest stack depth: 13752 bytes left
[    7.236905][    T1] Initialise system trusted keyrings
[    7.241175][    T1] workingset: timestamp_bits=40 max_order=19 bucket_order=0
[    7.249481][    T1] DLM installed
[    7.254516][    T1] squashfs: version 4.0 (2009/01/31) Phillip Lougher
[    7.259026][    T1] NFS: Registering the id_resolver key type
[    7.261041][    T1] Key type id_resolver registered
[    7.262699][    T1] Key type id_legacy registered
[    7.264403][    T1] nfs4filelayout_init: NFSv4 File Layout Driver Registering...
[    7.266839][    T1] nfs4flexfilelayout_init: NFSv4 Flexfile Layout Driver Registering...
[    7.273861][    T1] Key type cifs.spnego registered
[    7.275477][    T1] Key type cifs.idmap registered
[    7.277397][    T1] ntfs: driver 2.1.32 [Flags: R/O].
[    7.278995][    T1] ntfs3: Max link count 4000
[    7.280465][    T1] efs: 1.0a - http://aeschi.ch.eu.org/efs/
[    7.282197][    T1] jffs2: version 2.2. (NAND) (SUMMARY)  Â© 2001-2006 Red Hat, Inc.
[    7.285360][    T1] romfs: ROMFS MTD (C) 2007 Red Hat, Inc.
[    7.287139][    T1] QNX4 filesystem 0.2.3 registered.
[    7.288700][    T1] qnx6: QNX6 filesystem 1.0.0 registered.
[    7.291740][    T1] fuse: init (API version 7.38)
[    7.294294][    T1] orangefs_debugfs_init: called with debug mask: :none: :0:
[    7.296733][    T1] orangefs_init: module version upstream loaded
[    7.298717][    T1] JFS: nTxBlock = 8192, nTxLock = 65536
[    7.321267][    T1] SGI XFS with ACLs, security attributes, realtime, quota, fatal assert, debug enabled
[    7.326107][    T1] 9p: Installing v9fs 9p2000 file system support
[    7.328104][    T1] NILFS version 2 loaded
[    7.329809][    T1] befs: version: 0.9.3
[    7.331228][    T1] ocfs2: Registered cluster interface o2cb
[    7.333779][    T1] ocfs2: Registered cluster interface user
[    7.335890][    T1] OCFS2 User DLM kernel interface loaded
[    7.342471][    T1] gfs2: GFS2 installed
[    7.349320][    T1] ceph: loaded (mds proto 32)
[    7.374986][    T1] NET: Registered PF_ALG protocol family
[    7.376983][    T1] xor: automatically using best checksumming function   avx       
[    7.379502][    T1] async_tx: api initialized (async)
[    7.381039][    T1] Key type asymmetric registered
[    7.382495][    T1] Asymmetric key parser 'x509' registered
[    7.384175][    T1] Asymmetric key parser 'pkcs8' registered
[    7.385875][    T1] Key type pkcs7_test registered
[    7.387607][    T1] Block layer SCSI generic (bsg) driver version 0.4 loaded (major 240)
[    7.390721][    T1] io scheduler mq-deadline registered
[    7.392307][    T1] io scheduler kyber registered
[    7.393943][    T1] io scheduler bfq registered
[    7.401936][    T1] input: Power Button as /devices/LNXSYSTM:00/LNXPWRBN:00/input/input0
[    7.429608][    T1] ACPI: button: Power Button [PWRF]
[    7.703824][    T1] ACPI: \_SB_.LNKC: Enabled at IRQ 11
[    7.734589][  T209] kworker/u5:2 (209) used greatest stack depth: 13280 bytes left
[    7.933436][    T1] N_HDLC line discipline registered with maxframe=4096
[    7.935961][    T1] Serial: 8250/16550 driver, 4 ports, IRQ sharing enabled
[    7.938612][    T1] 00:04: ttyS0 at I/O 0x3f8 (irq = 4, base_baud = 115200) is a 16550A
[    7.957312][    T1] Non-volatile memory driver v1.3
[    7.969202][    T1] Linux agpgart interface v0.103
[    7.972059][    T1] ACPI: bus type drm_connector registered
[    7.975070][    T1] [drm] Initialized vgem 1.0.0 20120112 for vgem on minor 0
[    7.987190][    T1] [drm] Initialized vkms 1.0.0 20180514 for vkms on minor 1
[    8.062269][    T1] Console: switching to colour frame buffer device 128x48
[    8.082006][    T1] platform vkms: [drm] fb0: vkmsdrmfb frame buffer device
[    8.084742][    T1] usbcore: registered new interface driver udl
[    8.086802][    T1] bochs-drm 0000:00:02.0: vgaarb: deactivate vga console
[    8.089428][    T1] [drm] Found bochs VGA, ID 0xb0c5.
[    8.091012][    T1] [drm] Framebuffer size 16384 kB @ 0xfd000000, mmio @ 0xfebb0000.
[    8.096671][    T1] [drm] Found EDID data blob.
[    8.099223][    T1] [drm] Initialized bochs-drm 1.0.0 20130925 for 0000:00:02.0 on minor 2
[    8.111076][    T1] fbcon: bochs-drmdrmfb (fb1) is primary device
[    8.111090][    T1] fbcon: Remapping primary device, fb1, to tty 1-63
[    8.599886][    T1] bochs-drm 0000:00:02.0: [drm] fb1: bochs-drmdrmfb frame buffer device
[    8.609793][   T26] Floppy drive(s): fd0 is 2.88M AMI BIOS
[    8.640911][   T26] FDC 0 is a S82078B
[    8.644164][    T1] brd: module loaded
[    8.685507][    T1] loop: module loaded
[    8.737985][    T1] zram: Added device: zram0
[    8.745456][    T1] null_blk: disk nullb0 created
[    8.746915][    T1] null_blk: module loaded
[    8.749790][    T1] Guest personality initialized and is inactive
[    8.751882][    T1] VMCI host device registered (name=vmci, major=10, minor=119)
[    8.754083][    T1] Initialized host personality
[    8.755587][    T1] usbcore: registered new interface driver rtsx_usb
[    8.760937][    T1] usbcore: registered new interface driver viperboard
[    8.763298][    T1] usbcore: registered new interface driver dln2
[    8.767032][    T1] usbcore: registered new interface driver pn533_usb
[    8.771901][    T1] nfcsim 0.2 initialized
[    8.773340][    T1] usbcore: registered new interface driver port100
[    8.776658][    T1] usbcore: registered new interface driver nfcmrvl
[    8.782698][    T1] Loading iSCSI transport class v2.0-870.
[    8.791040][    T1] st: Version 20160209, fixed bufsize 32768, s/g segs 256
[    8.805229][    T1] ata_piix 0000:00:01.1: version 2.13
[    8.813599][    T1] scsi host0: ata_piix
[    8.820360][    T1] scsi host1: ata_piix
[    8.822547][    T1] ata1: PATA max MWDMA2 cmd 0x1f0 ctl 0x3f6 bmdma 0xc060 irq 14
[    8.824799][    T1] ata2: PATA max MWDMA2 cmd 0x170 ctl 0x376 bmdma 0xc068 irq 15
[    8.833422][    T1] Rounding down aligned max_sectors from 4294967295 to 4294967288
[    8.836678][    T1] db_root: cannot open: /etc/target
[    8.838957][    T1] slram: not enough parameters.
[    8.842993][    T1] ftl_cs: FTL header not found.
[    8.856000][    T1] wireguard: WireGuard 1.0.0 loaded. See www.wireguard.com for information.
[    8.858712][    T1] wireguard: Copyright (C) 2015-2019 Jason A. Donenfeld <Jason@zx2c4.com>. All Rights Reserved.
[    8.872427][    T1] eql: Equalizer2002: Simon Janes (simon@ncm.com) and David S. Miller (davem@redhat.com)
[    8.877930][    T1] MACsec IEEE 802.1AE
[    8.886470][    T1] tun: Universal TUN/TAP device driver, 1.6
[    8.890049][    T1] vcan: Virtual CAN interface driver
[    8.891728][    T1] vxcan: Virtual CAN Tunnel driver
[    8.893272][    T1] slcan: serial line CAN interface driver
[    8.894963][    T1] CAN device driver interface
[    8.897789][    T1] usbcore: registered new interface driver usb_8dev
[    8.900081][    T1] usbcore: registered new interface driver ems_usb
[    8.902144][    T1] usbcore: registered new interface driver gs_usb
[    8.904222][    T1] usbcore: registered new interface driver kvaser_usb
[    8.906988][    T1] usbcore: registered new interface driver mcba_usb
[    8.909838][    T1] usbcore: registered new interface driver peak_usb
[    8.912372][    T1] e100: Intel(R) PRO/100 Network Driver
[    8.914025][    T1] e100: Copyright(c) 1999-2006 Intel Corporation
[    8.916623][    T1] e1000: Intel(R) PRO/1000 Network Driver
[    8.918323][    T1] e1000: Copyright (c) 1999-2006 Intel Corporation.
[    8.989473][  T977] ata2: found unknown device (class 0)
[    8.992589][  T972] ata1: found unknown device (class 0)
[    8.995350][  T977] ata2.00: ATAPI: QEMU DVD-ROM, 2.5+, max UDMA/100
[    8.998343][  T972] ata1.00: ATA-7: QEMU HARDDISK, 2.5+, max UDMA/100
[    9.000557][  T972] ata1.00: 41924608 sectors, multi 16: LBA48 
[    9.015154][   T49] scsi 0:0:0:0: Direct-Access     ATA      QEMU HARDDISK    2.5+ PQ: 0 ANSI: 5
[    9.020261][   T16] sd 0:0:0:0: [sda] 41924608 512-byte logical blocks: (21.5 GB/20.0 GiB)
[    9.023112][   T16] sd 0:0:0:0: [sda] Write Protect is off
[    9.024797][   T16] sd 0:0:0:0: [sda] Mode Sense: 00 3a 00 00
[    9.026897][   T49] sd 0:0:0:0: Attached scsi generic sg0 type 0
[    9.029848][    T9] scsi 1:0:0:0: CD-ROM            QEMU     QEMU DVD-ROM     2.5+ PQ: 0 ANSI: 5
[    9.033406][   T16] sd 0:0:0:0: [sda] Write cache: enabled, read cache: enabled, doesn't support DPO or FUA
[    9.039580][   T16] sd 0:0:0:0: [sda] Preferred minimum I/O size 512 bytes
[    9.094199][   T16] sd 0:0:0:0: [sda] Attached SCSI disk
[    9.160525][    T9] sr 1:0:0:0: [sr0] scsi3-mmc drive: 4x/4x cd/rw xa/form2 tray
[    9.162804][    T9] cdrom: Uniform CD-ROM driver Revision: 3.20
[    9.178757][    T1] ACPI: \_SB_.LNKD: Enabled at IRQ 10
[    9.232311][    T9] sr 1:0:0:0: Attached scsi CD-ROM sr0
[    9.234847][    T9] sr 1:0:0:0: Attached scsi generic sg1 type 5
[    9.644472][    T1] e1000 0000:00:04.0 eth0: (PCI:33MHz:32-bit) 52:54:00:12:34:56
[    9.646762][    T1] e1000 0000:00:04.0 eth0: Intel(R) PRO/1000 Network Connection
[    9.650609][    T1] e1000e: Intel(R) PRO/1000 Network Driver
[    9.652349][    T1] e1000e: Copyright(c) 1999 - 2015 Intel Corporation.
[    9.655035][    T1] mkiss: AX.25 Multikiss, Hans Albas PE1AYX
[    9.656777][    T1] AX.25: 6pack driver, Revision: 0.3.0
[    9.658476][    T1] AX.25: bpqether driver version 004
[    9.660641][    T1] PPP generic driver version 2.4.2
[    9.662654][    T1] PPP BSD Compression module registered
[    9.664315][    T1] PPP Deflate Compression module registered
[    9.666086][    T1] PPP MPPE Compression module registered
[    9.667740][    T1] NET: Registered PF_PPPOX protocol family
[    9.669735][    T1] PPTP driver version 0.8.5
[    9.672075][    T1] SLIP: version 0.8.4-NET3.019-NEWTTY (dynamic channels, max=256) (6 bit encapsulation enabled).
[    9.675230][    T1] CSLIP: code copyright 1989 Regents of the University of California.
[    9.677604][    T1] SLIP linefill/keepalive option.
[    9.679328][    T1] hdlc: HDLC support module revision 1.22
[    9.681177][    T1] LAPB Ethernet driver version 0.02
[    9.683346][    T1] usbcore: registered new interface driver ath9k_htc
[    9.685502][    T1] usbcore: registered new interface driver carl9170
[    9.689041][    T1] usbcore: registered new interface driver ath6kl_usb
[    9.691324][    T1] usbcore: registered new interface driver ar5523
[    9.693518][    T1] usbcore: registered new interface driver ath10k_usb
[    9.695770][    T1] mac80211_hwsim: initializing netlink
[    9.701487][    T1] ieee80211 phy0: Selected rate control algorithm 'minstrel_ht'
[    9.709791][    T1] ieee80211 phy1: Selected rate control algorithm 'minstrel_ht'
[    9.721321][    T1] usbcore: registered new interface driver atusb
[    9.728881][    T1] mac802154_hwsim mac802154_hwsim: Added 2 mac802154 hwsim hardware radios
[    9.732824][    T1] VMware vmxnet3 virtual NIC driver - version 1.7.0.0-k-NAPI
[    9.735379][    T1] usbcore: registered new interface driver catc
[    9.738461][    T1] usbcore: registered new interface driver kaweth
[    9.742601][    T1] pegasus: Pegasus/Pegasus II USB Ethernet driver
[    9.744643][    T1] usbcore: registered new interface driver pegasus
[    9.746719][    T1] usbcore: registered new interface driver rtl8150
[    9.748771][    T1] usbcore: registered new interface driver r8152
[    9.751537][    T1] hso: drivers/net/usb/hso.c: Option Wireless
[    9.753747][    T1] usbcore: registered new interface driver hso
[    9.755943][    T1] usbcore: registered new interface driver lan78xx
[    9.757993][    T1] usbcore: registered new interface driver asix
[    9.761304][    T1] usbcore: registered new interface driver ax88179_178a
[    9.763733][    T1] usbcore: registered new interface driver cdc_ether
[    9.766336][    T1] usbcore: registered new interface driver cdc_eem
[    9.768793][    T1] usbcore: registered new interface driver dm9601
[    9.770898][    T1] usbcore: registered new interface driver sr9700
[    9.773203][    T1] usbcore: registered new interface driver CoreChips
[    9.775751][    T1] usbcore: registered new interface driver smsc75xx
[    9.778090][    T1] usbcore: registered new interface driver smsc95xx
[    9.780207][    T1] usbcore: registered new interface driver gl620a
[    9.782482][    T1] usbcore: registered new interface driver net1080
[    9.785002][    T1] usbcore: registered new interface driver plusb
[    9.787279][    T1] usbcore: registered new interface driver rndis_host
[    9.790237][    T1] usbcore: registered new interface driver cdc_subset
[    9.792602][    T1] usbcore: registered new interface driver zaurus
[    9.795098][    T1] usbcore: registered new interface driver MOSCHIP usb-ethernet driver
[    9.797918][    T1] usbcore: registered new interface driver int51x1
[    9.800300][    T1] usbcore: registered new interface driver cdc_phonet
[    9.802423][    T1] usbcore: registered new interface driver kalmia
[    9.804660][    T1] usbcore: registered new interface driver ipheth
[    9.807178][    T1] usbcore: registered new interface driver sierra_net
[    9.809833][    T1] usbcore: registered new interface driver cx82310_eth
[    9.811995][    T1] usbcore: registered new interface driver cdc_ncm
[    9.814316][    T1] usbcore: registered new interface driver huawei_cdc_ncm
[    9.817025][    T1] usbcore: registered new interface driver lg-vl600
[    9.819214][    T1] usbcore: registered new interface driver qmi_wwan
[    9.821476][    T1] usbcore: registered new interface driver cdc_mbim
[    9.823543][    T1] usbcore: registered new interface driver ch9200
[    9.825607][    T1] usbcore: registered new interface driver r8153_ecm
[    9.832351][    T1] VFIO - User Level meta-driver version: 0.3
[    9.837680][    T1] aoe: AoE v85 initialised.
[    9.844661][    T1] SPI driver max3421-hcd has no spi_device_id for maxim,max3421
[    9.852763][    T1] usbcore: registered new interface driver cdc_acm
[    9.854712][    T1] cdc_acm: USB Abstract Control Model driver for USB modems and ISDN adapters
[    9.862350][    T1] usbcore: registered new interface driver usblp
[    9.864407][    T1] usbcore: registered new interface driver cdc_wdm
[    9.866426][    T1] usbcore: registered new interface driver usbtmc
[    9.869046][    T1] usbcore: registered new interface driver uas
[    9.871097][    T1] usbcore: registered new interface driver usb-storage
[    9.873262][    T1] usbcore: registered new interface driver ums-alauda
[    9.875409][    T1] usbcore: registered new interface driver ums-cypress
[    9.878843][    T1] usbcore: registered new interface driver ums-datafab
[    9.883881][    T1] usbcore: registered new interface driver ums_eneub6250
[    9.886056][    T1] usbcore: registered new interface driver ums-freecom
[    9.888519][    T1] usbcore: registered new interface driver ums-isd200
[    9.890910][    T1] usbcore: registered new interface driver ums-jumpshot
[    9.893630][    T1] usbcore: registered new interface driver ums-karma
[    9.895963][    T1] usbcore: registered new interface driver ums-onetouch
[    9.898399][    T1] usbcore: registered new interface driver ums-realtek
[    9.900575][    T1] usbcore: registered new interface driver ums-sddr09
[    9.902944][    T1] usbcore: registered new interface driver ums-sddr55
[    9.905567][    T1] usbcore: registered new interface driver ums-usbat
[    9.907966][    T1] usbcore: registered new interface driver mdc800
[    9.910581][    T1] mdc800: v0.7.5 (30/10/2000):USB Driver for Mustek MDC800 Digital Camera
[    9.913204][    T1] usbcore: registered new interface driver microtekX6
[    9.915488][    T1] usbcore: registered new interface driver usbserial_generic
[    9.918047][    T1] usbserial: USB Serial support registered for generic
[    9.921001][    T1] usbcore: registered new interface driver aircable
[    9.923050][    T1] usbserial: USB Serial support registered for aircable
[    9.925527][    T1] usbcore: registered new interface driver ark3116
[    9.927828][    T1] usbserial: USB Serial support registered for ark3116
[    9.931015][    T1] usbcore: registered new interface driver belkin_sa
[    9.933370][    T1] usbserial: USB Serial support registered for Belkin / Peracom / GoHubs USB Serial Adapter
[    9.936706][    T1] usbcore: registered new interface driver ch341
[    9.938927][    T1] usbserial: USB Serial support registered for ch341-uart
[    9.941254][    T1] usbcore: registered new interface driver cp210x
[    9.943436][    T1] usbserial: USB Serial support registered for cp210x
[    9.945652][    T1] usbcore: registered new interface driver cyberjack
[    9.948172][    T1] usbserial: USB Serial support registered for Reiner SCT Cyberjack USB card reader
[    9.951622][    T1] usbcore: registered new interface driver cypress_m8
[    9.953997][    T1] usbserial: USB Serial support registered for DeLorme Earthmate USB
[    9.956778][    T1] usbserial: USB Serial support registered for HID->COM RS232 Adapter
[    9.959602][    T1] usbserial: USB Serial support registered for Nokia CA-42 V2 Adapter
[    9.962113][    T1] usbcore: registered new interface driver usb_debug
[    9.964464][    T1] usbserial: USB Serial support registered for debug
[    9.967030][    T1] usbserial: USB Serial support registered for xhci_dbc
[    9.969873][    T1] usbcore: registered new interface driver digi_acceleport
[    9.972282][    T1] usbserial: USB Serial support registered for Digi 2 port USB adapter
[    9.974816][    T1] usbserial: USB Serial support registered for Digi 4 port USB adapter
[    9.977834][    T1] usbcore: registered new interface driver io_edgeport
[    9.980721][    T1] usbserial: USB Serial support registered for Edgeport 2 port adapter
[    9.983268][    T1] usbserial: USB Serial support registered for Edgeport 4 port adapter
[    9.986113][    T1] usbserial: USB Serial support registered for Edgeport 8 port adapter
[    9.989675][    T1] usbserial: USB Serial support registered for EPiC device
[    9.991933][    T1] usbcore: registered new interface driver io_ti
[    9.993919][    T1] usbserial: USB Serial support registered for Edgeport TI 1 port adapter
[    9.996881][    T1] usbserial: USB Serial support registered for Edgeport TI 2 port adapter
[   10.000394][    T1] usbcore: registered new interface driver empeg
[   10.002398][    T1] usbserial: USB Serial support registered for empeg
[   10.004523][    T1] usbcore: registered new interface driver f81534a_ctrl
[   10.007458][    T1] usbcore: registered new interface driver f81232
[   10.009842][    T1] usbserial: USB Serial support registered for f81232
[   10.012207][    T1] usbserial: USB Serial support registered for f81534a
[   10.014334][    T1] usbcore: registered new interface driver f81534
[   10.016568][    T1] usbserial: USB Serial support registered for Fintek F81532/F81534
[   10.019661][    T1] usbcore: registered new interface driver ftdi_sio
[   10.021978][    T1] usbserial: USB Serial support registered for FTDI USB Serial Device
[   10.024772][    T1] usbcore: registered new interface driver garmin_gps
[   10.026890][    T1] usbserial: USB Serial support registered for Garmin GPS usb/tty
[   10.029703][    T1] usbcore: registered new interface driver ipaq
[   10.032176][    T1] usbserial: USB Serial support registered for PocketPC PDA
[   10.034675][    T1] usbcore: registered new interface driver ipw
[   10.036876][    T1] usbserial: USB Serial support registered for IPWireless converter
[   10.039402][    T1] usbcore: registered new interface driver ir_usb
[   10.041640][    T1] usbserial: USB Serial support registered for IR Dongle
[   10.044392][    T1] usbcore: registered new interface driver iuu_phoenix
[   10.046777][    T1] usbserial: USB Serial support registered for iuu_phoenix
[   10.049295][    T1] usbcore: registered new interface driver keyspan
[   10.051502][    T1] usbserial: USB Serial support registered for Keyspan - (without firmware)
[   10.054188][    T1] usbserial: USB Serial support registered for Keyspan 1 port adapter
[   10.057150][    T1] usbserial: USB Serial support registered for Keyspan 2 port adapter
[   10.060276][    T1] usbserial: USB Serial support registered for Keyspan 4 port adapter
[   10.063081][    T1] usbcore: registered new interface driver keyspan_pda
[   10.065491][    T1] usbserial: USB Serial support registered for Keyspan PDA
[   10.067975][    T1] usbserial: USB Serial support registered for Keyspan PDA - (prerenumeration)
[   10.070781][    T1] usbcore: registered new interface driver kl5kusb105
[   10.073171][    T1] usbserial: USB Serial support registered for KL5KUSB105D / PalmConnect
[   10.076318][    T1] usbcore: registered new interface driver kobil_sct
[   10.078687][    T1] usbserial: USB Serial support registered for KOBIL USB smart card terminal
[   10.081503][    T1] usbcore: registered new interface driver mct_u232
[   10.083703][    T1] usbserial: USB Serial support registered for MCT U232
[   10.085914][    T1] usbcore: registered new interface driver metro_usb
[   10.088430][    T1] usbserial: USB Serial support registered for Metrologic USB to Serial
[   10.091918][    T1] usbcore: registered new interface driver mos7720
[   10.093977][    T1] usbserial: USB Serial support registered for Moschip 2 port adapter
[   10.096775][    T1] usbcore: registered new interface driver mos7840
[   10.099050][    T1] usbserial: USB Serial support registered for Moschip 7840/7820 USB Serial Driver
[   10.102609][    T1] usbcore: registered new interface driver mxuport
[   10.104650][    T1] usbserial: USB Serial support registered for MOXA UPort
[   10.106874][    T1] usbcore: registered new interface driver navman
[   10.109305][    T1] usbserial: USB Serial support registered for navman
[   10.111592][    T1] usbcore: registered new interface driver omninet
[   10.113661][    T1] usbserial: USB Serial support registered for ZyXEL - omni.net usb
[   10.116581][    T1] usbcore: registered new interface driver opticon
[   10.119499][    T1] usbserial: USB Serial support registered for opticon
[   10.122058][    T1] usbcore: registered new interface driver option
[   10.124346][    T1] usbserial: USB Serial support registered for GSM modem (1-port)
[   10.127041][    T1] usbcore: registered new interface driver oti6858
[   10.129072][    T1] usbserial: USB Serial support registered for oti6858
[   10.131523][    T1] usbcore: registered new interface driver pl2303
[   10.134036][    T1] usbserial: USB Serial support registered for pl2303
[   10.136521][    T1] usbcore: registered new interface driver qcaux
[   10.138765][    T1] usbserial: USB Serial support registered for qcaux
[   10.140918][    T1] usbcore: registered new interface driver qcserial
[   10.142987][    T1] usbserial: USB Serial support registered for Qualcomm USB modem
[   10.146266][    T1] usbcore: registered new interface driver quatech2
[   10.148603][    T1] usbserial: USB Serial support registered for Quatech 2nd gen USB to Serial Driver
[   10.151977][    T1] usbcore: registered new interface driver safe_serial
[   10.154167][    T1] usbserial: USB Serial support registered for safe_serial
[   10.156733][    T1] usbcore: registered new interface driver sierra
[   10.159023][    T1] usbserial: USB Serial support registered for Sierra USB modem
[   10.162001][    T1] usbcore: registered new interface driver usb_serial_simple
[   10.164338][    T1] usbserial: USB Serial support registered for carelink
[   10.166801][    T1] usbserial: USB Serial support registered for zio
[   10.170003][    T1] usbserial: USB Serial support registered for funsoft
[   10.172321][    T1] usbserial: USB Serial support registered for flashloader
[   10.174558][    T1] usbserial: USB Serial support registered for google
[   10.177177][    T1] usbserial: USB Serial support registered for libtransistor
[   10.180031][    T1] usbserial: USB Serial support registered for vivopay
[   10.182488][    T1] usbserial: USB Serial support registered for moto_modem
[   10.184957][    T1] usbserial: USB Serial support registered for motorola_tetra
[   10.187266][    T1] usbserial: USB Serial support registered for nokia
[   10.189578][    T1] usbserial: USB Serial support registered for novatel_gps
[   10.191981][    T1] usbserial: USB Serial support registered for hp4x
[   10.194118][    T1] usbserial: USB Serial support registered for suunto
[   10.196614][    T1] usbserial: USB Serial support registered for siemens_mpi
[   10.199218][    T1] usbcore: registered new interface driver spcp8x5
[   10.201764][    T1] usbserial: USB Serial support registered for SPCP8x5
[   10.204184][    T1] usbcore: registered new interface driver ssu100
[   10.206455][    T1] usbserial: USB Serial support registered for Quatech SSU-100 USB to Serial Driver
[   10.209910][    T1] usbcore: registered new interface driver symbolserial
[   10.212163][    T1] usbserial: USB Serial support registered for symbol
[   10.214667][    T1] usbcore: registered new interface driver ti_usb_3410_5052
[   10.217204][    T1] usbserial: USB Serial support registered for TI USB 3410 1 port adapter
[   10.220702][    T1] usbserial: USB Serial support registered for TI USB 5052 2 port adapter
[   10.223339][    T1] usbcore: registered new interface driver upd78f0730
[   10.225728][    T1] usbserial: USB Serial support registered for upd78f0730
[   10.228493][    T1] usbcore: registered new interface driver visor
[   10.230770][    T1] usbserial: USB Serial support registered for Handspring Visor / Palm OS
[   10.233353][    T1] usbserial: USB Serial support registered for Sony Clie 5.0
[   10.235990][    T1] usbserial: USB Serial support registered for Sony Clie 3.5
[   10.238914][    T1] usbcore: registered new interface driver wishbone_serial
[   10.241607][    T1] usbserial: USB Serial support registered for wishbone_serial
[   10.244111][    T1] usbcore: registered new interface driver whiteheat
[   10.246610][    T1] usbserial: USB Serial support registered for Connect Tech - WhiteHEAT - (prerenumeration)
[   10.250509][    T1] usbserial: USB Serial support registered for Connect Tech - WhiteHEAT
[   10.253482][    T1] usbcore: registered new interface driver xr_serial
[   10.255939][    T1] usbserial: USB Serial support registered for xr_serial
[   10.258521][    T1] usbcore: registered new interface driver xsens_mt
[   10.261023][    T1] usbserial: USB Serial support registered for xsens_mt
[   10.263305][    T1] usbcore: registered new interface driver adutux
[   10.265457][    T1] usbcore: registered new interface driver appledisplay
[   10.268538][    T1] usbcore: registered new interface driver cypress_cy7c63
[   10.271720][    T1] usbcore: registered new interface driver cytherm
[   10.273884][    T1] usbcore: registered new interface driver emi26 - firmware loader
[   10.276791][    T1] usbcore: registered new interface driver emi62 - firmware loader
[   10.280224][    T1] usbcore: registered new interface driver idmouse
[   10.282638][    T1] usbcore: registered new interface driver iowarrior
[   10.285103][    T1] usbcore: registered new interface driver isight_firmware
[   10.287705][    T1] usbcore: registered new interface driver usblcd
[   10.289858][    T1] usbcore: registered new interface driver ldusb
[   10.292074][    T1] usbcore: registered new interface driver legousbtower
[   10.294310][    T1] usbcore: registered new interface driver usbtest
[   10.296777][    T1] usbcore: registered new interface driver usb_ehset_test
[   10.299336][    T1] usbcore: registered new interface driver trancevibrator
[   10.302128][    T1] usbcore: registered new interface driver uss720
[   10.304037][    T1] uss720: USB Parport Cable driver for Cables using the Lucent Technologies USS720 Chip
[   10.306892][    T1] uss720: NOTE: this is a special purpose driver to allow nonstandard
[   10.309669][    T1] uss720: protocols (eg. bitbang) over USS720 usb to parallel cables
[   10.312056][    T1] uss720: If you just want to connect to a printer, use usblp instead
[   10.314594][    T1] usbcore: registered new interface driver usbsevseg
[   10.316675][    T1] usbcore: registered new interface driver yurex
[   10.319627][    T1] usbcore: registered new interface driver chaoskey
[   10.321751][    T1] usbcore: registered new interface driver sisusb
[   10.325102][    T1] usbcore: registered new interface driver lvs
[   10.328069][    T1] usbcore: registered new interface driver cxacru
[   10.330558][    T1] usbcore: registered new interface driver speedtch
[   10.332608][    T1] usbcore: registered new interface driver ueagle-atm
[   10.334596][    T1] xusbatm: malformed module parameters
[   10.338648][    T1] dummy_hcd dummy_hcd.0: USB Host+Gadget Emulator, driver 02 May 2005
[   10.343923][    T1] dummy_hcd dummy_hcd.0: Dummy host controller
[   10.346047][    T1] dummy_hcd dummy_hcd.0: new USB bus registered, assigned bus number 1
[   10.348854][    T1] usb usb1: New USB device found, idVendor=1d6b, idProduct=0002, bcdDevice= 6.02
[   10.351757][    T1] usb usb1: New USB device strings: Mfr=3, Product=2, SerialNumber=1
[   10.354139][    T1] usb usb1: Product: Dummy host controller
[   10.355840][    T1] usb usb1: Manufacturer: Linux 6.2.0 dummy_hcd
[   10.357652][    T1] usb usb1: SerialNumber: dummy_hcd.0
[   10.360682][    T1] hub 1-0:1.0: USB hub found
[   10.362187][    T1] hub 1-0:1.0: 1 port detected
[   10.365280][    T1] dummy_hcd dummy_hcd.1: USB Host+Gadget Emulator, driver 02 May 2005
[   10.367695][    T1] dummy_hcd dummy_hcd.1: Dummy host controller
[   10.371419][    T1] dummy_hcd dummy_hcd.1: new USB bus registered, assigned bus number 2
[   10.374064][    T1] usb usb2: New USB device found, idVendor=1d6b, idProduct=0002, bcdDevice= 6.02
[   10.376771][    T1] usb usb2: New USB device strings: Mfr=3, Product=2, SerialNumber=1
[   10.379174][    T1] usb usb2: Product: Dummy host controller
[   10.380871][    T1] usb usb2: Manufacturer: Linux 6.2.0 dummy_hcd
[   10.382707][    T1] usb usb2: SerialNumber: dummy_hcd.1
[   10.385534][    T1] hub 2-0:1.0: USB hub found
[   10.386992][    T1] hub 2-0:1.0: 1 port detected
[   10.390968][    T1] dummy_hcd dummy_hcd.2: USB Host+Gadget Emulator, driver 02 May 2005
[   10.393404][    T1] dummy_hcd dummy_hcd.2: Dummy host controller
[   10.396593][    T1] dummy_hcd dummy_hcd.2: new USB bus registered, assigned bus number 3
[   10.399311][    T1] usb usb3: New USB device found, idVendor=1d6b, idProduct=0002, bcdDevice= 6.02
[   10.401979][    T1] usb usb3: New USB device strings: Mfr=3, Product=2, SerialNumber=1
[   10.404353][    T1] usb usb3: Product: Dummy host controller
[   10.406069][    T1] usb usb3: Manufacturer: Linux 6.2.0 dummy_hcd
[   10.407896][    T1] usb usb3: SerialNumber: dummy_hcd.2
[   10.410768][    T1] hub 3-0:1.0: USB hub found
[   10.412201][    T1] hub 3-0:1.0: 1 port detected
[   10.414993][    T1] dummy_hcd dummy_hcd.3: USB Host+Gadget Emulator, driver 02 May 2005
[   10.417421][    T1] dummy_hcd dummy_hcd.3: Dummy host controller
[   10.420224][    T1] dummy_hcd dummy_hcd.3: new USB bus registered, assigned bus number 4
[   10.422929][    T1] usb usb4: New USB device found, idVendor=1d6b, idProduct=0002, bcdDevice= 6.02
[   10.425598][    T1] usb usb4: New USB device strings: Mfr=3, Product=2, SerialNumber=1
[   10.427963][    T1] usb usb4: Product: Dummy host controller
[   10.430215][    T1] usb usb4: Manufacturer: Linux 6.2.0 dummy_hcd
[   10.432044][    T1] usb usb4: SerialNumber: dummy_hcd.3
[   10.434534][    T1] hub 4-0:1.0: USB hub found
[   10.435930][    T1] hub 4-0:1.0: 1 port detected
[   10.438842][    T1] dummy_hcd dummy_hcd.4: USB Host+Gadget Emulator, driver 02 May 2005
[   10.442720][    T1] dummy_hcd dummy_hcd.4: Dummy host controller
[   10.444872][    T1] dummy_hcd dummy_hcd.4: new USB bus registered, assigned bus number 5
[   10.447482][    T1] usb usb5: New USB device found, idVendor=1d6b, idProduct=0002, bcdDevice= 6.02
[   10.450667][    T1] usb usb5: New USB device strings: Mfr=3, Product=2, SerialNumber=1
[   10.453054][    T1] usb usb5: Product: Dummy host controller
[   10.454756][    T1] usb usb5: Manufacturer: Linux 6.2.0 dummy_hcd
[   10.456587][    T1] usb usb5: SerialNumber: dummy_hcd.4
[   10.459024][    T1] hub 5-0:1.0: USB hub found
[   10.460533][    T1] hub 5-0:1.0: 1 port detected
[   10.463445][    T1] dummy_hcd dummy_hcd.5: USB Host+Gadget Emulator, driver 02 May 2005
[   10.465874][    T1] dummy_hcd dummy_hcd.5: Dummy host controller
[   10.469824][    T1] dummy_hcd dummy_hcd.5: new USB bus registered, assigned bus number 6
[   10.472563][    T1] usb usb6: New USB device found, idVendor=1d6b, idProduct=0002, bcdDevice= 6.02
[   10.475243][    T1] usb usb6: New USB device strings: Mfr=3, Product=2, SerialNumber=1
[   10.477611][    T1] usb usb6: Product: Dummy host controller
[   10.479806][    T1] usb usb6: Manufacturer: Linux 6.2.0 dummy_hcd
[   10.481661][    T1] usb usb6: SerialNumber: dummy_hcd.5
[   10.484423][    T1] hub 6-0:1.0: USB hub found
[   10.485840][    T1] hub 6-0:1.0: 1 port detected
[   10.488761][    T1] dummy_hcd dummy_hcd.6: USB Host+Gadget Emulator, driver 02 May 2005
[   10.492370][    T1] dummy_hcd dummy_hcd.6: Dummy host controller
[   10.494720][    T1] dummy_hcd dummy_hcd.6: new USB bus registered, assigned bus number 7
[   10.497414][    T1] usb usb7: New USB device found, idVendor=1d6b, idProduct=0002, bcdDevice= 6.02
[   10.500144][    T1] usb usb7: New USB device strings: Mfr=3, Product=2, SerialNumber=1
[   10.502484][    T1] usb usb7: Product: Dummy host controller
[   10.504221][    T1] usb usb7: Manufacturer: Linux 6.2.0 dummy_hcd
[   10.506034][    T1] usb usb7: SerialNumber: dummy_hcd.6
[   10.508979][    T1] hub 7-0:1.0: USB hub found
[   10.510509][    T1] hub 7-0:1.0: 1 port detected
[   10.513461][    T1] dummy_hcd dummy_hcd.7: USB Host+Gadget Emulator, driver 02 May 2005
[   10.515898][    T1] dummy_hcd dummy_hcd.7: Dummy host controller
[   10.519857][    T1] dummy_hcd dummy_hcd.7: new USB bus registered, assigned bus number 8
[   10.522598][    T1] usb usb8: New USB device found, idVendor=1d6b, idProduct=0002, bcdDevice= 6.02
[   10.525279][    T1] usb usb8: New USB device strings: Mfr=3, Product=2, SerialNumber=1
[   10.527647][    T1] usb usb8: Product: Dummy host controller
[   10.529802][    T1] usb usb8: Manufacturer: Linux 6.2.0 dummy_hcd
[   10.531774][    T1] usb usb8: SerialNumber: dummy_hcd.7
[   10.534494][    T1] hub 8-0:1.0: USB hub found
[   10.535921][    T1] hub 8-0:1.0: 1 port detected
[   10.547236][    T1] gadgetfs: USB Gadget filesystem, version 24 Aug 2004
[   10.550927][    T1] vhci_hcd vhci_hcd.0: USB/IP Virtual Host Controller
[   10.553509][    T1] vhci_hcd vhci_hcd.0: new USB bus registered, assigned bus number 9
[   10.556040][    T1] vhci_hcd: created sysfs vhci_hcd.0
[   10.557761][    T1] usb usb9: New USB device found, idVendor=1d6b, idProduct=0002, bcdDevice= 6.02
[   10.560498][    T1] usb usb9: New USB device strings: Mfr=3, Product=2, SerialNumber=1
[   10.562843][    T1] usb usb9: Product: USB/IP Virtual Host Controller
[   10.564822][    T1] usb usb9: Manufacturer: Linux 6.2.0 vhci_hcd
[   10.566703][    T1] usb usb9: SerialNumber: vhci_hcd.0
[   10.570054][    T1] hub 9-0:1.0: USB hub found
[   10.571501][    T1] hub 9-0:1.0: 8 ports detected
[   10.575348][    T1] vhci_hcd vhci_hcd.0: USB/IP Virtual Host Controller
[   10.577699][    T1] vhci_hcd vhci_hcd.0: new USB bus registered, assigned bus number 10
[   10.581081][    T1] usb usb10: We don't know the algorithms for LPM for this host, disabling LPM.
[   10.583872][    T1] usb usb10: New USB device found, idVendor=1d6b, idProduct=0003, bcdDevice= 6.02
[   10.586566][    T1] usb usb10: New USB device strings: Mfr=3, Product=2, SerialNumber=1
[   10.588929][    T1] usb usb10: Product: USB/IP Virtual Host Controller
[   10.590919][    T1] usb usb10: Manufacturer: Linux 6.2.0 vhci_hcd
[   10.592764][    T1] usb usb10: SerialNumber: vhci_hcd.0
[   10.595210][    T1] hub 10-0:1.0: USB hub found
[   10.596679][    T1] hub 10-0:1.0: 8 ports detected
[   10.601351][    T1] vhci_hcd vhci_hcd.1: USB/IP Virtual Host Controller
[   10.604197][    T1] vhci_hcd vhci_hcd.1: new USB bus registered, assigned bus number 11
[   10.607628][    T1] usb usb11: New USB device found, idVendor=1d6b, idProduct=0002, bcdDevice= 6.02
[   10.610457][    T1] usb usb11: New USB device strings: Mfr=3, Product=2, SerialNumber=1
[   10.612851][    T1] usb usb11: Product: USB/IP Virtual Host Controller
[   10.614807][    T1] usb usb11: Manufacturer: Linux 6.2.0 vhci_hcd
[   10.616632][    T1] usb usb11: SerialNumber: vhci_hcd.1
[   10.619453][    T1] hub 11-0:1.0: USB hub found
[   10.620906][    T1] hub 11-0:1.0: 8 ports detected
[   10.624526][    T1] vhci_hcd vhci_hcd.1: USB/IP Virtual Host Controller
[   10.626829][    T1] vhci_hcd vhci_hcd.1: new USB bus registered, assigned bus number 12
[   10.630202][    T1] usb usb12: We don't know the algorithms for LPM for this host, disabling LPM.
[   10.632963][    T1] usb usb12: New USB device found, idVendor=1d6b, idProduct=0003, bcdDevice= 6.02
[   10.635647][    T1] usb usb12: New USB device strings: Mfr=3, Product=2, SerialNumber=1
[   10.638029][    T1] usb usb12: Product: USB/IP Virtual Host Controller
[   10.640456][    T1] usb usb12: Manufacturer: Linux 6.2.0 vhci_hcd
[   10.642295][    T1] usb usb12: SerialNumber: vhci_hcd.1
[   10.644681][    T1] hub 12-0:1.0: USB hub found
[   10.646101][    T1] hub 12-0:1.0: 8 ports detected
[   10.650629][    T1] vhci_hcd vhci_hcd.2: USB/IP Virtual Host Controller
[   10.653188][    T1] vhci_hcd vhci_hcd.2: new USB bus registered, assigned bus number 13
[   10.656836][    T1] usb usb13: New USB device found, idVendor=1d6b, idProduct=0002, bcdDevice= 6.02
[   10.659697][    T1] usb usb13: New USB device strings: Mfr=3, Product=2, SerialNumber=1
[   10.662072][    T1] usb usb13: Product: USB/IP Virtual Host Controller
[   10.664003][    T1] usb usb13: Manufacturer: Linux 6.2.0 vhci_hcd
[   10.665822][    T1] usb usb13: SerialNumber: vhci_hcd.2
[   10.668302][    T1] hub 13-0:1.0: USB hub found
[   10.669927][    T1] hub 13-0:1.0: 8 ports detected
[   10.673613][    T1] vhci_hcd vhci_hcd.2: USB/IP Virtual Host Controller
[   10.675970][    T1] vhci_hcd vhci_hcd.2: new USB bus registered, assigned bus number 14
[   10.679809][    T1] usb usb14: We don't know the algorithms for LPM for this host, disabling LPM.
[   10.682714][    T1] usb usb14: New USB device found, idVendor=1d6b, idProduct=0003, bcdDevice= 6.02
[   10.685419][    T1] usb usb14: New USB device strings: Mfr=3, Product=2, SerialNumber=1
[   10.687798][    T1] usb usb14: Product: USB/IP Virtual Host Controller
[   10.689882][    T1] usb usb14: Manufacturer: Linux 6.2.0 vhci_hcd
[   10.691717][    T1] usb usb14: SerialNumber: vhci_hcd.2
[   10.694475][    T1] hub 14-0:1.0: USB hub found
[   10.695897][    T1] hub 14-0:1.0: 8 ports detected
[   10.700507][    T1] vhci_hcd vhci_hcd.3: USB/IP Virtual Host Controller
[   10.703020][    T1] vhci_hcd vhci_hcd.3: new USB bus registered, assigned bus number 15
[   10.705706][    T1] usb usb15: New USB device found, idVendor=1d6b, idProduct=0002, bcdDevice= 6.02
[   10.708393][    T1] usb usb15: New USB device strings: Mfr=3, Product=2, SerialNumber=1
[   10.710959][    T1] usb usb15: Product: USB/IP Virtual Host Controller
[   10.712941][    T1] usb usb15: Manufacturer: Linux 6.2.0 vhci_hcd
[   10.714768][    T1] usb usb15: SerialNumber: vhci_hcd.3
[   10.717643][    T1] hub 15-0:1.0: USB hub found
[   10.719172][    T1] hub 15-0:1.0: 8 ports detected
[   10.722875][    T1] vhci_hcd vhci_hcd.3: USB/IP Virtual Host Controller
[   10.725234][    T1] vhci_hcd vhci_hcd.3: new USB bus registered, assigned bus number 16
[   10.728561][    T1] usb usb16: We don't know the algorithms for LPM for this host, disabling LPM.
[   10.731435][    T1] usb usb16: New USB device found, idVendor=1d6b, idProduct=0003, bcdDevice= 6.02
[   10.734145][    T1] usb usb16: New USB device strings: Mfr=3, Product=2, SerialNumber=1
[   10.736499][    T1] usb usb16: Product: USB/IP Virtual Host Controller
[   10.738447][    T1] usb usb16: Manufacturer: Linux 6.2.0 vhci_hcd
[   10.740323][    T1] usb usb16: SerialNumber: vhci_hcd.3
[   10.742774][    T1] hub 16-0:1.0: USB hub found
[   10.744213][    T1] hub 16-0:1.0: 8 ports detected
[   10.748682][    T1] vhci_hcd vhci_hcd.4: USB/IP Virtual Host Controller
[   10.751448][    T1] vhci_hcd vhci_hcd.4: new USB bus registered, assigned bus number 17
[   10.755137][    T1] usb usb17: New USB device found, idVendor=1d6b, idProduct=0002, bcdDevice= 6.02
[   10.757829][    T1] usb usb17: New USB device strings: Mfr=3, Product=2, SerialNumber=1
[   10.760524][    T1] usb usb17: Product: USB/IP Virtual Host Controller
[   10.762479][    T1] usb usb17: Manufacturer: Linux 6.2.0 vhci_hcd
[   10.764303][    T1] usb usb17: SerialNumber: vhci_hcd.4
[   10.766714][    T1] hub 17-0:1.0: USB hub found
[   10.768154][    T1] hub 17-0:1.0: 8 ports detected
[   10.771880][    T1] vhci_hcd vhci_hcd.4: USB/IP Virtual Host Controller
[   10.774218][    T1] vhci_hcd vhci_hcd.4: new USB bus registered, assigned bus number 18
[   10.777575][    T1] usb usb18: We don't know the algorithms for LPM for this host, disabling LPM.
[   10.780517][    T1] usb usb18: New USB device found, idVendor=1d6b, idProduct=0003, bcdDevice= 6.02
[   10.783227][    T1] usb usb18: New USB device strings: Mfr=3, Product=2, SerialNumber=1
[   10.785597][    T1] usb usb18: Product: USB/IP Virtual Host Controller
[   10.787586][    T1] usb usb18: Manufacturer: Linux 6.2.0 vhci_hcd
[   10.789486][    T1] usb usb18: SerialNumber: vhci_hcd.4
[   10.791932][    T1] hub 18-0:1.0: USB hub found
[   10.793388][    T1] hub 18-0:1.0: 8 ports detected
[   10.797841][    T1] vhci_hcd vhci_hcd.5: USB/IP Virtual Host Controller
[   10.801282][    T1] vhci_hcd vhci_hcd.5: new USB bus registered, assigned bus number 19
[   10.804701][    T1] usb usb19: New USB device found, idVendor=1d6b, idProduct=0002, bcdDevice= 6.02
[   10.807427][    T1] usb usb19: New USB device strings: Mfr=3, Product=2, SerialNumber=1
[   10.809955][    T1] usb usb19: Product: USB/IP Virtual Host Controller
[   10.811928][    T1] usb usb19: Manufacturer: Linux 6.2.0 vhci_hcd
[   10.813753][    T1] usb usb19: SerialNumber: vhci_hcd.5
[   10.816178][    T1] hub 19-0:1.0: USB hub found
[   10.817603][    T1] hub 19-0:1.0: 8 ports detected
[   10.821512][    T1] vhci_hcd vhci_hcd.5: USB/IP Virtual Host Controller
[   10.824120][    T1] vhci_hcd vhci_hcd.5: new USB bus registered, assigned bus number 20
[   10.827228][    T1] usb usb20: We don't know the algorithms for LPM for this host, disabling LPM.
[   10.830069][    T1] usb usb20: New USB device found, idVendor=1d6b, idProduct=0003, bcdDevice= 6.02
[   10.832766][    T1] usb usb20: New USB device strings: Mfr=3, Product=2, SerialNumber=1
[   10.835187][    T1] usb usb20: Product: USB/IP Virtual Host Controller
[   10.837155][    T1] usb usb20: Manufacturer: Linux 6.2.0 vhci_hcd
[   10.838962][    T1] usb usb20: SerialNumber: vhci_hcd.5
[   10.841978][    T1] hub 20-0:1.0: USB hub found
[   10.843468][    T1] hub 20-0:1.0: 8 ports detected
[   10.847939][    T1] vhci_hcd vhci_hcd.6: USB/IP Virtual Host Controller
[   10.850585][    T1] vhci_hcd vhci_hcd.6: new USB bus registered, assigned bus number 21
[   10.853297][    T1] usb usb21: New USB device found, idVendor=1d6b, idProduct=0002, bcdDevice= 6.02
[   10.855986][    T1] usb usb21: New USB device strings: Mfr=3, Product=2, SerialNumber=1
[   10.858417][    T1] usb usb21: Product: USB/IP Virtual Host Controller
[   10.860869][    T1] usb usb21: Manufacturer: Linux 6.2.0 vhci_hcd
[   10.862742][    T1] usb usb21: SerialNumber: vhci_hcd.6
[   10.865215][    T1] hub 21-0:1.0: USB hub found
[   10.866643][    T1] hub 21-0:1.0: 8 ports detected
[   10.870462][    T1] vhci_hcd vhci_hcd.6: USB/IP Virtual Host Controller
[   10.872793][    T1] vhci_hcd vhci_hcd.6: new USB bus registered, assigned bus number 22
[   10.876138][    T1] usb usb22: We don't know the algorithms for LPM for this host, disabling LPM.
[   10.878890][    T1] usb usb22: New USB device found, idVendor=1d6b, idProduct=0003, bcdDevice= 6.02
[   10.881624][    T1] usb usb22: New USB device strings: Mfr=3, Product=2, SerialNumber=1
[   10.884004][    T1] usb usb22: Product: USB/IP Virtual Host Controller
[   10.885963][    T1] usb usb22: Manufacturer: Linux 6.2.0 vhci_hcd
[   10.887799][    T1] usb usb22: SerialNumber: vhci_hcd.6
[   10.890271][    T1] hub 22-0:1.0: USB hub found
[   10.891703][    T1] hub 22-0:1.0: 8 ports detected
[   10.896064][    T1] vhci_hcd vhci_hcd.7: USB/IP Virtual Host Controller
[   10.898929][    T1] vhci_hcd vhci_hcd.7: new USB bus registered, assigned bus number 23
[   10.902515][    T1] usb usb23: New USB device found, idVendor=1d6b, idProduct=0002, bcdDevice= 6.02
[   10.905242][    T1] usb usb23: New USB device strings: Mfr=3, Product=2, SerialNumber=1
[   10.907628][    T1] usb usb23: Product: USB/IP Virtual Host Controller
[   10.909955][    T1] usb usb23: Manufacturer: Linux 6.2.0 vhci_hcd
[   10.911796][    T1] usb usb23: SerialNumber: vhci_hcd.7
[   10.914466][    T1] hub 23-0:1.0: USB hub found
[   10.915896][    T1] hub 23-0:1.0: 8 ports detected
[   10.920153][    T1] vhci_hcd vhci_hcd.7: USB/IP Virtual Host Controller
[   10.922431][    T1] vhci_hcd vhci_hcd.7: new USB bus registered, assigned bus number 24
[   10.925722][    T1] usb usb24: We don't know the algorithms for LPM for this host, disabling LPM.
[   10.928522][    T1] usb usb24: New USB device found, idVendor=1d6b, idProduct=0003, bcdDevice= 6.02
[   10.931364][    T1] usb usb24: New USB device strings: Mfr=3, Product=2, SerialNumber=1
[   10.933742][    T1] usb usb24: Product: USB/IP Virtual Host Controller
[   10.935683][    T1] usb usb24: Manufacturer: Linux 6.2.0 vhci_hcd
[   10.937509][    T1] usb usb24: SerialNumber: vhci_hcd.7
[   10.939951][    T1] hub 24-0:1.0: USB hub found
[   10.941427][    T1] hub 24-0:1.0: 8 ports detected
[   10.947064][    T1] vhci_hcd vhci_hcd.8: USB/IP Virtual Host Controller
[   10.950529][    T1] vhci_hcd vhci_hcd.8: new USB bus registered, assigned bus number 25
[   10.953180][    T1] usb usb25: New USB device found, idVendor=1d6b, idProduct=0002, bcdDevice= 6.02
[   10.955871][    T1] usb usb25: New USB device strings: Mfr=3, Product=2, SerialNumber=1
[   10.958273][    T1] usb usb25: Product: USB/IP Virtual Host Controller
[   10.960586][    T1] usb usb25: Manufacturer: Linux 6.2.0 vhci_hcd
[   10.962431][    T1] usb usb25: SerialNumber: vhci_hcd.8
[   10.964902][    T1] hub 25-0:1.0: USB hub found
[   10.966348][    T1] hub 25-0:1.0: 8 ports detected
[   10.969863][    T1] vhci_hcd vhci_hcd.8: USB/IP Virtual Host Controller
[   10.972652][    T1] vhci_hcd vhci_hcd.8: new USB bus registered, assigned bus number 26
[   10.975170][    T1] usb usb26: We don't know the algorithms for LPM for this host, disabling LPM.
[   10.977949][    T1] usb usb26: New USB device found, idVendor=1d6b, idProduct=0003, bcdDevice= 6.02
[   10.981043][    T1] usb usb26: New USB device strings: Mfr=3, Product=2, SerialNumber=1
[   10.983452][    T1] usb usb26: Product: USB/IP Virtual Host Controller
[   10.985391][    T1] usb usb26: Manufacturer: Linux 6.2.0 vhci_hcd
[   10.987213][    T1] usb usb26: SerialNumber: vhci_hcd.8
[   10.990232][    T1] hub 26-0:1.0: USB hub found
[   10.991682][    T1] hub 26-0:1.0: 8 ports detected
[   10.996256][    T1] vhci_hcd vhci_hcd.9: USB/IP Virtual Host Controller
[   10.999262][    T1] vhci_hcd vhci_hcd.9: new USB bus registered, assigned bus number 27
[   11.002685][    T1] usb usb27: New USB device found, idVendor=1d6b, idProduct=0002, bcdDevice= 6.02
[   11.005401][    T1] usb usb27: New USB device strings: Mfr=3, Product=2, SerialNumber=1
[   11.007768][    T1] usb usb27: Product: USB/IP Virtual Host Controller
[   11.009896][    T1] usb usb27: Manufacturer: Linux 6.2.0 vhci_hcd
[   11.011728][    T1] usb usb27: SerialNumber: vhci_hcd.9
[   11.014221][    T1] hub 27-0:1.0: USB hub found
[   11.015643][    T1] hub 27-0:1.0: 8 ports detected
[   11.019523][    T1] vhci_hcd vhci_hcd.9: USB/IP Virtual Host Controller
[   11.021877][    T1] vhci_hcd vhci_hcd.9: new USB bus registered, assigned bus number 28
[   11.025216][    T1] usb usb28: We don't know the algorithms for LPM for this host, disabling LPM.
[   11.028051][    T1] usb usb28: New USB device found, idVendor=1d6b, idProduct=0003, bcdDevice= 6.02
[   11.030978][    T1] usb usb28: New USB device strings: Mfr=3, Product=2, SerialNumber=1
[   11.033388][    T1] usb usb28: Product: USB/IP Virtual Host Controller
[   11.035341][    T1] usb usb28: Manufacturer: Linux 6.2.0 vhci_hcd
[   11.037174][    T1] usb usb28: SerialNumber: vhci_hcd.9
[   11.039611][    T1] hub 28-0:1.0: USB hub found
[   11.041050][    T1] hub 28-0:1.0: 8 ports detected
[   11.045502][    T1] vhci_hcd vhci_hcd.10: USB/IP Virtual Host Controller
[   11.048392][    T1] vhci_hcd vhci_hcd.10: new USB bus registered, assigned bus number 29
[   11.051618][    T1] usb usb29: New USB device found, idVendor=1d6b, idProduct=0002, bcdDevice= 6.02
[   11.054384][    T1] usb usb29: New USB device strings: Mfr=3, Product=2, SerialNumber=1
[   11.056770][    T1] usb usb29: Product: USB/IP Virtual Host Controller
[   11.058710][    T1] usb usb29: Manufacturer: Linux 6.2.0 vhci_hcd
[   11.060619][    T1] usb usb29: SerialNumber: vhci_hcd.10
[   11.063386][    T1] hub 29-0:1.0: USB hub found
[   11.064818][    T1] hub 29-0:1.0: 8 ports detected
[   11.068629][    T1] vhci_hcd vhci_hcd.10: USB/IP Virtual Host Controller
[   11.071190][    T1] vhci_hcd vhci_hcd.10: new USB bus registered, assigned bus number 30
[   11.075295][    T1] usb usb30: We don't know the algorithms for LPM for this host, disabling LPM.
[   11.080436][    T1] usb usb30: New USB device found, idVendor=1d6b, idProduct=0003, bcdDevice= 6.02
[   11.084811][    T1] usb usb30: New USB device strings: Mfr=3, Product=2, SerialNumber=1
[   11.088677][    T1] usb usb30: Product: USB/IP Virtual Host Controller
[   11.092436][    T1] usb usb30: Manufacturer: Linux 6.2.0 vhci_hcd
[   11.095443][    T1] usb usb30: SerialNumber: vhci_hcd.10
[   11.099513][    T1] hub 30-0:1.0: USB hub found
[   11.101804][    T1] hub 30-0:1.0: 8 ports detected
[   11.108910][    T1] vhci_hcd vhci_hcd.11: USB/IP Virtual Host Controller
[   11.114542][    T1] vhci_hcd vhci_hcd.11: new USB bus registered, assigned bus number 31
[   11.118725][    T1] usb usb31: New USB device found, idVendor=1d6b, idProduct=0002, bcdDevice= 6.02
[   11.123155][    T1] usb usb31: New USB device strings: Mfr=3, Product=2, SerialNumber=1
[   11.127040][    T1] usb usb31: Product: USB/IP Virtual Host Controller
[   11.130717][    T1] usb usb31: Manufacturer: Linux 6.2.0 vhci_hcd
[   11.133689][    T1] usb usb31: SerialNumber: vhci_hcd.11
[   11.137690][    T1] hub 31-0:1.0: USB hub found
[   11.140218][    T1] hub 31-0:1.0: 8 ports detected
[   11.146390][    T1] vhci_hcd vhci_hcd.11: USB/IP Virtual Host Controller
[   11.151547][    T1] vhci_hcd vhci_hcd.11: new USB bus registered, assigned bus number 32
[   11.156061][    T1] usb usb32: We don't know the algorithms for LPM for this host, disabling LPM.
[   11.160675][    T1] usb usb32: New USB device found, idVendor=1d6b, idProduct=0003, bcdDevice= 6.02
[   11.165070][    T1] usb usb32: New USB device strings: Mfr=3, Product=2, SerialNumber=1
[   11.168904][    T1] usb usb32: Product: USB/IP Virtual Host Controller
[   11.171626][    T1] usb usb32: Manufacturer: Linux 6.2.0 vhci_hcd
[   11.173488][    T1] usb usb32: SerialNumber: vhci_hcd.11
[   11.176105][    T1] hub 32-0:1.0: USB hub found
[   11.177531][    T1] hub 32-0:1.0: 8 ports detected
[   11.182122][    T1] vhci_hcd vhci_hcd.12: USB/IP Virtual Host Controller
[   11.185037][    T1] vhci_hcd vhci_hcd.12: new USB bus registered, assigned bus number 33
[   11.188480][    T1] usb usb33: New USB device found, idVendor=1d6b, idProduct=0002, bcdDevice= 6.02
[   11.191577][    T1] usb usb33: New USB device strings: Mfr=3, Product=2, SerialNumber=1
[   11.193979][    T1] usb usb33: Product: USB/IP Virtual Host Controller
[   11.195944][    T1] usb usb33: Manufacturer: Linux 6.2.0 vhci_hcd
[   11.197780][    T1] usb usb33: SerialNumber: vhci_hcd.12
[   11.200273][    T1] hub 33-0:1.0: USB hub found
[   11.201702][    T1] hub 33-0:1.0: 8 ports detected
[   11.205340][    T1] vhci_hcd vhci_hcd.12: USB/IP Virtual Host Controller
[   11.207729][    T1] vhci_hcd vhci_hcd.12: new USB bus registered, assigned bus number 34
[   11.211242][    T1] usb usb34: We don't know the algorithms for LPM for this host, disabling LPM.
[   11.214069][    T1] usb usb34: New USB device found, idVendor=1d6b, idProduct=0003, bcdDevice= 6.02
[   11.216765][    T1] usb usb34: New USB device strings: Mfr=3, Product=2, SerialNumber=1
[   11.219233][    T1] usb usb34: Product: USB/IP Virtual Host Controller
[   11.221196][    T1] usb usb34: Manufacturer: Linux 6.2.0 vhci_hcd
[   11.223033][    T1] usb usb34: SerialNumber: vhci_hcd.12
[   11.225543][    T1] hub 34-0:1.0: USB hub found
[   11.242661][    T1] hub 34-0:1.0: 8 ports detected
[   11.251141][    T1] vhci_hcd vhci_hcd.13: USB/IP Virtual Host Controller
[   11.254026][    T1] vhci_hcd vhci_hcd.13: new USB bus registered, assigned bus number 35
[   11.256925][    T1] usb usb35: New USB device found, idVendor=1d6b, idProduct=0002, bcdDevice= 6.02
[   11.259713][    T1] usb usb35: New USB device strings: Mfr=3, Product=2, SerialNumber=1
[   11.262120][    T1] usb usb35: Product: USB/IP Virtual Host Controller
[   11.264067][    T1] usb usb35: Manufacturer: Linux 6.2.0 vhci_hcd
[   11.265880][    T1] usb usb35: SerialNumber: vhci_hcd.13
[   11.268939][    T1] hub 35-0:1.0: USB hub found
[   11.270428][    T1] hub 35-0:1.0: 8 ports detected
[   11.273882][    T1] vhci_hcd vhci_hcd.13: USB/IP Virtual Host Controller
[   11.276857][    T1] vhci_hcd vhci_hcd.13: new USB bus registered, assigned bus number 36
[   11.279522][    T1] usb usb36: We don't know the algorithms for LPM for this host, disabling LPM.
[   11.282416][    T1] usb usb36: New USB device found, idVendor=1d6b, idProduct=0003, bcdDevice= 6.02
[   11.285147][    T1] usb usb36: New USB device strings: Mfr=3, Product=2, SerialNumber=1
[   11.287612][    T1] usb usb36: Product: USB/IP Virtual Host Controller
[   11.289935][    T1] usb usb36: Manufacturer: Linux 6.2.0 vhci_hcd
[   11.291793][    T1] usb usb36: SerialNumber: vhci_hcd.13
[   11.295911][    T1] hub 36-0:1.0: USB hub found
[   11.297364][    T1] hub 36-0:1.0: 8 ports detected
[   11.301952][    T1] vhci_hcd vhci_hcd.14: USB/IP Virtual Host Controller
[   11.306415][    T1] vhci_hcd vhci_hcd.14: new USB bus registered, assigned bus number 37
[   11.309176][    T1] usb usb37: New USB device found, idVendor=1d6b, idProduct=0002, bcdDevice= 6.02
[   11.311908][    T1] usb usb37: New USB device strings: Mfr=3, Product=2, SerialNumber=1
[   11.314293][    T1] usb usb37: Product: USB/IP Virtual Host Controller
[   11.316260][    T1] usb usb37: Manufacturer: Linux 6.2.0 vhci_hcd
[   11.318086][    T1] usb usb37: SerialNumber: vhci_hcd.14
[   11.320953][    T1] hub 37-0:1.0: USB hub found
[   11.322408][    T1] hub 37-0:1.0: 8 ports detected
[   11.326141][    T1] vhci_hcd vhci_hcd.14: USB/IP Virtual Host Controller
[   11.328503][    T1] vhci_hcd vhci_hcd.14: new USB bus registered, assigned bus number 38
[   11.331878][    T1] usb usb38: We don't know the algorithms for LPM for this host, disabling LPM.
[   11.334668][    T1] usb usb38: New USB device found, idVendor=1d6b, idProduct=0003, bcdDevice= 6.02
[   11.337378][    T1] usb usb38: New USB device strings: Mfr=3, Product=2, SerialNumber=1
[   11.339820][    T1] usb usb38: Product: USB/IP Virtual Host Controller
[   11.341760][    T1] usb usb38: Manufacturer: Linux 6.2.0 vhci_hcd
[   11.343599][    T1] usb usb38: SerialNumber: vhci_hcd.14
[   11.346073][    T1] hub 38-0:1.0: USB hub found
[   11.347509][    T1] hub 38-0:1.0: 8 ports detected
[   11.352473][    T1] vhci_hcd vhci_hcd.15: USB/IP Virtual Host Controller
[   11.355051][    T1] vhci_hcd vhci_hcd.15: new USB bus registered, assigned bus number 39
[   11.358713][    T1] usb usb39: New USB device found, idVendor=1d6b, idProduct=0002, bcdDevice= 6.02
[   11.361495][    T1] usb usb39: New USB device strings: Mfr=3, Product=2, SerialNumber=1
[   11.363879][    T1] usb usb39: Product: USB/IP Virtual Host Controller
[   11.365825][    T1] usb usb39: Manufacturer: Linux 6.2.0 vhci_hcd
[   11.367658][    T1] usb usb39: SerialNumber: vhci_hcd.15
[   11.370535][    T1] hub 39-0:1.0: USB hub found
[   11.371968][    T1] hub 39-0:1.0: 8 ports detected
[   11.375668][    T1] vhci_hcd vhci_hcd.15: USB/IP Virtual Host Controller
[   11.378034][    T1] vhci_hcd vhci_hcd.15: new USB bus registered, assigned bus number 40
[   11.381460][    T1] usb usb40: We don't know the algorithms for LPM for this host, disabling LPM.
[   11.384274][    T1] usb usb40: New USB device found, idVendor=1d6b, idProduct=0003, bcdDevice= 6.02
[   11.386993][    T1] usb usb40: New USB device strings: Mfr=3, Product=2, SerialNumber=1
[   11.389429][    T1] usb usb40: Product: USB/IP Virtual Host Controller
[   11.391428][    T1] usb usb40: Manufacturer: Linux 6.2.0 vhci_hcd
[   11.393269][    T1] usb usb40: SerialNumber: vhci_hcd.15
[   11.395735][    T1] hub 40-0:1.0: USB hub found
[   11.397187][    T1] hub 40-0:1.0: 8 ports detected
[   11.401770][    T1] usbcore: registered new device driver usbip-host
[   11.407087][    T1] i8042: PNP: PS/2 Controller [PNP0303:KBD,PNP0f13:MOU] at 0x60,0x64 irq 1,12
[   11.415768][    T1] serio: i8042 KBD port at 0x60,0x64 irq 1
[   11.418216][    T1] serio: i8042 AUX port at 0x60,0x64 irq 12
[   11.421913][    T1] mousedev: PS/2 mouse device common for all mice
[   11.426027][    T1] usbcore: registered new interface driver appletouch
[   11.429006][    T7] input: AT Translated Set 2 keyboard as /devices/platform/i8042/serio0/input/input1
[   11.429528][    T1] usbcore: registered new interface driver bcm5974
[   11.435457][    T1] usbcore: registered new interface driver synaptics_usb
[   11.438117][    T1] usbcore: registered new interface driver iforce
[   11.443925][    T1] usbcore: registered new interface driver xpad
[   11.445996][    T1] usbcore: registered new interface driver usb_acecad
[   11.448430][    T1] usbcore: registered new interface driver aiptek
[   11.451111][    T1] usbcore: registered new interface driver hanwang
[   11.453237][    T1] usbcore: registered new interface driver kbtab
[   11.455607][    T1] usbcore: registered new interface driver pegasus_notetaker
[   11.458582][    T1] usbcore: registered new interface driver usbtouchscreen
[   11.461221][    T1] usbcore: registered new interface driver sur40
[   11.463256][    T1] usbcore: registered new interface driver ati_remote2
[   11.465253][    T1] cm109: Keymap for Komunikate KIP1000 phone loaded
[   11.467994][    T1] usbcore: registered new interface driver cm109
[   11.470781][    T1] cm109: CM109 phone driver: 20080805 (C) Alfred E. Heggestad
[   11.473180][    T1] usbcore: registered new interface driver ims_pcu
[   11.475276][    T1] usbcore: registered new interface driver keyspan_remote
[   11.477874][    T1] usbcore: registered new interface driver powermate
[   11.480727][    T1] usbcore: registered new interface driver yealink
[   11.483908][    T1] rtc_cmos 00:05: RTC can wake from S4
[   11.490657][    T1] rtc_cmos 00:05: registered as rtc0
[   11.492430][    T1] rtc_cmos 00:05: alarms up to one day, y3k, 242 bytes nvram, hpet irqs
[   11.497652][    T1] i2c_dev: i2c /dev entries driver
[   11.500021][    T1] usbcore: registered new interface driver i2c-diolan-u2c
[   11.502610][    T1] usbcore: registered new interface driver RobotFuzz Open Source InterFace, OSIF
[   11.507747][    T1] usbcore: registered new interface driver i2c-tiny-usb
[   11.512104][    T1] usbcore: registered new interface driver igorplugusb
[   11.514368][    T1] usbcore: registered new interface driver iguanair
[   11.521146][    T1] usbcore: registered new interface driver imon
[   11.523384][    T1] usbcore: registered new interface driver mceusb
[   11.525441][    T1] usbcore: registered new interface driver redrat3
[   11.527848][    T1] usbcore: registered new interface driver streamzap
[   11.532051][    T1] usbcore: registered new interface driver ttusbir
[   11.534457][    T1] usbcore: registered new interface driver ati_remote
[   11.537240][    T1] b2c2-flexcop: B2C2 FlexcopII/II(b)/III digital TV receiver chip loaded successfully
[   11.541335][    T1] usbcore: registered new interface driver b2c2_flexcop_usb
[   11.543710][    T1] usbcore: registered new interface driver dvb_usb_vp7045
[   11.546238][    T1] usbcore: registered new interface driver dvb_usb_vp702x
[   11.549065][    T1] usbcore: registered new interface driver dvb_usb_gp8psk
[   11.551683][    T1] usbcore: registered new interface driver dvb_usb_dtt200u
[   11.554261][    T1] usbcore: registered new interface driver dvb_usb_a800
[   11.556574][    T1] usbcore: registered new interface driver dvb_usb_dibusb_mb
[   11.559237][    T1] usbcore: registered new interface driver dvb_usb_dibusb_mc
[   11.561841][    T1] usbcore: registered new interface driver dvb_usb_nova_t_usb2
[   11.564281][    T1] usbcore: registered new interface driver dvb_usb_umt_010
[   11.567086][    T1] usbcore: registered new interface driver dvb_usb_m920x
[   11.569912][    T1] usbcore: registered new interface driver dvb_usb_digitv
[   11.572515][    T1] usbcore: registered new interface driver dvb_usb_cxusb
[   11.575051][    T1] usbcore: registered new interface driver dvb_usb_ttusb2
[   11.577575][    T1] usbcore: registered new interface driver dvb_usb_dib0700
[   11.580204][    T1] usbcore: registered new interface driver opera1
[   11.582779][    T1] usbcore: registered new interface driver dvb_usb_af9005
[   11.585359][    T1] usbcore: registered new interface driver pctv452e
[   11.587817][    T1] usbcore: registered new interface driver dw2102
[   11.590062][    T1] usbcore: registered new interface driver dvb_usb_dtv5100
[   11.592646][    T1] usbcore: registered new interface driver cinergyT2
[   11.595321][    T1] usbcore: registered new interface driver dvb_usb_az6027
[   11.597881][    T1] usbcore: registered new interface driver dvb_usb_technisat_usb2
[   11.600831][    T1] usbcore: registered new interface driver dvb_usb_af9015
[   11.603448][    T1] usbcore: registered new interface driver dvb_usb_af9035
[   11.605747][    T1] usbcore: registered new interface driver dvb_usb_anysee
[   11.608274][    T1] usbcore: registered new interface driver dvb_usb_au6610
[   11.611206][    T1] usbcore: registered new interface driver dvb_usb_az6007
[   11.613756][    T1] usbcore: registered new interface driver dvb_usb_ce6230
[   11.616298][    T1] usbcore: registered new interface driver dvb_usb_ec168
[   11.618546][    T1] usbcore: registered new interface driver dvb_usb_lmedm04
[   11.621561][    T1] usbcore: registered new interface driver dvb_usb_gl861
[   11.624423][    T1] usbcore: registered new interface driver dvb_usb_mxl111sf
[   11.627118][    T1] usbcore: registered new interface driver dvb_usb_rtl28xxu
[   11.629776][    T1] usbcore: registered new interface driver dvb_usb_dvbsky
[   11.632310][    T1] usbcore: registered new interface driver zd1301
[   11.634378][    T1] usbcore: registered new interface driver s2255
[   11.636768][    T1] usbcore: registered new interface driver smsusb
[   11.639351][    T1] usbcore: registered new interface driver ttusb
[   11.641635][    T1] usbcore: registered new interface driver ttusb-dec
[   11.643872][    T1] usbcore: registered new interface driver Abilis Systems as10x usb driver
[   11.647025][    T1] usbcore: registered new interface driver airspy
[   11.648966][    T1] gspca_main: v2.14.0 registered
[   11.651385][    T1] usbcore: registered new interface driver benq
[   11.653438][    T1] usbcore: registered new interface driver conex
[   11.655603][    T1] usbcore: registered new interface driver cpia1
[   11.658226][    T1] usbcore: registered new interface driver dtcs033
[   11.661319][    T1] usbcore: registered new interface driver etoms
[   11.663737][    T1] usbcore: registered new interface driver finepix
[   11.665980][    T1] usbcore: registered new interface driver jeilinj
[   11.669217][    T1] usbcore: registered new interface driver jl2005bcd
[   11.671410][    T1] usbcore: registered new interface driver kinect
[   11.673721][    T1] usbcore: registered new interface driver konica
[   11.676333][    T1] usbcore: registered new interface driver mars
[   11.678645][    T1] usbcore: registered new interface driver mr97310a
[   11.680857][    T1] usbcore: registered new interface driver nw80x
[   11.683235][    T1] usbcore: registered new interface driver ov519
[   11.685535][    T1] usbcore: registered new interface driver ov534
[   11.687887][    T1] usbcore: registered new interface driver ov534_9
[   11.690704][    T1] usbcore: registered new interface driver pac207
[   11.693176][    T1] usbcore: registered new interface driver gspca_pac7302
[   11.695684][    T1] usbcore: registered new interface driver pac7311
[   11.697775][    T1] usbcore: registered new interface driver se401
[   11.700266][    T1] usbcore: registered new interface driver sn9c2028
[   11.702991][    T1] usbcore: registered new interface driver gspca_sn9c20x
[   11.705549][    T1] usbcore: registered new interface driver sonixb
[   11.707972][    T1] usbcore: registered new interface driver sonixj
[   11.710454][    T1] usbcore: registered new interface driver spca500
[   11.712819][    T1] usbcore: registered new interface driver spca501
[   11.715407][    T1] usbcore: registered new interface driver spca505
[   11.717747][    T1] usbcore: registered new interface driver spca506
[   11.719909][    T1] usbcore: registered new interface driver spca508
[   11.722306][    T1] usbcore: registered new interface driver spca561
[   11.724904][    T1] usbcore: registered new interface driver spca1528
[   11.727310][    T1] usbcore: registered new interface driver sq905
[   11.730106][    T1] usbcore: registered new interface driver sq905c
[   11.732415][    T1] usbcore: registered new interface driver sq930x
[   11.735121][    T1] usbcore: registered new interface driver sunplus
[   11.737799][    T1] usbcore: registered new interface driver stk014
[   11.740418][    T1] usbcore: registered new interface driver stk1135
[   11.742606][    T1] usbcore: registered new interface driver stv0680
[   11.745156][    T1] usbcore: registered new interface driver t613
[   11.747622][    T1] usbcore: registered new interface driver gspca_topro
[   11.750489][    T1] usbcore: registered new interface driver touptek
[   11.752986][    T1] usbcore: registered new interface driver tv8532
[   11.755429][    T1] usbcore: registered new interface driver vc032x
[   11.757769][    T1] usbcore: registered new interface driver vicam
[   11.760109][    T1] usbcore: registered new interface driver xirlink-cit
